#
# There is insufficient memory for the Java Runtime Environment to continue.
# Native memory allocation (malloc) failed to allocate 32744 bytes. Error detail: Chunk::new
# Possible reasons:
#   The system is out of physical RAM or swap space
#   This process is running with CompressedOops enabled, and the Java Heap may be blocking the growth of the native heap
# Possible solutions:
#   Reduce memory load on the system
#   Increase physical memory or swap space
#   Check if swap backing store is full
#   Decrease Java heap size (-Xmx/-Xms)
#   Decrease number of Java threads
#   Decrease Java thread stack sizes (-Xss)
#   Set larger code cache with -XX:ReservedCodeCacheSize=
#   JVM is running with Unscaled Compressed Oops mode in which the Java heap is
#     placed in the first 4GB address space. The Java Heap base address is the
#     maximum limit for the native heap growth. Please use -XX:HeapBaseMinAddress
#     to set the Java Heap base and to place the Java Heap above 4GB virtual address.
# This output file may be truncated or incomplete.
#
#  Out of Memory Error (arena.cpp:168), pid=31264, tid=31956
#
# JRE version: OpenJDK Runtime Environment Temurin-21.0.12.1+1 (21.0.12.1+1) (build 21.0.12.1+1-LTS)
# Java VM: OpenJDK 64-Bit Server VM Temurin-21.0.12.1+1 (21.0.12.1+1-LTS, mixed mode, sharing, tiered, compressed oops, compressed class ptrs, g1 gc, windows-amd64)
# No core dump will be written. Minidumps are not enabled by default on client versions of Windows
#

---------------  S U M M A R Y ------------

Command Line: --add-opens=java.base/java.lang=ALL-UNNAMED --add-opens=java.base/java.lang.invoke=ALL-UNNAMED --add-opens=java.base/java.util=ALL-UNNAMED --add-opens=java.prefs/java.util.prefs=ALL-UNNAMED --add-exports=jdk.compiler/com.sun.tools.javac.api=ALL-UNNAMED --add-exports=jdk.compiler/com.sun.tools.javac.util=ALL-UNNAMED --add-opens=java.base/java.util=ALL-UNNAMED --add-opens=java.prefs/java.util.prefs=ALL-UNNAMED --add-opens=java.base/java.nio.charset=ALL-UNNAMED --add-opens=java.base/java.net=ALL-UNNAMED --add-opens=java.base/java.util.concurrent.atomic=ALL-UNNAMED --add-opens=java.xml/javax.xml.namespace=ALL-UNNAMED -Xmx1536m -Dfile.encoding=UTF-8 -Duser.country=IN -Duser.language=en -Duser.variant -javaagent:C:\Users\ishas\.gradle\wrapper\dists\gradle-8.14.3-all\10utluxaxniiv4wxiphsi49nj\gradle-8.14.3\lib\agents\gradle-instrumentation-agent-8.14.3.jar org.gradle.launcher.daemon.bootstrap.GradleDaemon 8.14.3

Host: 13th Gen Intel(R) Core(TM) i5-13420H, 12 cores, 15G,  Windows 11 , 64 bit Build 26100 (10.0.26100.9444)
Time: Mon Sep 14 18:22:56 2026 India Standard Time elapsed time: 930.953012 seconds (0d 0h 15m 30s)

---------------  T H R E A D  ---------------

Current thread (0x00000206ed02e860):  JavaThread "C2 CompilerThread0" daemon [_thread_in_native, id=31956, stack(0x00000050ceb00000,0x00000050cec00000) (1024K)]


Current CompileTask:
C2:930953 4316       4       org.gradle.internal.time.ExponentialBackoff::retryUntil (65 bytes)

Stack: [0x00000050ceb00000,0x00000050cec00000]
Native frames: (J=compiled Java code, j=interpreted, Vv=VM code, C=native code)
V  [jvm.dll+0x6d83e9]
V  [jvm.dll+0x8b5736]
V  [jvm.dll+0x8b7cee]
V  [jvm.dll+0x8b83d3]
V  [jvm.dll+0x284596]
V  [jvm.dll+0xc685d]
V  [jvm.dll+0xc6da1]
V  [jvm.dll+0x6b45a7]
V  [jvm.dll+0x8dfb4]
V  [jvm.dll+0x6b1a5e]
V  [jvm.dll+0x3a55a8]
V  [jvm.dll+0x3a1563]
V  [jvm.dll+0x3a6eaf]
V  [jvm.dll+0x6ed7f6]
V  [jvm.dll+0x6ef029]
V  [jvm.dll+0x6f2725]
V  [jvm.dll+0x6ea969]
V  [jvm.dll+0x6ea069]
V  [jvm.dll+0x6e80ee]
V  [jvm.dll+0x1ce4fc]
V  [jvm.dll+0x1cf09e]
V  [jvm.dll+0x2fa7dc]
V  [jvm.dll+0x6f2873]
V  [jvm.dll+0x6ea969]
V  [jvm.dll+0x6ea069]
V  [jvm.dll+0x6e80ee]
V  [jvm.dll+0x1ce4fc]
V  [jvm.dll+0x1cf09e]
V  [jvm.dll+0x2fa7dc]
V  [jvm.dll+0x6f2873]
V  [jvm.dll+0x6ea969]
V  [jvm.dll+0x6ea069]
V  [jvm.dll+0x6e80ee]
V  [jvm.dll+0x1ce4fc]
V  [jvm.dll+0x1cf09e]
V  [jvm.dll+0x1cf09e]
V  [jvm.dll+0x2fa7dc]
V  [jvm.dll+0x6f2873]
V  [jvm.dll+0x6ea969]
V  [jvm.dll+0x6ea069]
V  [jvm.dll+0x6e80ee]
V  [jvm.dll+0x1ce4fc]
V  [jvm.dll+0x1cf09e]
V  [jvm.dll+0x1cf09e]
V  [jvm.dll+0x2fa7dc]
V  [jvm.dll+0x6f2873]
V  [jvm.dll+0x6ea969]
V  [jvm.dll+0x6ea069]
V  [jvm.dll+0x6e80ee]
V  [jvm.dll+0x1ce4fc]
V  [jvm.dll+0x1cf09e]
V  [jvm.dll+0x1cf09e]
V  [jvm.dll+0x1cefe0]
V  [jvm.dll+0x2fa7dc]
V  [jvm.dll+0x6f2873]
V  [jvm.dll+0x6ea969]
V  [jvm.dll+0x6ea069]
V  [jvm.dll+0x6e80ee]
V  [jvm.dll+0x1ce4fc]
V  [jvm.dll+0x24b919]
V  [jvm.dll+0x1cb4ae]
V  [jvm.dll+0x25baad]
V  [jvm.dll+0x25a03a]
V  [jvm.dll+0x3f8aae]
V  [jvm.dll+0x8600cd]
V  [jvm.dll+0x6d6c1d]
C  [ucrtbase.dll+0x2cd30]
C  [KERNEL32.DLL+0x2cd87]
C  [ntdll.dll+0xacaec]


---------------  P R O C E S S  ---------------

Threads class SMR info:
_java_thread_list=0x00000206f378ab60, length=29, elements={
0x0000020692889710, 0x00000206ed022c50, 0x00000206ed0244d0, 0x00000206ed028160,
0x00000206ed02abd0, 0x00000206ed02b630, 0x00000206ed02cdb0, 0x00000206ed02e860,
0x00000206ed032030, 0x00000206ed276100, 0x00000206ed17f560, 0x00000206f2e26330,
0x00000206ed22ba00, 0x00000206ed3f1730, 0x00000206ed400080, 0x00000206ed402080,
0x00000206ed2276c0, 0x00000206ed224240, 0x00000206ed2248d0, 0x00000206ed224f60,
0x00000206ed2255f0, 0x00000206ed227030, 0x00000206ed226310, 0x00000206ed2269a0,
0x00000206f23ecab0, 0x00000206f23ede60, 0x00000206f23ebd90, 0x00000206f23ec420,
0x00000206f23ed140
}

Java Threads: ( => current thread )
  0x0000020692889710 JavaThread "main"                              [_thread_blocked, id=31756, stack(0x00000050cdd00000,0x00000050cde00000) (1024K)]
  0x00000206ed022c50 JavaThread "Reference Handler"          daemon [_thread_blocked, id=31932, stack(0x00000050ce500000,0x00000050ce600000) (1024K)]
  0x00000206ed0244d0 JavaThread "Finalizer"                  daemon [_thread_blocked, id=31936, stack(0x00000050ce600000,0x00000050ce700000) (1024K)]
  0x00000206ed028160 JavaThread "Signal Dispatcher"          daemon [_thread_blocked, id=31940, stack(0x00000050ce700000,0x00000050ce800000) (1024K)]
  0x00000206ed02abd0 JavaThread "Attach Listener"            daemon [_thread_blocked, id=31944, stack(0x00000050ce800000,0x00000050ce900000) (1024K)]
  0x00000206ed02b630 JavaThread "Service Thread"             daemon [_thread_blocked, id=31948, stack(0x00000050ce900000,0x00000050cea00000) (1024K)]
  0x00000206ed02cdb0 JavaThread "Monitor Deflation Thread"   daemon [_thread_blocked, id=31952, stack(0x00000050cea00000,0x00000050ceb00000) (1024K)]
=>0x00000206ed02e860 JavaThread "C2 CompilerThread0"         daemon [_thread_in_native, id=31956, stack(0x00000050ceb00000,0x00000050cec00000) (1024K)]
  0x00000206ed032030 JavaThread "C1 CompilerThread0"         daemon [_thread_blocked, id=31960, stack(0x00000050cec00000,0x00000050ced00000) (1024K)]
  0x00000206ed276100 JavaThread "Common-Cleaner"             daemon [_thread_blocked, id=32176, stack(0x00000050ced00000,0x00000050cee00000) (1024K)]
  0x00000206ed17f560 JavaThread "Notification Thread"        daemon [_thread_blocked, id=32340, stack(0x00000050cee00000,0x00000050cef00000) (1024K)]
  0x00000206f2e26330 JavaThread "Daemon health stats"               [_thread_blocked, id=27428, stack(0x00000050cf400000,0x00000050cf500000) (1024K)]
  0x00000206ed22ba00 JavaThread "Incoming local TCP Connector on port 51064"        [_thread_in_native, id=35952, stack(0x00000050cf500000,0x00000050cf600000) (1024K)]
  0x00000206ed3f1730 JavaThread "Daemon periodic checks"            [_thread_blocked, id=35572, stack(0x00000050cf600000,0x00000050cf700000) (1024K)]
  0x00000206ed400080 JavaThread "Daemon"                            [_thread_blocked, id=37824, stack(0x00000050cdb00000,0x00000050cdc00000) (1024K)]
  0x00000206ed402080 JavaThread "Handler for socket connection from /127.0.0.1:51064 to /127.0.0.1:59853"        [_thread_in_native, id=21964, stack(0x00000050cf700000,0x00000050cf800000) (1024K)]
  0x00000206ed2276c0 JavaThread "Cancel handler"                    [_thread_blocked, id=36960, stack(0x00000050cf800000,0x00000050cf900000) (1024K)]
  0x00000206ed224240 JavaThread "Daemon worker"                     [_thread_blocked, id=26004, stack(0x00000050cf900000,0x00000050cfa00000) (1024K)]
  0x00000206ed2248d0 JavaThread "Asynchronous log dispatcher for DefaultDaemonConnection: socket connection from /127.0.0.1:51064 to /127.0.0.1:59853"        [_thread_blocked, id=34660, stack(0x00000050cfa00000,0x00000050cfb00000) (1024K)]
  0x00000206ed224f60 JavaThread "Stdin handler"                     [_thread_blocked, id=38352, stack(0x00000050cfb00000,0x00000050cfc00000) (1024K)]
  0x00000206ed2255f0 JavaThread "Daemon client event forwarder"        [_thread_blocked, id=8048, stack(0x00000050cfc00000,0x00000050cfd00000) (1024K)]
  0x00000206ed227030 JavaThread "Cache worker for journal cache (C:\Users\ishas\.gradle\caches\journal-1)"        [_thread_blocked, id=37768, stack(0x00000050cfd00000,0x00000050cfe00000) (1024K)]
  0x00000206ed226310 JavaThread "File lock request listener"        [_thread_in_native, id=37772, stack(0x00000050cfe00000,0x00000050cff00000) (1024K)]
  0x00000206ed2269a0 JavaThread "Cache worker for file hash cache (C:\Users\ishas\.gradle\caches\8.14.3\fileHashes)"        [_thread_blocked, id=20448, stack(0x00000050d0000000,0x00000050d0100000) (1024K)]
  0x00000206f23ecab0 JavaThread "Cache worker for file hash cache (C:\Users\ishas\Downloads\ai-yoga-assistant-razorpay-v9\yoga3\android\.gradle\8.14.3\fileHashes)"        [_thread_blocked, id=39096, stack(0x00000050d0700000,0x00000050d0800000) (1024K)]
  0x00000206f23ede60 JavaThread "Cache worker for Build Output Cleanup Cache (C:\Users\ishas\Downloads\ai-yoga-assistant-razorpay-v9\yoga3\android\.gradle\buildOutputCleanup)"        [_thread_blocked, id=39116, stack(0x00000050d0800000,0x00000050d0900000) (1024K)]
  0x00000206f23ebd90 JavaThread "File watcher server"        daemon [_thread_in_native, id=39396, stack(0x00000050d0900000,0x00000050d0a00000) (1024K)]
  0x00000206f23ec420 JavaThread "File watcher consumer"      daemon [_thread_blocked, id=39400, stack(0x00000050d0a00000,0x00000050d0b00000) (1024K)]
  0x00000206f23ed140 JavaThread "jar transforms"                    [_thread_blocked, id=55080, stack(0x00000050d0b00000,0x00000050d0c00000) (1024K)]
Total: 29

Other Threads:
  0x00000206abd4e760 VMThread "VM Thread"                           [id=31896, stack(0x00000050ce400000,0x00000050ce500000) (1024K)]
  0x00000206abd44d60 WatcherThread "VM Periodic Task Thread"        [id=31892, stack(0x00000050ce300000,0x00000050ce400000) (1024K)]
  0x0000020694b96430 WorkerThread "GC Thread#0"                     [id=31808, stack(0x00000050cde00000,0x00000050cdf00000) (1024K)]
  0x00000206ed535720 WorkerThread "GC Thread#1"                     [id=14748, stack(0x00000050cef00000,0x00000050cf000000) (1024K)]
  0x00000206ed536b40 WorkerThread "GC Thread#2"                     [id=23132, stack(0x00000050cf000000,0x00000050cf100000) (1024K)]
  0x00000206ed536ef0 WorkerThread "GC Thread#3"                     [id=23592, stack(0x00000050cf100000,0x00000050cf200000) (1024K)]
  0x00000206ed3f9000 WorkerThread "GC Thread#4"                     [id=12612, stack(0x00000050cf200000,0x00000050cf300000) (1024K)]
  0x00000206ed3f93b0 WorkerThread "GC Thread#5"                     [id=29000, stack(0x00000050cf300000,0x00000050cf400000) (1024K)]
  0x00000206f328ea60 WorkerThread "GC Thread#6"                     [id=30928, stack(0x00000050d0100000,0x00000050d0200000) (1024K)]
  0x00000206f32912f0 WorkerThread "GC Thread#7"                     [id=30308, stack(0x00000050d0200000,0x00000050d0300000) (1024K)]
  0x00000206f328e300 WorkerThread "GC Thread#8"                     [id=23436, stack(0x00000050d0300000,0x00000050d0400000) (1024K)]
  0x00000206f328e6b0 WorkerThread "GC Thread#9"                     [id=38848, stack(0x00000050d0400000,0x00000050d0500000) (1024K)]
  0x0000020694ba3330 ConcurrentGCThread "G1 Main Marker"            [id=31812, stack(0x00000050cdf00000,0x00000050ce000000) (1024K)]
  0x0000020694ba3d50 WorkerThread "G1 Conc#0"                       [id=31816, stack(0x00000050ce000000,0x00000050ce100000) (1024K)]
  0x00000206f328d7f0 WorkerThread "G1 Conc#1"                       [id=29312, stack(0x00000050d0500000,0x00000050d0600000) (1024K)]
  0x00000206f328f920 WorkerThread "G1 Conc#2"                       [id=32568, stack(0x00000050d0600000,0x00000050d0700000) (1024K)]
  0x00000206abc0fa70 ConcurrentGCThread "G1 Refine#0"               [id=31820, stack(0x00000050ce100000,0x00000050ce200000) (1024K)]
  0x00000206abc11510 ConcurrentGCThread "G1 Service"                [id=31824, stack(0x00000050ce200000,0x00000050ce300000) (1024K)]
Total: 18

Threads with active compile tasks:
C2 CompilerThread0  931132 4316       4       org.gradle.internal.time.ExponentialBackoff::retryUntil (65 bytes)
Total: 1

VM state: not at safepoint (normal execution)

VM Mutex/Monitor currently owned by a thread: None

Heap address: 0x00000000a0000000, size: 1536 MB, Compressed Oops mode: 32-bit

CDS archive(s) mapped at: [0x00000206ac000000-0x00000206acba0000-0x00000206acba0000), size 12189696, SharedBaseAddress: 0x00000206ac000000, ArchiveRelocationMode: 1.
Compressed class space mapped at: 0x00000206ad000000-0x00000206ed000000, reserved size: 1073741824
Narrow klass base: 0x00000206ac000000, Narrow klass shift: 0, Narrow klass range: 0x100000000

GC Precious Log:
 CardTable entry size: 512
 Card Set container configuration: InlinePtr #cards 5 size 8 Array Of Cards #cards 12 size 40 Howl #buckets 4 coarsen threshold 1843 Howl Bitmap #cards 512 size 80 coarsen threshold 460 Card regions per heap region 1 cards per card region 2048
 CPUs: 12 total, 12 available
 Memory: 16076M
 Large Page Support: Disabled
 NUMA Support: Disabled
 Compressed Oops: Enabled (32-bit)
 Heap Region Size: 1M
 Heap Min Capacity: 8M
 Heap Initial Capacity: 252M
 Heap Max Capacity: 1536M
 Pre-touch: Disabled
 Parallel Workers: 10
 Concurrent Workers: 3
 Concurrent Refinement Workers: 10
 Periodic GC: Disabled

Heap:
 garbage-first heap   total 81920K, used 46386K [0x00000000a0000000, 0x0000000100000000)
  region size 1024K, 23 young (23552K), 3 survivors (3072K)
 Metaspace       used 26955K, committed 27904K, reserved 1114112K
  class space    used 4045K, committed 4544K, reserved 1048576K

Heap Regions: E=young(eden), S=young(survivor), O=old, HS=humongous(starts), HC=humongous(continues), CS=collection set, F=free, TAMS=top-at-mark-start, PB=parsable bottom
|   0|0x00000000a0000000, 0x00000000a0100000, 0x00000000a0100000|100%|HS|  |TAMS 0x00000000a0000000| PB 0x00000000a0000000| Complete 
|   1|0x00000000a0100000, 0x00000000a0200000, 0x00000000a0200000|100%|HC|  |TAMS 0x00000000a0100000| PB 0x00000000a0100000| Complete 
|   2|0x00000000a0200000, 0x00000000a0300000, 0x00000000a0300000|100%|HC|  |TAMS 0x00000000a0200000| PB 0x00000000a0200000| Complete 
|   3|0x00000000a0300000, 0x00000000a0400000, 0x00000000a0400000|100%| O|  |TAMS 0x00000000a0300000| PB 0x00000000a0300000| Untracked 
|   4|0x00000000a0400000, 0x00000000a0500000, 0x00000000a0500000|100%| O|  |TAMS 0x00000000a0400000| PB 0x00000000a0400000| Untracked 
|   5|0x00000000a0500000, 0x00000000a0600000, 0x00000000a0600000|100%| O|  |TAMS 0x00000000a0500000| PB 0x00000000a0500000| Untracked 
|   6|0x00000000a0600000, 0x00000000a0700000, 0x00000000a0700000|100%|HS|  |TAMS 0x00000000a0600000| PB 0x00000000a0600000| Complete 
|   7|0x00000000a0700000, 0x00000000a0800000, 0x00000000a0800000|100%| O|  |TAMS 0x00000000a0700000| PB 0x00000000a0700000| Untracked 
|   8|0x00000000a0800000, 0x00000000a0900000, 0x00000000a0900000|100%| O|  |TAMS 0x00000000a0800000| PB 0x00000000a0800000| Untracked 
|   9|0x00000000a0900000, 0x00000000a0a00000, 0x00000000a0a00000|100%| O|  |TAMS 0x00000000a0900000| PB 0x00000000a0900000| Untracked 
|  10|0x00000000a0a00000, 0x00000000a0b00000, 0x00000000a0b00000|100%| O|  |TAMS 0x00000000a0a00000| PB 0x00000000a0a00000| Untracked 
|  11|0x00000000a0b00000, 0x00000000a0c00000, 0x00000000a0c00000|100%| O|  |TAMS 0x00000000a0b00000| PB 0x00000000a0b00000| Untracked 
|  12|0x00000000a0c00000, 0x00000000a0c00000, 0x00000000a0d00000|  0%| F|  |TAMS 0x00000000a0c00000| PB 0x00000000a0c00000| Untracked 
|  13|0x00000000a0d00000, 0x00000000a0e00000, 0x00000000a0e00000|100%| O|  |TAMS 0x00000000a0d00000| PB 0x00000000a0d00000| Untracked 
|  14|0x00000000a0e00000, 0x00000000a0f00000, 0x00000000a0f00000|100%| O|  |TAMS 0x00000000a0e00000| PB 0x00000000a0e00000| Untracked 
|  15|0x00000000a0f00000, 0x00000000a1000000, 0x00000000a1000000|100%| O|  |TAMS 0x00000000a0f00000| PB 0x00000000a0f00000| Untracked 
|  16|0x00000000a1000000, 0x00000000a1100000, 0x00000000a1100000|100%| O|  |TAMS 0x00000000a1000000| PB 0x00000000a1000000| Untracked 
|  17|0x00000000a1100000, 0x00000000a1200000, 0x00000000a1200000|100%| O|  |TAMS 0x00000000a1100000| PB 0x00000000a1100000| Untracked 
|  18|0x00000000a1200000, 0x00000000a1300000, 0x00000000a1300000|100%| O|  |TAMS 0x00000000a1200000| PB 0x00000000a1200000| Untracked 
|  19|0x00000000a1300000, 0x00000000a1400000, 0x00000000a1400000|100%| O|  |TAMS 0x00000000a1300000| PB 0x00000000a1300000| Untracked 
|  20|0x00000000a1400000, 0x00000000a1500000, 0x00000000a1500000|100%| O|  |TAMS 0x00000000a1400000| PB 0x00000000a1400000| Untracked 
|  21|0x00000000a1500000, 0x00000000a1600000, 0x00000000a1600000|100%| O|  |TAMS 0x00000000a1500000| PB 0x00000000a1500000| Untracked 
|  22|0x00000000a1600000, 0x00000000a1700000, 0x00000000a1700000|100%| O|  |TAMS 0x00000000a1600000| PB 0x00000000a1600000| Untracked 
|  23|0x00000000a1700000, 0x00000000a1800000, 0x00000000a1800000|100%| O|  |TAMS 0x00000000a1700000| PB 0x00000000a1700000| Untracked 
|  24|0x00000000a1800000, 0x00000000a18ecc78, 0x00000000a1900000| 92%| O|  |TAMS 0x00000000a1800000| PB 0x00000000a1800000| Untracked 
|  25|0x00000000a1900000, 0x00000000a1900000, 0x00000000a1a00000|  0%| F|  |TAMS 0x00000000a1900000| PB 0x00000000a1900000| Untracked 
|  26|0x00000000a1a00000, 0x00000000a1a00000, 0x00000000a1b00000|  0%| F|  |TAMS 0x00000000a1a00000| PB 0x00000000a1a00000| Untracked 
|  27|0x00000000a1b00000, 0x00000000a1b00000, 0x00000000a1c00000|  0%| F|  |TAMS 0x00000000a1b00000| PB 0x00000000a1b00000| Untracked 
|  28|0x00000000a1c00000, 0x00000000a1c00000, 0x00000000a1d00000|  0%| F|  |TAMS 0x00000000a1c00000| PB 0x00000000a1c00000| Untracked 
|  29|0x00000000a1d00000, 0x00000000a1d00000, 0x00000000a1e00000|  0%| F|  |TAMS 0x00000000a1d00000| PB 0x00000000a1d00000| Untracked 
|  30|0x00000000a1e00000, 0x00000000a1e00000, 0x00000000a1f00000|  0%| F|  |TAMS 0x00000000a1e00000| PB 0x00000000a1e00000| Untracked 
|  31|0x00000000a1f00000, 0x00000000a1f00000, 0x00000000a2000000|  0%| F|  |TAMS 0x00000000a1f00000| PB 0x00000000a1f00000| Untracked 
|  32|0x00000000a2000000, 0x00000000a205fcc0, 0x00000000a2100000| 37%| S|CS|TAMS 0x00000000a2000000| PB 0x00000000a2000000| Complete 
|  33|0x00000000a2100000, 0x00000000a2200000, 0x00000000a2200000|100%| S|CS|TAMS 0x00000000a2100000| PB 0x00000000a2100000| Complete 
|  34|0x00000000a2200000, 0x00000000a2300000, 0x00000000a2300000|100%| S|CS|TAMS 0x00000000a2200000| PB 0x00000000a2200000| Complete 
|  35|0x00000000a2300000, 0x00000000a2300000, 0x00000000a2400000|  0%| F|  |TAMS 0x00000000a2300000| PB 0x00000000a2300000| Untracked 
|  36|0x00000000a2400000, 0x00000000a2400000, 0x00000000a2500000|  0%| F|  |TAMS 0x00000000a2400000| PB 0x00000000a2400000| Untracked 
|  37|0x00000000a2500000, 0x00000000a2500000, 0x00000000a2600000|  0%| F|  |TAMS 0x00000000a2500000| PB 0x00000000a2500000| Untracked 
|  38|0x00000000a2600000, 0x00000000a2600000, 0x00000000a2700000|  0%| F|  |TAMS 0x00000000a2600000| PB 0x00000000a2600000| Untracked 
|  39|0x00000000a2700000, 0x00000000a2700000, 0x00000000a2800000|  0%| F|  |TAMS 0x00000000a2700000| PB 0x00000000a2700000| Untracked 
|  40|0x00000000a2800000, 0x00000000a2800000, 0x00000000a2900000|  0%| F|  |TAMS 0x00000000a2800000| PB 0x00000000a2800000| Untracked 
|  41|0x00000000a2900000, 0x00000000a2900000, 0x00000000a2a00000|  0%| F|  |TAMS 0x00000000a2900000| PB 0x00000000a2900000| Untracked 
|  42|0x00000000a2a00000, 0x00000000a2a00000, 0x00000000a2b00000|  0%| F|  |TAMS 0x00000000a2a00000| PB 0x00000000a2a00000| Untracked 
|  43|0x00000000a2b00000, 0x00000000a2b00000, 0x00000000a2c00000|  0%| F|  |TAMS 0x00000000a2b00000| PB 0x00000000a2b00000| Untracked 
|  44|0x00000000a2c00000, 0x00000000a2c00000, 0x00000000a2d00000|  0%| F|  |TAMS 0x00000000a2c00000| PB 0x00000000a2c00000| Untracked 
|  45|0x00000000a2d00000, 0x00000000a2d00000, 0x00000000a2e00000|  0%| F|  |TAMS 0x00000000a2d00000| PB 0x00000000a2d00000| Untracked 
|  46|0x00000000a2e00000, 0x00000000a2e00000, 0x00000000a2f00000|  0%| F|  |TAMS 0x00000000a2e00000| PB 0x00000000a2e00000| Untracked 
|  47|0x00000000a2f00000, 0x00000000a2f00000, 0x00000000a3000000|  0%| F|  |TAMS 0x00000000a2f00000| PB 0x00000000a2f00000| Untracked 
|  48|0x00000000a3000000, 0x00000000a3000000, 0x00000000a3100000|  0%| F|  |TAMS 0x00000000a3000000| PB 0x00000000a3000000| Untracked 
|  49|0x00000000a3100000, 0x00000000a3100000, 0x00000000a3200000|  0%| F|  |TAMS 0x00000000a3100000| PB 0x00000000a3100000| Untracked 
|  50|0x00000000a3200000, 0x00000000a3200000, 0x00000000a3300000|  0%| F|  |TAMS 0x00000000a3200000| PB 0x00000000a3200000| Untracked 
|  51|0x00000000a3300000, 0x00000000a3300000, 0x00000000a3400000|  0%| F|  |TAMS 0x00000000a3300000| PB 0x00000000a3300000| Untracked 
|  52|0x00000000a3400000, 0x00000000a3400000, 0x00000000a3500000|  0%| F|  |TAMS 0x00000000a3400000| PB 0x00000000a3400000| Untracked 
|  53|0x00000000a3500000, 0x00000000a3500000, 0x00000000a3600000|  0%| F|  |TAMS 0x00000000a3500000| PB 0x00000000a3500000| Untracked 
|  54|0x00000000a3600000, 0x00000000a3600000, 0x00000000a3700000|  0%| F|  |TAMS 0x00000000a3600000| PB 0x00000000a3600000| Untracked 
|  55|0x00000000a3700000, 0x00000000a3700000, 0x00000000a3800000|  0%| F|  |TAMS 0x00000000a3700000| PB 0x00000000a3700000| Untracked 
|  56|0x00000000a3800000, 0x00000000a3800000, 0x00000000a3900000|  0%| F|  |TAMS 0x00000000a3800000| PB 0x00000000a3800000| Untracked 
|  57|0x00000000a3900000, 0x00000000a3900000, 0x00000000a3a00000|  0%| F|  |TAMS 0x00000000a3900000| PB 0x00000000a3900000| Untracked 
|  58|0x00000000a3a00000, 0x00000000a3a00000, 0x00000000a3b00000|  0%| F|  |TAMS 0x00000000a3a00000| PB 0x00000000a3a00000| Untracked 
|  59|0x00000000a3b00000, 0x00000000a3b00000, 0x00000000a3c00000|  0%| F|  |TAMS 0x00000000a3b00000| PB 0x00000000a3b00000| Untracked 
|  60|0x00000000a3c00000, 0x00000000a3cf6a78, 0x00000000a3d00000| 96%| E|  |TAMS 0x00000000a3c00000| PB 0x00000000a3c00000| Complete 
|  61|0x00000000a3d00000, 0x00000000a3e00000, 0x00000000a3e00000|100%| E|CS|TAMS 0x00000000a3d00000| PB 0x00000000a3d00000| Complete 
|  62|0x00000000a3e00000, 0x00000000a3f00000, 0x00000000a3f00000|100%| E|CS|TAMS 0x00000000a3e00000| PB 0x00000000a3e00000| Complete 
|  63|0x00000000a3f00000, 0x00000000a4000000, 0x00000000a4000000|100%| E|CS|TAMS 0x00000000a3f00000| PB 0x00000000a3f00000| Complete 
|  64|0x00000000a4000000, 0x00000000a4100000, 0x00000000a4100000|100%| E|CS|TAMS 0x00000000a4000000| PB 0x00000000a4000000| Complete 
|  65|0x00000000a4100000, 0x00000000a4200000, 0x00000000a4200000|100%| E|CS|TAMS 0x00000000a4100000| PB 0x00000000a4100000| Complete 
|  66|0x00000000a4200000, 0x00000000a4300000, 0x00000000a4300000|100%| E|CS|TAMS 0x00000000a4200000| PB 0x00000000a4200000| Complete 
| 136|0x00000000a8800000, 0x00000000a8900000, 0x00000000a8900000|100%| E|CS|TAMS 0x00000000a8800000| PB 0x00000000a8800000| Complete 
| 137|0x00000000a8900000, 0x00000000a8a00000, 0x00000000a8a00000|100%| E|CS|TAMS 0x00000000a8900000| PB 0x00000000a8900000| Complete 
| 138|0x00000000a8a00000, 0x00000000a8b00000, 0x00000000a8b00000|100%| E|CS|TAMS 0x00000000a8a00000| PB 0x00000000a8a00000| Complete 
| 139|0x00000000a8b00000, 0x00000000a8c00000, 0x00000000a8c00000|100%| E|CS|TAMS 0x00000000a8b00000| PB 0x00000000a8b00000| Complete 
| 140|0x00000000a8c00000, 0x00000000a8d00000, 0x00000000a8d00000|100%| E|CS|TAMS 0x00000000a8c00000| PB 0x00000000a8c00000| Complete 
| 141|0x00000000a8d00000, 0x00000000a8e00000, 0x00000000a8e00000|100%| E|CS|TAMS 0x00000000a8d00000| PB 0x00000000a8d00000| Complete 
| 142|0x00000000a8e00000, 0x00000000a8f00000, 0x00000000a8f00000|100%| E|CS|TAMS 0x00000000a8e00000| PB 0x00000000a8e00000| Complete 
| 143|0x00000000a8f00000, 0x00000000a9000000, 0x00000000a9000000|100%| E|CS|TAMS 0x00000000a8f00000| PB 0x00000000a8f00000| Complete 
| 144|0x00000000a9000000, 0x00000000a9100000, 0x00000000a9100000|100%| E|CS|TAMS 0x00000000a9000000| PB 0x00000000a9000000| Complete 
| 145|0x00000000a9100000, 0x00000000a9200000, 0x00000000a9200000|100%| E|CS|TAMS 0x00000000a9100000| PB 0x00000000a9100000| Complete 
| 146|0x00000000a9200000, 0x00000000a9300000, 0x00000000a9300000|100%| E|CS|TAMS 0x00000000a9200000| PB 0x00000000a9200000| Complete 
| 147|0x00000000a9300000, 0x00000000a9400000, 0x00000000a9400000|100%| E|CS|TAMS 0x00000000a9300000| PB 0x00000000a9300000| Complete 
| 251|0x00000000afb00000, 0x00000000afc00000, 0x00000000afc00000|100%| E|CS|TAMS 0x00000000afb00000| PB 0x00000000afb00000| Complete 

Card table byte_map: [0x00000206a75a0000,0x00000206a78a0000] _byte_map_base: 0x00000206a70a0000

Marking Bits: (CMBitMap*) 0x0000020694b96a50
 Bits: [0x00000206a78a0000, 0x00000206a90a0000)

Polling page: 0x0000020692970000

Metaspace:

Usage:
  Non-class:     22.37 MB used.
      Class:      3.95 MB used.
       Both:     26.32 MB used.

Virtual space:
  Non-class space:       64.00 MB reserved,      22.81 MB ( 36%) committed,  1 nodes.
      Class space:        1.00 GB reserved,       4.44 MB ( <1%) committed,  1 nodes.
             Both:        1.06 GB reserved,      27.25 MB (  3%) committed. 

Chunk freelists:
   Non-Class:  8.81 MB
       Class:  11.42 MB
        Both:  20.23 MB

MaxMetaspaceSize: unlimited
CompressedClassSpaceSize: 1.00 GB
Initial GC threshold: 21.00 MB
Current GC threshold: 35.25 MB
CDS: on
 - commit_granule_bytes: 65536.
 - commit_granule_words: 8192.
 - virtual_space_node_default_size: 8388608.
 - enlarge_chunks_in_place: 1.
 - use_allocation_guard: 0.


Internal statistics:

num_allocs_failed_limit: 3.
num_arena_births: 1510.
num_arena_deaths: 0.
num_vsnodes_births: 2.
num_vsnodes_deaths: 0.
num_space_committed: 436.
num_space_uncommitted: 0.
num_chunks_returned_to_freelist: 3.
num_chunks_taken_from_freelist: 2704.
num_chunk_merges: 3.
num_chunk_splits: 1754.
num_chunks_enlarged: 1114.
num_inconsistent_stats: 0.

CodeHeap 'non-profiled nmethods': size=120000Kb used=2549Kb max_used=2549Kb free=117450Kb
 bounds [0x000002069f820000, 0x000002069faa0000, 0x00000206a6d50000]
CodeHeap 'profiled nmethods': size=120000Kb used=8466Kb max_used=8466Kb free=111533Kb
 bounds [0x0000020697d50000, 0x00000206985a0000, 0x000002069f280000]
CodeHeap 'non-nmethods': size=5760Kb used=1431Kb max_used=1475Kb free=4328Kb
 bounds [0x000002069f280000, 0x000002069f4f0000, 0x000002069f820000]
CodeCache: size=245760Kb, used=12446Kb, max_used=12490Kb, free=233311Kb
 total_blobs=4893, nmethods=4307, adapters=490, full_count=0
Compilation: enabled, stopped_count=0, restarted_count=0

Compilation events (20 events):
Event: 899.650 Thread 0x00000206ed02e860 nmethod 4306 0x000002069fa9b590 code [0x000002069fa9b720, 0x000002069fa9b7f8]
Event: 905.171 Thread 0x00000206ed032030 4307       3       java.util.AbstractList::listIterator (6 bytes)
Event: 905.174 Thread 0x00000206ed032030 nmethod 4307 0x0000020698593a10 code [0x0000020698593bc0, 0x0000020698593d98]
Event: 905.174 Thread 0x00000206ed032030 4308       3       java.util.AbstractSequentialList::iterator (5 bytes)
Event: 905.175 Thread 0x00000206ed032030 nmethod 4308 0x0000020698593e10 code [0x0000020698593fc0, 0x0000020698594270]
Event: 905.175 Thread 0x00000206ed032030 4309       3       java.util.LinkedList::listIterator (15 bytes)
Event: 905.179 Thread 0x00000206ed032030 nmethod 4309 0x0000020698594310 code [0x0000020698594500, 0x0000020698594968]
Event: 905.652 Thread 0x00000206ed02e860 4310       4       java.util.Random::nextInt (74 bytes)
Event: 905.657 Thread 0x00000206ed02e860 nmethod 4310 0x000002069fa9b910 code [0x000002069fa9baa0, 0x000002069fa9bc78]
Event: 914.991 Thread 0x00000206ed02e860 4311       4       com.google.common.collect.TransformedIterator::hasNext (10 bytes)
Event: 914.997 Thread 0x00000206ed02e860 nmethod 4311 0x000002069fa9be10 code [0x000002069fa9bfa0, 0x000002069fa9c090]
Event: 925.647 Thread 0x00000206ed02e860 4312       4       java.util.HashMap$ValueSpliterator::characteristics (28 bytes)
Event: 925.648 Thread 0x00000206ed02e860 nmethod 4312 0x000002069fa9c190 code [0x000002069fa9c320, 0x000002069fa9c3d0]
Event: 926.355 Thread 0x00000206ed02e860 4313       4       com.google.common.collect.TransformedIterator::next (14 bytes)
Event: 926.384 Thread 0x00000206ed02e860 nmethod 4313 0x000002069fa9c490 code [0x000002069fa9c660, 0x000002069fa9ca90]
Event: 926.384 Thread 0x00000206ed02e860 4314       4       com.google.common.collect.Lists$TransformingSequentialList$1::transform (14 bytes)
Event: 926.386 Thread 0x00000206ed02e860 nmethod 4314 0x000002069fa9cd90 code [0x000002069fa9cf40, 0x000002069fa9d0a0]
Event: 930.566 Thread 0x00000206ed02e860 4315       4       sun.nio.ch.FileDispatcherImpl::release (8 bytes)
Event: 930.567 Thread 0x00000206ed02e860 nmethod 4315 0x000002069fa9d290 code [0x000002069fa9d420, 0x000002069fa9d4d8]
Event: 930.690 Thread 0x00000206ed02e860 4316       4       org.gradle.internal.time.ExponentialBackoff::retryUntil (65 bytes)

GC Heap History (14 events):
Event: 10.051 GC heap before
{Heap before GC invocations=0 (full 0):
 garbage-first heap   total 258048K, used 23552K [0x00000000a0000000, 0x0000000100000000)
  region size 1024K, 23 young (23552K), 0 survivors (0K)
 Metaspace       used 1063K, committed 1152K, reserved 1114112K
  class space    used 81K, committed 128K, reserved 1048576K
}
Event: 10.565 GC heap after
{Heap after GC invocations=1 (full 0):
 garbage-first heap   total 258048K, used 1877K [0x00000000a0000000, 0x0000000100000000)
  region size 1024K, 2 young (2048K), 2 survivors (2048K)
 Metaspace       used 1063K, committed 1152K, reserved 1114112K
  class space    used 81K, committed 128K, reserved 1048576K
}
Event: 18.024 GC heap before
{Heap before GC invocations=1 (full 0):
 garbage-first heap   total 258048K, used 37717K [0x00000000a0000000, 0x0000000100000000)
  region size 1024K, 35 young (35840K), 2 survivors (2048K)
 Metaspace       used 4376K, committed 4544K, reserved 1114112K
  class space    used 557K, committed 640K, reserved 1048576K
}
Event: 18.032 GC heap after
{Heap after GC invocations=2 (full 0):
 garbage-first heap   total 258048K, used 10795K [0x00000000a0000000, 0x0000000100000000)
  region size 1024K, 5 young (5120K), 5 survivors (5120K)
 Metaspace       used 4376K, committed 4544K, reserved 1114112K
  class space    used 557K, committed 640K, reserved 1048576K
}
Event: 30.816 GC heap before
{Heap before GC invocations=2 (full 0):
 garbage-first heap   total 258048K, used 59947K [0x00000000a0000000, 0x0000000100000000)
  region size 1024K, 51 young (52224K), 5 survivors (5120K)
 Metaspace       used 4661K, committed 4864K, reserved 1114112K
  class space    used 599K, committed 704K, reserved 1048576K
}
Event: 30.825 GC heap after
{Heap after GC invocations=3 (full 0):
 garbage-first heap   total 258048K, used 16220K [0x00000000a0000000, 0x0000000100000000)
  region size 1024K, 5 young (5120K), 5 survivors (5120K)
 Metaspace       used 4661K, committed 4864K, reserved 1114112K
  class space    used 599K, committed 704K, reserved 1048576K
}
Event: 88.860 GC heap before
{Heap before GC invocations=3 (full 0):
 garbage-first heap   total 258048K, used 116572K [0x00000000a0000000, 0x0000000100000000)
  region size 1024K, 104 young (106496K), 5 survivors (5120K)
 Metaspace       used 20848K, committed 21504K, reserved 1114112K
  class space    used 3069K, committed 3392K, reserved 1048576K
}
Event: 88.973 GC heap after
{Heap after GC invocations=4 (full 0):
 garbage-first heap   total 258048K, used 23755K [0x00000000a0000000, 0x0000000100000000)
  region size 1024K, 12 young (12288K), 12 survivors (12288K)
 Metaspace       used 20848K, committed 21504K, reserved 1114112K
  class space    used 3069K, committed 3392K, reserved 1048576K
}
Event: 91.687 GC heap before
{Heap before GC invocations=5 (full 0):
 garbage-first heap   total 81920K, used 60619K [0x00000000a0000000, 0x0000000100000000)
  region size 1024K, 48 young (49152K), 12 survivors (12288K)
 Metaspace       used 25579K, committed 26496K, reserved 1114112K
  class space    used 3849K, committed 4288K, reserved 1048576K
}
Event: 91.701 GC heap after
{Heap after GC invocations=6 (full 0):
 garbage-first heap   total 81920K, used 26024K [0x00000000a0000000, 0x0000000100000000)
  region size 1024K, 3 young (3072K), 3 survivors (3072K)
 Metaspace       used 25579K, committed 26496K, reserved 1114112K
  class space    used 3849K, committed 4288K, reserved 1048576K
}
Event: 407.930 GC heap before
{Heap before GC invocations=6 (full 0):
 garbage-first heap   total 81920K, used 65960K [0x00000000a0000000, 0x0000000100000000)
  region size 1024K, 42 young (43008K), 3 survivors (3072K)
 Metaspace       used 26887K, committed 27904K, reserved 1114112K
  class space    used 4044K, committed 4544K, reserved 1048576K
}
Event: 407.982 GC heap after
{Heap after GC invocations=7 (full 0):
 garbage-first heap   total 81920K, used 27035K [0x00000000a0000000, 0x0000000100000000)
  region size 1024K, 3 young (3072K), 3 survivors (3072K)
 Metaspace       used 26887K, committed 27904K, reserved 1114112K
  class space    used 4044K, committed 4544K, reserved 1048576K
}
Event: 754.596 GC heap before
{Heap before GC invocations=7 (full 0):
 garbage-first heap   total 81920K, used 70043K [0x00000000a0000000, 0x0000000100000000)
  region size 1024K, 45 young (46080K), 3 survivors (3072K)
 Metaspace       used 26942K, committed 27904K, reserved 1114112K
  class space    used 4044K, committed 4544K, reserved 1048576K
}
Event: 754.859 GC heap after
{Heap after GC invocations=8 (full 0):
 garbage-first heap   total 81920K, used 26930K [0x00000000a0000000, 0x0000000100000000)
  region size 1024K, 3 young (3072K), 3 survivors (3072K)
 Metaspace       used 26942K, committed 27904K, reserved 1114112K
  class space    used 4044K, committed 4544K, reserved 1048576K
}

Dll operation events (20 events):
Event: 2.011 Attempting to load shared library C:\Users\ishas\.vscode\extensions\redhat.java-1.56.0-win32-x64\jre\21.0.12.1-win32-x86_64\bin\nio.dll
Event: 2.015 Loaded shared library C:\Users\ishas\.vscode\extensions\redhat.java-1.56.0-win32-x64\jre\21.0.12.1-win32-x86_64\bin\nio.dll
Event: 2.023 Attempting to load shared library C:\Users\ishas\.vscode\extensions\redhat.java-1.56.0-win32-x64\jre\21.0.12.1-win32-x86_64\bin\zip.dll
Event: 2.023 Loaded shared library C:\Users\ishas\.vscode\extensions\redhat.java-1.56.0-win32-x64\jre\21.0.12.1-win32-x86_64\bin\zip.dll
Event: 9.267 Attempting to load shared library C:\Users\ishas\.vscode\extensions\redhat.java-1.56.0-win32-x64\jre\21.0.12.1-win32-x86_64\bin\jimage.dll
Event: 9.267 Loaded shared library C:\Users\ishas\.vscode\extensions\redhat.java-1.56.0-win32-x64\jre\21.0.12.1-win32-x86_64\bin\jimage.dll
Event: 11.563 Attempting to load shared library C:\Users\ishas\.vscode\extensions\redhat.java-1.56.0-win32-x64\jre\21.0.12.1-win32-x86_64\bin\verify.dll
Event: 11.563 Loaded shared library C:\Users\ishas\.vscode\extensions\redhat.java-1.56.0-win32-x64\jre\21.0.12.1-win32-x86_64\bin\verify.dll
Event: 13.307 Attempting to load shared library C:\Users\ishas\.gradle\native\1def1411415f61bf3af743bc5b6707747c0891f09f0c88961ee8f79bc544acac\windows-amd64\native-platform.dll
Event: 13.308 Loaded shared library C:\Users\ishas\.gradle\native\1def1411415f61bf3af743bc5b6707747c0891f09f0c88961ee8f79bc544acac\windows-amd64\native-platform.dll
Event: 13.332 Attempting to load shared library C:\Users\ishas\.gradle\native\0.2.7\x86_64-windows-gnu\gradle-fileevents.dll
Event: 13.333 Loaded shared library C:\Users\ishas\.gradle\native\0.2.7\x86_64-windows-gnu\gradle-fileevents.dll
Event: 32.280 Attempting to load shared library C:\Users\ishas\.vscode\extensions\redhat.java-1.56.0-win32-x64\jre\21.0.12.1-win32-x86_64\bin\management.dll
Event: 32.284 Loaded shared library C:\Users\ishas\.vscode\extensions\redhat.java-1.56.0-win32-x64\jre\21.0.12.1-win32-x86_64\bin\management.dll
Event: 32.293 Attempting to load shared library C:\Users\ishas\.vscode\extensions\redhat.java-1.56.0-win32-x64\jre\21.0.12.1-win32-x86_64\bin\management_ext.dll
Event: 32.295 Loaded shared library C:\Users\ishas\.vscode\extensions\redhat.java-1.56.0-win32-x64\jre\21.0.12.1-win32-x86_64\bin\management_ext.dll
Event: 37.944 Attempting to load shared library C:\Users\ishas\.vscode\extensions\redhat.java-1.56.0-win32-x64\jre\21.0.12.1-win32-x86_64\bin\extnet.dll
Event: 37.948 Loaded shared library C:\Users\ishas\.vscode\extensions\redhat.java-1.56.0-win32-x64\jre\21.0.12.1-win32-x86_64\bin\extnet.dll
Event: 72.748 Attempting to load shared library C:\Users\ishas\.vscode\extensions\redhat.java-1.56.0-win32-x64\jre\21.0.12.1-win32-x86_64\bin\sunmscapi.dll
Event: 72.771 Loaded shared library C:\Users\ishas\.vscode\extensions\redhat.java-1.56.0-win32-x64\jre\21.0.12.1-win32-x86_64\bin\sunmscapi.dll

Deoptimization events (20 events):
Event: 688.618 Thread 0x00000206f2e26330 Uncommon trap: trap_request=0xffffffd6 fr.pc=0x000002069fa915cc relative=0x000000000000074c
Event: 688.618 Thread 0x00000206f2e26330 Uncommon trap: reason=array_check action=maybe_recompile pc=0x000002069fa915cc method=java.util.ComparableTimSort.reverseRange([Ljava/lang/Object;II)V @ 20 c2
Event: 688.618 Thread 0x00000206f2e26330 DEOPT PACKING pc=0x000002069fa915cc sp=0x00000050cf4fe2e0
Event: 688.618 Thread 0x00000206f2e26330 DEOPT UNPACKING pc=0x000002069f2d4422 sp=0x00000050cf4fe218 mode 2
Event: 688.618 Thread 0x00000206f2e26330 Uncommon trap: trap_request=0xffffffd6 fr.pc=0x000002069fa915cc relative=0x000000000000074c
Event: 688.618 Thread 0x00000206f2e26330 Uncommon trap: reason=array_check action=maybe_recompile pc=0x000002069fa915cc method=java.util.ComparableTimSort.reverseRange([Ljava/lang/Object;II)V @ 20 c2
Event: 688.618 Thread 0x00000206f2e26330 DEOPT PACKING pc=0x000002069fa915cc sp=0x00000050cf4fe2e0
Event: 688.618 Thread 0x00000206f2e26330 DEOPT UNPACKING pc=0x000002069f2d4422 sp=0x00000050cf4fe218 mode 2
Event: 703.557 Thread 0x00000206f2e26330 Uncommon trap: trap_request=0xffffffd6 fr.pc=0x000002069fa932c8 relative=0x00000000000008e8
Event: 703.557 Thread 0x00000206f2e26330 Uncommon trap: reason=array_check action=maybe_recompile pc=0x000002069fa932c8 method=java.util.ComparableTimSort.reverseRange([Ljava/lang/Object;II)V @ 27 c2
Event: 703.557 Thread 0x00000206f2e26330 DEOPT PACKING pc=0x000002069fa932c8 sp=0x00000050cf4fe230
Event: 703.558 Thread 0x00000206f2e26330 DEOPT UNPACKING pc=0x000002069f2d4422 sp=0x00000050cf4fe208 mode 2
Event: 703.558 Thread 0x00000206f2e26330 Uncommon trap: trap_request=0xffffffd6 fr.pc=0x000002069fa932c8 relative=0x00000000000008e8
Event: 703.558 Thread 0x00000206f2e26330 Uncommon trap: reason=array_check action=maybe_recompile pc=0x000002069fa932c8 method=java.util.ComparableTimSort.reverseRange([Ljava/lang/Object;II)V @ 27 c2
Event: 703.558 Thread 0x00000206f2e26330 DEOPT PACKING pc=0x000002069fa932c8 sp=0x00000050cf4fe230
Event: 703.558 Thread 0x00000206f2e26330 DEOPT UNPACKING pc=0x000002069f2d4422 sp=0x00000050cf4fe208 mode 2
Event: 926.294 Thread 0x00000206ed3f1730 Uncommon trap: trap_request=0xffffff45 fr.pc=0x000002069fa31358 relative=0x0000000000000678
Event: 926.294 Thread 0x00000206ed3f1730 Uncommon trap: reason=unstable_if action=reinterpret pc=0x000002069fa31358 method=java.io.DataInputStream.readBoolean()Z @ 4 c2
Event: 926.294 Thread 0x00000206ed3f1730 DEOPT PACKING pc=0x000002069fa31358 sp=0x00000050cf6fe760
Event: 926.295 Thread 0x00000206ed3f1730 DEOPT UNPACKING pc=0x000002069f2d4422 sp=0x00000050cf6fe6d0 mode 2

Classes loaded (20 events):
Event: 91.734 Loading class java/nio/file/FileTreeWalker$DirectoryNode
Event: 91.734 Loading class java/nio/file/FileTreeWalker$DirectoryNode done
Event: 91.735 Loading class java/nio/file/FileTreeWalker$Event
Event: 91.735 Loading class java/nio/file/FileTreeWalker$Event done
Event: 91.735 Loading class java/nio/file/FileTreeWalker$EventType
Event: 91.735 Loading class java/nio/file/FileTreeWalker$EventType done
Event: 91.735 Loading class java/nio/file/Files$3
Event: 91.735 Loading class java/nio/file/Files$3 done
Event: 91.737 Loading class java/nio/file/FileVisitResult
Event: 91.737 Loading class java/nio/file/FileVisitResult done
Event: 91.759 Loading class java/nio/charset/CharacterCodingException
Event: 91.759 Loading class java/nio/charset/CharacterCodingException done
Event: 92.005 Loading class java/util/stream/IntStream
Event: 92.006 Loading class java/util/stream/IntStream done
Event: 92.006 Loading class java/util/stream/Streams$RangeIntSpliterator
Event: 92.006 Loading class java/util/stream/Streams$RangeIntSpliterator done
Event: 92.006 Loading class java/util/stream/IntPipeline$Head
Event: 92.006 Loading class java/util/stream/IntPipeline
Event: 92.007 Loading class java/util/stream/IntPipeline done
Event: 92.007 Loading class java/util/stream/IntPipeline$Head done

Classes unloaded (0 events):
No events

Classes redefined (0 events):
No events

Internal exceptions (20 events):
Event: 89.599 Thread 0x00000206ed224240 Exception <a 'java/lang/NoSuchMethodError'{0x00000000a3a5eb40}: 'java.lang.Object java.lang.invoke.DelegatingMethodHandle$Holder.delegate(java.lang.Object, java.lang.Object, java.lang.Object, java.lang.Object, java.lang.Object, java.lang.Object, java.lang.Object, java.lang.Object, java.lang.Object, java.lang.Object, java.lang.Object, java.lang.Object, java.lang.Object, java.lang.Object, java.lang.Object, java.lang.Object, java.lang.Object, java.lang.Object, java.lang.Object, java.lang.Object, java.lang.Obj
Event: 89.654 Thread 0x00000206ed224240 Exception <a 'java/lang/NoSuchMethodError'{0x00000000a373dc48}: 'java.lang.Object java.lang.invoke.DirectMethodHandle$Holder.invokeStaticInit(java.lang.Object, java.lang.Object, java.lang.Object, java.lang.Object)'> (0x00000000a373dc48) 
thrown [s\src\hotspot\share\interpreter\linkResolver.cpp, line 773]
Event: 89.743 Thread 0x00000206ed224240 Exception <a 'java/lang/NoSuchMethodError'{0x00000000a36d6618}: 'java.lang.Object java.lang.invoke.DirectMethodHandle$Holder.newInvokeSpecial(java.lang.Object, java.lang.Object, java.lang.Object, java.lang.Object, java.lang.Object, java.lang.Object, java.lang.Object, java.lang.Object)'> (0x00000000a36d6618) 
thrown [s\src\hotspot\share\interpreter\linkResolver.cpp, line 773]
Event: 89.799 Thread 0x00000206ed224240 Exception <a 'java/lang/IncompatibleClassChangeError'{0x00000000a3408da0}: Found class java.lang.Object, but interface was expected> (0x00000000a3408da0) 
thrown [s\src\hotspot\share\interpreter\linkResolver.cpp, line 840]
Event: 89.830 Thread 0x00000206ed224240 Exception <a 'java/lang/NoSuchMethodError'{0x00000000a3476e30}: 'java.lang.Object java.lang.invoke.DirectMethodHandle$Holder.invokeVirtual(java.lang.Object, java.lang.Object, java.lang.Object, java.lang.Object, java.lang.Object, java.lang.Object, java.lang.Object, java.lang.Object, java.lang.Object, java.lang.Object, java.lang.Object, java.lang.Object, java.lang.Object)'> (0x00000000a3476e30) 
thrown [s\src\hotspot\share\interpreter\linkResolver.cpp, line 773]
Event: 89.831 Thread 0x00000206ed224240 Exception <a 'java/lang/NoSuchMethodError'{0x00000000a347c068}: 'java.lang.Object java.lang.invoke.DirectMethodHandle$Holder.invokeSpecial(java.lang.Object, java.lang.Object, java.lang.Object, java.lang.Object, java.lang.Object, java.lang.Object, java.lang.Object, java.lang.Object, java.lang.Object, java.lang.Object, java.lang.Object, java.lang.Object, java.lang.Object, java.lang.Object)'> (0x00000000a347c068) 
thrown [s\src\hotspot\share\interpreter\linkResolver.cpp, line 773]
Event: 89.831 Thread 0x00000206ed224240 Exception <a 'java/lang/NoSuchMethodError'{0x00000000a3481018}: 'java.lang.Object java.lang.invoke.DelegatingMethodHandle$Holder.reinvoke_L(java.lang.Object, java.lang.Object, java.lang.Object, java.lang.Object, java.lang.Object, java.lang.Object, java.lang.Object, java.lang.Object, java.lang.Object, java.lang.Object, java.lang.Object, java.lang.Object, java.lang.Object)'> (0x00000000a3481018) 
thrown [s\src\hotspot\share\interpreter\linkResolver.cpp, line 773]
Event: 89.913 Thread 0x00000206ed224240 Exception <a 'java/lang/NoSuchMethodError'{0x00000000a3222680}: 'void java.lang.invoke.DirectMethodHandle$Holder.invokeStaticInit(java.lang.Object, java.lang.Object)'> (0x00000000a3222680) 
thrown [s\src\hotspot\share\interpreter\linkResolver.cpp, line 773]
Event: 90.229 Thread 0x00000206ed224240 Exception <a 'java/lang/NoSuchMethodError'{0x00000000a2ff51c0}: 'java.lang.Object java.lang.invoke.DirectMethodHandle$Holder.newInvokeSpecial(java.lang.Object, java.lang.Object, java.lang.Object, java.lang.Object, java.lang.Object, java.lang.Object, java.lang.Object, java.lang.Object, java.lang.Object)'> (0x00000000a2ff51c0) 
thrown [s\src\hotspot\share\interpreter\linkResolver.cpp, line 773]
Event: 90.368 Thread 0x00000206ed224240 Exception <a 'java/lang/NoSuchMethodError'{0x00000000a2cea1e0}: 'int java.lang.invoke.DirectMethodHandle$Holder.invokeVirtual(java.lang.Object, java.lang.Object)'> (0x00000000a2cea1e0) 
thrown [s\src\hotspot\share\interpreter\linkResolver.cpp, line 773]
Event: 90.494 Thread 0x00000206ed224240 Exception <a 'java/lang/NoSuchMethodError'{0x00000000a29c5d18}: 'void java.lang.invoke.DirectMethodHandle$Holder.invokeInterface(java.lang.Object, java.lang.Object, java.lang.Object, java.lang.Object, java.lang.Object)'> (0x00000000a29c5d18) 
thrown [s\src\hotspot\share\interpreter\linkResolver.cpp, line 773]
Event: 90.508 Thread 0x00000206ed224240 Exception <a 'java/lang/NoSuchMethodError'{0x00000000a283f3d0}: 'void java.lang.invoke.DirectMethodHandle$Holder.invokeStatic(java.lang.Object, java.lang.Object, java.lang.Object, java.lang.Object, java.lang.Object, java.lang.Object)'> (0x00000000a283f3d0) 
thrown [s\src\hotspot\share\interpreter\linkResolver.cpp, line 773]
Event: 90.847 Thread 0x00000206ed224240 Exception <a 'java/lang/IncompatibleClassChangeError'{0x00000000a2050e90}: Found class java.lang.Object, but interface was expected> (0x00000000a2050e90) 
thrown [s\src\hotspot\share\interpreter\linkResolver.cpp, line 840]
Event: 91.716 Thread 0x00000206ed224240 Exception <a 'java/lang/NoSuchMethodError'{0x00000000afb75450}: 'java.lang.Object java.lang.invoke.DirectMethodHandle$Holder.newInvokeSpecial(java.lang.Object, java.lang.Object, long)'> (0x00000000afb75450) 
thrown [s\src\hotspot\share\interpreter\linkResolver.cpp, line 773]
Event: 91.716 Thread 0x00000206ed224240 Exception <a 'java/lang/NoSuchMethodError'{0x00000000afb797f8}: 'java.lang.Object java.lang.invoke.Invokers$Holder.linkToTargetMethod(java.lang.Object, long, java.lang.Object)'> (0x00000000afb797f8) 
thrown [s\src\hotspot\share\interpreter\linkResolver.cpp, line 773]
Event: 91.949 Thread 0x00000206ed224240 Exception <a 'java/lang/NoSuchMethodError'{0x00000000a92eee58}: 'int java.lang.invoke.DirectMethodHandle$Holder.invokeInterface(java.lang.Object, java.lang.Object)'> (0x00000000a92eee58) 
thrown [s\src\hotspot\share\interpreter\linkResolver.cpp, line 773]
Event: 92.003 Thread 0x00000206ed224240 Exception <a 'java/lang/NoSuchMethodError'{0x00000000a9179868}: 'java.lang.Object java.lang.invoke.DirectMethodHandle$Holder.invokeVirtual(java.lang.Object, java.lang.Object, int)'> (0x00000000a9179868) 
thrown [s\src\hotspot\share\interpreter\linkResolver.cpp, line 773]
Event: 371.545 Thread 0x00000206ed224240 Exception <a 'java/lang/NoSuchMethodError'{0x00000000a304adc0}: 'java.lang.Object java.lang.invoke.DirectMethodHandle$Holder.invokeStatic(java.lang.Object, java.lang.Object, int, java.lang.Object)'> (0x00000000a304adc0) 
thrown [s\src\hotspot\share\interpreter\linkResolver.cpp, line 773]
Event: 371.584 Thread 0x00000206ed224240 Exception <a 'java/lang/NoSuchMethodError'{0x00000000a3052218}: 'java.lang.Object java.lang.invoke.DirectMethodHandle$Holder.newInvokeSpecial(java.lang.Object, java.lang.Object, int, java.lang.Object)'> (0x00000000a3052218) 
thrown [s\src\hotspot\share\interpreter\linkResolver.cpp, line 773]
Event: 371.594 Thread 0x00000206ed224240 Exception <a 'java/lang/NoSuchMethodError'{0x00000000a30569b0}: 'java.lang.Object java.lang.invoke.DirectMethodHandle$Holder.invokeSpecial(java.lang.Object, java.lang.Object, java.lang.Object, int, java.lang.Object)'> (0x00000000a30569b0) 
thrown [s\src\hotspot\share\interpreter\linkResolver.cpp, line 773]

ZGC Phase Switch (0 events):
No events

VM Operations (20 events):
Event: 685.080 Executing safepoint VM operation: Cleanup
Event: 685.081 Executing safepoint VM operation: Cleanup done
Event: 689.123 Executing safepoint VM operation: Cleanup
Event: 689.123 Executing safepoint VM operation: Cleanup done
Event: 721.366 Executing safepoint VM operation: Cleanup
Event: 721.366 Executing safepoint VM operation: Cleanup done
Event: 738.511 Executing safepoint VM operation: Cleanup
Event: 738.512 Executing safepoint VM operation: Cleanup done
Event: 754.594 Executing safepoint VM operation: G1CollectForAllocation (G1 Evacuation Pause)
Event: 754.859 Executing safepoint VM operation: G1CollectForAllocation (G1 Evacuation Pause) done
Event: 849.559 Executing safepoint VM operation: Cleanup
Event: 849.562 Executing safepoint VM operation: Cleanup done
Event: 894.862 Executing safepoint VM operation: Cleanup
Event: 894.863 Executing safepoint VM operation: Cleanup done
Event: 905.927 Executing safepoint VM operation: Cleanup
Event: 905.927 Executing safepoint VM operation: Cleanup done
Event: 915.014 Executing safepoint VM operation: Cleanup
Event: 915.014 Executing safepoint VM operation: Cleanup done
Event: 927.106 Executing safepoint VM operation: Cleanup
Event: 927.106 Executing safepoint VM operation: Cleanup done

Memory protections (0 events):
No events

Nmethod flushes (0 events):
No events

Events (20 events):
Event: 54.948 Thread 0x0000020692889710 Thread added: 0x00000206ed3f1730
Event: 73.327 Thread 0x00000206ed22ba00 Thread added: 0x00000206ed400080
Event: 73.512 Thread 0x00000206ed400080 Thread added: 0x00000206ed402080
Event: 73.712 Thread 0x00000206ed400080 Thread added: 0x00000206ed2276c0
Event: 82.110 Thread 0x00000206ed400080 Thread added: 0x00000206ed224240
Event: 82.147 Thread 0x00000206ed224240 Thread added: 0x00000206ed2248d0
Event: 82.154 Thread 0x00000206ed224240 Thread added: 0x00000206ed224f60
Event: 82.159 Thread 0x00000206ed224240 Thread added: 0x00000206ed2255f0
Event: 83.272 Thread 0x00000206ed224240 Thread added: 0x00000206ed227030
Event: 83.294 Thread 0x00000206ed224240 Thread added: 0x00000206ed226310
Event: 83.837 Thread 0x00000206ed226310 Thread added: 0x00000206ed225c80
Event: 83.897 Thread 0x00000206ed224240 Thread added: 0x00000206ed2269a0
Event: 89.517 Thread 0x00000206ed224240 Thread added: 0x00000206f23ecab0
Event: 89.569 Thread 0x00000206ed224240 Thread added: 0x00000206f23ede60
Event: 90.352 Thread 0x00000206ed224240 Thread added: 0x00000206f23ebd90
Event: 90.365 Thread 0x00000206ed224240 Thread added: 0x00000206f23ec420
Event: 154.580 Thread 0x00000206ed225c80 Thread exited: 0x00000206ed225c80
Event: 370.178 Thread 0x00000206ed226310 Thread added: 0x00000206f23ee4f0
Event: 371.678 Thread 0x00000206ed224240 Thread added: 0x00000206f23ed140
Event: 437.147 Thread 0x00000206f23ee4f0 Thread exited: 0x00000206f23ee4f0


Dynamic libraries:
0x00007ff6906c0000 - 0x00007ff6906ce000 	C:\Users\ishas\.vscode\extensions\redhat.java-1.56.0-win32-x64\jre\21.0.12.1-win32-x86_64\bin\java.exe
0x00007fff22660000 - 0x00007fff228c7000 	C:\Windows\SYSTEM32\ntdll.dll
0x00007fff21bc0000 - 0x00007fff21c8b000 	C:\Windows\System32\KERNEL32.DLL
0x00007fff1fcd0000 - 0x00007fff200d2000 	C:\Windows\System32\KERNELBASE.dll
0x00007fff1fb70000 - 0x00007fff1fcbc000 	C:\Windows\System32\ucrtbase.dll
0x00007ffeb4c70000 - 0x00007ffeb4c88000 	C:\Users\ishas\.vscode\extensions\redhat.java-1.56.0-win32-x64\jre\21.0.12.1-win32-x86_64\bin\jli.dll
0x00007ffee06c0000 - 0x00007ffee06de000 	C:\Users\ishas\.vscode\extensions\redhat.java-1.56.0-win32-x64\jre\21.0.12.1-win32-x86_64\bin\VCRUNTIME140.dll
0x00007fff222b0000 - 0x00007fff2247f000 	C:\Windows\System32\USER32.dll
0x00007fff20220000 - 0x00007fff20247000 	C:\Windows\System32\win32u.dll
0x00007fff21d20000 - 0x00007fff21d4b000 	C:\Windows\System32\GDI32.dll
0x00007fff20250000 - 0x00007fff20379000 	C:\Windows\System32\gdi32full.dll
0x00007fff200e0000 - 0x00007fff20183000 	C:\Windows\System32\msvcp_win.dll
0x00007fff08e50000 - 0x00007fff090e0000 	C:\Windows\WinSxS\amd64_microsoft.windows.common-controls_6595b64144ccf1df_6.0.26100.9278_none_3e0d1ba8e3303201\COMCTL32.dll
0x00007fff20460000 - 0x00007fff20509000 	C:\Windows\System32\msvcrt.dll
0x00007fff21eb0000 - 0x00007fff21ee1000 	C:\Windows\System32\IMM32.DLL
0x00007fff1bf50000 - 0x00007fff1bf5c000 	C:\Users\ishas\.vscode\extensions\redhat.java-1.56.0-win32-x64\jre\21.0.12.1-win32-x86_64\bin\vcruntime140_1.dll
0x00007ffeac2d0000 - 0x00007ffeac35d000 	C:\Users\ishas\.vscode\extensions\redhat.java-1.56.0-win32-x64\jre\21.0.12.1-win32-x86_64\bin\msvcp140.dll
0x00007ffe828b0000 - 0x00007ffe83652000 	C:\Users\ishas\.vscode\extensions\redhat.java-1.56.0-win32-x64\jre\21.0.12.1-win32-x86_64\bin\server\jvm.dll
0x00007fff21ef0000 - 0x00007fff21fac000 	C:\Windows\System32\ADVAPI32.dll
0x00007fff21e00000 - 0x00007fff21ea9000 	C:\Windows\System32\sechost.dll
0x00007fff22500000 - 0x00007fff22618000 	C:\Windows\System32\RPCRT4.dll
0x00007fff21c90000 - 0x00007fff21d10000 	C:\Windows\System32\WS2_32.dll
0x00007fff1f6c0000 - 0x00007fff1f71e000 	C:\Windows\SYSTEM32\POWRPROF.dll
0x00007fff17580000 - 0x00007fff175b6000 	C:\Windows\SYSTEM32\WINMM.dll
0x00007fff0cde0000 - 0x00007fff0cdeb000 	C:\Windows\SYSTEM32\VERSION.dll
0x00007fff1f6a0000 - 0x00007fff1f6b5000 	C:\Windows\SYSTEM32\UMPDC.dll
0x00007fff1e530000 - 0x00007fff1e54b000 	C:\Windows\SYSTEM32\kernel.appcore.dll
0x00007fff17090000 - 0x00007fff1709a000 	C:\Users\ishas\.vscode\extensions\redhat.java-1.56.0-win32-x64\jre\21.0.12.1-win32-x86_64\bin\jimage.dll
0x00007fff1ce70000 - 0x00007fff1d0bc000 	C:\Windows\SYSTEM32\DBGHELP.DLL
0x00007fff20ed0000 - 0x00007fff21255000 	C:\Windows\System32\combase.dll
0x00007fff21a50000 - 0x00007fff21b29000 	C:\Windows\System32\OLEAUT32.dll
0x00007fff17540000 - 0x00007fff1757b000 	C:\Windows\SYSTEM32\dbgcore.DLL
0x00007fff1fab0000 - 0x00007fff1fb5c000 	C:\Windows\System32\bcryptPrimitives.dll
0x00007ffebe020000 - 0x00007ffebe02f000 	C:\Users\ishas\.vscode\extensions\redhat.java-1.56.0-win32-x64\jre\21.0.12.1-win32-x86_64\bin\instrument.dll
0x00007ffedcd90000 - 0x00007ffedcdb0000 	C:\Users\ishas\.vscode\extensions\redhat.java-1.56.0-win32-x64\jre\21.0.12.1-win32-x86_64\bin\java.dll
0x00007fff20510000 - 0x00007fff20ca8000 	C:\Windows\System32\SHELL32.dll
0x00007fff1d290000 - 0x00007fff1db3e000 	C:\Windows\SYSTEM32\windows.storage.dll
0x00007fff21fc0000 - 0x00007fff220bb000 	C:\Windows\System32\SHCORE.dll
0x00007fff22490000 - 0x00007fff224f6000 	C:\Windows\System32\shlwapi.dll
0x00007fff1f780000 - 0x00007fff1f7a9000 	C:\Windows\SYSTEM32\profapi.dll
0x00007ffedcd70000 - 0x00007ffedcd88000 	C:\Users\ishas\.vscode\extensions\redhat.java-1.56.0-win32-x64\jre\21.0.12.1-win32-x86_64\bin\zip.dll
0x00007ffee04e0000 - 0x00007ffee04f0000 	C:\Users\ishas\.vscode\extensions\redhat.java-1.56.0-win32-x64\jre\21.0.12.1-win32-x86_64\bin\net.dll
0x00007fff0dc00000 - 0x00007fff0dd2a000 	C:\Windows\SYSTEM32\WINHTTP.dll
0x00007fff1eaf0000 - 0x00007fff1eb5c000 	C:\Windows\system32\mswsock.dll
0x00007ffedcd50000 - 0x00007ffedcd66000 	C:\Users\ishas\.vscode\extensions\redhat.java-1.56.0-win32-x64\jre\21.0.12.1-win32-x86_64\bin\nio.dll
0x00007ffebc9a0000 - 0x00007ffebc9b0000 	C:\Users\ishas\.vscode\extensions\redhat.java-1.56.0-win32-x64\jre\21.0.12.1-win32-x86_64\bin\verify.dll
0x00007ffeac360000 - 0x00007ffeac387000 	C:\Users\ishas\.gradle\native\1def1411415f61bf3af743bc5b6707747c0891f09f0c88961ee8f79bc544acac\windows-amd64\native-platform.dll
0x00007ffe88010000 - 0x00007ffe88088000 	C:\Users\ishas\.gradle\native\0.2.7\x86_64-windows-gnu\gradle-fileevents.dll
0x00007ffebc890000 - 0x00007ffebc89a000 	C:\Users\ishas\.vscode\extensions\redhat.java-1.56.0-win32-x64\jre\21.0.12.1-win32-x86_64\bin\management.dll
0x00007ffebc430000 - 0x00007ffebc43c000 	C:\Users\ishas\.vscode\extensions\redhat.java-1.56.0-win32-x64\jre\21.0.12.1-win32-x86_64\bin\management_ext.dll
0x00007fff20380000 - 0x00007fff20388000 	C:\Windows\System32\PSAPI.DLL
0x00007fff1df00000 - 0x00007fff1df33000 	C:\Windows\SYSTEM32\IPHLPAPI.DLL
0x00007fff22280000 - 0x00007fff2228a000 	C:\Windows\System32\NSI.dll
0x00007ffeb9d70000 - 0x00007ffeb9d79000 	C:\Users\ishas\.vscode\extensions\redhat.java-1.56.0-win32-x64\jre\21.0.12.1-win32-x86_64\bin\extnet.dll
0x00007fff1ede0000 - 0x00007fff1edfb000 	C:\Windows\SYSTEM32\CRYPTSP.dll
0x00007fff1e490000 - 0x00007fff1e4c9000 	C:\Windows\system32\rsaenh.dll
0x00007fff1eba0000 - 0x00007fff1ebd4000 	C:\Windows\SYSTEM32\USERENV.dll
0x00007fff1f750000 - 0x00007fff1f77a000 	C:\Windows\SYSTEM32\bcrypt.dll
0x00007fff1ee00000 - 0x00007fff1ee0c000 	C:\Windows\SYSTEM32\CRYPTBASE.dll
0x00007ffeb9300000 - 0x00007ffeb930e000 	C:\Users\ishas\.vscode\extensions\redhat.java-1.56.0-win32-x64\jre\21.0.12.1-win32-x86_64\bin\sunmscapi.dll
0x00007fff1f860000 - 0x00007fff1f9de000 	C:\Windows\System32\CRYPT32.dll
0x00007fff1f020000 - 0x00007fff1f050000 	C:\Windows\SYSTEM32\ncrypt.dll
0x00007fff1efd0000 - 0x00007fff1f00f000 	C:\Windows\SYSTEM32\NTASN1.dll
0x00007fff01a10000 - 0x00007fff01a18000 	C:\Windows\system32\wshunix.dll

JVMTI agents:
C:\Users\ishas\.gradle\wrapper\dists\gradle-8.14.3-all\10utluxaxniiv4wxiphsi49nj\gradle-8.14.3\lib\agents\gradle-instrumentation-agent-8.14.3.jar path:C:\Users\ishas\.vscode\extensions\redhat.java-1.56.0-win32-x64\jre\21.0.12.1-win32-x86_64\bin\instrument.dll, loaded, initialized, instrumentlib options:none

dbghelp: loaded successfully - version: 4.0.5 - missing functions: none
symbol engine: initialized successfully - sym options: 0x614 - pdb path: .;C:\Users\ishas\.vscode\extensions\redhat.java-1.56.0-win32-x64\jre\21.0.12.1-win32-x86_64\bin;C:\Windows\SYSTEM32;C:\Windows\WinSxS\amd64_microsoft.windows.common-controls_6595b64144ccf1df_6.0.26100.9278_none_3e0d1ba8e3303201;C:\Users\ishas\.vscode\extensions\redhat.java-1.56.0-win32-x64\jre\21.0.12.1-win32-x86_64\bin\server;C:\Users\ishas\.gradle\native\1def1411415f61bf3af743bc5b6707747c0891f09f0c88961ee8f79bc544acac\windows-amd64;C:\Users\ishas\.gradle\native\0.2.7\x86_64-windows-gnu

VM Arguments:
jvm_args: --add-opens=java.base/java.lang=ALL-UNNAMED --add-opens=java.base/java.lang.invoke=ALL-UNNAMED --add-opens=java.base/java.util=ALL-UNNAMED --add-opens=java.prefs/java.util.prefs=ALL-UNNAMED --add-exports=jdk.compiler/com.sun.tools.javac.api=ALL-UNNAMED --add-exports=jdk.compiler/com.sun.tools.javac.util=ALL-UNNAMED --add-opens=java.base/java.util=ALL-UNNAMED --add-opens=java.prefs/java.util.prefs=ALL-UNNAMED --add-opens=java.base/java.nio.charset=ALL-UNNAMED --add-opens=java.base/java.net=ALL-UNNAMED --add-opens=java.base/java.util.concurrent.atomic=ALL-UNNAMED --add-opens=java.xml/javax.xml.namespace=ALL-UNNAMED -Xmx1536m -Dfile.encoding=UTF-8 -Duser.country=IN -Duser.language=en -Duser.variant -javaagent:C:\Users\ishas\.gradle\wrapper\dists\gradle-8.14.3-all\10utluxaxniiv4wxiphsi49nj\gradle-8.14.3\lib\agents\gradle-instrumentation-agent-8.14.3.jar 
java_command: org.gradle.launcher.daemon.bootstrap.GradleDaemon 8.14.3
java_class_path (initial): C:\Users\ishas\.gradle\wrapper\dists\gradle-8.14.3-all\10utluxaxniiv4wxiphsi49nj\gradle-8.14.3\lib\gradle-daemon-main-8.14.3.jar
Launcher Type: SUN_STANDARD

[Global flags]
     intx CICompilerCount                          = 4                                         {product} {ergonomic}
     uint ConcGCThreads                            = 3                                         {product} {ergonomic}
     uint G1ConcRefinementThreads                  = 10                                        {product} {ergonomic}
   size_t G1HeapRegionSize                         = 1048576                                   {product} {ergonomic}
    uintx GCDrainStackTargetSize                   = 64                                        {product} {ergonomic}
   size_t InitialHeapSize                          = 264241152                                 {product} {ergonomic}
   size_t MarkStackSize                            = 4194304                                   {product} {ergonomic}
   size_t MaxHeapSize                              = 1610612736                                {product} {command line}
   size_t MaxNewSize                               = 965738496                                 {product} {ergonomic}
   size_t MinHeapDeltaBytes                        = 1048576                                   {product} {ergonomic}
   size_t MinHeapSize                              = 8388608                                   {product} {ergonomic}
    uintx NonNMethodCodeHeapSize                   = 5839372                                {pd product} {ergonomic}
    uintx NonProfiledCodeHeapSize                  = 122909434                              {pd product} {ergonomic}
    uintx ProfiledCodeHeapSize                     = 122909434                              {pd product} {ergonomic}
    uintx ReservedCodeCacheSize                    = 251658240                              {pd product} {ergonomic}
     bool SegmentedCodeCache                       = true                                      {product} {ergonomic}
   size_t SoftMaxHeapSize                          = 1610612736                             {manageable} {ergonomic}
     bool UseCompressedOops                        = true                           {product lp64_product} {ergonomic}
     bool UseG1GC                                  = true                                      {product} {ergonomic}
     bool UseLargePagesIndividualAllocation        = false                                  {pd product} {ergonomic}

Logging:
Log output configuration:
 #0: stdout all=warning uptime,level,tags foldmultilines=false
 #1: stderr all=off uptime,level,tags foldmultilines=false

Release file:
JAVA_VERSION="21.0.12.1" 
MODULES="java.base java.compiler java.datatransfer java.xml java.prefs java.desktop java.instrument java.logging java.management java.security.sasl java.naming java.rmi java.management.rmi java.net.http java.scripting java.security.jgss java.transaction.xa java.sql java.sql.rowset java.xml.crypto java.se java.smartcardio jdk.accessibility jdk.internal.jvmstat jdk.attach jdk.charsets jdk.internal.opt jdk.zipfs jdk.compiler jdk.crypto.ec jdk.crypto.cryptoki jdk.crypto.mscapi jdk.dynalink jdk.internal.ed jdk.editpad jdk.hotspot.agent jdk.httpserver jdk.internal.le jdk.internal.vm.ci jdk.internal.vm.compiler jdk.internal.vm.compiler.management jdk.jartool jdk.javadoc jdk.jcmd jdk.management jdk.management.agent jdk.jconsole jdk.jdeps jdk.jdwp.agent jdk.jdi jdk.jfr jdk.jshell jdk.jsobject jdk.jstatd jdk.localedata jdk.management.jfr jdk.naming.dns jdk.naming.rmi jdk.net jdk.nio.mapmode jdk.random jdk.sctp jdk.security.auth jdk.security.jgss jdk.unsupported jdk.unsupported.desktop jdk.xml.dom" 

Environment Variables:
PATH=C:\Program Files\Microsoft\jdk-17.0.12.7-hotspot\bin;C:\Program Files\Eclipse Adoptium\jdk-17.0.17.10-hotspot\bin;C:\Windows\system32;C:\Windows;C:\Windows\System32\Wbem;C:\Windows\System32\WindowsPowerShell\v1.0\;C:\Windows\System32\OpenSSH\;C:\Program Files\nodejs\;C:\Users\ishas\Downloads\apache-maven-3.9.11-bin\apache-maven-3.9.11\bin;C:\Users\ishas\Downloads\apache-maven-3.9.11-bin\apache-maven-3.9.11\bin;C:\Program Files\MySQL\MySQL Server 8.0\bin;C:\Users\ishas\AppData\Local\Programs\Python\Python313;C:\Program Files\Git\cmd;C:\Users\ishas\AppData\Local\Programs\Python\Launcher\;C:\Program Files\MySQL\MySQL Shell 8.0\bin\;C:\Users\ishas\AppData\Local\Microsoft\WindowsApps;C:\Users\ishas\AppData\Local\Programs\Microsoft VS Code\bin;C:\Users\ishas\AppData\Roaming\npm
USERNAME=ishas
OS=Windows_NT
PROCESSOR_IDENTIFIER=Intel64 Family 6 Model 186 Stepping 2, GenuineIntel
TMP=C:\Users\ishas\AppData\Local\Temp
TEMP=C:\Users\ishas\AppData\Local\Temp




Periodic native trim disabled

---------------  S Y S T E M  ---------------

OS:
 Windows 11 , 64 bit Build 26100 (10.0.26100.9444)
OS uptime: 0 days 0:24 hours
Hyper-V role detected

CPU: total 12 (initial active 12) (6 cores per cpu, 2 threads per core) family 6 model 186 stepping 2 microcode 0x4122, cx8, cmov, fxsr, ht, mmx, 3dnowpref, sse, sse2, sse3, ssse3, sse4.1, sse4.2, popcnt, lzcnt, tsc, tscinvbit, avx, avx2, aes, erms, clmul, bmi1, bmi2, adx, sha, fma, vzeroupper, clflush, clflushopt, clwb, hv, serialize, rdtscp, rdpid, fsrm, f16c, cet_ibt, cet_ss
Processor Information for processor 0
  Max Mhz: 2100, Current Mhz: 2100, Mhz Limit: 2100
Processor Information for processor 1
  Max Mhz: 2100, Current Mhz: 2100, Mhz Limit: 2100
Processor Information for processor 2
  Max Mhz: 2100, Current Mhz: 2100, Mhz Limit: 2100
Processor Information for processor 3
  Max Mhz: 2100, Current Mhz: 2100, Mhz Limit: 2100
Processor Information for processor 4
  Max Mhz: 2100, Current Mhz: 2100, Mhz Limit: 2100
Processor Information for processor 5
  Max Mhz: 2100, Current Mhz: 2100, Mhz Limit: 2100
Processor Information for processor 6
  Max Mhz: 2100, Current Mhz: 2100, Mhz Limit: 2100
Processor Information for processor 7
  Max Mhz: 2100, Current Mhz: 2100, Mhz Limit: 2100
Processor Information for processor 8
  Max Mhz: 2100, Current Mhz: 2100, Mhz Limit: 2100
Processor Information for processor 9
  Max Mhz: 2100, Current Mhz: 1540, Mhz Limit: 2100
Processor Information for processor 10
  Max Mhz: 2100, Current Mhz: 1540, Mhz Limit: 2100
Processor Information for processor 11
  Max Mhz: 2100, Current Mhz: 1540, Mhz Limit: 2100

Memory: 4k page, system-wide physical 16076M (21M free)
TotalPageFile size 65228M (AvailPageFile size 2M)
current process WorkingSet (physical memory assigned to process): 34M, peak: 207M
current process commit charge ("private bytes"): 236M, peak: 421M

vm_info: OpenJDK 64-Bit Server VM (21.0.12.1+1-LTS) for windows-amd64 JRE (21.0.12.1+1-LTS), built on 2026-08-18T00:00:00Z by "admin" with MS VC++ 17.12 (VS2022)

END.
