#
# There is insufficient memory for the Java Runtime Environment to continue.
# Native memory allocation (malloc) failed to allocate 32744 bytes. Error detail: Chunk::new
# Possible reasons:
#   The system is out of physical RAM or swap space
#   This process is running with CompressedOops enabled, and the Java Heap may be blocking the growth of the native heap
# Possible solutions:
#   Reduce memory load on the system
#   Increase physical memory or swap space
#   Check if swap backing store is full
#   Decrease Java heap size (-Xmx/-Xms)
#   Decrease number of Java threads
#   Decrease Java thread stack sizes (-Xss)
#   Set larger code cache with -XX:ReservedCodeCacheSize=
#   JVM is running with Unscaled Compressed Oops mode in which the Java heap is
#     placed in the first 4GB address space. The Java Heap base address is the
#     maximum limit for the native heap growth. Please use -XX:HeapBaseMinAddress
#     to set the Java Heap base and to place the Java Heap above 4GB virtual address.
# This output file may be truncated or incomplete.
#
#  Out of Memory Error (arena.cpp:168), pid=56464, tid=57516
#
# JRE version: OpenJDK Runtime Environment Temurin-21.0.12.1+1 (21.0.12.1+1) (build 21.0.12.1+1-LTS)
# Java VM: OpenJDK 64-Bit Server VM Temurin-21.0.12.1+1 (21.0.12.1+1-LTS, mixed mode, sharing, tiered, compressed oops, compressed class ptrs, g1 gc, windows-amd64)
# No core dump will be written. Minidumps are not enabled by default on client versions of Windows
#

---------------  S U M M A R Y ------------

Command Line: --add-opens=java.base/java.lang=ALL-UNNAMED --add-opens=java.base/java.lang.invoke=ALL-UNNAMED --add-opens=java.base/java.util=ALL-UNNAMED --add-opens=java.prefs/java.util.prefs=ALL-UNNAMED --add-exports=jdk.compiler/com.sun.tools.javac.api=ALL-UNNAMED --add-exports=jdk.compiler/com.sun.tools.javac.util=ALL-UNNAMED --add-opens=java.base/java.util=ALL-UNNAMED --add-opens=java.prefs/java.util.prefs=ALL-UNNAMED --add-opens=java.base/java.nio.charset=ALL-UNNAMED --add-opens=java.base/java.net=ALL-UNNAMED --add-opens=java.base/java.util.concurrent.atomic=ALL-UNNAMED --add-opens=java.xml/javax.xml.namespace=ALL-UNNAMED -Xmx1536m -Dfile.encoding=UTF-8 -Duser.country=IN -Duser.language=en -Duser.variant -javaagent:C:\Users\ishas\.gradle\wrapper\dists\gradle-8.14.3-all\10utluxaxniiv4wxiphsi49nj\gradle-8.14.3\lib\agents\gradle-instrumentation-agent-8.14.3.jar org.gradle.launcher.daemon.bootstrap.GradleDaemon 8.14.3

Host: 13th Gen Intel(R) Core(TM) i5-13420H, 12 cores, 15G,  Windows 11 , 64 bit Build 26100 (10.0.26100.9444)
Time: Mon Sep 14 18:22:45 2026 India Standard Time elapsed time: 484.842208 seconds (0d 0h 8m 4s)

---------------  T H R E A D  ---------------

Current thread (0x000002a93781f090):  JavaThread "C2 CompilerThread0" daemon [_thread_in_native, id=57516, stack(0x000000ffe6d00000,0x000000ffe6e00000) (1024K)]


Current CompileTask:
C2:484844 4171       4       java.util.HashMap$ValueSpliterator::forEachRemaining (186 bytes)

Stack: [0x000000ffe6d00000,0x000000ffe6e00000]
Native frames: (J=compiled Java code, j=interpreted, Vv=VM code, C=native code)
V  [jvm.dll+0x6d83e9]
V  [jvm.dll+0x8b5736]
V  [jvm.dll+0x8b7cee]
V  [jvm.dll+0x8b83d3]
V  [jvm.dll+0x284596]
V  [jvm.dll+0xc685d]
V  [jvm.dll+0xc6da1]
V  [jvm.dll+0x20cd5c]
V  [jvm.dll+0x20c22e]
V  [jvm.dll+0x1f6d00]
V  [jvm.dll+0x14a0be]
V  [jvm.dll+0x2f876a]
V  [jvm.dll+0x2fa762]
V  [jvm.dll+0x6f2873]
V  [jvm.dll+0x6ea969]
V  [jvm.dll+0x6ea069]
V  [jvm.dll+0x6e80ee]
V  [jvm.dll+0x1ce4fc]
V  [jvm.dll+0x1cf09e]
V  [jvm.dll+0x1cf09e]
V  [jvm.dll+0x2fa7dc]
V  [jvm.dll+0x6f2873]
V  [jvm.dll+0x6ea969]
V  [jvm.dll+0x6ea069]
V  [jvm.dll+0x6e80ee]
V  [jvm.dll+0x1ce4fc]
V  [jvm.dll+0x2fa7dc]
V  [jvm.dll+0x6f2873]
V  [jvm.dll+0x6ea969]
V  [jvm.dll+0x6ea069]
V  [jvm.dll+0x6e80ee]
V  [jvm.dll+0x1ce4fc]
V  [jvm.dll+0x1cf09e]
V  [jvm.dll+0x1cf09e]
V  [jvm.dll+0x2fa7dc]
V  [jvm.dll+0x6f2873]
V  [jvm.dll+0x6ea969]
V  [jvm.dll+0x6ea069]
V  [jvm.dll+0x6e80ee]
V  [jvm.dll+0x1ce4fc]
V  [jvm.dll+0x1cf09e]
V  [jvm.dll+0x1cf09e]
V  [jvm.dll+0x2fa7dc]
V  [jvm.dll+0x6f2873]
V  [jvm.dll+0x6ea969]
V  [jvm.dll+0x6ea069]
V  [jvm.dll+0x6e80ee]
V  [jvm.dll+0x1ce4fc]
V  [jvm.dll+0x24b919]
V  [jvm.dll+0x1cb4ae]
V  [jvm.dll+0x25baad]
V  [jvm.dll+0x25a03a]
V  [jvm.dll+0x3f8aae]
V  [jvm.dll+0x8600cd]
V  [jvm.dll+0x6d6c1d]
C  [ucrtbase.dll+0x2cd30]
C  [KERNEL32.DLL+0x2cd87]
C  [ntdll.dll+0xacaec]


---------------  P R O C E S S  ---------------

Threads class SMR info:
_java_thread_list=0x000002a97e3f6760, length=28, elements={
0x000002a9205fea40, 0x000002a9378169a0, 0x000002a937817500, 0x000002a93781a3d0,
0x000002a93781ce40, 0x000002a93781d8a0, 0x000002a93781e300, 0x000002a93781f090,
0x000002a937833d50, 0x000002a937a64740, 0x000002a937a5be00, 0x000002a97d4d0e00,
0x000002a97e33a640, 0x000002a97e435490, 0x000002a97da92ad0, 0x000002a97e2fa2c0,
0x000002a97e7a8100, 0x000002a97e7a8790, 0x000002a97e7a73e0, 0x000002a97e7a8e20,
0x000002a97e7a94b0, 0x000002a97e7a6030, 0x000002a97e7a66c0, 0x000002a97e7a6d50,
0x000002a90051e460, 0x000002a90051fea0, 0x000002a90051f180, 0x000002a90051d0b0
}

Java Threads: ( => current thread )
  0x000002a9205fea40 JavaThread "main"                              [_thread_blocked, id=56620, stack(0x000000ffe5f00000,0x000000ffe6000000) (1024K)]
  0x000002a9378169a0 JavaThread "Reference Handler"          daemon [_thread_blocked, id=57472, stack(0x000000ffe6700000,0x000000ffe6800000) (1024K)]
  0x000002a937817500 JavaThread "Finalizer"                  daemon [_thread_blocked, id=57476, stack(0x000000ffe6800000,0x000000ffe6900000) (1024K)]
  0x000002a93781a3d0 JavaThread "Signal Dispatcher"          daemon [_thread_blocked, id=57500, stack(0x000000ffe6900000,0x000000ffe6a00000) (1024K)]
  0x000002a93781ce40 JavaThread "Attach Listener"            daemon [_thread_blocked, id=57504, stack(0x000000ffe6a00000,0x000000ffe6b00000) (1024K)]
  0x000002a93781d8a0 JavaThread "Service Thread"             daemon [_thread_blocked, id=57508, stack(0x000000ffe6b00000,0x000000ffe6c00000) (1024K)]
  0x000002a93781e300 JavaThread "Monitor Deflation Thread"   daemon [_thread_blocked, id=57512, stack(0x000000ffe6c00000,0x000000ffe6d00000) (1024K)]
=>0x000002a93781f090 JavaThread "C2 CompilerThread0"         daemon [_thread_in_native, id=57516, stack(0x000000ffe6d00000,0x000000ffe6e00000) (1024K)]
  0x000002a937833d50 JavaThread "C1 CompilerThread0"         daemon [_thread_blocked, id=57540, stack(0x000000ffe6e00000,0x000000ffe6f00000) (1024K)]
  0x000002a937a64740 JavaThread "Common-Cleaner"             daemon [_thread_blocked, id=57832, stack(0x000000ffe6f00000,0x000000ffe7000000) (1024K)]
  0x000002a937a5be00 JavaThread "Notification Thread"        daemon [_thread_blocked, id=57880, stack(0x000000ffe7000000,0x000000ffe7100000) (1024K)]
  0x000002a97d4d0e00 JavaThread "Daemon health stats"               [_thread_blocked, id=60648, stack(0x000000ffe5d00000,0x000000ffe5e00000) (1024K)]
  0x000002a97e33a640 JavaThread "Incoming local TCP Connector on port 50310"        [_thread_in_native, id=60732, stack(0x000000ffe5e00000,0x000000ffe5f00000) (1024K)]
  0x000002a97e435490 JavaThread "Daemon periodic checks"            [_thread_blocked, id=60652, stack(0x000000ffe7600000,0x000000ffe7700000) (1024K)]
  0x000002a97da92ad0 JavaThread "Daemon"                            [_thread_blocked, id=61860, stack(0x000000ffe7800000,0x000000ffe7900000) (1024K)]
  0x000002a97e2fa2c0 JavaThread "Handler for socket connection from /127.0.0.1:50310 to /127.0.0.1:50339"        [_thread_in_native, id=61884, stack(0x000000ffe7900000,0x000000ffe7a00000) (1024K)]
  0x000002a97e7a8100 JavaThread "Cancel handler"                    [_thread_blocked, id=61996, stack(0x000000ffe7a00000,0x000000ffe7b00000) (1024K)]
  0x000002a97e7a8790 JavaThread "Daemon worker"                     [_thread_blocked, id=58572, stack(0x000000ffe7b00000,0x000000ffe7c00000) (1024K)]
  0x000002a97e7a73e0 JavaThread "Asynchronous log dispatcher for DefaultDaemonConnection: socket connection from /127.0.0.1:50310 to /127.0.0.1:50339"        [_thread_blocked, id=61904, stack(0x000000ffe7c00000,0x000000ffe7d00000) (1024K)]
  0x000002a97e7a8e20 JavaThread "Stdin handler"                     [_thread_blocked, id=56028, stack(0x000000ffe7d00000,0x000000ffe7e00000) (1024K)]
  0x000002a97e7a94b0 JavaThread "Daemon client event forwarder"        [_thread_blocked, id=59432, stack(0x000000ffe7e00000,0x000000ffe7f00000) (1024K)]
  0x000002a97e7a6030 JavaThread "Cache worker for journal cache (C:\Users\ishas\.gradle\caches\journal-1)"        [_thread_blocked, id=51900, stack(0x000000ffe7f00000,0x000000ffe8000000) (1024K)]
  0x000002a97e7a66c0 JavaThread "File lock request listener"        [_thread_in_native, id=61664, stack(0x000000ffe8000000,0x000000ffe8100000) (1024K)]
  0x000002a97e7a6d50 JavaThread "Cache worker for file hash cache (C:\Users\ishas\.gradle\caches\8.14.3\fileHashes)"        [_thread_blocked, id=51600, stack(0x000000ffe8100000,0x000000ffe8200000) (1024K)]
  0x000002a90051e460 JavaThread "Cache worker for file hash cache (C:\Users\ishas\Downloads\ai-yoga-assistant-razorpay-v9\yoga3\android\.gradle\8.14.3\fileHashes)"        [_thread_blocked, id=62680, stack(0x000000ffe8a00000,0x000000ffe8b00000) (1024K)]
  0x000002a90051fea0 JavaThread "Cache worker for Build Output Cleanup Cache (C:\Users\ishas\Downloads\ai-yoga-assistant-razorpay-v9\yoga3\android\.gradle\buildOutputCleanup)"        [_thread_blocked, id=62692, stack(0x000000ffe8b00000,0x000000ffe8c00000) (1024K)]
  0x000002a90051f180 JavaThread "File watcher server"        daemon [_thread_in_native, id=62796, stack(0x000000ffe8300000,0x000000ffe8400000) (1024K)]
  0x000002a90051d0b0 JavaThread "File watcher consumer"      daemon [_thread_blocked, id=62856, stack(0x000000ffe8c00000,0x000000ffe8d00000) (1024K)]
Total: 28

Other Threads:
  0x000002a9377ee520 VMThread "VM Thread"                           [id=57348, stack(0x000000ffe6600000,0x000000ffe6700000) (1024K)]
  0x000002a9377e4680 WatcherThread "VM Periodic Task Thread"        [id=1616, stack(0x000000ffe6500000,0x000000ffe6600000) (1024K)]
  0x000002a920646590 WorkerThread "GC Thread#0"                     [id=51560, stack(0x000000ffe6000000,0x000000ffe6100000) (1024K)]
  0x000002a937af1530 WorkerThread "GC Thread#1"                     [id=58492, stack(0x000000ffe7100000,0x000000ffe7200000) (1024K)]
  0x000002a937af18e0 WorkerThread "GC Thread#2"                     [id=58496, stack(0x000000ffe7200000,0x000000ffe7300000) (1024K)]
  0x000002a937af1c90 WorkerThread "GC Thread#3"                     [id=58500, stack(0x000000ffe7300000,0x000000ffe7400000) (1024K)]
  0x000002a937af2040 WorkerThread "GC Thread#4"                     [id=58504, stack(0x000000ffe7400000,0x000000ffe7500000) (1024K)]
  0x000002a937bb9040 WorkerThread "GC Thread#5"                     [id=58508, stack(0x000000ffe7500000,0x000000ffe7600000) (1024K)]
  0x000002a97edc09a0 WorkerThread "GC Thread#6"                     [id=62620, stack(0x000000ffe8400000,0x000000ffe8500000) (1024K)]
  0x000002a97edbfe90 WorkerThread "GC Thread#7"                     [id=62624, stack(0x000000ffe8500000,0x000000ffe8600000) (1024K)]
  0x000002a97edbf380 WorkerThread "GC Thread#8"                     [id=62628, stack(0x000000ffe8600000,0x000000ffe8700000) (1024K)]
  0x000002a97edbe110 WorkerThread "GC Thread#9"                     [id=62632, stack(0x000000ffe8700000,0x000000ffe8800000) (1024K)]
  0x000002a920653510 ConcurrentGCThread "G1 Main Marker"            [id=51608, stack(0x000000ffe6100000,0x000000ffe6200000) (1024K)]
  0x000002a920653f30 WorkerThread "G1 Conc#0"                       [id=56428, stack(0x000000ffe6200000,0x000000ffe6300000) (1024K)]
  0x000002a97edbd9b0 WorkerThread "G1 Conc#1"                       [id=62636, stack(0x000000ffe8800000,0x000000ffe8900000) (1024K)]
  0x000002a97edbfae0 WorkerThread "G1 Conc#2"                       [id=62640, stack(0x000000ffe8900000,0x000000ffe8a00000) (1024K)]
  0x000002a9206beb10 ConcurrentGCThread "G1 Refine#0"               [id=52276, stack(0x000000ffe6300000,0x000000ffe6400000) (1024K)]
  0x000002a9376b08d0 ConcurrentGCThread "G1 Service"                [id=39880, stack(0x000000ffe6400000,0x000000ffe6500000) (1024K)]
Total: 18

Threads with active compile tasks:
C2 CompilerThread0  485013 4171       4       java.util.HashMap$ValueSpliterator::forEachRemaining (186 bytes)
Total: 1

VM state: not at safepoint (normal execution)

VM Mutex/Monitor currently owned by a thread: None

Heap address: 0x00000000a0000000, size: 1536 MB, Compressed Oops mode: 32-bit

CDS archive(s) mapped at: [0x000002a938000000-0x000002a938ba0000-0x000002a938ba0000), size 12189696, SharedBaseAddress: 0x000002a938000000, ArchiveRelocationMode: 1.
Compressed class space mapped at: 0x000002a939000000-0x000002a979000000, reserved size: 1073741824
Narrow klass base: 0x000002a938000000, Narrow klass shift: 0, Narrow klass range: 0x100000000

GC Precious Log:
 CardTable entry size: 512
 Card Set container configuration: InlinePtr #cards 5 size 8 Array Of Cards #cards 12 size 40 Howl #buckets 4 coarsen threshold 1843 Howl Bitmap #cards 512 size 80 coarsen threshold 460 Card regions per heap region 1 cards per card region 2048
 CPUs: 12 total, 12 available
 Memory: 16076M
 Large Page Support: Disabled
 NUMA Support: Disabled
 Compressed Oops: Enabled (32-bit)
 Heap Region Size: 1M
 Heap Min Capacity: 8M
 Heap Initial Capacity: 252M
 Heap Max Capacity: 1536M
 Pre-touch: Disabled
 Parallel Workers: 10
 Concurrent Workers: 3
 Concurrent Refinement Workers: 10
 Periodic GC: Disabled

Heap:
 garbage-first heap   total 97280K, used 60466K [0x00000000a0000000, 0x0000000100000000)
  region size 1024K, 44 young (45056K), 10 survivors (10240K)
 Metaspace       used 26486K, committed 27392K, reserved 1114112K
  class space    used 3967K, committed 4416K, reserved 1048576K

Heap Regions: E=young(eden), S=young(survivor), O=old, HS=humongous(starts), HC=humongous(continues), CS=collection set, F=free, TAMS=top-at-mark-start, PB=parsable bottom
|   0|0x00000000a0000000, 0x00000000a0100000, 0x00000000a0100000|100%|HS|  |TAMS 0x00000000a0000000| PB 0x00000000a0000000| Complete 
|   1|0x00000000a0100000, 0x00000000a0200000, 0x00000000a0200000|100%|HC|  |TAMS 0x00000000a0100000| PB 0x00000000a0100000| Complete 
|   2|0x00000000a0200000, 0x00000000a0300000, 0x00000000a0300000|100%|HC|  |TAMS 0x00000000a0200000| PB 0x00000000a0200000| Complete 
|   3|0x00000000a0300000, 0x00000000a0400000, 0x00000000a0400000|100%| O|  |TAMS 0x00000000a0300000| PB 0x00000000a0300000| Untracked 
|   4|0x00000000a0400000, 0x00000000a0500000, 0x00000000a0500000|100%| O|  |TAMS 0x00000000a0400000| PB 0x00000000a0400000| Untracked 
|   5|0x00000000a0500000, 0x00000000a0600000, 0x00000000a0600000|100%| O|  |TAMS 0x00000000a0500000| PB 0x00000000a0500000| Untracked 
|   6|0x00000000a0600000, 0x00000000a0700000, 0x00000000a0700000|100%|HS|  |TAMS 0x00000000a0600000| PB 0x00000000a0600000| Complete 
|   7|0x00000000a0700000, 0x00000000a0700000, 0x00000000a0800000|  0%| F|  |TAMS 0x00000000a0700000| PB 0x00000000a0700000| Untracked 
|   8|0x00000000a0800000, 0x00000000a0900000, 0x00000000a0900000|100%| O|  |TAMS 0x00000000a0800000| PB 0x00000000a0800000| Untracked 
|   9|0x00000000a0900000, 0x00000000a0a00000, 0x00000000a0a00000|100%| O|  |TAMS 0x00000000a0900000| PB 0x00000000a0900000| Untracked 
|  10|0x00000000a0a00000, 0x00000000a0b00000, 0x00000000a0b00000|100%| O|  |TAMS 0x00000000a0a00000| PB 0x00000000a0a00000| Untracked 
|  11|0x00000000a0b00000, 0x00000000a0c00000, 0x00000000a0c00000|100%| O|  |TAMS 0x00000000a0b00000| PB 0x00000000a0b00000| Untracked 
|  12|0x00000000a0c00000, 0x00000000a0ce5f88, 0x00000000a0d00000| 89%| O|Cm|TAMS 0x00000000a0c00000| PB 0x00000000a0c00000| Complete 
|  13|0x00000000a0d00000, 0x00000000a0d00000, 0x00000000a0e00000|  0%| F|  |TAMS 0x00000000a0d00000| PB 0x00000000a0d00000| Untracked 
|  14|0x00000000a0e00000, 0x00000000a0e00000, 0x00000000a0f00000|  0%| F|  |TAMS 0x00000000a0e00000| PB 0x00000000a0e00000| Untracked 
|  15|0x00000000a0f00000, 0x00000000a0f00000, 0x00000000a1000000|  0%| F|  |TAMS 0x00000000a0f00000| PB 0x00000000a0f00000| Untracked 
|  16|0x00000000a1000000, 0x00000000a1000000, 0x00000000a1100000|  0%| F|  |TAMS 0x00000000a1000000| PB 0x00000000a1000000| Untracked 
|  17|0x00000000a1100000, 0x00000000a1100000, 0x00000000a1200000|  0%| F|  |TAMS 0x00000000a1100000| PB 0x00000000a1100000| Untracked 
|  18|0x00000000a1200000, 0x00000000a1200000, 0x00000000a1300000|  0%| F|  |TAMS 0x00000000a1200000| PB 0x00000000a1200000| Untracked 
|  19|0x00000000a1300000, 0x00000000a1300000, 0x00000000a1400000|  0%| F|  |TAMS 0x00000000a1300000| PB 0x00000000a1300000| Untracked 
|  20|0x00000000a1400000, 0x00000000a1400000, 0x00000000a1500000|  0%| F|  |TAMS 0x00000000a1400000| PB 0x00000000a1400000| Untracked 
|  21|0x00000000a1500000, 0x00000000a1500000, 0x00000000a1600000|  0%| F|  |TAMS 0x00000000a1500000| PB 0x00000000a1500000| Untracked 
|  22|0x00000000a1600000, 0x00000000a1600000, 0x00000000a1700000|  0%| F|  |TAMS 0x00000000a1600000| PB 0x00000000a1600000| Untracked 
|  23|0x00000000a1700000, 0x00000000a1700000, 0x00000000a1800000|  0%| F|  |TAMS 0x00000000a1700000| PB 0x00000000a1700000| Untracked 
|  24|0x00000000a1800000, 0x00000000a1800000, 0x00000000a1900000|  0%| F|  |TAMS 0x00000000a1800000| PB 0x00000000a1800000| Untracked 
|  25|0x00000000a1900000, 0x00000000a1900000, 0x00000000a1a00000|  0%| F|  |TAMS 0x00000000a1900000| PB 0x00000000a1900000| Untracked 
|  26|0x00000000a1a00000, 0x00000000a1a00000, 0x00000000a1b00000|  0%| F|  |TAMS 0x00000000a1a00000| PB 0x00000000a1a00000| Untracked 
|  27|0x00000000a1b00000, 0x00000000a1b00000, 0x00000000a1c00000|  0%| F|  |TAMS 0x00000000a1b00000| PB 0x00000000a1b00000| Untracked 
|  28|0x00000000a1c00000, 0x00000000a1c00000, 0x00000000a1d00000|  0%| F|  |TAMS 0x00000000a1c00000| PB 0x00000000a1c00000| Untracked 
|  29|0x00000000a1d00000, 0x00000000a1d00000, 0x00000000a1e00000|  0%| F|  |TAMS 0x00000000a1d00000| PB 0x00000000a1d00000| Untracked 
|  30|0x00000000a1e00000, 0x00000000a1e00000, 0x00000000a1f00000|  0%| F|  |TAMS 0x00000000a1e00000| PB 0x00000000a1e00000| Untracked 
|  31|0x00000000a1f00000, 0x00000000a1f00000, 0x00000000a2000000|  0%| F|  |TAMS 0x00000000a1f00000| PB 0x00000000a1f00000| Untracked 
|  32|0x00000000a2000000, 0x00000000a2000000, 0x00000000a2100000|  0%| F|  |TAMS 0x00000000a2000000| PB 0x00000000a2000000| Untracked 
|  33|0x00000000a2100000, 0x00000000a2100000, 0x00000000a2200000|  0%| F|  |TAMS 0x00000000a2100000| PB 0x00000000a2100000| Untracked 
|  34|0x00000000a2200000, 0x00000000a2200000, 0x00000000a2300000|  0%| F|  |TAMS 0x00000000a2200000| PB 0x00000000a2200000| Untracked 
|  35|0x00000000a2300000, 0x00000000a2300000, 0x00000000a2400000|  0%| F|  |TAMS 0x00000000a2300000| PB 0x00000000a2300000| Untracked 
|  36|0x00000000a2400000, 0x00000000a2400000, 0x00000000a2500000|  0%| F|  |TAMS 0x00000000a2400000| PB 0x00000000a2400000| Untracked 
|  37|0x00000000a2500000, 0x00000000a2500000, 0x00000000a2600000|  0%| F|  |TAMS 0x00000000a2500000| PB 0x00000000a2500000| Untracked 
|  38|0x00000000a2600000, 0x00000000a2600000, 0x00000000a2700000|  0%| F|  |TAMS 0x00000000a2600000| PB 0x00000000a2600000| Untracked 
|  39|0x00000000a2700000, 0x00000000a2700000, 0x00000000a2800000|  0%| F|  |TAMS 0x00000000a2700000| PB 0x00000000a2700000| Untracked 
|  40|0x00000000a2800000, 0x00000000a2800000, 0x00000000a2900000|  0%| F|  |TAMS 0x00000000a2800000| PB 0x00000000a2800000| Untracked 
|  41|0x00000000a2900000, 0x00000000a2900000, 0x00000000a2a00000|  0%| F|  |TAMS 0x00000000a2900000| PB 0x00000000a2900000| Untracked 
|  42|0x00000000a2a00000, 0x00000000a2a00000, 0x00000000a2b00000|  0%| F|  |TAMS 0x00000000a2a00000| PB 0x00000000a2a00000| Untracked 
|  43|0x00000000a2b00000, 0x00000000a2b00000, 0x00000000a2c00000|  0%| F|  |TAMS 0x00000000a2b00000| PB 0x00000000a2b00000| Untracked 
|  44|0x00000000a2c00000, 0x00000000a2c00000, 0x00000000a2d00000|  0%| F|  |TAMS 0x00000000a2c00000| PB 0x00000000a2c00000| Untracked 
|  45|0x00000000a2d00000, 0x00000000a2d00000, 0x00000000a2e00000|  0%| F|  |TAMS 0x00000000a2d00000| PB 0x00000000a2d00000| Untracked 
|  46|0x00000000a2e00000, 0x00000000a2e436b0, 0x00000000a2f00000| 26%| E|  |TAMS 0x00000000a2e00000| PB 0x00000000a2e00000| Complete 
|  47|0x00000000a2f00000, 0x00000000a3000000, 0x00000000a3000000|100%| E|CS|TAMS 0x00000000a2f00000| PB 0x00000000a2f00000| Complete 
|  48|0x00000000a3000000, 0x00000000a3100000, 0x00000000a3100000|100%| E|CS|TAMS 0x00000000a3000000| PB 0x00000000a3000000| Complete 
|  49|0x00000000a3100000, 0x00000000a3200000, 0x00000000a3200000|100%| E|CS|TAMS 0x00000000a3100000| PB 0x00000000a3100000| Complete 
|  50|0x00000000a3200000, 0x00000000a3300000, 0x00000000a3300000|100%| E|CS|TAMS 0x00000000a3200000| PB 0x00000000a3200000| Complete 
|  51|0x00000000a3300000, 0x00000000a3400000, 0x00000000a3400000|100%| E|CS|TAMS 0x00000000a3300000| PB 0x00000000a3300000| Complete 
|  52|0x00000000a3400000, 0x00000000a3500000, 0x00000000a3500000|100%| E|CS|TAMS 0x00000000a3400000| PB 0x00000000a3400000| Complete 
|  53|0x00000000a3500000, 0x00000000a3600000, 0x00000000a3600000|100%| E|CS|TAMS 0x00000000a3500000| PB 0x00000000a3500000| Complete 
|  54|0x00000000a3600000, 0x00000000a3700000, 0x00000000a3700000|100%| E|CS|TAMS 0x00000000a3600000| PB 0x00000000a3600000| Complete 
|  55|0x00000000a3700000, 0x00000000a3800000, 0x00000000a3800000|100%| E|CS|TAMS 0x00000000a3700000| PB 0x00000000a3700000| Complete 
|  56|0x00000000a3800000, 0x00000000a3900000, 0x00000000a3900000|100%| E|CS|TAMS 0x00000000a3800000| PB 0x00000000a3800000| Complete 
|  57|0x00000000a3900000, 0x00000000a3a00000, 0x00000000a3a00000|100%| E|CS|TAMS 0x00000000a3900000| PB 0x00000000a3900000| Complete 
|  58|0x00000000a3a00000, 0x00000000a3b00000, 0x00000000a3b00000|100%| E|CS|TAMS 0x00000000a3a00000| PB 0x00000000a3a00000| Complete 
|  59|0x00000000a3b00000, 0x00000000a3c00000, 0x00000000a3c00000|100%| E|CS|TAMS 0x00000000a3b00000| PB 0x00000000a3b00000| Complete 
|  60|0x00000000a3c00000, 0x00000000a3d00000, 0x00000000a3d00000|100%| E|CS|TAMS 0x00000000a3c00000| PB 0x00000000a3c00000| Complete 
|  61|0x00000000a3d00000, 0x00000000a3e00000, 0x00000000a3e00000|100%| E|CS|TAMS 0x00000000a3d00000| PB 0x00000000a3d00000| Complete 
|  62|0x00000000a3e00000, 0x00000000a3f00000, 0x00000000a3f00000|100%| E|CS|TAMS 0x00000000a3e00000| PB 0x00000000a3e00000| Complete 
|  63|0x00000000a3f00000, 0x00000000a4000000, 0x00000000a4000000|100%| E|CS|TAMS 0x00000000a3f00000| PB 0x00000000a3f00000| Complete 
|  64|0x00000000a4000000, 0x00000000a4100000, 0x00000000a4100000|100%| E|CS|TAMS 0x00000000a4000000| PB 0x00000000a4000000| Complete 
|  65|0x00000000a4100000, 0x00000000a4200000, 0x00000000a4200000|100%| E|CS|TAMS 0x00000000a4100000| PB 0x00000000a4100000| Complete 
|  66|0x00000000a4200000, 0x00000000a4300000, 0x00000000a4300000|100%| E|CS|TAMS 0x00000000a4200000| PB 0x00000000a4200000| Complete 
|  67|0x00000000a4300000, 0x00000000a4400000, 0x00000000a4400000|100%| S|CS|TAMS 0x00000000a4300000| PB 0x00000000a4300000| Complete 
|  68|0x00000000a4400000, 0x00000000a4500000, 0x00000000a4500000|100%| S|CS|TAMS 0x00000000a4400000| PB 0x00000000a4400000| Complete 
|  69|0x00000000a4500000, 0x00000000a4600000, 0x00000000a4600000|100%| S|CS|TAMS 0x00000000a4500000| PB 0x00000000a4500000| Complete 
|  70|0x00000000a4600000, 0x00000000a4700000, 0x00000000a4700000|100%| S|CS|TAMS 0x00000000a4600000| PB 0x00000000a4600000| Complete 
|  71|0x00000000a4700000, 0x00000000a4800000, 0x00000000a4800000|100%| S|CS|TAMS 0x00000000a4700000| PB 0x00000000a4700000| Complete 
|  72|0x00000000a4800000, 0x00000000a4900000, 0x00000000a4900000|100%| S|CS|TAMS 0x00000000a4800000| PB 0x00000000a4800000| Complete 
|  73|0x00000000a4900000, 0x00000000a4a00000, 0x00000000a4a00000|100%| S|CS|TAMS 0x00000000a4900000| PB 0x00000000a4900000| Complete 
|  74|0x00000000a4a00000, 0x00000000a4b00000, 0x00000000a4b00000|100%| S|CS|TAMS 0x00000000a4a00000| PB 0x00000000a4a00000| Complete 
|  75|0x00000000a4b00000, 0x00000000a4c00000, 0x00000000a4c00000|100%| S|CS|TAMS 0x00000000a4b00000| PB 0x00000000a4b00000| Complete 
|  76|0x00000000a4c00000, 0x00000000a4c9f3a0, 0x00000000a4d00000| 62%| S|CS|TAMS 0x00000000a4c00000| PB 0x00000000a4c00000| Complete 
| 141|0x00000000a8d00000, 0x00000000a8e00000, 0x00000000a8e00000|100%| E|CS|TAMS 0x00000000a8d00000| PB 0x00000000a8d00000| Complete 
| 142|0x00000000a8e00000, 0x00000000a8f00000, 0x00000000a8f00000|100%| E|CS|TAMS 0x00000000a8e00000| PB 0x00000000a8e00000| Complete 
| 143|0x00000000a8f00000, 0x00000000a9000000, 0x00000000a9000000|100%| E|CS|TAMS 0x00000000a8f00000| PB 0x00000000a8f00000| Complete 
| 144|0x00000000a9000000, 0x00000000a9100000, 0x00000000a9100000|100%| E|CS|TAMS 0x00000000a9000000| PB 0x00000000a9000000| Complete 
| 145|0x00000000a9100000, 0x00000000a9200000, 0x00000000a9200000|100%| E|CS|TAMS 0x00000000a9100000| PB 0x00000000a9100000| Complete 
| 146|0x00000000a9200000, 0x00000000a9300000, 0x00000000a9300000|100%| E|CS|TAMS 0x00000000a9200000| PB 0x00000000a9200000| Complete 
| 147|0x00000000a9300000, 0x00000000a9400000, 0x00000000a9400000|100%| E|CS|TAMS 0x00000000a9300000| PB 0x00000000a9300000| Complete 
| 148|0x00000000a9400000, 0x00000000a9500000, 0x00000000a9500000|100%| E|CS|TAMS 0x00000000a9400000| PB 0x00000000a9400000| Complete 
| 149|0x00000000a9500000, 0x00000000a9600000, 0x00000000a9600000|100%| E|CS|TAMS 0x00000000a9500000| PB 0x00000000a9500000| Complete 
| 150|0x00000000a9600000, 0x00000000a9700000, 0x00000000a9700000|100%| E|CS|TAMS 0x00000000a9600000| PB 0x00000000a9600000| Complete 
| 151|0x00000000a9700000, 0x00000000a9800000, 0x00000000a9800000|100%| E|CS|TAMS 0x00000000a9700000| PB 0x00000000a9700000| Complete 
| 152|0x00000000a9800000, 0x00000000a9900000, 0x00000000a9900000|100%| E|CS|TAMS 0x00000000a9800000| PB 0x00000000a9800000| Complete 
| 251|0x00000000afb00000, 0x00000000afc00000, 0x00000000afc00000|100%| E|CS|TAMS 0x00000000afb00000| PB 0x00000000afb00000| Complete 
|1531|0x00000000ffb00000, 0x00000000ffb87708, 0x00000000ffc00000| 52%| O|  |TAMS 0x00000000ffb00000| PB 0x00000000ffb00000| Untracked 
|1532|0x00000000ffc00000, 0x00000000ffd00000, 0x00000000ffd00000|100%| O|  |TAMS 0x00000000ffc00000| PB 0x00000000ffc00000| Untracked 
|1533|0x00000000ffd00000, 0x00000000ffe00000, 0x00000000ffe00000|100%| O|  |TAMS 0x00000000ffd00000| PB 0x00000000ffd00000| Untracked 
|1534|0x00000000ffe00000, 0x00000000fff00000, 0x00000000fff00000|100%| O|  |TAMS 0x00000000ffe00000| PB 0x00000000ffe00000| Untracked 
|1535|0x00000000fff00000, 0x0000000100000000, 0x0000000100000000|100%| O|  |TAMS 0x00000000fff00000| PB 0x00000000fff00000| Untracked 

Card table byte_map: [0x000002a933050000,0x000002a933350000] _byte_map_base: 0x000002a932b50000

Marking Bits: (CMBitMap*) 0x000002a920646bb0
 Bits: [0x000002a933350000, 0x000002a934b50000)

Polling page: 0x000002a91e6d0000

Metaspace:

Usage:
  Non-class:     21.99 MB used.
      Class:      3.87 MB used.
       Both:     25.87 MB used.

Virtual space:
  Non-class space:       64.00 MB reserved,      22.44 MB ( 35%) committed,  1 nodes.
      Class space:        1.00 GB reserved,       4.31 MB ( <1%) committed,  1 nodes.
             Both:        1.06 GB reserved,      26.75 MB (  2%) committed. 

Chunk freelists:
   Non-Class:  9.17 MB
       Class:  11.53 MB
        Both:  20.71 MB

MaxMetaspaceSize: unlimited
CompressedClassSpaceSize: 1.00 GB
Initial GC threshold: 21.00 MB
Current GC threshold: 35.25 MB
CDS: on
 - commit_granule_bytes: 65536.
 - commit_granule_words: 8192.
 - virtual_space_node_default_size: 8388608.
 - enlarge_chunks_in_place: 1.
 - use_allocation_guard: 0.


Internal statistics:

num_allocs_failed_limit: 3.
num_arena_births: 1428.
num_arena_deaths: 0.
num_vsnodes_births: 2.
num_vsnodes_deaths: 0.
num_space_committed: 428.
num_space_uncommitted: 0.
num_chunks_returned_to_freelist: 3.
num_chunks_taken_from_freelist: 2607.
num_chunk_merges: 3.
num_chunk_splits: 1676.
num_chunks_enlarged: 1049.
num_inconsistent_stats: 0.

CodeHeap 'non-profiled nmethods': size=120000Kb used=2447Kb max_used=2447Kb free=117553Kb
 bounds [0x000002a92b2d0000, 0x000002a92b540000, 0x000002a932800000]
CodeHeap 'profiled nmethods': size=120000Kb used=8171Kb max_used=8171Kb free=111828Kb
 bounds [0x000002a923800000, 0x000002a924000000, 0x000002a92ad30000]
CodeHeap 'non-nmethods': size=5760Kb used=1431Kb max_used=1475Kb free=4329Kb
 bounds [0x000002a92ad30000, 0x000002a92afa0000, 0x000002a92b2d0000]
CodeCache: size=245760Kb, used=12049Kb, max_used=12093Kb, free=233710Kb
 total_blobs=4743, nmethods=4159, adapters=489, full_count=0
Compilation: enabled, stopped_count=0, restarted_count=0

Compilation events (20 events):
Event: 455.927 Thread 0x000002a93781f090 nmethod 4160 0x000002a92b526510 code [0x000002a92b526b20, 0x000002a92b52c168]
Event: 455.929 Thread 0x000002a93781f090 4161   !   4       sun.nio.ch.FileChannelImpl::fileLockTable (85 bytes)
Event: 455.944 Thread 0x000002a93781f090 nmethod 4161 0x000002a92b52eb90 code [0x000002a92b52eda0, 0x000002a92b52f648]
Event: 458.790 Thread 0x000002a93781f090 4162       4       java.util.stream.ReferencePipeline$2$1::accept (27 bytes)
Event: 458.801 Thread 0x000002a93781f090 nmethod 4162 0x000002a92b52f990 code [0x000002a92b52fb40, 0x000002a92b52fdb8]
Event: 459.153 Thread 0x000002a93781f090 4163       4       java.util.HashSet::remove (20 bytes)
Event: 459.164 Thread 0x000002a93781f090 nmethod 4163 0x000002a92b52ff90 code [0x000002a92b530180, 0x000002a92b5308c0]
Event: 463.828 Thread 0x000002a93781f090 4164       4       org.gradle.internal.time.DefaultTimer::getElapsedMillis (29 bytes)
Event: 463.832 Thread 0x000002a93781f090 nmethod 4164 0x000002a92b530c90 code [0x000002a92b530e20, 0x000002a92b530f98]
Event: 468.751 Thread 0x000002a937833d50 4165       3       java.util.concurrent.LinkedBlockingDeque::unlinkFirst (74 bytes)
Event: 468.757 Thread 0x000002a937833d50 nmethod 4165 0x000002a923ff8d90 code [0x000002a923ff8fa0, 0x000002a923ff95a8]
Event: 469.588 Thread 0x000002a93781f090 4166   !   4       sun.nio.ch.FileLockTable::remove (162 bytes)
Event: 469.636 Thread 0x000002a93781f090 nmethod 4166 0x000002a92b531090 code [0x000002a92b531340, 0x000002a92b532478]
Event: 475.775 Thread 0x000002a93781f090 4167       4       java.util.Collections$EmptyList::spliterator (4 bytes)
Event: 475.776 Thread 0x000002a93781f090 nmethod 4167 0x000002a92b533090 code [0x000002a92b533220, 0x000002a92b5332b0]
Event: 477.681 Thread 0x000002a937833d50 4168       1       org.gradle.cache.internal.locklistener.DefaultFileLockContentionHandler::getCommunicator (5 bytes)
Event: 477.683 Thread 0x000002a937833d50 nmethod 4168 0x000002a92b533390 code [0x000002a92b533520, 0x000002a92b5335e8]
Event: 478.955 Thread 0x000002a937833d50 4169  s!   3       java.io.FileDescriptor::closeAll (163 bytes)
Event: 478.972 Thread 0x000002a937833d50 nmethod 4169 0x000002a923ff9790 code [0x000002a923ff9a20, 0x000002a923ffa850]
Event: 484.753 Thread 0x000002a93781f090 4171       4       java.util.HashMap$ValueSpliterator::forEachRemaining (186 bytes)

GC Heap History (10 events):
Event: 4.547 GC heap before
{Heap before GC invocations=0 (full 0):
 garbage-first heap   total 258048K, used 23552K [0x00000000a0000000, 0x0000000100000000)
  region size 1024K, 23 young (23552K), 0 survivors (0K)
 Metaspace       used 928K, committed 1088K, reserved 1114112K
  class space    used 73K, committed 128K, reserved 1048576K
}
Event: 4.626 GC heap after
{Heap after GC invocations=1 (full 0):
 garbage-first heap   total 258048K, used 1450K [0x00000000a0000000, 0x0000000100000000)
  region size 1024K, 2 young (2048K), 2 survivors (2048K)
 Metaspace       used 928K, committed 1088K, reserved 1114112K
  class space    used 73K, committed 128K, reserved 1048576K
}
Event: 33.127 GC heap before
{Heap before GC invocations=1 (full 0):
 garbage-first heap   total 258048K, used 39338K [0x00000000a0000000, 0x0000000100000000)
  region size 1024K, 37 young (37888K), 2 survivors (2048K)
 Metaspace       used 4394K, committed 4544K, reserved 1114112K
  class space    used 558K, committed 640K, reserved 1048576K
}
Event: 33.136 GC heap after
{Heap after GC invocations=2 (full 0):
 garbage-first heap   total 258048K, used 11044K [0x00000000a0000000, 0x0000000100000000)
  region size 1024K, 5 young (5120K), 5 survivors (5120K)
 Metaspace       used 4394K, committed 4544K, reserved 1114112K
  class space    used 558K, committed 640K, reserved 1048576K
}
Event: 59.293 GC heap before
{Heap before GC invocations=2 (full 0):
 garbage-first heap   total 258048K, used 63268K [0x00000000a0000000, 0x0000000100000000)
  region size 1024K, 54 young (55296K), 5 survivors (5120K)
 Metaspace       used 5258K, committed 5504K, reserved 1114112K
  class space    used 711K, committed 832K, reserved 1048576K
}
Event: 59.302 GC heap after
{Heap after GC invocations=3 (full 0):
 garbage-first heap   total 258048K, used 17287K [0x00000000a0000000, 0x0000000100000000)
  region size 1024K, 5 young (5120K), 5 survivors (5120K)
 Metaspace       used 5258K, committed 5504K, reserved 1114112K
  class space    used 711K, committed 832K, reserved 1048576K
}
Event: 120.858 GC heap before
{Heap before GC invocations=3 (full 0):
 garbage-first heap   total 258048K, used 112519K [0x00000000a0000000, 0x0000000100000000)
  region size 1024K, 99 young (101376K), 5 survivors (5120K)
 Metaspace       used 20819K, committed 21504K, reserved 1114112K
  class space    used 3056K, committed 3392K, reserved 1048576K
}
Event: 120.874 GC heap after
{Heap after GC invocations=4 (full 0):
 garbage-first heap   total 258048K, used 24108K [0x00000000a0000000, 0x0000000100000000)
  region size 1024K, 12 young (12288K), 12 survivors (12288K)
 Metaspace       used 20819K, committed 21504K, reserved 1114112K
  class space    used 3056K, committed 3392K, reserved 1048576K
}
Event: 223.027 GC heap before
{Heap before GC invocations=5 (full 0):
 garbage-first heap   total 81920K, used 81452K [0x00000000a0000000, 0x0000000100000000)
  region size 1024K, 68 young (69632K), 12 survivors (12288K)
 Metaspace       used 26397K, committed 27328K, reserved 1114112K
  class space    used 3966K, committed 4416K, reserved 1048576K
}
Event: 223.146 GC heap after
{Heap after GC invocations=6 (full 0):
 garbage-first heap   total 97280K, used 26674K [0x00000000a0000000, 0x0000000100000000)
  region size 1024K, 10 young (10240K), 10 survivors (10240K)
 Metaspace       used 26397K, committed 27328K, reserved 1114112K
  class space    used 3966K, committed 4416K, reserved 1048576K
}

Dll operation events (20 events):
Event: 1.182 Attempting to load shared library C:\Users\ishas\.vscode\extensions\redhat.java-1.56.0-win32-x64\jre\21.0.12.1-win32-x86_64\bin\nio.dll
Event: 1.182 Loaded shared library C:\Users\ishas\.vscode\extensions\redhat.java-1.56.0-win32-x64\jre\21.0.12.1-win32-x86_64\bin\nio.dll
Event: 1.187 Attempting to load shared library C:\Users\ishas\.vscode\extensions\redhat.java-1.56.0-win32-x64\jre\21.0.12.1-win32-x86_64\bin\zip.dll
Event: 1.187 Loaded shared library C:\Users\ishas\.vscode\extensions\redhat.java-1.56.0-win32-x64\jre\21.0.12.1-win32-x86_64\bin\zip.dll
Event: 4.287 Attempting to load shared library C:\Users\ishas\.vscode\extensions\redhat.java-1.56.0-win32-x64\jre\21.0.12.1-win32-x86_64\bin\jimage.dll
Event: 4.287 Loaded shared library C:\Users\ishas\.vscode\extensions\redhat.java-1.56.0-win32-x64\jre\21.0.12.1-win32-x86_64\bin\jimage.dll
Event: 9.441 Attempting to load shared library C:\Users\ishas\.vscode\extensions\redhat.java-1.56.0-win32-x64\jre\21.0.12.1-win32-x86_64\bin\verify.dll
Event: 9.446 Loaded shared library C:\Users\ishas\.vscode\extensions\redhat.java-1.56.0-win32-x64\jre\21.0.12.1-win32-x86_64\bin\verify.dll
Event: 16.521 Attempting to load shared library C:\Users\ishas\.gradle\native\1def1411415f61bf3af743bc5b6707747c0891f09f0c88961ee8f79bc544acac\windows-amd64\native-platform.dll
Event: 16.530 Loaded shared library C:\Users\ishas\.gradle\native\1def1411415f61bf3af743bc5b6707747c0891f09f0c88961ee8f79bc544acac\windows-amd64\native-platform.dll
Event: 16.831 Attempting to load shared library C:\Users\ishas\.gradle\native\0.2.7\x86_64-windows-gnu\gradle-fileevents.dll
Event: 17.099 Loaded shared library C:\Users\ishas\.gradle\native\0.2.7\x86_64-windows-gnu\gradle-fileevents.dll
Event: 63.586 Attempting to load shared library C:\Users\ishas\.vscode\extensions\redhat.java-1.56.0-win32-x64\jre\21.0.12.1-win32-x86_64\bin\management.dll
Event: 63.587 Loaded shared library C:\Users\ishas\.vscode\extensions\redhat.java-1.56.0-win32-x64\jre\21.0.12.1-win32-x86_64\bin\management.dll
Event: 63.595 Attempting to load shared library C:\Users\ishas\.vscode\extensions\redhat.java-1.56.0-win32-x64\jre\21.0.12.1-win32-x86_64\bin\management_ext.dll
Event: 63.597 Loaded shared library C:\Users\ishas\.vscode\extensions\redhat.java-1.56.0-win32-x64\jre\21.0.12.1-win32-x86_64\bin\management_ext.dll
Event: 66.613 Attempting to load shared library C:\Users\ishas\.vscode\extensions\redhat.java-1.56.0-win32-x64\jre\21.0.12.1-win32-x86_64\bin\extnet.dll
Event: 66.678 Loaded shared library C:\Users\ishas\.vscode\extensions\redhat.java-1.56.0-win32-x64\jre\21.0.12.1-win32-x86_64\bin\extnet.dll
Event: 92.528 Attempting to load shared library C:\Users\ishas\.vscode\extensions\redhat.java-1.56.0-win32-x64\jre\21.0.12.1-win32-x86_64\bin\sunmscapi.dll
Event: 92.531 Loaded shared library C:\Users\ishas\.vscode\extensions\redhat.java-1.56.0-win32-x64\jre\21.0.12.1-win32-x86_64\bin\sunmscapi.dll

Deoptimization events (20 events):
Event: 124.023 Thread 0x000002a97e7a6d50 Uncommon trap: trap_request=0xffffffc6 fr.pc=0x000002a92b44c024 relative=0x00000000000004c4
Event: 124.023 Thread 0x000002a97e7a6d50 Uncommon trap: reason=bimorphic_or_optimized_type_check action=maybe_recompile pc=0x000002a92b44c024 method=java.io.DataInputStream.readFully([BII)V @ 30 c2
Event: 124.023 Thread 0x000002a97e7a6d50 DEOPT PACKING pc=0x000002a92b44c024 sp=0x000000ffe81fe500
Event: 124.023 Thread 0x000002a97e7a6d50 DEOPT UNPACKING pc=0x000002a92ad84422 sp=0x000000ffe81fe4b8 mode 2
Event: 124.023 Thread 0x000002a97e7a6d50 Uncommon trap: trap_request=0xffffffc6 fr.pc=0x000002a92b44c024 relative=0x00000000000004c4
Event: 124.023 Thread 0x000002a97e7a6d50 Uncommon trap: reason=bimorphic_or_optimized_type_check action=maybe_recompile pc=0x000002a92b44c024 method=java.io.DataInputStream.readFully([BII)V @ 30 c2
Event: 124.023 Thread 0x000002a97e7a6d50 DEOPT PACKING pc=0x000002a92b44c024 sp=0x000000ffe81fe500
Event: 124.023 Thread 0x000002a97e7a6d50 DEOPT UNPACKING pc=0x000002a92ad84422 sp=0x000000ffe81fe4b8 mode 2
Event: 124.023 Thread 0x000002a97e7a6d50 Uncommon trap: trap_request=0xffffffc6 fr.pc=0x000002a92b44c024 relative=0x00000000000004c4
Event: 124.023 Thread 0x000002a97e7a6d50 Uncommon trap: reason=bimorphic_or_optimized_type_check action=maybe_recompile pc=0x000002a92b44c024 method=java.io.DataInputStream.readFully([BII)V @ 30 c2
Event: 124.023 Thread 0x000002a97e7a6d50 DEOPT PACKING pc=0x000002a92b44c024 sp=0x000000ffe81fe500
Event: 124.023 Thread 0x000002a97e7a6d50 DEOPT UNPACKING pc=0x000002a92ad84422 sp=0x000000ffe81fe4b8 mode 2
Event: 124.069 Thread 0x000002a97e7a6030 Uncommon trap: trap_request=0xffffffde fr.pc=0x000002a92b4d904c relative=0x0000000000000aec
Event: 124.069 Thread 0x000002a97e7a6030 Uncommon trap: reason=class_check action=maybe_recompile pc=0x000002a92b4d904c method=java.io.BufferedInputStream.implRead([BII)I @ 100 c2
Event: 124.069 Thread 0x000002a97e7a6030 DEOPT PACKING pc=0x000002a92b4d904c sp=0x000000ffe7ffe580
Event: 124.069 Thread 0x000002a97e7a6030 DEOPT UNPACKING pc=0x000002a92ad84422 sp=0x000000ffe7ffe548 mode 2
Event: 124.070 Thread 0x000002a97e7a6030 Uncommon trap: trap_request=0xffffff45 fr.pc=0x000002a92b44f1f4 relative=0x0000000000000794
Event: 124.070 Thread 0x000002a97e7a6030 Uncommon trap: reason=unstable_if action=reinterpret pc=0x000002a92b44f1f4 method=java.io.BufferedOutputStream.write([BII)V @ 4 c2
Event: 124.070 Thread 0x000002a97e7a6030 DEOPT PACKING pc=0x000002a92b44f1f4 sp=0x000000ffe7ffe820
Event: 124.070 Thread 0x000002a97e7a6030 DEOPT UNPACKING pc=0x000002a92ad84422 sp=0x000000ffe7ffe7f0 mode 2

Classes loaded (20 events):
Event: 123.960 Loading class java/nio/file/FileTreeWalker$DirectoryNode
Event: 123.960 Loading class java/nio/file/FileTreeWalker$DirectoryNode done
Event: 123.961 Loading class java/nio/file/FileTreeWalker$Event
Event: 123.961 Loading class java/nio/file/FileTreeWalker$Event done
Event: 123.961 Loading class java/nio/file/FileTreeWalker$EventType
Event: 123.961 Loading class java/nio/file/FileTreeWalker$EventType done
Event: 123.961 Loading class java/nio/file/Files$3
Event: 123.962 Loading class java/nio/file/Files$3 done
Event: 123.963 Loading class java/nio/file/FileVisitResult
Event: 123.963 Loading class java/nio/file/FileVisitResult done
Event: 124.033 Loading class java/nio/charset/CharacterCodingException
Event: 124.033 Loading class java/nio/charset/CharacterCodingException done
Event: 124.072 Loading class java/util/stream/IntStream
Event: 124.072 Loading class java/util/stream/IntStream done
Event: 124.072 Loading class java/util/stream/Streams$RangeIntSpliterator
Event: 124.072 Loading class java/util/stream/Streams$RangeIntSpliterator done
Event: 124.073 Loading class java/util/stream/IntPipeline$Head
Event: 124.073 Loading class java/util/stream/IntPipeline
Event: 124.076 Loading class java/util/stream/IntPipeline done
Event: 124.076 Loading class java/util/stream/IntPipeline$Head done

Classes unloaded (0 events):
No events

Classes redefined (0 events):
No events

Internal exceptions (20 events):
Event: 121.374 Thread 0x000002a97e7a8790 Exception <a 'java/lang/NoSuchMethodError'{0x00000000a380f9e0}: 'java.lang.Object java.lang.invoke.DelegatingMethodHandle$Holder.delegate(java.lang.Object, java.lang.Object, java.lang.Object, java.lang.Object, java.lang.Object, java.lang.Object, java.lang.Object, java.lang.Object, java.lang.Object, java.lang.Object, java.lang.Object, java.lang.Object, java.lang.Object, java.lang.Object, java.lang.Object, java.lang.Object, java.lang.Object, java.lang.Object, java.lang.Object, java.lang.Object, java.lang.Obj
Event: 121.439 Thread 0x000002a97e7a8790 Exception <a 'java/lang/NoSuchMethodError'{0x00000000a365b8c0}: 'java.lang.Object java.lang.invoke.DirectMethodHandle$Holder.invokeStaticInit(java.lang.Object, java.lang.Object, java.lang.Object, java.lang.Object)'> (0x00000000a365b8c0) 
thrown [s\src\hotspot\share\interpreter\linkResolver.cpp, line 773]
Event: 121.728 Thread 0x000002a97e7a8790 Exception <a 'java/lang/NoSuchMethodError'{0x00000000a34ee828}: 'java.lang.Object java.lang.invoke.DirectMethodHandle$Holder.newInvokeSpecial(java.lang.Object, java.lang.Object, java.lang.Object, java.lang.Object, java.lang.Object, java.lang.Object, java.lang.Object, java.lang.Object)'> (0x00000000a34ee828) 
thrown [s\src\hotspot\share\interpreter\linkResolver.cpp, line 773]
Event: 121.762 Thread 0x000002a97e7a8790 Exception <a 'java/lang/IncompatibleClassChangeError'{0x00000000a3232360}: Found class java.lang.Object, but interface was expected> (0x00000000a3232360) 
thrown [s\src\hotspot\share\interpreter\linkResolver.cpp, line 840]
Event: 121.779 Thread 0x000002a97e7a8790 Exception <a 'java/lang/NoSuchMethodError'{0x00000000a32af798}: 'java.lang.Object java.lang.invoke.DirectMethodHandle$Holder.invokeVirtual(java.lang.Object, java.lang.Object, java.lang.Object, java.lang.Object, java.lang.Object, java.lang.Object, java.lang.Object, java.lang.Object, java.lang.Object, java.lang.Object, java.lang.Object, java.lang.Object, java.lang.Object)'> (0x00000000a32af798) 
thrown [s\src\hotspot\share\interpreter\linkResolver.cpp, line 773]
Event: 121.779 Thread 0x000002a97e7a8790 Exception <a 'java/lang/NoSuchMethodError'{0x00000000a32b49d0}: 'java.lang.Object java.lang.invoke.DirectMethodHandle$Holder.invokeSpecial(java.lang.Object, java.lang.Object, java.lang.Object, java.lang.Object, java.lang.Object, java.lang.Object, java.lang.Object, java.lang.Object, java.lang.Object, java.lang.Object, java.lang.Object, java.lang.Object, java.lang.Object, java.lang.Object)'> (0x00000000a32b49d0) 
thrown [s\src\hotspot\share\interpreter\linkResolver.cpp, line 773]
Event: 121.779 Thread 0x000002a97e7a8790 Exception <a 'java/lang/NoSuchMethodError'{0x00000000a32b9720}: 'java.lang.Object java.lang.invoke.DelegatingMethodHandle$Holder.reinvoke_L(java.lang.Object, java.lang.Object, java.lang.Object, java.lang.Object, java.lang.Object, java.lang.Object, java.lang.Object, java.lang.Object, java.lang.Object, java.lang.Object, java.lang.Object, java.lang.Object, java.lang.Object)'> (0x00000000a32b9720) 
thrown [s\src\hotspot\share\interpreter\linkResolver.cpp, line 773]
Event: 121.829 Thread 0x000002a97e7a8790 Exception <a 'java/lang/NoSuchMethodError'{0x00000000a306f090}: 'void java.lang.invoke.DirectMethodHandle$Holder.invokeStaticInit(java.lang.Object, java.lang.Object)'> (0x00000000a306f090) 
thrown [s\src\hotspot\share\interpreter\linkResolver.cpp, line 773]
Event: 121.945 Thread 0x000002a97e7a8790 Exception <a 'java/lang/NoSuchMethodError'{0x00000000a2c99b98}: 'java.lang.Object java.lang.invoke.DirectMethodHandle$Holder.newInvokeSpecial(java.lang.Object, java.lang.Object, java.lang.Object, java.lang.Object, java.lang.Object, java.lang.Object, java.lang.Object, java.lang.Object, java.lang.Object)'> (0x00000000a2c99b98) 
thrown [s\src\hotspot\share\interpreter\linkResolver.cpp, line 773]
Event: 122.322 Thread 0x000002a97e7a8790 Exception <a 'java/lang/NoSuchMethodError'{0x00000000a28025e8}: 'int java.lang.invoke.DirectMethodHandle$Holder.invokeVirtual(java.lang.Object, java.lang.Object)'> (0x00000000a28025e8) 
thrown [s\src\hotspot\share\interpreter\linkResolver.cpp, line 773]
Event: 122.696 Thread 0x000002a97e7a8790 Exception <a 'java/lang/NoSuchMethodError'{0x00000000a251e738}: 'void java.lang.invoke.DirectMethodHandle$Holder.invokeInterface(java.lang.Object, java.lang.Object, java.lang.Object, java.lang.Object, java.lang.Object)'> (0x00000000a251e738) 
thrown [s\src\hotspot\share\interpreter\linkResolver.cpp, line 773]
Event: 122.721 Thread 0x000002a97e7a8790 Exception <a 'java/lang/NoSuchMethodError'{0x00000000a255dd00}: 'void java.lang.invoke.DirectMethodHandle$Holder.invokeStatic(java.lang.Object, java.lang.Object, java.lang.Object, java.lang.Object, java.lang.Object, java.lang.Object)'> (0x00000000a255dd00) 
thrown [s\src\hotspot\share\interpreter\linkResolver.cpp, line 773]
Event: 123.424 Thread 0x000002a97e7a8790 Exception <a 'java/lang/IncompatibleClassChangeError'{0x00000000a1d93c28}: Found class java.lang.Object, but interface was expected> (0x00000000a1d93c28) 
thrown [s\src\hotspot\share\interpreter\linkResolver.cpp, line 840]
Event: 123.923 Thread 0x000002a97e7a8790 Exception <a 'java/lang/NoSuchMethodError'{0x00000000a1c6bb90}: 'java.lang.Object java.lang.invoke.DirectMethodHandle$Holder.newInvokeSpecial(java.lang.Object, java.lang.Object, long)'> (0x00000000a1c6bb90) 
thrown [s\src\hotspot\share\interpreter\linkResolver.cpp, line 773]
Event: 123.923 Thread 0x000002a97e7a8790 Exception <a 'java/lang/NoSuchMethodError'{0x00000000a1c6ff38}: 'java.lang.Object java.lang.invoke.Invokers$Holder.linkToTargetMethod(java.lang.Object, long, java.lang.Object)'> (0x00000000a1c6ff38) 
thrown [s\src\hotspot\share\interpreter\linkResolver.cpp, line 773]
Event: 124.023 Thread 0x000002a97e7a6d50 Implicit null exception at 0x000002a92b449de1 to 0x000002a92b44a430
Event: 124.023 Thread 0x000002a97e7a6d50 Implicit null exception at 0x000002a92b447034 to 0x000002a92b448124
Event: 124.056 Thread 0x000002a97e7a8790 Exception <a 'java/lang/NoSuchMethodError'{0x00000000a1ab85e8}: 'int java.lang.invoke.DirectMethodHandle$Holder.invokeInterface(java.lang.Object, java.lang.Object)'> (0x00000000a1ab85e8) 
thrown [s\src\hotspot\share\interpreter\linkResolver.cpp, line 773]
Event: 124.070 Thread 0x000002a97e7a8790 Exception <a 'java/lang/NoSuchMethodError'{0x00000000a1942c80}: 'java.lang.Object java.lang.invoke.DirectMethodHandle$Holder.invokeVirtual(java.lang.Object, java.lang.Object, int)'> (0x00000000a1942c80) 
thrown [s\src\hotspot\share\interpreter\linkResolver.cpp, line 773]
Event: 124.070 Thread 0x000002a97e7a6030 Implicit null exception at 0x000002a92b44eaaf to 0x000002a92b44f1d4

ZGC Phase Switch (0 events):
No events

VM Operations (20 events):
Event: 377.369 Executing safepoint VM operation: Cleanup
Event: 377.369 Executing safepoint VM operation: Cleanup done
Event: 385.413 Executing safepoint VM operation: Cleanup
Event: 385.413 Executing safepoint VM operation: Cleanup done
Event: 394.478 Executing safepoint VM operation: Cleanup
Event: 394.478 Executing safepoint VM operation: Cleanup done
Event: 416.650 Executing safepoint VM operation: Cleanup
Event: 416.650 Executing safepoint VM operation: Cleanup done
Event: 418.671 Executing safepoint VM operation: Cleanup
Event: 418.671 Executing safepoint VM operation: Cleanup done
Event: 421.698 Executing safepoint VM operation: Cleanup
Event: 421.698 Executing safepoint VM operation: Cleanup done
Event: 428.747 Executing safepoint VM operation: Cleanup
Event: 428.747 Executing safepoint VM operation: Cleanup done
Event: 455.948 Executing safepoint VM operation: Cleanup
Event: 455.949 Executing safepoint VM operation: Cleanup done
Event: 459.968 Executing safepoint VM operation: Cleanup
Event: 459.968 Executing safepoint VM operation: Cleanup done
Event: 479.098 Executing safepoint VM operation: Cleanup
Event: 479.098 Executing safepoint VM operation: Cleanup done

Memory protections (0 events):
No events

Nmethod flushes (0 events):
No events

Events (20 events):
Event: 112.096 Thread 0x000002a97e7a8790 Thread added: 0x000002a97e7a73e0
Event: 112.114 Thread 0x000002a97e7a8790 Thread added: 0x000002a97e7a8e20
Event: 112.122 Thread 0x000002a97e7a8790 Thread added: 0x000002a97e7a94b0
Event: 114.894 Thread 0x000002a97e7a8790 Thread added: 0x000002a97e7a6030
Event: 114.937 Thread 0x000002a97e7a8790 Thread added: 0x000002a97e7a66c0
Event: 115.845 Thread 0x000002a97e7a8790 Thread added: 0x000002a97e7a6d50
Event: 116.033 Thread 0x000002a97e7a66c0 Thread added: 0x000002a97e7a7a70
Event: 118.561 Thread 0x000002a937833d50 Thread added: 0x000002a97f72b4d0
Event: 118.975 Thread 0x000002a97f72b4d0 Thread exited: 0x000002a97f72b4d0
Event: 120.255 Thread 0x000002a937833d50 Thread added: 0x000002a97f17cf60
Event: 121.141 Thread 0x000002a97e7a8790 Thread added: 0x000002a90051e460
Event: 121.188 Thread 0x000002a97e7a8790 Thread added: 0x000002a90051fea0
Event: 121.295 Thread 0x000002a97f17cf60 Thread exited: 0x000002a97f17cf60
Event: 122.048 Thread 0x000002a97e7a8790 Thread added: 0x000002a90051f180
Event: 122.320 Thread 0x000002a97e7a8790 Thread added: 0x000002a90051d0b0
Event: 123.358 Thread 0x000002a937833d50 Thread added: 0x000002a9004bb4e0
Event: 123.513 Thread 0x000002a9004bb4e0 Thread exited: 0x000002a9004bb4e0
Event: 124.029 Thread 0x000002a937833d50 Thread added: 0x000002a97d798a40
Event: 124.346 Thread 0x000002a97d798a40 Thread exited: 0x000002a97d798a40
Event: 184.065 Thread 0x000002a97e7a7a70 Thread exited: 0x000002a97e7a7a70


Dynamic libraries:
0x00007ff6906c0000 - 0x00007ff6906ce000 	C:\Users\ishas\.vscode\extensions\redhat.java-1.56.0-win32-x64\jre\21.0.12.1-win32-x86_64\bin\java.exe
0x00007fff22660000 - 0x00007fff228c7000 	C:\Windows\SYSTEM32\ntdll.dll
0x00007fff21bc0000 - 0x00007fff21c8b000 	C:\Windows\System32\KERNEL32.DLL
0x00007fff1fcd0000 - 0x00007fff200d2000 	C:\Windows\System32\KERNELBASE.dll
0x00007fff1fb70000 - 0x00007fff1fcbc000 	C:\Windows\System32\ucrtbase.dll
0x00007ffeb4c70000 - 0x00007ffeb4c88000 	C:\Users\ishas\.vscode\extensions\redhat.java-1.56.0-win32-x64\jre\21.0.12.1-win32-x86_64\bin\jli.dll
0x00007ffee06c0000 - 0x00007ffee06de000 	C:\Users\ishas\.vscode\extensions\redhat.java-1.56.0-win32-x64\jre\21.0.12.1-win32-x86_64\bin\VCRUNTIME140.dll
0x00007fff222b0000 - 0x00007fff2247f000 	C:\Windows\System32\USER32.dll
0x00007fff20220000 - 0x00007fff20247000 	C:\Windows\System32\win32u.dll
0x00007fff21d20000 - 0x00007fff21d4b000 	C:\Windows\System32\GDI32.dll
0x00007fff20250000 - 0x00007fff20379000 	C:\Windows\System32\gdi32full.dll
0x00007fff200e0000 - 0x00007fff20183000 	C:\Windows\System32\msvcp_win.dll
0x00007fff08e50000 - 0x00007fff090e0000 	C:\Windows\WinSxS\amd64_microsoft.windows.common-controls_6595b64144ccf1df_6.0.26100.9278_none_3e0d1ba8e3303201\COMCTL32.dll
0x00007fff20460000 - 0x00007fff20509000 	C:\Windows\System32\msvcrt.dll
0x00007fff21eb0000 - 0x00007fff21ee1000 	C:\Windows\System32\IMM32.DLL
0x00007fff1bf50000 - 0x00007fff1bf5c000 	C:\Users\ishas\.vscode\extensions\redhat.java-1.56.0-win32-x64\jre\21.0.12.1-win32-x86_64\bin\vcruntime140_1.dll
0x00007ffeac2d0000 - 0x00007ffeac35d000 	C:\Users\ishas\.vscode\extensions\redhat.java-1.56.0-win32-x64\jre\21.0.12.1-win32-x86_64\bin\msvcp140.dll
0x00007ffe828b0000 - 0x00007ffe83652000 	C:\Users\ishas\.vscode\extensions\redhat.java-1.56.0-win32-x64\jre\21.0.12.1-win32-x86_64\bin\server\jvm.dll
0x00007fff21ef0000 - 0x00007fff21fac000 	C:\Windows\System32\ADVAPI32.dll
0x00007fff21e00000 - 0x00007fff21ea9000 	C:\Windows\System32\sechost.dll
0x00007fff22500000 - 0x00007fff22618000 	C:\Windows\System32\RPCRT4.dll
0x00007fff21c90000 - 0x00007fff21d10000 	C:\Windows\System32\WS2_32.dll
0x00007fff17580000 - 0x00007fff175b6000 	C:\Windows\SYSTEM32\WINMM.dll
0x00007fff0cde0000 - 0x00007fff0cdeb000 	C:\Windows\SYSTEM32\VERSION.dll
0x00007fff1f6c0000 - 0x00007fff1f71e000 	C:\Windows\SYSTEM32\POWRPROF.dll
0x00007fff1f6a0000 - 0x00007fff1f6b5000 	C:\Windows\SYSTEM32\UMPDC.dll
0x00007fff1e530000 - 0x00007fff1e54b000 	C:\Windows\SYSTEM32\kernel.appcore.dll
0x00007fff17090000 - 0x00007fff1709a000 	C:\Users\ishas\.vscode\extensions\redhat.java-1.56.0-win32-x64\jre\21.0.12.1-win32-x86_64\bin\jimage.dll
0x00007fff1ce70000 - 0x00007fff1d0bc000 	C:\Windows\SYSTEM32\DBGHELP.DLL
0x00007fff20ed0000 - 0x00007fff21255000 	C:\Windows\System32\combase.dll
0x00007fff21a50000 - 0x00007fff21b29000 	C:\Windows\System32\OLEAUT32.dll
0x00007fff17540000 - 0x00007fff1757b000 	C:\Windows\SYSTEM32\dbgcore.DLL
0x00007fff1fab0000 - 0x00007fff1fb5c000 	C:\Windows\System32\bcryptPrimitives.dll
0x00007ffebe020000 - 0x00007ffebe02f000 	C:\Users\ishas\.vscode\extensions\redhat.java-1.56.0-win32-x64\jre\21.0.12.1-win32-x86_64\bin\instrument.dll
0x00007ffedcd90000 - 0x00007ffedcdb0000 	C:\Users\ishas\.vscode\extensions\redhat.java-1.56.0-win32-x64\jre\21.0.12.1-win32-x86_64\bin\java.dll
0x00007fff20510000 - 0x00007fff20ca8000 	C:\Windows\System32\SHELL32.dll
0x00007fff1d290000 - 0x00007fff1db3e000 	C:\Windows\SYSTEM32\windows.storage.dll
0x00007fff21fc0000 - 0x00007fff220bb000 	C:\Windows\System32\SHCORE.dll
0x00007fff22490000 - 0x00007fff224f6000 	C:\Windows\System32\shlwapi.dll
0x00007fff1f780000 - 0x00007fff1f7a9000 	C:\Windows\SYSTEM32\profapi.dll
0x00007ffedcd70000 - 0x00007ffedcd88000 	C:\Users\ishas\.vscode\extensions\redhat.java-1.56.0-win32-x64\jre\21.0.12.1-win32-x86_64\bin\zip.dll
0x00007ffee04e0000 - 0x00007ffee04f0000 	C:\Users\ishas\.vscode\extensions\redhat.java-1.56.0-win32-x64\jre\21.0.12.1-win32-x86_64\bin\net.dll
0x00007fff0dc00000 - 0x00007fff0dd2a000 	C:\Windows\SYSTEM32\WINHTTP.dll
0x00007fff1eaf0000 - 0x00007fff1eb5c000 	C:\Windows\system32\mswsock.dll
0x00007ffedcd50000 - 0x00007ffedcd66000 	C:\Users\ishas\.vscode\extensions\redhat.java-1.56.0-win32-x64\jre\21.0.12.1-win32-x86_64\bin\nio.dll
0x00007ffebc9a0000 - 0x00007ffebc9b0000 	C:\Users\ishas\.vscode\extensions\redhat.java-1.56.0-win32-x64\jre\21.0.12.1-win32-x86_64\bin\verify.dll
0x00007ffeac360000 - 0x00007ffeac387000 	C:\Users\ishas\.gradle\native\1def1411415f61bf3af743bc5b6707747c0891f09f0c88961ee8f79bc544acac\windows-amd64\native-platform.dll
0x00007ffe88010000 - 0x00007ffe88088000 	C:\Users\ishas\.gradle\native\0.2.7\x86_64-windows-gnu\gradle-fileevents.dll
0x00007ffebc890000 - 0x00007ffebc89a000 	C:\Users\ishas\.vscode\extensions\redhat.java-1.56.0-win32-x64\jre\21.0.12.1-win32-x86_64\bin\management.dll
0x00007ffebc430000 - 0x00007ffebc43c000 	C:\Users\ishas\.vscode\extensions\redhat.java-1.56.0-win32-x64\jre\21.0.12.1-win32-x86_64\bin\management_ext.dll
0x00007fff20380000 - 0x00007fff20388000 	C:\Windows\System32\PSAPI.DLL
0x00007fff1df00000 - 0x00007fff1df33000 	C:\Windows\SYSTEM32\IPHLPAPI.DLL
0x00007fff22280000 - 0x00007fff2228a000 	C:\Windows\System32\NSI.dll
0x00007ffeb9d70000 - 0x00007ffeb9d79000 	C:\Users\ishas\.vscode\extensions\redhat.java-1.56.0-win32-x64\jre\21.0.12.1-win32-x86_64\bin\extnet.dll
0x00007fff1ede0000 - 0x00007fff1edfb000 	C:\Windows\SYSTEM32\CRYPTSP.dll
0x00007fff1e490000 - 0x00007fff1e4c9000 	C:\Windows\system32\rsaenh.dll
0x00007fff1eba0000 - 0x00007fff1ebd4000 	C:\Windows\SYSTEM32\USERENV.dll
0x00007fff1f750000 - 0x00007fff1f77a000 	C:\Windows\SYSTEM32\bcrypt.dll
0x00007fff1ee00000 - 0x00007fff1ee0c000 	C:\Windows\SYSTEM32\CRYPTBASE.dll
0x00007ffeb9300000 - 0x00007ffeb930e000 	C:\Users\ishas\.vscode\extensions\redhat.java-1.56.0-win32-x64\jre\21.0.12.1-win32-x86_64\bin\sunmscapi.dll
0x00007fff1f860000 - 0x00007fff1f9de000 	C:\Windows\System32\CRYPT32.dll
0x00007fff1f020000 - 0x00007fff1f050000 	C:\Windows\SYSTEM32\ncrypt.dll
0x00007fff1efd0000 - 0x00007fff1f00f000 	C:\Windows\SYSTEM32\NTASN1.dll
0x00007fff01a10000 - 0x00007fff01a18000 	C:\Windows\system32\wshunix.dll

JVMTI agents:
C:\Users\ishas\.gradle\wrapper\dists\gradle-8.14.3-all\10utluxaxniiv4wxiphsi49nj\gradle-8.14.3\lib\agents\gradle-instrumentation-agent-8.14.3.jar path:C:\Users\ishas\.vscode\extensions\redhat.java-1.56.0-win32-x64\jre\21.0.12.1-win32-x86_64\bin\instrument.dll, loaded, initialized, instrumentlib options:none

dbghelp: loaded successfully - version: 4.0.5 - missing functions: none
symbol engine: initialized successfully - sym options: 0x614 - pdb path: .;C:\Users\ishas\.vscode\extensions\redhat.java-1.56.0-win32-x64\jre\21.0.12.1-win32-x86_64\bin;C:\Windows\SYSTEM32;C:\Windows\WinSxS\amd64_microsoft.windows.common-controls_6595b64144ccf1df_6.0.26100.9278_none_3e0d1ba8e3303201;C:\Users\ishas\.vscode\extensions\redhat.java-1.56.0-win32-x64\jre\21.0.12.1-win32-x86_64\bin\server;C:\Users\ishas\.gradle\native\1def1411415f61bf3af743bc5b6707747c0891f09f0c88961ee8f79bc544acac\windows-amd64;C:\Users\ishas\.gradle\native\0.2.7\x86_64-windows-gnu

VM Arguments:
jvm_args: --add-opens=java.base/java.lang=ALL-UNNAMED --add-opens=java.base/java.lang.invoke=ALL-UNNAMED --add-opens=java.base/java.util=ALL-UNNAMED --add-opens=java.prefs/java.util.prefs=ALL-UNNAMED --add-exports=jdk.compiler/com.sun.tools.javac.api=ALL-UNNAMED --add-exports=jdk.compiler/com.sun.tools.javac.util=ALL-UNNAMED --add-opens=java.base/java.util=ALL-UNNAMED --add-opens=java.prefs/java.util.prefs=ALL-UNNAMED --add-opens=java.base/java.nio.charset=ALL-UNNAMED --add-opens=java.base/java.net=ALL-UNNAMED --add-opens=java.base/java.util.concurrent.atomic=ALL-UNNAMED --add-opens=java.xml/javax.xml.namespace=ALL-UNNAMED -Xmx1536m -Dfile.encoding=UTF-8 -Duser.country=IN -Duser.language=en -Duser.variant -javaagent:C:\Users\ishas\.gradle\wrapper\dists\gradle-8.14.3-all\10utluxaxniiv4wxiphsi49nj\gradle-8.14.3\lib\agents\gradle-instrumentation-agent-8.14.3.jar 
java_command: org.gradle.launcher.daemon.bootstrap.GradleDaemon 8.14.3
java_class_path (initial): C:\Users\ishas\.gradle\wrapper\dists\gradle-8.14.3-all\10utluxaxniiv4wxiphsi49nj\gradle-8.14.3\lib\gradle-daemon-main-8.14.3.jar
Launcher Type: SUN_STANDARD

[Global flags]
     intx CICompilerCount                          = 4                                         {product} {ergonomic}
     uint ConcGCThreads                            = 3                                         {product} {ergonomic}
     uint G1ConcRefinementThreads                  = 10                                        {product} {ergonomic}
   size_t G1HeapRegionSize                         = 1048576                                   {product} {ergonomic}
    uintx GCDrainStackTargetSize                   = 64                                        {product} {ergonomic}
   size_t InitialHeapSize                          = 264241152                                 {product} {ergonomic}
   size_t MarkStackSize                            = 4194304                                   {product} {ergonomic}
   size_t MaxHeapSize                              = 1610612736                                {product} {command line}
   size_t MaxNewSize                               = 965738496                                 {product} {ergonomic}
   size_t MinHeapDeltaBytes                        = 1048576                                   {product} {ergonomic}
   size_t MinHeapSize                              = 8388608                                   {product} {ergonomic}
    uintx NonNMethodCodeHeapSize                   = 5839372                                {pd product} {ergonomic}
    uintx NonProfiledCodeHeapSize                  = 122909434                              {pd product} {ergonomic}
    uintx ProfiledCodeHeapSize                     = 122909434                              {pd product} {ergonomic}
    uintx ReservedCodeCacheSize                    = 251658240                              {pd product} {ergonomic}
     bool SegmentedCodeCache                       = true                                      {product} {ergonomic}
   size_t SoftMaxHeapSize                          = 1610612736                             {manageable} {ergonomic}
     bool UseCompressedOops                        = true                           {product lp64_product} {ergonomic}
     bool UseG1GC                                  = true                                      {product} {ergonomic}
     bool UseLargePagesIndividualAllocation        = false                                  {pd product} {ergonomic}

Logging:
Log output configuration:
 #0: stdout all=warning uptime,level,tags foldmultilines=false
 #1: stderr all=off uptime,level,tags foldmultilines=false

Release file:
JAVA_VERSION="21.0.12.1" 
MODULES="java.base java.compiler java.datatransfer java.xml java.prefs java.desktop java.instrument java.logging java.management java.security.sasl java.naming java.rmi java.management.rmi java.net.http java.scripting java.security.jgss java.transaction.xa java.sql java.sql.rowset java.xml.crypto java.se java.smartcardio jdk.accessibility jdk.internal.jvmstat jdk.attach jdk.charsets jdk.internal.opt jdk.zipfs jdk.compiler jdk.crypto.ec jdk.crypto.cryptoki jdk.crypto.mscapi jdk.dynalink jdk.internal.ed jdk.editpad jdk.hotspot.agent jdk.httpserver jdk.internal.le jdk.internal.vm.ci jdk.internal.vm.compiler jdk.internal.vm.compiler.management jdk.jartool jdk.javadoc jdk.jcmd jdk.management jdk.management.agent jdk.jconsole jdk.jdeps jdk.jdwp.agent jdk.jdi jdk.jfr jdk.jshell jdk.jsobject jdk.jstatd jdk.localedata jdk.management.jfr jdk.naming.dns jdk.naming.rmi jdk.net jdk.nio.mapmode jdk.random jdk.sctp jdk.security.auth jdk.security.jgss jdk.unsupported jdk.unsupported.desktop jdk.xml.dom" 

Environment Variables:
PATH=C:\Program Files\Microsoft\jdk-17.0.12.7-hotspot\bin;C:\Program Files\Eclipse Adoptium\jdk-17.0.17.10-hotspot\bin;C:\Windows\system32;C:\Windows;C:\Windows\System32\Wbem;C:\Windows\System32\WindowsPowerShell\v1.0\;C:\Windows\System32\OpenSSH\;C:\Program Files\nodejs\;C:\Users\ishas\Downloads\apache-maven-3.9.11-bin\apache-maven-3.9.11\bin;C:\Users\ishas\Downloads\apache-maven-3.9.11-bin\apache-maven-3.9.11\bin;C:\Program Files\MySQL\MySQL Server 8.0\bin;C:\Users\ishas\AppData\Local\Programs\Python\Python313;C:\Program Files\Git\cmd;C:\Users\ishas\AppData\Local\Programs\Python\Launcher\;C:\Program Files\MySQL\MySQL Shell 8.0\bin\;C:\Users\ishas\AppData\Local\Microsoft\WindowsApps;C:\Users\ishas\AppData\Local\Programs\Microsoft VS Code\bin;C:\Users\ishas\AppData\Roaming\npm
USERNAME=ishas
OS=Windows_NT
PROCESSOR_IDENTIFIER=Intel64 Family 6 Model 186 Stepping 2, GenuineIntel
TMP=C:\Users\ishas\AppData\Local\Temp
TEMP=C:\Users\ishas\AppData\Local\Temp




Periodic native trim disabled

---------------  S Y S T E M  ---------------

OS:
 Windows 11 , 64 bit Build 26100 (10.0.26100.9444)
OS uptime: 0 days 0:24 hours
Hyper-V role detected

CPU: total 12 (initial active 12) (6 cores per cpu, 2 threads per core) family 6 model 186 stepping 2 microcode 0x4122, cx8, cmov, fxsr, ht, mmx, 3dnowpref, sse, sse2, sse3, ssse3, sse4.1, sse4.2, popcnt, lzcnt, tsc, tscinvbit, avx, avx2, aes, erms, clmul, bmi1, bmi2, adx, sha, fma, vzeroupper, clflush, clflushopt, clwb, hv, serialize, rdtscp, rdpid, fsrm, f16c, cet_ibt, cet_ss
Processor Information for processor 0
  Max Mhz: 2100, Current Mhz: 2100, Mhz Limit: 2100
Processor Information for processor 1
  Max Mhz: 2100, Current Mhz: 2100, Mhz Limit: 2100
Processor Information for processor 2
  Max Mhz: 2100, Current Mhz: 1453, Mhz Limit: 2100
Processor Information for processor 3
  Max Mhz: 2100, Current Mhz: 2100, Mhz Limit: 2100
Processor Information for processor 4
  Max Mhz: 2100, Current Mhz: 2100, Mhz Limit: 2100
Processor Information for processor 5
  Max Mhz: 2100, Current Mhz: 2100, Mhz Limit: 2100
Processor Information for processor 6
  Max Mhz: 2100, Current Mhz: 2100, Mhz Limit: 2100
Processor Information for processor 7
  Max Mhz: 2100, Current Mhz: 1453, Mhz Limit: 2100
Processor Information for processor 8
  Max Mhz: 2100, Current Mhz: 1540, Mhz Limit: 2100
Processor Information for processor 9
  Max Mhz: 2100, Current Mhz: 2100, Mhz Limit: 2100
Processor Information for processor 10
  Max Mhz: 2100, Current Mhz: 1540, Mhz Limit: 2100
Processor Information for processor 11
  Max Mhz: 2100, Current Mhz: 1540, Mhz Limit: 2100

Memory: 4k page, system-wide physical 16076M (427M free)
TotalPageFile size 65228M (AvailPageFile size 339M)
current process WorkingSet (physical memory assigned to process): 28M, peak: 183M
current process commit charge ("private bytes"): 246M, peak: 419M

vm_info: OpenJDK 64-Bit Server VM (21.0.12.1+1-LTS) for windows-amd64 JRE (21.0.12.1+1-LTS), built on 2026-08-18T00:00:00Z by "admin" with MS VC++ 17.12 (VS2022)

END.
