#
# There is insufficient memory for the Java Runtime Environment to continue.
# Native memory allocation (malloc) failed to allocate 1036736 bytes. Error detail: Chunk::new
# Possible reasons:
#   The system is out of physical RAM or swap space
#   This process is running with CompressedOops enabled, and the Java Heap may be blocking the growth of the native heap
# Possible solutions:
#   Reduce memory load on the system
#   Increase physical memory or swap space
#   Check if swap backing store is full
#   Decrease Java heap size (-Xmx/-Xms)
#   Decrease number of Java threads
#   Decrease Java thread stack sizes (-Xss)
#   Set larger code cache with -XX:ReservedCodeCacheSize=
#   JVM is running with Unscaled Compressed Oops mode in which the Java heap is
#     placed in the first 4GB address space. The Java Heap base address is the
#     maximum limit for the native heap growth. Please use -XX:HeapBaseMinAddress
#     to set the Java Heap base and to place the Java Heap above 4GB virtual address.
# This output file may be truncated or incomplete.
#
#  Out of Memory Error (arena.cpp:168), pid=29304, tid=29680
#
# JRE version: OpenJDK Runtime Environment Temurin-21.0.12.1+1 (21.0.12.1+1) (build 21.0.12.1+1-LTS)
# Java VM: OpenJDK 64-Bit Server VM Temurin-21.0.12.1+1 (21.0.12.1+1-LTS, mixed mode, sharing, tiered, compressed oops, compressed class ptrs, g1 gc, windows-amd64)
# No core dump will be written. Minidumps are not enabled by default on client versions of Windows
#

---------------  S U M M A R Y ------------

Command Line: --add-opens=java.base/java.lang=ALL-UNNAMED --add-opens=java.base/java.lang.invoke=ALL-UNNAMED --add-opens=java.base/java.util=ALL-UNNAMED --add-opens=java.prefs/java.util.prefs=ALL-UNNAMED --add-exports=jdk.compiler/com.sun.tools.javac.api=ALL-UNNAMED --add-exports=jdk.compiler/com.sun.tools.javac.util=ALL-UNNAMED --add-opens=java.base/java.util=ALL-UNNAMED --add-opens=java.prefs/java.util.prefs=ALL-UNNAMED --add-opens=java.base/java.nio.charset=ALL-UNNAMED --add-opens=java.base/java.net=ALL-UNNAMED --add-opens=java.base/java.util.concurrent.atomic=ALL-UNNAMED --add-opens=java.xml/javax.xml.namespace=ALL-UNNAMED -Xmx1536m -Dfile.encoding=UTF-8 -Duser.country=IN -Duser.language=en -Duser.variant -javaagent:C:\Users\ishas\.gradle\wrapper\dists\gradle-8.14.3-all\10utluxaxniiv4wxiphsi49nj\gradle-8.14.3\lib\agents\gradle-instrumentation-agent-8.14.3.jar org.gradle.launcher.daemon.bootstrap.GradleDaemon 8.14.3

Host: 13th Gen Intel(R) Core(TM) i5-13420H, 12 cores, 15G,  Windows 11 , 64 bit Build 26100 (10.0.26100.9444)
Time: Mon Sep 14 17:51:43 2026 India Standard Time elapsed time: 565.697864 seconds (0d 0h 9m 25s)

---------------  T H R E A D  ---------------

Current thread (0x00000198a108d7d0):  JavaThread "C2 CompilerThread0" daemon [_thread_in_native, id=29680, stack(0x0000006f29b00000,0x0000006f29c00000) (1024K)]


Current CompileTask:
C2:565698 4367   !   4       java.net.URLClassLoader::findClass (47 bytes)

Stack: [0x0000006f29b00000,0x0000006f29c00000]
Native frames: (J=compiled Java code, j=interpreted, Vv=VM code, C=native code)
V  [jvm.dll+0x6d83e9]
V  [jvm.dll+0x8b5736]
V  [jvm.dll+0x8b7cee]
V  [jvm.dll+0x8b83d3]
V  [jvm.dll+0x284596]
V  [jvm.dll+0xc685d]
V  [jvm.dll+0xc6da1]
V  [jvm.dll+0x2fb5ae]
V  [jvm.dll+0x5fee94]
V  [jvm.dll+0x255d67]
V  [jvm.dll+0x25612d]
V  [jvm.dll+0x24e6a0]
V  [jvm.dll+0x24bbe6]
V  [jvm.dll+0x1cb4ae]
V  [jvm.dll+0x25baad]
V  [jvm.dll+0x25a03a]
V  [jvm.dll+0x3f8aae]
V  [jvm.dll+0x8600cd]
V  [jvm.dll+0x6d6c1d]
C  [ucrtbase.dll+0x2cd30]
C  [KERNEL32.DLL+0x2cd87]
C  [ntdll.dll+0xacaec]


---------------  P R O C E S S  ---------------

Threads class SMR info:
_java_thread_list=0x00000198e8375fa0, length=31, elements={
0x0000019889e5f360, 0x00000198a1082be0, 0x00000198a1084560, 0x00000198a1089e00,
0x00000198a108b580, 0x00000198a108bfe0, 0x00000198a108ca40, 0x00000198a108d7d0,
0x00000198a108e270, 0x00000198a1283a10, 0x00000198a12793a0, 0x00000198a12aaf10,
0x00000198a125f000, 0x00000198e755af80, 0x00000198a11c5cf0, 0x00000198e7162010,
0x00000198a14b0160, 0x00000198a14b28c0, 0x00000198a14af440, 0x00000198a14b07f0,
0x00000198a14b1510, 0x00000198a14b1ba0, 0x00000198a14b0e80, 0x00000198a14afad0,
0x00000198e9cdd460, 0x00000198e9cde810, 0x00000198e9cddaf0, 0x00000198e9cdc0b0,
0x00000198e9cde180, 0x00000198e9cdeea0, 0x00000198e9cdfbc0
}

Java Threads: ( => current thread )
  0x0000019889e5f360 JavaThread "main"                              [_thread_blocked, id=28812, stack(0x0000006f28d00000,0x0000006f28e00000) (1024K)]
  0x00000198a1082be0 JavaThread "Reference Handler"          daemon [_thread_blocked, id=11784, stack(0x0000006f29500000,0x0000006f29600000) (1024K)]
  0x00000198a1084560 JavaThread "Finalizer"                  daemon [_thread_blocked, id=21680, stack(0x0000006f29600000,0x0000006f29700000) (1024K)]
  0x00000198a1089e00 JavaThread "Signal Dispatcher"          daemon [_thread_blocked, id=24620, stack(0x0000006f29700000,0x0000006f29800000) (1024K)]
  0x00000198a108b580 JavaThread "Attach Listener"            daemon [_thread_blocked, id=29464, stack(0x0000006f29800000,0x0000006f29900000) (1024K)]
  0x00000198a108bfe0 JavaThread "Service Thread"             daemon [_thread_blocked, id=29624, stack(0x0000006f29900000,0x0000006f29a00000) (1024K)]
  0x00000198a108ca40 JavaThread "Monitor Deflation Thread"   daemon [_thread_blocked, id=29672, stack(0x0000006f29a00000,0x0000006f29b00000) (1024K)]
=>0x00000198a108d7d0 JavaThread "C2 CompilerThread0"         daemon [_thread_in_native, id=29680, stack(0x0000006f29b00000,0x0000006f29c00000) (1024K)]
  0x00000198a108e270 JavaThread "C1 CompilerThread0"         daemon [_thread_blocked, id=26460, stack(0x0000006f29c00000,0x0000006f29d00000) (1024K)]
  0x00000198a1283a10 JavaThread "Common-Cleaner"             daemon [_thread_blocked, id=29712, stack(0x0000006f29d00000,0x0000006f29e00000) (1024K)]
  0x00000198a12793a0 JavaThread "Notification Thread"        daemon [_thread_blocked, id=29724, stack(0x0000006f29e00000,0x0000006f29f00000) (1024K)]
  0x00000198a12aaf10 JavaThread "Daemon health stats"               [_thread_blocked, id=10448, stack(0x0000006f28a00000,0x0000006f28b00000) (1024K)]
  0x00000198a125f000 JavaThread "Incoming local TCP Connector on port 52060"        [_thread_in_native, id=28844, stack(0x0000006f2a400000,0x0000006f2a500000) (1024K)]
  0x00000198e755af80 JavaThread "Daemon periodic checks"            [_thread_blocked, id=27692, stack(0x0000006f2a600000,0x0000006f2a700000) (1024K)]
  0x00000198a11c5cf0 JavaThread "Daemon"                            [_thread_blocked, id=35860, stack(0x0000006f2a500000,0x0000006f2a600000) (1024K)]
  0x00000198e7162010 JavaThread "Handler for socket connection from /127.0.0.1:52060 to /127.0.0.1:58097"        [_thread_in_native, id=35876, stack(0x0000006f2a700000,0x0000006f2a800000) (1024K)]
  0x00000198a14b0160 JavaThread "Cancel handler"                    [_thread_blocked, id=35900, stack(0x0000006f2a800000,0x0000006f2a900000) (1024K)]
  0x00000198a14b28c0 JavaThread "Daemon worker"                     [_thread_in_vm, id=35936, stack(0x0000006f2a900000,0x0000006f2aa00000) (1024K)]
  0x00000198a14af440 JavaThread "Asynchronous log dispatcher for DefaultDaemonConnection: socket connection from /127.0.0.1:52060 to /127.0.0.1:58097"        [_thread_blocked, id=35944, stack(0x0000006f2aa00000,0x0000006f2ab00000) (1024K)]
  0x00000198a14b07f0 JavaThread "Stdin handler"                     [_thread_blocked, id=35948, stack(0x0000006f2ab00000,0x0000006f2ac00000) (1024K)]
  0x00000198a14b1510 JavaThread "Daemon client event forwarder"        [_thread_blocked, id=35952, stack(0x0000006f2ac00000,0x0000006f2ad00000) (1024K)]
  0x00000198a14b1ba0 JavaThread "Cache worker for journal cache (C:\Users\ishas\.gradle\caches\journal-1)"        [_thread_blocked, id=36460, stack(0x0000006f2ad00000,0x0000006f2ae00000) (1024K)]
  0x00000198a14b0e80 JavaThread "File lock request listener"        [_thread_in_native, id=36464, stack(0x0000006f2ae00000,0x0000006f2af00000) (1024K)]
  0x00000198a14afad0 JavaThread "Cache worker for file hash cache (C:\Users\ishas\.gradle\caches\8.14.3\fileHashes)"        [_thread_blocked, id=37476, stack(0x0000006f2b000000,0x0000006f2b100000) (1024K)]
  0x00000198e9cdd460 JavaThread "Cache worker for file hash cache (C:\Users\ishas\Downloads\ai-yoga-assistant-razorpay-v9\yoga3\android\.gradle\8.14.3\fileHashes)"        [_thread_blocked, id=31872, stack(0x0000006f2b700000,0x0000006f2b800000) (1024K)]
  0x00000198e9cde810 JavaThread "Cache worker for Build Output Cleanup Cache (C:\Users\ishas\Downloads\ai-yoga-assistant-razorpay-v9\yoga3\android\.gradle\buildOutputCleanup)"        [_thread_blocked, id=37504, stack(0x0000006f2b800000,0x0000006f2b900000) (1024K)]
  0x00000198e9cddaf0 JavaThread "File watcher server"        daemon [_thread_in_native, id=38016, stack(0x0000006f2ba00000,0x0000006f2bb00000) (1024K)]
  0x00000198e9cdc0b0 JavaThread "File watcher consumer"      daemon [_thread_blocked, id=38032, stack(0x0000006f2b900000,0x0000006f2ba00000) (1024K)]
  0x00000198e9cde180 JavaThread "jar transforms"                    [_thread_blocked, id=56192, stack(0x0000006f28c00000,0x0000006f28d00000) (1024K)]
  0x00000198e9cdeea0 JavaThread "File lock release action executor Thread 3"        [_thread_blocked, id=13640, stack(0x0000006f28b00000,0x0000006f28c00000) (1024K)]
  0x00000198e9cdfbc0 JavaThread "jar transforms Thread 2"           [_thread_blocked, id=50492, stack(0x0000006f2af00000,0x0000006f2b000000) (1024K)]
Total: 31

Other Threads:
  0x00000198a1062090 VMThread "VM Thread"                           [id=2336, stack(0x0000006f29400000,0x0000006f29500000) (1024K)]
  0x00000198a104fde0 WatcherThread "VM Periodic Task Thread"        [id=28876, stack(0x0000006f29300000,0x0000006f29400000) (1024K)]
  0x0000019889ea6ba0 WorkerThread "GC Thread#0"                     [id=29048, stack(0x0000006f28e00000,0x0000006f28f00000) (1024K)]
  0x00000198a13b5910 WorkerThread "GC Thread#1"                     [id=30508, stack(0x0000006f29f00000,0x0000006f2a000000) (1024K)]
  0x00000198a13ec2c0 WorkerThread "GC Thread#2"                     [id=30512, stack(0x0000006f2a000000,0x0000006f2a100000) (1024K)]
  0x00000198a113b040 WorkerThread "GC Thread#3"                     [id=30516, stack(0x0000006f2a100000,0x0000006f2a200000) (1024K)]
  0x00000198a113b3f0 WorkerThread "GC Thread#4"                     [id=30520, stack(0x0000006f2a200000,0x0000006f2a300000) (1024K)]
  0x00000198a113b7a0 WorkerThread "GC Thread#5"                     [id=30524, stack(0x0000006f2a300000,0x0000006f2a400000) (1024K)]
  0x00000198e8211480 WorkerThread "GC Thread#6"                     [id=37116, stack(0x0000006f2b100000,0x0000006f2b200000) (1024K)]
  0x00000198e82105c0 WorkerThread "GC Thread#7"                     [id=31232, stack(0x0000006f2b200000,0x0000006f2b300000) (1024K)]
  0x00000198e8211830 WorkerThread "GC Thread#8"                     [id=33400, stack(0x0000006f2b300000,0x0000006f2b400000) (1024K)]
  0x00000198e8211be0 WorkerThread "GC Thread#9"                     [id=32004, stack(0x0000006f2b400000,0x0000006f2b500000) (1024K)]
  0x0000019889eb3aa0 ConcurrentGCThread "G1 Main Marker"            [id=29104, stack(0x0000006f28f00000,0x0000006f29000000) (1024K)]
  0x0000019889eb5340 WorkerThread "G1 Conc#0"                       [id=29108, stack(0x0000006f29000000,0x0000006f29100000) (1024K)]
  0x00000198e8211f90 WorkerThread "G1 Conc#1"                       [id=31940, stack(0x0000006f2b500000,0x0000006f2b600000) (1024K)]
  0x00000198e82126f0 WorkerThread "G1 Conc#2"                       [id=37860, stack(0x0000006f2b600000,0x0000006f2b700000) (1024K)]
  0x00000198a0f22290 ConcurrentGCThread "G1 Refine#0"               [id=29020, stack(0x0000006f29100000,0x0000006f29200000) (1024K)]
  0x00000198a0f22c20 ConcurrentGCThread "G1 Service"                [id=26772, stack(0x0000006f29200000,0x0000006f29300000) (1024K)]
Total: 18

Threads with active compile tasks:
C2 CompilerThread0  565775 4367   !   4       java.net.URLClassLoader::findClass (47 bytes)
Total: 1

VM state: not at safepoint (normal execution)

VM Mutex/Monitor currently owned by a thread:  ([mutex/lock_event])
[0x00007ffb2e1afc30] SystemDictionary_lock - owner thread: 0x00000198a14b28c0

Heap address: 0x00000000a0000000, size: 1536 MB, Compressed Oops mode: 32-bit

CDS archive(s) mapped at: [0x00000198a2000000-0x00000198a2ba0000-0x00000198a2ba0000), size 12189696, SharedBaseAddress: 0x00000198a2000000, ArchiveRelocationMode: 1.
Compressed class space mapped at: 0x00000198a3000000-0x00000198e3000000, reserved size: 1073741824
Narrow klass base: 0x00000198a2000000, Narrow klass shift: 0, Narrow klass range: 0x100000000

GC Precious Log:
 CardTable entry size: 512
 Card Set container configuration: InlinePtr #cards 5 size 8 Array Of Cards #cards 12 size 40 Howl #buckets 4 coarsen threshold 1843 Howl Bitmap #cards 512 size 80 coarsen threshold 460 Card regions per heap region 1 cards per card region 2048
 CPUs: 12 total, 12 available
 Memory: 16076M
 Large Page Support: Disabled
 NUMA Support: Disabled
 Compressed Oops: Enabled (32-bit)
 Heap Region Size: 1M
 Heap Min Capacity: 8M
 Heap Initial Capacity: 252M
 Heap Max Capacity: 1536M
 Pre-touch: Disabled
 Parallel Workers: 10
 Concurrent Workers: 3
 Concurrent Refinement Workers: 10
 Periodic GC: Disabled

Heap:
 garbage-first heap   total 97280K, used 32215K [0x00000000a0000000, 0x0000000100000000)
  region size 1024K, 10 young (10240K), 4 survivors (4096K)
 Metaspace       used 27489K, committed 28480K, reserved 1114112K
  class space    used 4125K, committed 4608K, reserved 1048576K

Heap Regions: E=young(eden), S=young(survivor), O=old, HS=humongous(starts), HC=humongous(continues), CS=collection set, F=free, TAMS=top-at-mark-start, PB=parsable bottom
|   0|0x00000000a0000000, 0x00000000a0100000, 0x00000000a0100000|100%|HS|  |TAMS 0x00000000a0000000| PB 0x00000000a0000000| Complete 
|   1|0x00000000a0100000, 0x00000000a0200000, 0x00000000a0200000|100%|HC|  |TAMS 0x00000000a0100000| PB 0x00000000a0100000| Complete 
|   2|0x00000000a0200000, 0x00000000a0300000, 0x00000000a0300000|100%|HC|  |TAMS 0x00000000a0200000| PB 0x00000000a0200000| Complete 
|   3|0x00000000a0300000, 0x00000000a0400000, 0x00000000a0400000|100%| O|  |TAMS 0x00000000a0300000| PB 0x00000000a0300000| Untracked 
|   4|0x00000000a0400000, 0x00000000a0500000, 0x00000000a0500000|100%| O|  |TAMS 0x00000000a0400000| PB 0x00000000a0400000| Untracked 
|   5|0x00000000a0500000, 0x00000000a0600000, 0x00000000a0600000|100%| O|  |TAMS 0x00000000a0500000| PB 0x00000000a0500000| Untracked 
|   6|0x00000000a0600000, 0x00000000a0700000, 0x00000000a0700000|100%|HS|  |TAMS 0x00000000a0600000| PB 0x00000000a0600000| Complete 
|   7|0x00000000a0700000, 0x00000000a0800000, 0x00000000a0800000|100%| O|  |TAMS 0x00000000a0700000| PB 0x00000000a0700000| Untracked 
|   8|0x00000000a0800000, 0x00000000a0900000, 0x00000000a0900000|100%| O|  |TAMS 0x00000000a0800000| PB 0x00000000a0800000| Untracked 
|   9|0x00000000a0900000, 0x00000000a0a00000, 0x00000000a0a00000|100%| O|  |TAMS 0x00000000a0900000| PB 0x00000000a0900000| Untracked 
|  10|0x00000000a0a00000, 0x00000000a0b00000, 0x00000000a0b00000|100%| O|  |TAMS 0x00000000a0a00000| PB 0x00000000a0a00000| Untracked 
|  11|0x00000000a0b00000, 0x00000000a0c00000, 0x00000000a0c00000|100%| O|  |TAMS 0x00000000a0b00000| PB 0x00000000a0b00000| Untracked 
|  12|0x00000000a0c00000, 0x00000000a0c00000, 0x00000000a0d00000|  0%| F|  |TAMS 0x00000000a0c00000| PB 0x00000000a0c00000| Untracked 
|  13|0x00000000a0d00000, 0x00000000a0e00000, 0x00000000a0e00000|100%| O|  |TAMS 0x00000000a0d00000| PB 0x00000000a0d00000| Untracked 
|  14|0x00000000a0e00000, 0x00000000a0f00000, 0x00000000a0f00000|100%| O|  |TAMS 0x00000000a0e00000| PB 0x00000000a0e00000| Untracked 
|  15|0x00000000a0f00000, 0x00000000a1000000, 0x00000000a1000000|100%| O|  |TAMS 0x00000000a0f00000| PB 0x00000000a0f00000| Untracked 
|  16|0x00000000a1000000, 0x00000000a1100000, 0x00000000a1100000|100%| O|  |TAMS 0x00000000a1000000| PB 0x00000000a1000000| Untracked 
|  17|0x00000000a1100000, 0x00000000a1200000, 0x00000000a1200000|100%| O|  |TAMS 0x00000000a1100000| PB 0x00000000a1100000| Untracked 
|  18|0x00000000a1200000, 0x00000000a1300000, 0x00000000a1300000|100%| O|  |TAMS 0x00000000a1200000| PB 0x00000000a1200000| Untracked 
|  19|0x00000000a1300000, 0x00000000a131e720, 0x00000000a1400000| 11%| O|  |TAMS 0x00000000a1300000| PB 0x00000000a1300000| Untracked 
|  20|0x00000000a1400000, 0x00000000a1400000, 0x00000000a1500000|  0%| F|  |TAMS 0x00000000a1400000| PB 0x00000000a1400000| Untracked 
|  21|0x00000000a1500000, 0x00000000a1500000, 0x00000000a1600000|  0%| F|  |TAMS 0x00000000a1500000| PB 0x00000000a1500000| Untracked 
|  22|0x00000000a1600000, 0x00000000a1600000, 0x00000000a1700000|  0%| F|  |TAMS 0x00000000a1600000| PB 0x00000000a1600000| Untracked 
|  23|0x00000000a1700000, 0x00000000a1700000, 0x00000000a1800000|  0%| F|  |TAMS 0x00000000a1700000| PB 0x00000000a1700000| Untracked 
|  24|0x00000000a1800000, 0x00000000a1800000, 0x00000000a1900000|  0%| F|  |TAMS 0x00000000a1800000| PB 0x00000000a1800000| Untracked 
|  25|0x00000000a1900000, 0x00000000a1900000, 0x00000000a1a00000|  0%| F|  |TAMS 0x00000000a1900000| PB 0x00000000a1900000| Untracked 
|  26|0x00000000a1a00000, 0x00000000a1a00000, 0x00000000a1b00000|  0%| F|  |TAMS 0x00000000a1a00000| PB 0x00000000a1a00000| Untracked 
|  27|0x00000000a1b00000, 0x00000000a1b00000, 0x00000000a1c00000|  0%| F|  |TAMS 0x00000000a1b00000| PB 0x00000000a1b00000| Untracked 
|  28|0x00000000a1c00000, 0x00000000a1c00000, 0x00000000a1d00000|  0%| F|  |TAMS 0x00000000a1c00000| PB 0x00000000a1c00000| Untracked 
|  29|0x00000000a1d00000, 0x00000000a1d577e0, 0x00000000a1e00000| 34%| S|CS|TAMS 0x00000000a1d00000| PB 0x00000000a1d00000| Complete 
|  30|0x00000000a1e00000, 0x00000000a1f00000, 0x00000000a1f00000|100%| S|CS|TAMS 0x00000000a1e00000| PB 0x00000000a1e00000| Complete 
|  31|0x00000000a1f00000, 0x00000000a2000000, 0x00000000a2000000|100%| S|CS|TAMS 0x00000000a1f00000| PB 0x00000000a1f00000| Complete 
|  32|0x00000000a2000000, 0x00000000a2100000, 0x00000000a2100000|100%| S|CS|TAMS 0x00000000a2000000| PB 0x00000000a2000000| Complete 
|  33|0x00000000a2100000, 0x00000000a2100000, 0x00000000a2200000|  0%| F|  |TAMS 0x00000000a2100000| PB 0x00000000a2100000| Untracked 
|  34|0x00000000a2200000, 0x00000000a2200000, 0x00000000a2300000|  0%| F|  |TAMS 0x00000000a2200000| PB 0x00000000a2200000| Untracked 
|  35|0x00000000a2300000, 0x00000000a2300000, 0x00000000a2400000|  0%| F|  |TAMS 0x00000000a2300000| PB 0x00000000a2300000| Untracked 
|  36|0x00000000a2400000, 0x00000000a2400000, 0x00000000a2500000|  0%| F|  |TAMS 0x00000000a2400000| PB 0x00000000a2400000| Untracked 
|  37|0x00000000a2500000, 0x00000000a2500000, 0x00000000a2600000|  0%| F|  |TAMS 0x00000000a2500000| PB 0x00000000a2500000| Untracked 
|  38|0x00000000a2600000, 0x00000000a2600000, 0x00000000a2700000|  0%| F|  |TAMS 0x00000000a2600000| PB 0x00000000a2600000| Untracked 
|  39|0x00000000a2700000, 0x00000000a2700000, 0x00000000a2800000|  0%| F|  |TAMS 0x00000000a2700000| PB 0x00000000a2700000| Untracked 
|  40|0x00000000a2800000, 0x00000000a2800000, 0x00000000a2900000|  0%| F|  |TAMS 0x00000000a2800000| PB 0x00000000a2800000| Untracked 
|  41|0x00000000a2900000, 0x00000000a2900000, 0x00000000a2a00000|  0%| F|  |TAMS 0x00000000a2900000| PB 0x00000000a2900000| Untracked 
|  42|0x00000000a2a00000, 0x00000000a2a00000, 0x00000000a2b00000|  0%| F|  |TAMS 0x00000000a2a00000| PB 0x00000000a2a00000| Untracked 
|  43|0x00000000a2b00000, 0x00000000a2b00000, 0x00000000a2c00000|  0%| F|  |TAMS 0x00000000a2b00000| PB 0x00000000a2b00000| Untracked 
|  44|0x00000000a2c00000, 0x00000000a2c00000, 0x00000000a2d00000|  0%| F|  |TAMS 0x00000000a2c00000| PB 0x00000000a2c00000| Untracked 
|  45|0x00000000a2d00000, 0x00000000a2d00000, 0x00000000a2e00000|  0%| F|  |TAMS 0x00000000a2d00000| PB 0x00000000a2d00000| Untracked 
|  46|0x00000000a2e00000, 0x00000000a2e00000, 0x00000000a2f00000|  0%| F|  |TAMS 0x00000000a2e00000| PB 0x00000000a2e00000| Untracked 
|  47|0x00000000a2f00000, 0x00000000a2f00000, 0x00000000a3000000|  0%| F|  |TAMS 0x00000000a2f00000| PB 0x00000000a2f00000| Untracked 
|  48|0x00000000a3000000, 0x00000000a3000000, 0x00000000a3100000|  0%| F|  |TAMS 0x00000000a3000000| PB 0x00000000a3000000| Untracked 
|  49|0x00000000a3100000, 0x00000000a3100000, 0x00000000a3200000|  0%| F|  |TAMS 0x00000000a3100000| PB 0x00000000a3100000| Untracked 
|  50|0x00000000a3200000, 0x00000000a3200000, 0x00000000a3300000|  0%| F|  |TAMS 0x00000000a3200000| PB 0x00000000a3200000| Untracked 
|  51|0x00000000a3300000, 0x00000000a3300000, 0x00000000a3400000|  0%| F|  |TAMS 0x00000000a3300000| PB 0x00000000a3300000| Untracked 
|  52|0x00000000a3400000, 0x00000000a3400000, 0x00000000a3500000|  0%| F|  |TAMS 0x00000000a3400000| PB 0x00000000a3400000| Untracked 
|  53|0x00000000a3500000, 0x00000000a3500000, 0x00000000a3600000|  0%| F|  |TAMS 0x00000000a3500000| PB 0x00000000a3500000| Untracked 
|  54|0x00000000a3600000, 0x00000000a3600000, 0x00000000a3700000|  0%| F|  |TAMS 0x00000000a3600000| PB 0x00000000a3600000| Untracked 
|  55|0x00000000a3700000, 0x00000000a3700000, 0x00000000a3800000|  0%| F|  |TAMS 0x00000000a3700000| PB 0x00000000a3700000| Untracked 
|  56|0x00000000a3800000, 0x00000000a3800000, 0x00000000a3900000|  0%| F|  |TAMS 0x00000000a3800000| PB 0x00000000a3800000| Untracked 
|  57|0x00000000a3900000, 0x00000000a3900000, 0x00000000a3a00000|  0%| F|  |TAMS 0x00000000a3900000| PB 0x00000000a3900000| Untracked 
|  58|0x00000000a3a00000, 0x00000000a3a00000, 0x00000000a3b00000|  0%| F|  |TAMS 0x00000000a3a00000| PB 0x00000000a3a00000| Untracked 
|  59|0x00000000a3b00000, 0x00000000a3b00000, 0x00000000a3c00000|  0%| F|  |TAMS 0x00000000a3b00000| PB 0x00000000a3b00000| Untracked 
|  60|0x00000000a3c00000, 0x00000000a3c00000, 0x00000000a3d00000|  0%| F|  |TAMS 0x00000000a3c00000| PB 0x00000000a3c00000| Untracked 
|  61|0x00000000a3d00000, 0x00000000a3d00000, 0x00000000a3e00000|  0%| F|  |TAMS 0x00000000a3d00000| PB 0x00000000a3d00000| Untracked 
|  62|0x00000000a3e00000, 0x00000000a3e00000, 0x00000000a3f00000|  0%| F|  |TAMS 0x00000000a3e00000| PB 0x00000000a3e00000| Untracked 
|  63|0x00000000a3f00000, 0x00000000a3f00000, 0x00000000a4000000|  0%| F|  |TAMS 0x00000000a3f00000| PB 0x00000000a3f00000| Untracked 
|  64|0x00000000a4000000, 0x00000000a4000000, 0x00000000a4100000|  0%| F|  |TAMS 0x00000000a4000000| PB 0x00000000a4000000| Untracked 
|  65|0x00000000a4100000, 0x00000000a4100000, 0x00000000a4200000|  0%| F|  |TAMS 0x00000000a4100000| PB 0x00000000a4100000| Untracked 
|  66|0x00000000a4200000, 0x00000000a4200000, 0x00000000a4300000|  0%| F|  |TAMS 0x00000000a4200000| PB 0x00000000a4200000| Untracked 
|  67|0x00000000a4300000, 0x00000000a4300000, 0x00000000a4400000|  0%| F|  |TAMS 0x00000000a4300000| PB 0x00000000a4300000| Untracked 
|  68|0x00000000a4400000, 0x00000000a4400000, 0x00000000a4500000|  0%| F|  |TAMS 0x00000000a4400000| PB 0x00000000a4400000| Untracked 
|  69|0x00000000a4500000, 0x00000000a4500000, 0x00000000a4600000|  0%| F|  |TAMS 0x00000000a4500000| PB 0x00000000a4500000| Untracked 
|  70|0x00000000a4600000, 0x00000000a4600000, 0x00000000a4700000|  0%| F|  |TAMS 0x00000000a4600000| PB 0x00000000a4600000| Untracked 
|  71|0x00000000a4700000, 0x00000000a4700000, 0x00000000a4800000|  0%| F|  |TAMS 0x00000000a4700000| PB 0x00000000a4700000| Untracked 
|  72|0x00000000a4800000, 0x00000000a4800000, 0x00000000a4900000|  0%| F|  |TAMS 0x00000000a4800000| PB 0x00000000a4800000| Untracked 
|  73|0x00000000a4900000, 0x00000000a4900000, 0x00000000a4a00000|  0%| F|  |TAMS 0x00000000a4900000| PB 0x00000000a4900000| Untracked 
|  74|0x00000000a4a00000, 0x00000000a4a00000, 0x00000000a4b00000|  0%| F|  |TAMS 0x00000000a4a00000| PB 0x00000000a4a00000| Untracked 
|  75|0x00000000a4b00000, 0x00000000a4b00000, 0x00000000a4c00000|  0%| F|  |TAMS 0x00000000a4b00000| PB 0x00000000a4b00000| Untracked 
|  76|0x00000000a4c00000, 0x00000000a4c00000, 0x00000000a4d00000|  0%| F|  |TAMS 0x00000000a4c00000| PB 0x00000000a4c00000| Untracked 
| 137|0x00000000a8900000, 0x00000000a8900000, 0x00000000a8a00000|  0%| F|  |TAMS 0x00000000a8900000| PB 0x00000000a8900000| Untracked 
| 138|0x00000000a8a00000, 0x00000000a8a00000, 0x00000000a8b00000|  0%| F|  |TAMS 0x00000000a8a00000| PB 0x00000000a8a00000| Untracked 
| 139|0x00000000a8b00000, 0x00000000a8b00000, 0x00000000a8c00000|  0%| F|  |TAMS 0x00000000a8b00000| PB 0x00000000a8b00000| Untracked 
| 140|0x00000000a8c00000, 0x00000000a8c00000, 0x00000000a8d00000|  0%| F|  |TAMS 0x00000000a8c00000| PB 0x00000000a8c00000| Untracked 
| 141|0x00000000a8d00000, 0x00000000a8d00000, 0x00000000a8e00000|  0%| F|  |TAMS 0x00000000a8d00000| PB 0x00000000a8d00000| Untracked 
| 142|0x00000000a8e00000, 0x00000000a8e00000, 0x00000000a8f00000|  0%| F|  |TAMS 0x00000000a8e00000| PB 0x00000000a8e00000| Untracked 
| 143|0x00000000a8f00000, 0x00000000a8f00000, 0x00000000a9000000|  0%| F|  |TAMS 0x00000000a8f00000| PB 0x00000000a8f00000| Untracked 
| 144|0x00000000a9000000, 0x00000000a9075018, 0x00000000a9100000| 45%| E|  |TAMS 0x00000000a9000000| PB 0x00000000a9000000| Complete 
| 145|0x00000000a9100000, 0x00000000a9200000, 0x00000000a9200000|100%| E|CS|TAMS 0x00000000a9100000| PB 0x00000000a9100000| Complete 
| 146|0x00000000a9200000, 0x00000000a9300000, 0x00000000a9300000|100%| E|CS|TAMS 0x00000000a9200000| PB 0x00000000a9200000| Complete 
| 147|0x00000000a9300000, 0x00000000a9400000, 0x00000000a9400000|100%| E|CS|TAMS 0x00000000a9300000| PB 0x00000000a9300000| Complete 
| 148|0x00000000a9400000, 0x00000000a9500000, 0x00000000a9500000|100%| E|CS|TAMS 0x00000000a9400000| PB 0x00000000a9400000| Complete 
| 251|0x00000000afb00000, 0x00000000afc00000, 0x00000000afc00000|100%| E|CS|TAMS 0x00000000afb00000| PB 0x00000000afb00000| Complete 
|1531|0x00000000ffb00000, 0x00000000ffc00000, 0x00000000ffc00000|100%| O|  |TAMS 0x00000000ffb00000| PB 0x00000000ffb00000| Untracked 
|1532|0x00000000ffc00000, 0x00000000ffd00000, 0x00000000ffd00000|100%| O|  |TAMS 0x00000000ffc00000| PB 0x00000000ffc00000| Untracked 
|1533|0x00000000ffd00000, 0x00000000ffe00000, 0x00000000ffe00000|100%| O|  |TAMS 0x00000000ffd00000| PB 0x00000000ffd00000| Untracked 
|1534|0x00000000ffe00000, 0x00000000fff00000, 0x00000000fff00000|100%| O|  |TAMS 0x00000000ffe00000| PB 0x00000000ffe00000| Untracked 
|1535|0x00000000fff00000, 0x0000000100000000, 0x0000000100000000|100%| O|  |TAMS 0x00000000fff00000| PB 0x00000000fff00000| Untracked 

Card table byte_map: [0x000001989c8b0000,0x000001989cbb0000] _byte_map_base: 0x000001989c3b0000

Marking Bits: (CMBitMap*) 0x0000019889ea71c0
 Bits: [0x000001989cbb0000, 0x000001989e3b0000)

Polling page: 0x0000019887c40000

Metaspace:

Usage:
  Non-class:     22.82 MB used.
      Class:      4.03 MB used.
       Both:     26.85 MB used.

Virtual space:
  Non-class space:       64.00 MB reserved,      23.31 MB ( 36%) committed,  1 nodes.
      Class space:        1.00 GB reserved,       4.50 MB ( <1%) committed,  1 nodes.
             Both:        1.06 GB reserved,      27.81 MB (  3%) committed. 

Chunk freelists:
   Non-Class:  8.19 MB
       Class:  11.36 MB
        Both:  19.54 MB

MaxMetaspaceSize: unlimited
CompressedClassSpaceSize: 1.00 GB
Initial GC threshold: 21.00 MB
Current GC threshold: 35.12 MB
CDS: on
 - commit_granule_bytes: 65536.
 - commit_granule_words: 8192.
 - virtual_space_node_default_size: 8388608.
 - enlarge_chunks_in_place: 1.
 - use_allocation_guard: 0.


Internal statistics:

num_allocs_failed_limit: 3.
num_arena_births: 1522.
num_arena_deaths: 0.
num_vsnodes_births: 2.
num_vsnodes_deaths: 0.
num_space_committed: 445.
num_space_uncommitted: 0.
num_chunks_returned_to_freelist: 3.
num_chunks_taken_from_freelist: 2755.
num_chunk_merges: 3.
num_chunk_splits: 1775.
num_chunks_enlarged: 1113.
num_inconsistent_stats: 0.

CodeHeap 'non-profiled nmethods': size=120000Kb used=2527Kb max_used=2527Kb free=117472Kb
 bounds [0x0000019894b30000, 0x0000019894db0000, 0x000001989c060000]
CodeHeap 'profiled nmethods': size=120000Kb used=8734Kb max_used=8734Kb free=111265Kb
 bounds [0x000001988d060000, 0x000001988d8f0000, 0x0000019894590000]
CodeHeap 'non-nmethods': size=5760Kb used=1431Kb max_used=1474Kb free=4328Kb
 bounds [0x0000019894590000, 0x0000019894800000, 0x0000019894b30000]
CodeCache: size=245760Kb, used=12692Kb, max_used=12735Kb, free=233065Kb
 total_blobs=4969, nmethods=4383, adapters=490, full_count=0
Compilation: enabled, stopped_count=0, restarted_count=0

Compilation events (20 events):
Event: 565.548 Thread 0x00000198a108e270 4384   !   2       java.lang.ClassLoader::loadClass (121 bytes)
Event: 565.550 Thread 0x00000198a108e270 nmethod 4384 0x000001988d8dd690 code [0x000001988d8dd8e0, 0x000001988d8dde90]
Event: 565.550 Thread 0x00000198a108e270 4385       3       java.lang.StringLatin1::regionMatchesCI (45 bytes)
Event: 565.551 Thread 0x00000198a108e270 nmethod 4385 0x000001988d8de390 code [0x000001988d8de560, 0x000001988d8de818]
Event: 565.596 Thread 0x00000198a108e270 4386   !   3       java.net.URLClassLoader::defineClass (224 bytes)
Event: 565.600 Thread 0x00000198a108e270 nmethod 4386 0x000001988d8de990 code [0x000001988d8dedc0, 0x000001988d8e0988]
Event: 565.604 Thread 0x00000198a108e270 4388       3       java.lang.Class::getPackageName (81 bytes)
Event: 565.606 Thread 0x00000198a108e270 nmethod 4388 0x000001988d8e1310 code [0x000001988d8e15c0, 0x000001988d8e2008]
Event: 565.625 Thread 0x00000198a108e270 4389   !   3       jdk.internal.loader.Resource::getBytes (244 bytes)
Event: 565.628 Thread 0x00000198a108e270 nmethod 4389 0x000001988d8e2410 code [0x000001988d8e2740, 0x000001988d8e3e18]
Event: 565.660 Thread 0x00000198a108e270 4391       3       jdk.internal.loader.URLClassPath$JarLoader::findResource (18 bytes)
Event: 565.660 Thread 0x00000198a108e270 nmethod 4391 0x000001988d8e4790 code [0x000001988d8e4960, 0x000001988d8e4bc8]
Event: 565.672 Thread 0x00000198a108e270 4392       3       jdk.internal.loader.URLClassPath$JarLoader$2::getManifest (26 bytes)
Event: 565.674 Thread 0x00000198a108e270 nmethod 4392 0x000001988d8e4c90 code [0x000001988d8e4ee0, 0x000001988d8e5638]
Event: 565.677 Thread 0x00000198a108e270 4393       3       java.nio.file.attribute.FileTime::compareTo (154 bytes)
Event: 565.680 Thread 0x00000198a108e270 nmethod 4393 0x000001988d8e5a10 code [0x000001988d8e5d60, 0x000001988d8e6b98]
Event: 565.680 Thread 0x00000198a108e270 4394       3       java.lang.Character::isJavaIdentifierPart (9 bytes)
Event: 565.680 Thread 0x00000198a108e270 nmethod 4394 0x000001988d8e7090 code [0x000001988d8e7240, 0x000001988d8e7438]
Event: 565.680 Thread 0x00000198a108e270 4395       3       java.lang.CharacterDataLatin1::isJavaIdentifierPart (20 bytes)
Event: 565.681 Thread 0x00000198a108e270 nmethod 4395 0x000001988d8e7510 code [0x000001988d8e76c0, 0x000001988d8e78b8]

GC Heap History (12 events):
Event: 7.417 GC heap before
{Heap before GC invocations=0 (full 0):
 garbage-first heap   total 258048K, used 23552K [0x00000000a0000000, 0x0000000100000000)
  region size 1024K, 23 young (23552K), 0 survivors (0K)
 Metaspace       used 928K, committed 1088K, reserved 1114112K
  class space    used 73K, committed 128K, reserved 1048576K
}
Event: 7.847 GC heap after
{Heap after GC invocations=1 (full 0):
 garbage-first heap   total 258048K, used 1663K [0x00000000a0000000, 0x0000000100000000)
  region size 1024K, 2 young (2048K), 2 survivors (2048K)
 Metaspace       used 928K, committed 1088K, reserved 1114112K
  class space    used 73K, committed 128K, reserved 1048576K
}
Event: 21.129 GC heap before
{Heap before GC invocations=1 (full 0):
 garbage-first heap   total 258048K, used 39551K [0x00000000a0000000, 0x0000000100000000)
  region size 1024K, 37 young (37888K), 2 survivors (2048K)
 Metaspace       used 4373K, committed 4544K, reserved 1114112K
  class space    used 559K, committed 640K, reserved 1048576K
}
Event: 21.137 GC heap after
{Heap after GC invocations=2 (full 0):
 garbage-first heap   total 258048K, used 10621K [0x00000000a0000000, 0x0000000100000000)
  region size 1024K, 5 young (5120K), 5 survivors (5120K)
 Metaspace       used 4373K, committed 4544K, reserved 1114112K
  class space    used 559K, committed 640K, reserved 1048576K
}
Event: 31.032 GC heap before
{Heap before GC invocations=2 (full 0):
 garbage-first heap   total 258048K, used 59773K [0x00000000a0000000, 0x0000000100000000)
  region size 1024K, 52 young (53248K), 5 survivors (5120K)
 Metaspace       used 4894K, committed 5120K, reserved 1114112K
  class space    used 640K, committed 768K, reserved 1048576K
}
Event: 31.040 GC heap after
{Heap after GC invocations=3 (full 0):
 garbage-first heap   total 258048K, used 16551K [0x00000000a0000000, 0x0000000100000000)
  region size 1024K, 5 young (5120K), 5 survivors (5120K)
 Metaspace       used 4894K, committed 5120K, reserved 1114112K
  class space    used 640K, committed 768K, reserved 1048576K
}
Event: 99.324 GC heap before
{Heap before GC invocations=3 (full 0):
 garbage-first heap   total 258048K, used 115879K [0x00000000a0000000, 0x0000000100000000)
  region size 1024K, 103 young (105472K), 5 survivors (5120K)
 Metaspace       used 20849K, committed 21504K, reserved 1114112K
  class space    used 3065K, committed 3392K, reserved 1048576K
}
Event: 99.340 GC heap after
{Heap after GC invocations=4 (full 0):
 garbage-first heap   total 258048K, used 24230K [0x00000000a0000000, 0x0000000100000000)
  region size 1024K, 12 young (12288K), 12 survivors (12288K)
 Metaspace       used 20849K, committed 21504K, reserved 1114112K
  class space    used 3065K, committed 3392K, reserved 1048576K
}
Event: 207.673 GC heap before
{Heap before GC invocations=5 (full 0):
 garbage-first heap   total 81920K, used 80550K [0x00000000a0000000, 0x0000000100000000)
  region size 1024K, 68 young (69632K), 12 survivors (12288K)
 Metaspace       used 26483K, committed 27392K, reserved 1114112K
  class space    used 3980K, committed 4416K, reserved 1048576K
}
Event: 207.718 GC heap after
{Heap after GC invocations=6 (full 0):
 garbage-first heap   total 97280K, used 26509K [0x00000000a0000000, 0x0000000100000000)
  region size 1024K, 10 young (10240K), 10 survivors (10240K)
 Metaspace       used 26483K, committed 27392K, reserved 1114112K
  class space    used 3980K, committed 4416K, reserved 1048576K
}
Event: 546.066 GC heap before
{Heap before GC invocations=6 (full 0):
 garbage-first heap   total 97280K, used 74637K [0x00000000a0000000, 0x0000000100000000)
  region size 1024K, 57 young (58368K), 10 survivors (10240K)
 Metaspace       used 26981K, committed 27904K, reserved 1114112K
  class space    used 4044K, committed 4480K, reserved 1048576K
}
Event: 546.139 GC heap after
{Heap after GC invocations=7 (full 0):
 garbage-first heap   total 97280K, used 27095K [0x00000000a0000000, 0x0000000100000000)
  region size 1024K, 4 young (4096K), 4 survivors (4096K)
 Metaspace       used 26981K, committed 27904K, reserved 1114112K
  class space    used 4044K, committed 4480K, reserved 1048576K
}

Dll operation events (20 events):
Event: 1.624 Attempting to load shared library C:\Users\ishas\.vscode\extensions\redhat.java-1.56.0-win32-x64\jre\21.0.12.1-win32-x86_64\bin\nio.dll
Event: 1.625 Loaded shared library C:\Users\ishas\.vscode\extensions\redhat.java-1.56.0-win32-x64\jre\21.0.12.1-win32-x86_64\bin\nio.dll
Event: 1.629 Attempting to load shared library C:\Users\ishas\.vscode\extensions\redhat.java-1.56.0-win32-x64\jre\21.0.12.1-win32-x86_64\bin\zip.dll
Event: 1.629 Loaded shared library C:\Users\ishas\.vscode\extensions\redhat.java-1.56.0-win32-x64\jre\21.0.12.1-win32-x86_64\bin\zip.dll
Event: 7.157 Attempting to load shared library C:\Users\ishas\.vscode\extensions\redhat.java-1.56.0-win32-x64\jre\21.0.12.1-win32-x86_64\bin\jimage.dll
Event: 7.157 Loaded shared library C:\Users\ishas\.vscode\extensions\redhat.java-1.56.0-win32-x64\jre\21.0.12.1-win32-x86_64\bin\jimage.dll
Event: 9.923 Attempting to load shared library C:\Users\ishas\.vscode\extensions\redhat.java-1.56.0-win32-x64\jre\21.0.12.1-win32-x86_64\bin\verify.dll
Event: 9.923 Loaded shared library C:\Users\ishas\.vscode\extensions\redhat.java-1.56.0-win32-x64\jre\21.0.12.1-win32-x86_64\bin\verify.dll
Event: 12.881 Attempting to load shared library C:\Users\ishas\.gradle\native\1def1411415f61bf3af743bc5b6707747c0891f09f0c88961ee8f79bc544acac\windows-amd64\native-platform.dll
Event: 12.882 Loaded shared library C:\Users\ishas\.gradle\native\1def1411415f61bf3af743bc5b6707747c0891f09f0c88961ee8f79bc544acac\windows-amd64\native-platform.dll
Event: 13.075 Attempting to load shared library C:\Users\ishas\.gradle\native\0.2.7\x86_64-windows-gnu\gradle-fileevents.dll
Event: 13.084 Loaded shared library C:\Users\ishas\.gradle\native\0.2.7\x86_64-windows-gnu\gradle-fileevents.dll
Event: 32.684 Attempting to load shared library C:\Users\ishas\.vscode\extensions\redhat.java-1.56.0-win32-x64\jre\21.0.12.1-win32-x86_64\bin\management.dll
Event: 32.685 Loaded shared library C:\Users\ishas\.vscode\extensions\redhat.java-1.56.0-win32-x64\jre\21.0.12.1-win32-x86_64\bin\management.dll
Event: 32.744 Attempting to load shared library C:\Users\ishas\.vscode\extensions\redhat.java-1.56.0-win32-x64\jre\21.0.12.1-win32-x86_64\bin\management_ext.dll
Event: 32.745 Loaded shared library C:\Users\ishas\.vscode\extensions\redhat.java-1.56.0-win32-x64\jre\21.0.12.1-win32-x86_64\bin\management_ext.dll
Event: 35.695 Attempting to load shared library C:\Users\ishas\.vscode\extensions\redhat.java-1.56.0-win32-x64\jre\21.0.12.1-win32-x86_64\bin\extnet.dll
Event: 35.696 Loaded shared library C:\Users\ishas\.vscode\extensions\redhat.java-1.56.0-win32-x64\jre\21.0.12.1-win32-x86_64\bin\extnet.dll
Event: 87.846 Attempting to load shared library C:\Users\ishas\.vscode\extensions\redhat.java-1.56.0-win32-x64\jre\21.0.12.1-win32-x86_64\bin\sunmscapi.dll
Event: 88.008 Loaded shared library C:\Users\ishas\.vscode\extensions\redhat.java-1.56.0-win32-x64\jre\21.0.12.1-win32-x86_64\bin\sunmscapi.dll

Deoptimization events (20 events):
Event: 564.890 Thread 0x00000198a14b28c0 Uncommon trap: trap_request=0xffffff45 fr.pc=0x0000019894d217b4 relative=0x0000000000002d34
Event: 564.890 Thread 0x00000198a14b28c0 Uncommon trap: reason=unstable_if action=reinterpret pc=0x0000019894d217b4 method=java.lang.String.regionMatches(ZILjava/lang/String;II)Z @ 36 c2
Event: 564.890 Thread 0x00000198a14b28c0 DEOPT PACKING pc=0x0000019894d217b4 sp=0x0000006f2a9fa4c0
Event: 564.890 Thread 0x00000198a14b28c0 DEOPT UNPACKING pc=0x00000198945e4422 sp=0x0000006f2a9fa3c0 mode 2
Event: 564.893 Thread 0x00000198a14b28c0 Uncommon trap: trap_request=0xffffffde fr.pc=0x0000019894b9b064 relative=0x0000000000001084
Event: 564.893 Thread 0x00000198a14b28c0 Uncommon trap: reason=class_check action=maybe_recompile pc=0x0000019894b9b064 method=jdk.internal.loader.URLClassPath.getLoader(I)Ljdk/internal/loader/URLClassPath$Loader; @ 88 c2
Event: 564.893 Thread 0x00000198a14b28c0 DEOPT PACKING pc=0x0000019894b9b064 sp=0x0000006f2a9fa780
Event: 564.893 Thread 0x00000198a14b28c0 DEOPT UNPACKING pc=0x00000198945e4422 sp=0x0000006f2a9fa770 mode 2
Event: 564.893 Thread 0x00000198a14b28c0 Uncommon trap: trap_request=0xffffffde fr.pc=0x0000019894ce0648 relative=0x0000000000004188
Event: 564.893 Thread 0x00000198a14b28c0 Uncommon trap: reason=class_check action=maybe_recompile pc=0x0000019894ce0648 method=jdk.internal.loader.URLClassPath.getResource(Ljava/lang/String;Z)Ljdk/internal/loader/Resource; @ 53 c2
Event: 564.893 Thread 0x00000198a14b28c0 DEOPT PACKING pc=0x0000019894ce0648 sp=0x0000006f2a9fa840
Event: 564.894 Thread 0x00000198a14b28c0 DEOPT UNPACKING pc=0x00000198945e4422 sp=0x0000006f2a9fa660 mode 2
Event: 565.208 Thread 0x00000198a14b28c0 Uncommon trap: trap_request=0xffffff45 fr.pc=0x0000019894c6db98 relative=0x00000000000000f8
Event: 565.208 Thread 0x00000198a14b28c0 Uncommon trap: reason=unstable_if action=reinterpret pc=0x0000019894c6db98 method=java.lang.ClassLoader.getClassLoadingLock(Ljava/lang/String;)Ljava/lang/Object; @ 6 c2
Event: 565.208 Thread 0x00000198a14b28c0 DEOPT PACKING pc=0x0000019894c6db98 sp=0x0000006f2a9f8dd0
Event: 565.208 Thread 0x00000198a14b28c0 DEOPT UNPACKING pc=0x00000198945e4422 sp=0x0000006f2a9f8d60 mode 2
Event: 565.231 Thread 0x00000198a14b28c0 Uncommon trap: trap_request=0xffffff45 fr.pc=0x0000019894ced26c relative=0x00000000000008cc
Event: 565.231 Thread 0x00000198a14b28c0 Uncommon trap: reason=unstable_if action=reinterpret pc=0x0000019894ced26c method=java.lang.Class.getPackageName()Ljava/lang/String; @ 55 c2
Event: 565.231 Thread 0x00000198a14b28c0 DEOPT PACKING pc=0x0000019894ced26c sp=0x0000006f2a9fa410
Event: 565.231 Thread 0x00000198a14b28c0 DEOPT UNPACKING pc=0x00000198945e4422 sp=0x0000006f2a9fa3e0 mode 2

Classes loaded (20 events):
Event: 564.881 Loading class jdk/internal/loader/URLClassPath$FileLoader
Event: 564.885 Loading class jdk/internal/loader/URLClassPath$FileLoader done
Event: 564.895 Loading class jdk/internal/loader/URLClassPath$FileLoader$1
Event: 564.896 Loading class jdk/internal/loader/URLClassPath$FileLoader$1 done
Event: 565.412 Loading class java/beans/Transient
Event: 565.412 Loading class java/beans/Transient done
Event: 565.473 Loading class java/util/stream/IntPipeline$1
Event: 565.475 Loading class java/util/stream/IntPipeline$1 done
Event: 565.477 Loading class java/util/stream/IntPipeline$1$1
Event: 565.477 Loading class java/util/stream/Sink$ChainedInt
Event: 565.480 Loading class java/util/stream/Sink$OfInt
Event: 565.481 Loading class java/util/stream/Sink$OfInt done
Event: 565.482 Loading class java/util/stream/Sink$ChainedInt done
Event: 565.482 Loading class java/util/stream/IntPipeline$1$1 done
Event: 565.555 Loading class java/lang/IllegalAccessError
Event: 565.555 Loading class java/lang/IllegalAccessError done
Event: 565.580 Loading class java/lang/Process
Event: 565.581 Loading class java/lang/Process done
Event: 565.582 Loading class java/lang/ProcessBuilder
Event: 565.586 Loading class java/lang/ProcessBuilder done

Classes unloaded (0 events):
No events

Classes redefined (0 events):
No events

Internal exceptions (20 events):
Event: 100.206 Thread 0x00000198a14b28c0 Exception <a 'java/lang/NoSuchMethodError'{0x00000000a32814d0}: 'void java.lang.invoke.DirectMethodHandle$Holder.invokeStaticInit(java.lang.Object, java.lang.Object)'> (0x00000000a32814d0) 
thrown [s\src\hotspot\share\interpreter\linkResolver.cpp, line 773]
Event: 100.382 Thread 0x00000198a14b28c0 Exception <a 'java/lang/NoSuchMethodError'{0x00000000a2eb6388}: 'java.lang.Object java.lang.invoke.DirectMethodHandle$Holder.newInvokeSpecial(java.lang.Object, java.lang.Object, java.lang.Object, java.lang.Object, java.lang.Object, java.lang.Object, java.lang.Object, java.lang.Object, java.lang.Object)'> (0x00000000a2eb6388) 
thrown [s\src\hotspot\share\interpreter\linkResolver.cpp, line 773]
Event: 100.627 Thread 0x00000198a14b28c0 Exception <a 'java/lang/NoSuchMethodError'{0x00000000a2bf52e0}: 'int java.lang.invoke.DirectMethodHandle$Holder.invokeVirtual(java.lang.Object, java.lang.Object)'> (0x00000000a2bf52e0) 
thrown [s\src\hotspot\share\interpreter\linkResolver.cpp, line 773]
Event: 100.792 Thread 0x00000198a14b28c0 Exception <a 'java/lang/NoSuchMethodError'{0x00000000a270fd10}: 'void java.lang.invoke.DirectMethodHandle$Holder.invokeInterface(java.lang.Object, java.lang.Object, java.lang.Object, java.lang.Object, java.lang.Object)'> (0x00000000a270fd10) 
thrown [s\src\hotspot\share\interpreter\linkResolver.cpp, line 773]
Event: 100.804 Thread 0x00000198a14b28c0 Exception <a 'java/lang/NoSuchMethodError'{0x00000000a274bef0}: 'void java.lang.invoke.DirectMethodHandle$Holder.invokeStatic(java.lang.Object, java.lang.Object, java.lang.Object, java.lang.Object, java.lang.Object, java.lang.Object)'> (0x00000000a274bef0) 
thrown [s\src\hotspot\share\interpreter\linkResolver.cpp, line 773]
Event: 101.197 Thread 0x00000198a14b28c0 Exception <a 'java/lang/IncompatibleClassChangeError'{0x00000000a1f86be0}: Found class java.lang.Object, but interface was expected> (0x00000000a1f86be0) 
thrown [s\src\hotspot\share\interpreter\linkResolver.cpp, line 840]
Event: 101.601 Thread 0x00000198a14b28c0 Exception <a 'java/lang/NoSuchMethodError'{0x00000000a1e898e0}: 'java.lang.Object java.lang.invoke.DirectMethodHandle$Holder.newInvokeSpecial(java.lang.Object, java.lang.Object, long)'> (0x00000000a1e898e0) 
thrown [s\src\hotspot\share\interpreter\linkResolver.cpp, line 773]
Event: 101.602 Thread 0x00000198a14b28c0 Exception <a 'java/lang/NoSuchMethodError'{0x00000000a1e8dc88}: 'java.lang.Object java.lang.invoke.Invokers$Holder.linkToTargetMethod(java.lang.Object, long, java.lang.Object)'> (0x00000000a1e8dc88) 
thrown [s\src\hotspot\share\interpreter\linkResolver.cpp, line 773]
Event: 101.665 Thread 0x00000198a14b1ba0 Implicit null exception at 0x0000019894d0f0e1 to 0x0000019894d0f734
Event: 101.665 Thread 0x00000198a14b1ba0 Implicit null exception at 0x0000019894ca98c7 to 0x0000019894ca9c80
Event: 101.766 Thread 0x00000198a14b28c0 Exception <a 'java/lang/NoSuchMethodError'{0x00000000a1ce9440}: 'int java.lang.invoke.DirectMethodHandle$Holder.invokeInterface(java.lang.Object, java.lang.Object)'> (0x00000000a1ce9440) 
thrown [s\src\hotspot\share\interpreter\linkResolver.cpp, line 773]
Event: 101.790 Thread 0x00000198a14b28c0 Exception <a 'java/lang/NoSuchMethodError'{0x00000000a1b73d90}: 'java.lang.Object java.lang.invoke.DirectMethodHandle$Holder.invokeVirtual(java.lang.Object, java.lang.Object, int)'> (0x00000000a1b73d90) 
thrown [s\src\hotspot\share\interpreter\linkResolver.cpp, line 773]
Event: 488.058 Thread 0x00000198a14b28c0 Exception <a 'java/lang/NoSuchMethodError'{0x00000000a2cc4a90}: 'java.lang.Object java.lang.invoke.DirectMethodHandle$Holder.invokeStatic(java.lang.Object, java.lang.Object, int, java.lang.Object)'> (0x00000000a2cc4a90) 
thrown [s\src\hotspot\share\interpreter\linkResolver.cpp, line 773]
Event: 488.105 Thread 0x00000198a14b28c0 Exception <a 'java/lang/NoSuchMethodError'{0x00000000a2ccbee8}: 'java.lang.Object java.lang.invoke.DirectMethodHandle$Holder.newInvokeSpecial(java.lang.Object, java.lang.Object, int, java.lang.Object)'> (0x00000000a2ccbee8) 
thrown [s\src\hotspot\share\interpreter\linkResolver.cpp, line 773]
Event: 488.117 Thread 0x00000198a14b28c0 Exception <a 'java/lang/NoSuchMethodError'{0x00000000a2cd0680}: 'java.lang.Object java.lang.invoke.DirectMethodHandle$Holder.invokeSpecial(java.lang.Object, java.lang.Object, java.lang.Object, int, java.lang.Object)'> (0x00000000a2cd0680) 
thrown [s\src\hotspot\share\interpreter\linkResolver.cpp, line 773]
Event: 491.158 Thread 0x00000198a14b28c0 Implicit null exception at 0x0000019894d7b2cb to 0x0000019894d7b7b5
Event: 564.826 Thread 0x00000198a14b28c0 Exception <a 'java/lang/NoSuchMethodError'{0x00000000a93bd458}: 'void java.lang.invoke.DirectMethodHandle$Holder.invokeInterface(java.lang.Object, java.lang.Object, java.lang.Object, java.lang.Object, java.lang.Object, java.lang.Object, java.lang.Object)'> (0x00000000a93bd458) 
thrown [s\src\hotspot\share\interpreter\linkResolver.cpp, line 773]
Event: 564.838 Thread 0x00000198a14b28c0 Exception <a 'java/lang/NoSuchMethodError'{0x00000000a93c1de0}: 'void java.lang.invoke.DelegatingMethodHandle$Holder.reinvoke_L(java.lang.Object, java.lang.Object, java.lang.Object, java.lang.Object, java.lang.Object, java.lang.Object, java.lang.Object)'> (0x00000000a93c1de0) 
thrown [s\src\hotspot\share\interpreter\linkResolver.cpp, line 773]
Event: 565.579 Thread 0x00000198a14b28c0 Exception <a 'java/lang/NoSuchMethodError'{0x00000000a9189c38}: 'java.lang.Object java.lang.invoke.DirectMethodHandle$Holder.invokeStaticInit(java.lang.Object, java.lang.Object, java.lang.Object, java.lang.Object, java.lang.Object, java.lang.Object, java.lang.Object)'> (0x00000000a9189c38) 
thrown [s\src\hotspot\share\interpreter\linkResolver.cpp, line 773]
Event: 565.604 Thread 0x00000198a14b28c0 Exception <a 'java/lang/NoSuchMethodError'{0x00000000a91af5b8}: 'java.lang.Object java.lang.invoke.DirectMethodHandle$Holder.invokeSpecial(java.lang.Object, java.lang.Object, java.lang.Object, int, java.lang.Object, java.lang.Object)'> (0x00000000a91af5b8) 
thrown [s\src\hotspot\share\interpreter\linkResolver.cpp, line 773]

ZGC Phase Switch (0 events):
No events

VM Operations (20 events):
Event: 491.771 Executing safepoint VM operation: Cleanup
Event: 491.771 Executing safepoint VM operation: Cleanup done
Event: 492.779 Executing safepoint VM operation: Cleanup
Event: 492.780 Executing safepoint VM operation: Cleanup done
Event: 493.791 Executing safepoint VM operation: Cleanup
Event: 493.792 Executing safepoint VM operation: Cleanup done
Event: 537.032 Executing safepoint VM operation: Cleanup
Event: 537.032 Executing safepoint VM operation: Cleanup done
Event: 546.065 Executing safepoint VM operation: G1CollectForAllocation (G1 Evacuation Pause)
Event: 546.139 Executing safepoint VM operation: G1CollectForAllocation (G1 Evacuation Pause) done
Event: 553.186 Executing safepoint VM operation: Cleanup
Event: 553.186 Executing safepoint VM operation: Cleanup done
Event: 563.265 Executing safepoint VM operation: Cleanup
Event: 563.265 Executing safepoint VM operation: Cleanup done
Event: 565.186 Executing non-safepoint VM operation: HandshakeAllThreads (Deoptimize)
Event: 565.186 Executing non-safepoint VM operation: HandshakeAllThreads (Deoptimize) done
Event: 565.186 Executing safepoint VM operation: Cleanup
Event: 565.200 Executing safepoint VM operation: Cleanup done
Event: 565.201 Executing non-safepoint VM operation: HandshakeAllThreads (Deoptimize)
Event: 565.201 Executing non-safepoint VM operation: HandshakeAllThreads (Deoptimize) done

Memory protections (0 events):
No events

Nmethod flushes (0 events):
No events

Events (20 events):
Event: 88.439 Thread 0x00000198a14b28c0 Thread added: 0x00000198a14b07f0
Event: 88.442 Thread 0x00000198a14b28c0 Thread added: 0x00000198a14b1510
Event: 89.292 Thread 0x00000198a14b28c0 Thread added: 0x00000198a14b1ba0
Event: 90.350 Thread 0x00000198a14b28c0 Thread added: 0x00000198a14b0e80
Event: 93.668 Thread 0x00000198a14b0e80 Thread added: 0x00000198a14b2230
Event: 93.831 Thread 0x00000198a14b28c0 Thread added: 0x00000198a14afad0
Event: 97.241 Thread 0x00000198a108e270 Thread added: 0x00000198e81500d0
Event: 97.727 Thread 0x00000198e81500d0 Thread exited: 0x00000198e81500d0
Event: 99.748 Thread 0x00000198a14b28c0 Thread added: 0x00000198e9cdd460
Event: 99.830 Thread 0x00000198a14b28c0 Thread added: 0x00000198e9cde810
Event: 100.462 Thread 0x00000198a108e270 Thread added: 0x00000198e838c240
Event: 100.513 Thread 0x00000198a14b28c0 Thread added: 0x00000198e9cddaf0
Event: 100.601 Thread 0x00000198e838c240 Thread exited: 0x00000198e838c240
Event: 100.607 Thread 0x00000198a14b28c0 Thread added: 0x00000198e9cdc0b0
Event: 162.808 Thread 0x00000198a14b2230 Thread exited: 0x00000198a14b2230
Event: 487.681 Thread 0x00000198a14b0e80 Thread added: 0x00000198e9cdfbc0
Event: 488.159 Thread 0x00000198a14b28c0 Thread added: 0x00000198e9cde180
Event: 553.136 Thread 0x00000198e9cdfbc0 Thread exited: 0x00000198e9cdfbc0
Event: 562.566 Thread 0x00000198a14b0e80 Thread added: 0x00000198e9cdeea0
Event: 562.597 Thread 0x00000198a14b28c0 Thread added: 0x00000198e9cdfbc0


Dynamic libraries:
0x00007ff7bb1c0000 - 0x00007ff7bb1ce000 	C:\Users\ishas\.vscode\extensions\redhat.java-1.56.0-win32-x64\jre\21.0.12.1-win32-x86_64\bin\java.exe
0x00007ffc1f9e0000 - 0x00007ffc1fc47000 	C:\Windows\SYSTEM32\ntdll.dll
0x00007ffc1edb0000 - 0x00007ffc1ee7b000 	C:\Windows\System32\KERNEL32.DLL
0x00007ffc1d2f0000 - 0x00007ffc1d6f2000 	C:\Windows\System32\KERNELBASE.dll
0x00007ffc1d190000 - 0x00007ffc1d2dc000 	C:\Windows\System32\ucrtbase.dll
0x00007ffb853f0000 - 0x00007ffb85408000 	C:\Users\ishas\.vscode\extensions\redhat.java-1.56.0-win32-x64\jre\21.0.12.1-win32-x86_64\bin\jli.dll
0x00007ffc1e120000 - 0x00007ffc1e2ef000 	C:\Windows\System32\USER32.dll
0x00007ffc1d0a0000 - 0x00007ffc1d0c7000 	C:\Windows\System32\win32u.dll
0x00007ffc1e0f0000 - 0x00007ffc1e11b000 	C:\Windows\System32\GDI32.dll
0x00007ffc1cd50000 - 0x00007ffc1ce79000 	C:\Windows\System32\gdi32full.dll
0x00007ffc1cca0000 - 0x00007ffc1cd43000 	C:\Windows\System32\msvcp_win.dll
0x00007ffb883c0000 - 0x00007ffb883de000 	C:\Users\ishas\.vscode\extensions\redhat.java-1.56.0-win32-x64\jre\21.0.12.1-win32-x86_64\bin\VCRUNTIME140.dll
0x00007ffc05f40000 - 0x00007ffc061d0000 	C:\Windows\WinSxS\amd64_microsoft.windows.common-controls_6595b64144ccf1df_6.0.26100.9278_none_3e0d1ba8e3303201\COMCTL32.dll
0x00007ffc1f160000 - 0x00007ffc1f209000 	C:\Windows\System32\msvcrt.dll
0x00007ffc1ee80000 - 0x00007ffc1eeb1000 	C:\Windows\System32\IMM32.DLL
0x00007ffbdb670000 - 0x00007ffbdb67c000 	C:\Users\ishas\.vscode\extensions\redhat.java-1.56.0-win32-x64\jre\21.0.12.1-win32-x86_64\bin\vcruntime140_1.dll
0x00007ffb7ce90000 - 0x00007ffb7cf1d000 	C:\Users\ishas\.vscode\extensions\redhat.java-1.56.0-win32-x64\jre\21.0.12.1-win32-x86_64\bin\msvcp140.dll
0x00007ffb2d4f0000 - 0x00007ffb2e292000 	C:\Users\ishas\.vscode\extensions\redhat.java-1.56.0-win32-x64\jre\21.0.12.1-win32-x86_64\bin\server\jvm.dll
0x00007ffc1dc40000 - 0x00007ffc1dcfc000 	C:\Windows\System32\ADVAPI32.dll
0x00007ffc1ef50000 - 0x00007ffc1eff9000 	C:\Windows\System32\sechost.dll
0x00007ffc1db20000 - 0x00007ffc1dc38000 	C:\Windows\System32\RPCRT4.dll
0x00007ffc1da10000 - 0x00007ffc1da90000 	C:\Windows\System32\WS2_32.dll
0x00007ffc1ca40000 - 0x00007ffc1ca9e000 	C:\Windows\SYSTEM32\POWRPROF.dll
0x00007ffc14900000 - 0x00007ffc14936000 	C:\Windows\SYSTEM32\WINMM.dll
0x00007ffc07f70000 - 0x00007ffc07f7b000 	C:\Windows\SYSTEM32\VERSION.dll
0x00007ffc1ca20000 - 0x00007ffc1ca35000 	C:\Windows\SYSTEM32\UMPDC.dll
0x00007ffc1b8b0000 - 0x00007ffc1b8cb000 	C:\Windows\SYSTEM32\kernel.appcore.dll
0x00007ffbdb520000 - 0x00007ffbdb52a000 	C:\Users\ishas\.vscode\extensions\redhat.java-1.56.0-win32-x64\jre\21.0.12.1-win32-x86_64\bin\jimage.dll
0x00007ffc1a1f0000 - 0x00007ffc1a43c000 	C:\Windows\SYSTEM32\DBGHELP.DLL
0x00007ffc1dd60000 - 0x00007ffc1e0e5000 	C:\Windows\System32\combase.dll
0x00007ffc1e310000 - 0x00007ffc1e3e9000 	C:\Windows\System32\OLEAUT32.dll
0x00007ffc148c0000 - 0x00007ffc148fb000 	C:\Windows\SYSTEM32\dbgcore.DLL
0x00007ffc1d0d0000 - 0x00007ffc1d17c000 	C:\Windows\System32\bcryptPrimitives.dll
0x00007ffbda4a0000 - 0x00007ffbda4af000 	C:\Users\ishas\.vscode\extensions\redhat.java-1.56.0-win32-x64\jre\21.0.12.1-win32-x86_64\bin\instrument.dll
0x00007ffba78c0000 - 0x00007ffba78e0000 	C:\Users\ishas\.vscode\extensions\redhat.java-1.56.0-win32-x64\jre\21.0.12.1-win32-x86_64\bin\java.dll
0x00007ffc1e3f0000 - 0x00007ffc1eb88000 	C:\Windows\System32\SHELL32.dll
0x00007ffc1a610000 - 0x00007ffc1aebe000 	C:\Windows\SYSTEM32\windows.storage.dll
0x00007ffc1d910000 - 0x00007ffc1da0b000 	C:\Windows\System32\SHCORE.dll
0x00007ffc1f440000 - 0x00007ffc1f4a6000 	C:\Windows\System32\shlwapi.dll
0x00007ffc1cb00000 - 0x00007ffc1cb29000 	C:\Windows\SYSTEM32\profapi.dll
0x00007ffb849f0000 - 0x00007ffb84a08000 	C:\Users\ishas\.vscode\extensions\redhat.java-1.56.0-win32-x64\jre\21.0.12.1-win32-x86_64\bin\zip.dll
0x00007ffbdad80000 - 0x00007ffbdad90000 	C:\Users\ishas\.vscode\extensions\redhat.java-1.56.0-win32-x64\jre\21.0.12.1-win32-x86_64\bin\net.dll
0x00007ffc0b510000 - 0x00007ffc0b63a000 	C:\Windows\SYSTEM32\WINHTTP.dll
0x00007ffc1be70000 - 0x00007ffc1bedc000 	C:\Windows\system32\mswsock.dll
0x00007ffb833b0000 - 0x00007ffb833c6000 	C:\Users\ishas\.vscode\extensions\redhat.java-1.56.0-win32-x64\jre\21.0.12.1-win32-x86_64\bin\nio.dll
0x00007ffbd33f0000 - 0x00007ffbd3400000 	C:\Users\ishas\.vscode\extensions\redhat.java-1.56.0-win32-x64\jre\21.0.12.1-win32-x86_64\bin\verify.dll
0x00007ffc06640000 - 0x00007ffc06667000 	C:\Users\ishas\.gradle\native\1def1411415f61bf3af743bc5b6707747c0891f09f0c88961ee8f79bc544acac\windows-amd64\native-platform.dll
0x00007ffbe8340000 - 0x00007ffbe83b8000 	C:\Users\ishas\.gradle\native\0.2.7\x86_64-windows-gnu\gradle-fileevents.dll
0x00007ffc08f90000 - 0x00007ffc08f9a000 	C:\Users\ishas\.vscode\extensions\redhat.java-1.56.0-win32-x64\jre\21.0.12.1-win32-x86_64\bin\management.dll
0x00007ffc06630000 - 0x00007ffc0663c000 	C:\Users\ishas\.vscode\extensions\redhat.java-1.56.0-win32-x64\jre\21.0.12.1-win32-x86_64\bin\management_ext.dll
0x00007ffc1e300000 - 0x00007ffc1e308000 	C:\Windows\System32\PSAPI.DLL
0x00007ffc1b2e0000 - 0x00007ffc1b313000 	C:\Windows\SYSTEM32\IPHLPAPI.DLL
0x00007ffc1d700000 - 0x00007ffc1d70a000 	C:\Windows\System32\NSI.dll
0x00007ffbfeb60000 - 0x00007ffbfeb69000 	C:\Users\ishas\.vscode\extensions\redhat.java-1.56.0-win32-x64\jre\21.0.12.1-win32-x86_64\bin\extnet.dll
0x00007ffc1c160000 - 0x00007ffc1c17b000 	C:\Windows\SYSTEM32\CRYPTSP.dll
0x00007ffc1b810000 - 0x00007ffc1b849000 	C:\Windows\system32\rsaenh.dll
0x00007ffc1bf20000 - 0x00007ffc1bf54000 	C:\Windows\SYSTEM32\USERENV.dll
0x00007ffc1cad0000 - 0x00007ffc1cafa000 	C:\Windows\SYSTEM32\bcrypt.dll
0x00007ffc1c180000 - 0x00007ffc1c18c000 	C:\Windows\SYSTEM32\CRYPTBASE.dll
0x00007ffc01000000 - 0x00007ffc0100e000 	C:\Users\ishas\.vscode\extensions\redhat.java-1.56.0-win32-x64\jre\21.0.12.1-win32-x86_64\bin\sunmscapi.dll
0x00007ffc1ce80000 - 0x00007ffc1cffe000 	C:\Windows\System32\CRYPT32.dll
0x00007ffc1c3a0000 - 0x00007ffc1c3d0000 	C:\Windows\SYSTEM32\ncrypt.dll
0x00007ffc1c350000 - 0x00007ffc1c38f000 	C:\Windows\SYSTEM32\NTASN1.dll
0x00007ffc00f20000 - 0x00007ffc00f28000 	C:\Windows\system32\wshunix.dll

JVMTI agents:
C:\Users\ishas\.gradle\wrapper\dists\gradle-8.14.3-all\10utluxaxniiv4wxiphsi49nj\gradle-8.14.3\lib\agents\gradle-instrumentation-agent-8.14.3.jar path:C:\Users\ishas\.vscode\extensions\redhat.java-1.56.0-win32-x64\jre\21.0.12.1-win32-x86_64\bin\instrument.dll, loaded, initialized, instrumentlib options:none

dbghelp: loaded successfully - version: 4.0.5 - missing functions: none
symbol engine: initialized successfully - sym options: 0x614 - pdb path: .;C:\Users\ishas\.vscode\extensions\redhat.java-1.56.0-win32-x64\jre\21.0.12.1-win32-x86_64\bin;C:\Windows\SYSTEM32;C:\Windows\WinSxS\amd64_microsoft.windows.common-controls_6595b64144ccf1df_6.0.26100.9278_none_3e0d1ba8e3303201;C:\Users\ishas\.vscode\extensions\redhat.java-1.56.0-win32-x64\jre\21.0.12.1-win32-x86_64\bin\server;C:\Users\ishas\.gradle\native\1def1411415f61bf3af743bc5b6707747c0891f09f0c88961ee8f79bc544acac\windows-amd64;C:\Users\ishas\.gradle\native\0.2.7\x86_64-windows-gnu

VM Arguments:
jvm_args: --add-opens=java.base/java.lang=ALL-UNNAMED --add-opens=java.base/java.lang.invoke=ALL-UNNAMED --add-opens=java.base/java.util=ALL-UNNAMED --add-opens=java.prefs/java.util.prefs=ALL-UNNAMED --add-exports=jdk.compiler/com.sun.tools.javac.api=ALL-UNNAMED --add-exports=jdk.compiler/com.sun.tools.javac.util=ALL-UNNAMED --add-opens=java.base/java.util=ALL-UNNAMED --add-opens=java.prefs/java.util.prefs=ALL-UNNAMED --add-opens=java.base/java.nio.charset=ALL-UNNAMED --add-opens=java.base/java.net=ALL-UNNAMED --add-opens=java.base/java.util.concurrent.atomic=ALL-UNNAMED --add-opens=java.xml/javax.xml.namespace=ALL-UNNAMED -Xmx1536m -Dfile.encoding=UTF-8 -Duser.country=IN -Duser.language=en -Duser.variant -javaagent:C:\Users\ishas\.gradle\wrapper\dists\gradle-8.14.3-all\10utluxaxniiv4wxiphsi49nj\gradle-8.14.3\lib\agents\gradle-instrumentation-agent-8.14.3.jar 
java_command: org.gradle.launcher.daemon.bootstrap.GradleDaemon 8.14.3
java_class_path (initial): C:\Users\ishas\.gradle\wrapper\dists\gradle-8.14.3-all\10utluxaxniiv4wxiphsi49nj\gradle-8.14.3\lib\gradle-daemon-main-8.14.3.jar
Launcher Type: SUN_STANDARD

[Global flags]
     intx CICompilerCount                          = 4                                         {product} {ergonomic}
     uint ConcGCThreads                            = 3                                         {product} {ergonomic}
     uint G1ConcRefinementThreads                  = 10                                        {product} {ergonomic}
   size_t G1HeapRegionSize                         = 1048576                                   {product} {ergonomic}
    uintx GCDrainStackTargetSize                   = 64                                        {product} {ergonomic}
   size_t InitialHeapSize                          = 264241152                                 {product} {ergonomic}
   size_t MarkStackSize                            = 4194304                                   {product} {ergonomic}
   size_t MaxHeapSize                              = 1610612736                                {product} {command line}
   size_t MaxNewSize                               = 965738496                                 {product} {ergonomic}
   size_t MinHeapDeltaBytes                        = 1048576                                   {product} {ergonomic}
   size_t MinHeapSize                              = 8388608                                   {product} {ergonomic}
    uintx NonNMethodCodeHeapSize                   = 5839372                                {pd product} {ergonomic}
    uintx NonProfiledCodeHeapSize                  = 122909434                              {pd product} {ergonomic}
    uintx ProfiledCodeHeapSize                     = 122909434                              {pd product} {ergonomic}
    uintx ReservedCodeCacheSize                    = 251658240                              {pd product} {ergonomic}
     bool SegmentedCodeCache                       = true                                      {product} {ergonomic}
   size_t SoftMaxHeapSize                          = 1610612736                             {manageable} {ergonomic}
     bool UseCompressedOops                        = true                           {product lp64_product} {ergonomic}
     bool UseG1GC                                  = true                                      {product} {ergonomic}
     bool UseLargePagesIndividualAllocation        = false                                  {pd product} {ergonomic}

Logging:
Log output configuration:
 #0: stdout all=warning uptime,level,tags foldmultilines=false
 #1: stderr all=off uptime,level,tags foldmultilines=false

Release file:
JAVA_VERSION="21.0.12.1" 
MODULES="java.base java.compiler java.datatransfer java.xml java.prefs java.desktop java.instrument java.logging java.management java.security.sasl java.naming java.rmi java.management.rmi java.net.http java.scripting java.security.jgss java.transaction.xa java.sql java.sql.rowset java.xml.crypto java.se java.smartcardio jdk.accessibility jdk.internal.jvmstat jdk.attach jdk.charsets jdk.internal.opt jdk.zipfs jdk.compiler jdk.crypto.ec jdk.crypto.cryptoki jdk.crypto.mscapi jdk.dynalink jdk.internal.ed jdk.editpad jdk.hotspot.agent jdk.httpserver jdk.internal.le jdk.internal.vm.ci jdk.internal.vm.compiler jdk.internal.vm.compiler.management jdk.jartool jdk.javadoc jdk.jcmd jdk.management jdk.management.agent jdk.jconsole jdk.jdeps jdk.jdwp.agent jdk.jdi jdk.jfr jdk.jshell jdk.jsobject jdk.jstatd jdk.localedata jdk.management.jfr jdk.naming.dns jdk.naming.rmi jdk.net jdk.nio.mapmode jdk.random jdk.sctp jdk.security.auth jdk.security.jgss jdk.unsupported jdk.unsupported.desktop jdk.xml.dom" 

Environment Variables:
PATH=C:\Program Files\Microsoft\jdk-17.0.12.7-hotspot\bin;C:\Program Files\Eclipse Adoptium\jdk-17.0.17.10-hotspot\bin;C:\Windows\system32;C:\Windows;C:\Windows\System32\Wbem;C:\Windows\System32\WindowsPowerShell\v1.0\;C:\Windows\System32\OpenSSH\;C:\Program Files\nodejs\;C:\Users\ishas\Downloads\apache-maven-3.9.11-bin\apache-maven-3.9.11\bin;C:\Users\ishas\Downloads\apache-maven-3.9.11-bin\apache-maven-3.9.11\bin;C:\Program Files\MySQL\MySQL Server 8.0\bin;C:\Users\ishas\AppData\Local\Programs\Python\Python313;C:\Program Files\Git\cmd;C:\Users\ishas\AppData\Local\Programs\Python\Launcher\;C:\Program Files\MySQL\MySQL Shell 8.0\bin\;C:\Users\ishas\AppData\Local\Microsoft\WindowsApps;C:\Users\ishas\AppData\Local\Programs\Microsoft VS Code\bin;C:\Users\ishas\AppData\Roaming\npm
USERNAME=ishas
OS=Windows_NT
PROCESSOR_IDENTIFIER=Intel64 Family 6 Model 186 Stepping 2, GenuineIntel
TMP=C:\Users\ishas\AppData\Local\Temp
TEMP=C:\Users\ishas\AppData\Local\Temp




Periodic native trim disabled

---------------  S Y S T E M  ---------------

OS:
 Windows 11 , 64 bit Build 26100 (10.0.26100.9444)
OS uptime: 0 days 0:20 hours
Hyper-V role detected

CPU: total 12 (initial active 12) (6 cores per cpu, 2 threads per core) family 6 model 186 stepping 2 microcode 0x4122, cx8, cmov, fxsr, ht, mmx, 3dnowpref, sse, sse2, sse3, ssse3, sse4.1, sse4.2, popcnt, lzcnt, tsc, tscinvbit, avx, avx2, aes, erms, clmul, bmi1, bmi2, adx, sha, fma, vzeroupper, clflush, clflushopt, clwb, hv, serialize, rdtscp, rdpid, fsrm, f16c, cet_ibt, cet_ss
Processor Information for processor 0
  Max Mhz: 2100, Current Mhz: 2100, Mhz Limit: 2100
Processor Information for processor 1
  Max Mhz: 2100, Current Mhz: 1453, Mhz Limit: 2100
Processor Information for processor 2
  Max Mhz: 2100, Current Mhz: 2100, Mhz Limit: 2100
Processor Information for processor 3
  Max Mhz: 2100, Current Mhz: 2100, Mhz Limit: 2100
Processor Information for processor 4
  Max Mhz: 2100, Current Mhz: 2100, Mhz Limit: 2100
Processor Information for processor 5
  Max Mhz: 2100, Current Mhz: 2100, Mhz Limit: 2100
Processor Information for processor 6
  Max Mhz: 2100, Current Mhz: 2100, Mhz Limit: 2100
Processor Information for processor 7
  Max Mhz: 2100, Current Mhz: 2100, Mhz Limit: 2100
Processor Information for processor 8
  Max Mhz: 2100, Current Mhz: 2100, Mhz Limit: 2100
Processor Information for processor 9
  Max Mhz: 2100, Current Mhz: 2100, Mhz Limit: 2100
Processor Information for processor 10
  Max Mhz: 2100, Current Mhz: 1540, Mhz Limit: 2100
Processor Information for processor 11
  Max Mhz: 2100, Current Mhz: 2100, Mhz Limit: 2100

Memory: 4k page, system-wide physical 16076M (146M free)
TotalPageFile size 65228M (AvailPageFile size 0M)
current process WorkingSet (physical memory assigned to process): 102M, peak: 227M
current process commit charge ("private bytes"): 265M, peak: 418M

vm_info: OpenJDK 64-Bit Server VM (21.0.12.1+1-LTS) for windows-amd64 JRE (21.0.12.1+1-LTS), built on 2026-08-18T00:00:00Z by "admin" with MS VC++ 17.12 (VS2022)

END.
