#
# There is insufficient memory for the Java Runtime Environment to continue.
# Native memory allocation (malloc) failed to allocate 392144 bytes. Error detail: Chunk::new
# Possible reasons:
#   The system is out of physical RAM or swap space
#   This process is running with CompressedOops enabled, and the Java Heap may be blocking the growth of the native heap
# Possible solutions:
#   Reduce memory load on the system
#   Increase physical memory or swap space
#   Check if swap backing store is full
#   Decrease Java heap size (-Xmx/-Xms)
#   Decrease number of Java threads
#   Decrease Java thread stack sizes (-Xss)
#   Set larger code cache with -XX:ReservedCodeCacheSize=
#   JVM is running with Unscaled Compressed Oops mode in which the Java heap is
#     placed in the first 4GB address space. The Java Heap base address is the
#     maximum limit for the native heap growth. Please use -XX:HeapBaseMinAddress
#     to set the Java Heap base and to place the Java Heap above 4GB virtual address.
# This output file may be truncated or incomplete.
#
#  Out of Memory Error (arena.cpp:168), pid=48612, tid=48972
#
# JRE version: OpenJDK Runtime Environment Temurin-21.0.12.1+1 (21.0.12.1+1) (build 21.0.12.1+1-LTS)
# Java VM: OpenJDK 64-Bit Server VM Temurin-21.0.12.1+1 (21.0.12.1+1-LTS, mixed mode, sharing, tiered, compressed oops, compressed class ptrs, g1 gc, windows-amd64)
# No core dump will be written. Minidumps are not enabled by default on client versions of Windows
#

---------------  S U M M A R Y ------------

Command Line: --add-opens=java.base/java.lang=ALL-UNNAMED --add-opens=java.base/java.lang.invoke=ALL-UNNAMED --add-opens=java.base/java.util=ALL-UNNAMED --add-opens=java.prefs/java.util.prefs=ALL-UNNAMED --add-exports=jdk.compiler/com.sun.tools.javac.api=ALL-UNNAMED --add-exports=jdk.compiler/com.sun.tools.javac.util=ALL-UNNAMED --add-opens=java.base/java.util=ALL-UNNAMED --add-opens=java.prefs/java.util.prefs=ALL-UNNAMED --add-opens=java.base/java.nio.charset=ALL-UNNAMED --add-opens=java.base/java.net=ALL-UNNAMED --add-opens=java.base/java.util.concurrent.atomic=ALL-UNNAMED --add-opens=java.xml/javax.xml.namespace=ALL-UNNAMED -Xmx1536m -Dfile.encoding=UTF-8 -Duser.country=IN -Duser.language=en -Duser.variant -javaagent:C:\Users\ishas\.gradle\wrapper\dists\gradle-8.14.3-all\10utluxaxniiv4wxiphsi49nj\gradle-8.14.3\lib\agents\gradle-instrumentation-agent-8.14.3.jar org.gradle.launcher.daemon.bootstrap.GradleDaemon 8.14.3

Host: 13th Gen Intel(R) Core(TM) i5-13420H, 12 cores, 15G,  Windows 11 , 64 bit Build 26100 (10.0.26100.9444)
Time: Tue Sep 15 19:11:04 2026 India Standard Time elapsed time: 157.143962 seconds (0d 0h 2m 37s)

---------------  T H R E A D  ---------------

Current thread (0x000001cb429b04b0):  JavaThread "C2 CompilerThread0" daemon [_thread_in_native, id=48972, stack(0x00000059fda00000,0x00000059fdb00000) (1024K)]


Current CompileTask:
C2:157145 3955       4       java.util.concurrent.locks.AbstractQueuedSynchronizer$ConditionObject::awaitNanos (202 bytes)

Stack: [0x00000059fda00000,0x00000059fdb00000]
Native frames: (J=compiled Java code, j=interpreted, Vv=VM code, C=native code)
V  [jvm.dll+0x6d83e9]
V  [jvm.dll+0x8b5736]
V  [jvm.dll+0x8b7cee]
V  [jvm.dll+0x8b83d3]
V  [jvm.dll+0x284596]
V  [jvm.dll+0xc685d]
V  [jvm.dll+0xc6da1]
V  [jvm.dll+0x3bf18b]
V  [jvm.dll+0x38b6d2]
V  [jvm.dll+0x38ab1a]
V  [jvm.dll+0x24c700]
V  [jvm.dll+0x24bce0]
V  [jvm.dll+0x1cb4ae]
V  [jvm.dll+0x25baad]
V  [jvm.dll+0x25a03a]
V  [jvm.dll+0x3f8aae]
V  [jvm.dll+0x8600cd]
V  [jvm.dll+0x6d6c1d]
C  [ucrtbase.dll+0x2cd30]
C  [KERNEL32.DLL+0x2cd87]
C  [ntdll.dll+0xacaec]


---------------  P R O C E S S  ---------------

Threads class SMR info:
_java_thread_list=0x000001cb8b096180, length=28, elements={
0x000001cb296ce800, 0x000001cb429a3a10, 0x000001cb429a71a0, 0x000001cb429a9c10,
0x000001cb429aa670, 0x000001cb429abdf0, 0x000001cb429ac850, 0x000001cb429b04b0,
0x000001cb429b0f50, 0x000001cb42c05190, 0x000001cb42ca5010, 0x000001cb889db650,
0x000001cb42a5e440, 0x000001cb894a4a70, 0x000001cb88a5e430, 0x000001cb8800ecd0,
0x000001cb88af4370, 0x000001cb88af3ce0, 0x000001cb88af5db0, 0x000001cb88af6440,
0x000001cb88af3650, 0x000001cb88af4a00, 0x000001cb88af5090, 0x000001cb88af5720,
0x000001cb8a07b410, 0x000001cb8a07baa0, 0x000001cb8a07c130, 0x000001cb8a07d4e0
}

Java Threads: ( => current thread )
  0x000001cb296ce800 JavaThread "main"                              [_thread_blocked, id=48844, stack(0x00000059fcc00000,0x00000059fcd00000) (1024K)]
  0x000001cb429a3a10 JavaThread "Reference Handler"          daemon [_thread_blocked, id=48932, stack(0x00000059fd400000,0x00000059fd500000) (1024K)]
  0x000001cb429a71a0 JavaThread "Finalizer"                  daemon [_thread_blocked, id=48936, stack(0x00000059fd500000,0x00000059fd600000) (1024K)]
  0x000001cb429a9c10 JavaThread "Signal Dispatcher"          daemon [_thread_blocked, id=48940, stack(0x00000059fd600000,0x00000059fd700000) (1024K)]
  0x000001cb429aa670 JavaThread "Attach Listener"            daemon [_thread_blocked, id=48944, stack(0x00000059fd700000,0x00000059fd800000) (1024K)]
  0x000001cb429abdf0 JavaThread "Service Thread"             daemon [_thread_blocked, id=48948, stack(0x00000059fd800000,0x00000059fd900000) (1024K)]
  0x000001cb429ac850 JavaThread "Monitor Deflation Thread"   daemon [_thread_blocked, id=48952, stack(0x00000059fd900000,0x00000059fda00000) (1024K)]
=>0x000001cb429b04b0 JavaThread "C2 CompilerThread0"         daemon [_thread_in_native, id=48972, stack(0x00000059fda00000,0x00000059fdb00000) (1024K)]
  0x000001cb429b0f50 JavaThread "C1 CompilerThread0"         daemon [_thread_blocked, id=48976, stack(0x00000059fdb00000,0x00000059fdc00000) (1024K)]
  0x000001cb42c05190 JavaThread "Common-Cleaner"             daemon [_thread_blocked, id=49052, stack(0x00000059fdc00000,0x00000059fdd00000) (1024K)]
  0x000001cb42ca5010 JavaThread "Notification Thread"        daemon [_thread_blocked, id=49072, stack(0x00000059fdd00000,0x00000059fde00000) (1024K)]
  0x000001cb889db650 JavaThread "Daemon health stats"               [_thread_blocked, id=49712, stack(0x00000059fe300000,0x00000059fe400000) (1024K)]
  0x000001cb42a5e440 JavaThread "Incoming local TCP Connector on port 52650"        [_thread_in_native, id=51652, stack(0x00000059fe700000,0x00000059fe800000) (1024K)]
  0x000001cb894a4a70 JavaThread "Daemon periodic checks"            [_thread_blocked, id=51668, stack(0x00000059fe800000,0x00000059fe900000) (1024K)]
  0x000001cb88a5e430 JavaThread "Daemon"                            [_thread_blocked, id=52576, stack(0x00000059fea00000,0x00000059feb00000) (1024K)]
  0x000001cb8800ecd0 JavaThread "Handler for socket connection from /127.0.0.1:52650 to /127.0.0.1:55766"        [_thread_in_native, id=2980, stack(0x00000059feb00000,0x00000059fec00000) (1024K)]
  0x000001cb88af4370 JavaThread "Cancel handler"                    [_thread_blocked, id=51272, stack(0x00000059fe900000,0x00000059fea00000) (1024K)]
  0x000001cb88af3ce0 JavaThread "Daemon worker"                     [_thread_blocked, id=53316, stack(0x00000059fec00000,0x00000059fed00000) (1024K)]
  0x000001cb88af5db0 JavaThread "Asynchronous log dispatcher for DefaultDaemonConnection: socket connection from /127.0.0.1:52650 to /127.0.0.1:55766"        [_thread_blocked, id=53332, stack(0x00000059fed00000,0x00000059fee00000) (1024K)]
  0x000001cb88af6440 JavaThread "Stdin handler"                     [_thread_blocked, id=53336, stack(0x00000059fee00000,0x00000059fef00000) (1024K)]
  0x000001cb88af3650 JavaThread "Daemon client event forwarder"        [_thread_blocked, id=53340, stack(0x00000059fef00000,0x00000059ff000000) (1024K)]
  0x000001cb88af4a00 JavaThread "Cache worker for journal cache (C:\Users\ishas\.gradle\caches\journal-1)"        [_thread_blocked, id=54036, stack(0x00000059ff000000,0x00000059ff100000) (1024K)]
  0x000001cb88af5090 JavaThread "File lock request listener"        [_thread_in_native, id=54080, stack(0x00000059ff100000,0x00000059ff200000) (1024K)]
  0x000001cb88af5720 JavaThread "Cache worker for file hash cache (C:\Users\ishas\.gradle\caches\8.14.3\fileHashes)"        [_thread_blocked, id=54108, stack(0x00000059ff200000,0x00000059ff300000) (1024K)]
  0x000001cb8a07b410 JavaThread "Cache worker for file hash cache (C:\Users\ishas\Downloads\ai-yoga-assistant-razorpay-v9\yoga3\android\.gradle\8.14.3\fileHashes)"        [_thread_blocked, id=54560, stack(0x00000059ff600000,0x00000059ff700000) (1024K)]
  0x000001cb8a07baa0 JavaThread "Cache worker for Build Output Cleanup Cache (C:\Users\ishas\Downloads\ai-yoga-assistant-razorpay-v9\yoga3\android\.gradle\buildOutputCleanup)"        [_thread_blocked, id=54612, stack(0x00000059ff700000,0x00000059ff800000) (1024K)]
  0x000001cb8a07c130 JavaThread "File watcher server"        daemon [_thread_in_native, id=55016, stack(0x00000059ff800000,0x00000059ff900000) (1024K)]
  0x000001cb8a07d4e0 JavaThread "File watcher consumer"      daemon [_thread_blocked, id=55040, stack(0x00000059ff900000,0x00000059ffa00000) (1024K)]
Total: 28

Other Threads:
  0x000001cb42986240 VMThread "VM Thread"                           [id=48908, stack(0x00000059fd300000,0x00000059fd400000) (1024K)]
  0x000001cb42974690 WatcherThread "VM Periodic Task Thread"        [id=48904, stack(0x00000059fd200000,0x00000059fd300000) (1024K)]
  0x000001cb297172e0 WorkerThread "GC Thread#0"                     [id=48876, stack(0x00000059fcd00000,0x00000059fce00000) (1024K)]
  0x000001cb42cf4430 WorkerThread "GC Thread#1"                     [id=48776, stack(0x00000059fde00000,0x00000059fdf00000) (1024K)]
  0x000001cb42cf47e0 WorkerThread "GC Thread#2"                     [id=48672, stack(0x00000059fdf00000,0x00000059fe000000) (1024K)]
  0x000001cb42cf4b90 WorkerThread "GC Thread#3"                     [id=40652, stack(0x00000059fe000000,0x00000059fe100000) (1024K)]
  0x000001cb42cf4f40 WorkerThread "GC Thread#4"                     [id=43968, stack(0x00000059fe100000,0x00000059fe200000) (1024K)]
  0x000001cb42cf52f0 WorkerThread "GC Thread#5"                     [id=48772, stack(0x00000059fe200000,0x00000059fe300000) (1024K)]
  0x000001cb8954dbd0 WorkerThread "GC Thread#6"                     [id=41900, stack(0x00000059fe400000,0x00000059fe500000) (1024K)]
  0x000001cb42c2f8b0 WorkerThread "GC Thread#7"                     [id=48960, stack(0x00000059fe500000,0x00000059fe600000) (1024K)]
  0x000001cb42c2fc60 WorkerThread "GC Thread#8"                     [id=49940, stack(0x00000059fe600000,0x00000059fe700000) (1024K)]
  0x000001cb88a4a1b0 WorkerThread "GC Thread#9"                     [id=54436, stack(0x00000059fc900000,0x00000059fca00000) (1024K)]
  0x000001cb297241e0 ConcurrentGCThread "G1 Main Marker"            [id=48880, stack(0x00000059fce00000,0x00000059fcf00000) (1024K)]
  0x000001cb29724c00 WorkerThread "G1 Conc#0"                       [id=48884, stack(0x00000059fcf00000,0x00000059fd000000) (1024K)]
  0x000001cb88a4a910 WorkerThread "G1 Conc#1"                       [id=54440, stack(0x00000059ff400000,0x00000059ff500000) (1024K)]
  0x000001cb88a47920 WorkerThread "G1 Conc#2"                       [id=54444, stack(0x00000059ff500000,0x00000059ff600000) (1024K)]
  0x000001cb42844aa0 ConcurrentGCThread "G1 Refine#0"               [id=48888, stack(0x00000059fd000000,0x00000059fd100000) (1024K)]
  0x000001cb428462e0 ConcurrentGCThread "G1 Service"                [id=48892, stack(0x00000059fd100000,0x00000059fd200000) (1024K)]
Total: 18

Threads with active compile tasks:
C2 CompilerThread0  157280 3955       4       java.util.concurrent.locks.AbstractQueuedSynchronizer$ConditionObject::awaitNanos (202 bytes)
Total: 1

VM state: not at safepoint (normal execution)

VM Mutex/Monitor currently owned by a thread: None

Heap address: 0x00000000a0000000, size: 1536 MB, Compressed Oops mode: 32-bit

CDS archive(s) mapped at: [0x000001cb43000000-0x000001cb43ba0000-0x000001cb43ba0000), size 12189696, SharedBaseAddress: 0x000001cb43000000, ArchiveRelocationMode: 1.
Compressed class space mapped at: 0x000001cb44000000-0x000001cb84000000, reserved size: 1073741824
Narrow klass base: 0x000001cb43000000, Narrow klass shift: 0, Narrow klass range: 0x100000000

GC Precious Log:
 CardTable entry size: 512
 Card Set container configuration: InlinePtr #cards 5 size 8 Array Of Cards #cards 12 size 40 Howl #buckets 4 coarsen threshold 1843 Howl Bitmap #cards 512 size 80 coarsen threshold 460 Card regions per heap region 1 cards per card region 2048
 CPUs: 12 total, 12 available
 Memory: 16076M
 Large Page Support: Disabled
 NUMA Support: Disabled
 Compressed Oops: Enabled (32-bit)
 Heap Region Size: 1M
 Heap Min Capacity: 8M
 Heap Initial Capacity: 252M
 Heap Max Capacity: 1536M
 Pre-touch: Disabled
 Parallel Workers: 10
 Concurrent Workers: 3
 Concurrent Refinement Workers: 10
 Periodic GC: Disabled

Heap:
 garbage-first heap   total 81920K, used 42063K [0x00000000a0000000, 0x0000000100000000)
  region size 1024K, 20 young (20480K), 3 survivors (3072K)
 Metaspace       used 26420K, committed 27392K, reserved 1114112K
  class space    used 3964K, committed 4416K, reserved 1048576K

Heap Regions: E=young(eden), S=young(survivor), O=old, HS=humongous(starts), HC=humongous(continues), CS=collection set, F=free, TAMS=top-at-mark-start, PB=parsable bottom
|   0|0x00000000a0000000, 0x00000000a0100000, 0x00000000a0100000|100%|HS|  |TAMS 0x00000000a0000000| PB 0x00000000a0000000| Complete 
|   1|0x00000000a0100000, 0x00000000a0200000, 0x00000000a0200000|100%|HC|  |TAMS 0x00000000a0100000| PB 0x00000000a0100000| Complete 
|   2|0x00000000a0200000, 0x00000000a0300000, 0x00000000a0300000|100%|HC|  |TAMS 0x00000000a0200000| PB 0x00000000a0200000| Complete 
|   3|0x00000000a0300000, 0x00000000a0400000, 0x00000000a0400000|100%| O|  |TAMS 0x00000000a0300000| PB 0x00000000a0300000| Untracked 
|   4|0x00000000a0400000, 0x00000000a0500000, 0x00000000a0500000|100%| O|  |TAMS 0x00000000a0400000| PB 0x00000000a0400000| Untracked 
|   5|0x00000000a0500000, 0x00000000a0600000, 0x00000000a0600000|100%| O|  |TAMS 0x00000000a0500000| PB 0x00000000a0500000| Untracked 
|   6|0x00000000a0600000, 0x00000000a0700000, 0x00000000a0700000|100%|HS|  |TAMS 0x00000000a0600000| PB 0x00000000a0600000| Complete 
|   7|0x00000000a0700000, 0x00000000a0800000, 0x00000000a0800000|100%| O|  |TAMS 0x00000000a0700000| PB 0x00000000a0700000| Untracked 
|   8|0x00000000a0800000, 0x00000000a0900000, 0x00000000a0900000|100%| O|  |TAMS 0x00000000a0800000| PB 0x00000000a0800000| Untracked 
|   9|0x00000000a0900000, 0x00000000a0a00000, 0x00000000a0a00000|100%| O|  |TAMS 0x00000000a0900000| PB 0x00000000a0900000| Untracked 
|  10|0x00000000a0a00000, 0x00000000a0b00000, 0x00000000a0b00000|100%| O|  |TAMS 0x00000000a0a00000| PB 0x00000000a0a00000| Untracked 
|  11|0x00000000a0b00000, 0x00000000a0c00000, 0x00000000a0c00000|100%| O|  |TAMS 0x00000000a0b00000| PB 0x00000000a0b00000| Untracked 
|  12|0x00000000a0c00000, 0x00000000a0cb49a0, 0x00000000a0d00000| 70%| O|Cm|TAMS 0x00000000a0c00000| PB 0x00000000a0c00000| Complete 
|  13|0x00000000a0d00000, 0x00000000a0e00000, 0x00000000a0e00000|100%| O|  |TAMS 0x00000000a0d00000| PB 0x00000000a0d00000| Untracked 
|  14|0x00000000a0e00000, 0x00000000a0f00000, 0x00000000a0f00000|100%| O|  |TAMS 0x00000000a0e00000| PB 0x00000000a0e00000| Untracked 
|  15|0x00000000a0f00000, 0x00000000a1000000, 0x00000000a1000000|100%| O|  |TAMS 0x00000000a0f00000| PB 0x00000000a0f00000| Untracked 
|  16|0x00000000a1000000, 0x00000000a1100000, 0x00000000a1100000|100%| O|  |TAMS 0x00000000a1000000| PB 0x00000000a1000000| Untracked 
|  17|0x00000000a1100000, 0x00000000a1200000, 0x00000000a1200000|100%| O|  |TAMS 0x00000000a1100000| PB 0x00000000a1100000| Untracked 
|  18|0x00000000a1200000, 0x00000000a1300000, 0x00000000a1300000|100%| O|  |TAMS 0x00000000a1200000| PB 0x00000000a1200000| Untracked 
|  19|0x00000000a1300000, 0x00000000a1400000, 0x00000000a1400000|100%| O|  |TAMS 0x00000000a1300000| PB 0x00000000a1300000| Untracked 
|  20|0x00000000a1400000, 0x00000000a1500000, 0x00000000a1500000|100%| O|  |TAMS 0x00000000a1400000| PB 0x00000000a1400000| Untracked 
|  21|0x00000000a1500000, 0x00000000a1600000, 0x00000000a1600000|100%| O|  |TAMS 0x00000000a1500000| PB 0x00000000a1500000| Untracked 
|  22|0x00000000a1600000, 0x00000000a1700000, 0x00000000a1700000|100%| O|  |TAMS 0x00000000a1600000| PB 0x00000000a1600000| Untracked 
|  23|0x00000000a1700000, 0x00000000a17b7f00, 0x00000000a1800000| 71%| O|  |TAMS 0x00000000a1700000| PB 0x00000000a1700000| Untracked 
|  24|0x00000000a1800000, 0x00000000a1800000, 0x00000000a1900000|  0%| F|  |TAMS 0x00000000a1800000| PB 0x00000000a1800000| Untracked 
|  25|0x00000000a1900000, 0x00000000a1900000, 0x00000000a1a00000|  0%| F|  |TAMS 0x00000000a1900000| PB 0x00000000a1900000| Untracked 
|  26|0x00000000a1a00000, 0x00000000a1a00000, 0x00000000a1b00000|  0%| F|  |TAMS 0x00000000a1a00000| PB 0x00000000a1a00000| Untracked 
|  27|0x00000000a1b00000, 0x00000000a1b00000, 0x00000000a1c00000|  0%| F|  |TAMS 0x00000000a1b00000| PB 0x00000000a1b00000| Untracked 
|  28|0x00000000a1c00000, 0x00000000a1c00000, 0x00000000a1d00000|  0%| F|  |TAMS 0x00000000a1c00000| PB 0x00000000a1c00000| Untracked 
|  29|0x00000000a1d00000, 0x00000000a1da7720, 0x00000000a1e00000| 65%| S|CS|TAMS 0x00000000a1d00000| PB 0x00000000a1d00000| Complete 
|  30|0x00000000a1e00000, 0x00000000a1f00000, 0x00000000a1f00000|100%| S|CS|TAMS 0x00000000a1e00000| PB 0x00000000a1e00000| Complete 
|  31|0x00000000a1f00000, 0x00000000a2000000, 0x00000000a2000000|100%| S|CS|TAMS 0x00000000a1f00000| PB 0x00000000a1f00000| Complete 
|  32|0x00000000a2000000, 0x00000000a2000000, 0x00000000a2100000|  0%| F|  |TAMS 0x00000000a2000000| PB 0x00000000a2000000| Untracked 
|  33|0x00000000a2100000, 0x00000000a2100000, 0x00000000a2200000|  0%| F|  |TAMS 0x00000000a2100000| PB 0x00000000a2100000| Untracked 
|  34|0x00000000a2200000, 0x00000000a2200000, 0x00000000a2300000|  0%| F|  |TAMS 0x00000000a2200000| PB 0x00000000a2200000| Untracked 
|  35|0x00000000a2300000, 0x00000000a2300000, 0x00000000a2400000|  0%| F|  |TAMS 0x00000000a2300000| PB 0x00000000a2300000| Untracked 
|  36|0x00000000a2400000, 0x00000000a2400000, 0x00000000a2500000|  0%| F|  |TAMS 0x00000000a2400000| PB 0x00000000a2400000| Untracked 
|  37|0x00000000a2500000, 0x00000000a2500000, 0x00000000a2600000|  0%| F|  |TAMS 0x00000000a2500000| PB 0x00000000a2500000| Untracked 
|  38|0x00000000a2600000, 0x00000000a2600000, 0x00000000a2700000|  0%| F|  |TAMS 0x00000000a2600000| PB 0x00000000a2600000| Untracked 
|  39|0x00000000a2700000, 0x00000000a2700000, 0x00000000a2800000|  0%| F|  |TAMS 0x00000000a2700000| PB 0x00000000a2700000| Untracked 
|  40|0x00000000a2800000, 0x00000000a2800000, 0x00000000a2900000|  0%| F|  |TAMS 0x00000000a2800000| PB 0x00000000a2800000| Untracked 
|  41|0x00000000a2900000, 0x00000000a2900000, 0x00000000a2a00000|  0%| F|  |TAMS 0x00000000a2900000| PB 0x00000000a2900000| Untracked 
|  42|0x00000000a2a00000, 0x00000000a2a00000, 0x00000000a2b00000|  0%| F|  |TAMS 0x00000000a2a00000| PB 0x00000000a2a00000| Untracked 
|  43|0x00000000a2b00000, 0x00000000a2b00000, 0x00000000a2c00000|  0%| F|  |TAMS 0x00000000a2b00000| PB 0x00000000a2b00000| Untracked 
|  44|0x00000000a2c00000, 0x00000000a2c00000, 0x00000000a2d00000|  0%| F|  |TAMS 0x00000000a2c00000| PB 0x00000000a2c00000| Untracked 
|  45|0x00000000a2d00000, 0x00000000a2d00000, 0x00000000a2e00000|  0%| F|  |TAMS 0x00000000a2d00000| PB 0x00000000a2d00000| Untracked 
|  46|0x00000000a2e00000, 0x00000000a2e00000, 0x00000000a2f00000|  0%| F|  |TAMS 0x00000000a2e00000| PB 0x00000000a2e00000| Untracked 
|  47|0x00000000a2f00000, 0x00000000a2f00000, 0x00000000a3000000|  0%| F|  |TAMS 0x00000000a2f00000| PB 0x00000000a2f00000| Untracked 
|  48|0x00000000a3000000, 0x00000000a3000000, 0x00000000a3100000|  0%| F|  |TAMS 0x00000000a3000000| PB 0x00000000a3000000| Untracked 
|  49|0x00000000a3100000, 0x00000000a3100000, 0x00000000a3200000|  0%| F|  |TAMS 0x00000000a3100000| PB 0x00000000a3100000| Untracked 
|  50|0x00000000a3200000, 0x00000000a3200000, 0x00000000a3300000|  0%| F|  |TAMS 0x00000000a3200000| PB 0x00000000a3200000| Untracked 
|  51|0x00000000a3300000, 0x00000000a3300000, 0x00000000a3400000|  0%| F|  |TAMS 0x00000000a3300000| PB 0x00000000a3300000| Untracked 
|  52|0x00000000a3400000, 0x00000000a3400000, 0x00000000a3500000|  0%| F|  |TAMS 0x00000000a3400000| PB 0x00000000a3400000| Untracked 
|  53|0x00000000a3500000, 0x00000000a3500000, 0x00000000a3600000|  0%| F|  |TAMS 0x00000000a3500000| PB 0x00000000a3500000| Untracked 
|  54|0x00000000a3600000, 0x00000000a3600000, 0x00000000a3700000|  0%| F|  |TAMS 0x00000000a3600000| PB 0x00000000a3600000| Untracked 
|  55|0x00000000a3700000, 0x00000000a3700000, 0x00000000a3800000|  0%| F|  |TAMS 0x00000000a3700000| PB 0x00000000a3700000| Untracked 
|  56|0x00000000a3800000, 0x00000000a3800000, 0x00000000a3900000|  0%| F|  |TAMS 0x00000000a3800000| PB 0x00000000a3800000| Untracked 
|  57|0x00000000a3900000, 0x00000000a3900000, 0x00000000a3a00000|  0%| F|  |TAMS 0x00000000a3900000| PB 0x00000000a3900000| Untracked 
|  58|0x00000000a3a00000, 0x00000000a3a00000, 0x00000000a3b00000|  0%| F|  |TAMS 0x00000000a3a00000| PB 0x00000000a3a00000| Untracked 
|  59|0x00000000a3b00000, 0x00000000a3b00000, 0x00000000a3c00000|  0%| F|  |TAMS 0x00000000a3b00000| PB 0x00000000a3b00000| Untracked 
|  60|0x00000000a3c00000, 0x00000000a3c00000, 0x00000000a3d00000|  0%| F|  |TAMS 0x00000000a3c00000| PB 0x00000000a3c00000| Untracked 
|  61|0x00000000a3d00000, 0x00000000a3d00000, 0x00000000a3e00000|  0%| F|  |TAMS 0x00000000a3d00000| PB 0x00000000a3d00000| Untracked 
|  62|0x00000000a3e00000, 0x00000000a3e00000, 0x00000000a3f00000|  0%| F|  |TAMS 0x00000000a3e00000| PB 0x00000000a3e00000| Untracked 
|  63|0x00000000a3f00000, 0x00000000a3fbf270, 0x00000000a4000000| 74%| E|  |TAMS 0x00000000a3f00000| PB 0x00000000a3f00000| Complete 
|  64|0x00000000a4000000, 0x00000000a4100000, 0x00000000a4100000|100%| E|CS|TAMS 0x00000000a4000000| PB 0x00000000a4000000| Complete 
|  65|0x00000000a4100000, 0x00000000a4200000, 0x00000000a4200000|100%| E|CS|TAMS 0x00000000a4100000| PB 0x00000000a4100000| Complete 
|  66|0x00000000a4200000, 0x00000000a4300000, 0x00000000a4300000|100%| E|CS|TAMS 0x00000000a4200000| PB 0x00000000a4200000| Complete 
| 147|0x00000000a9300000, 0x00000000a9400000, 0x00000000a9400000|100%| E|  |TAMS 0x00000000a9300000| PB 0x00000000a9300000| Complete 
| 148|0x00000000a9400000, 0x00000000a9500000, 0x00000000a9500000|100%| E|CS|TAMS 0x00000000a9400000| PB 0x00000000a9400000| Complete 
| 149|0x00000000a9500000, 0x00000000a9600000, 0x00000000a9600000|100%| E|CS|TAMS 0x00000000a9500000| PB 0x00000000a9500000| Complete 
| 150|0x00000000a9600000, 0x00000000a9700000, 0x00000000a9700000|100%| E|CS|TAMS 0x00000000a9600000| PB 0x00000000a9600000| Complete 
| 151|0x00000000a9700000, 0x00000000a9800000, 0x00000000a9800000|100%| E|CS|TAMS 0x00000000a9700000| PB 0x00000000a9700000| Complete 
| 152|0x00000000a9800000, 0x00000000a9900000, 0x00000000a9900000|100%| E|CS|TAMS 0x00000000a9800000| PB 0x00000000a9800000| Complete 
| 153|0x00000000a9900000, 0x00000000a9a00000, 0x00000000a9a00000|100%| E|CS|TAMS 0x00000000a9900000| PB 0x00000000a9900000| Complete 
| 154|0x00000000a9a00000, 0x00000000a9b00000, 0x00000000a9b00000|100%| E|CS|TAMS 0x00000000a9a00000| PB 0x00000000a9a00000| Complete 
| 155|0x00000000a9b00000, 0x00000000a9c00000, 0x00000000a9c00000|100%| E|CS|TAMS 0x00000000a9b00000| PB 0x00000000a9b00000| Complete 
| 156|0x00000000a9c00000, 0x00000000a9d00000, 0x00000000a9d00000|100%| E|CS|TAMS 0x00000000a9c00000| PB 0x00000000a9c00000| Complete 
| 157|0x00000000a9d00000, 0x00000000a9e00000, 0x00000000a9e00000|100%| E|CS|TAMS 0x00000000a9d00000| PB 0x00000000a9d00000| Complete 
| 158|0x00000000a9e00000, 0x00000000a9f00000, 0x00000000a9f00000|100%| E|CS|TAMS 0x00000000a9e00000| PB 0x00000000a9e00000| Complete 
| 251|0x00000000afb00000, 0x00000000afc00000, 0x00000000afc00000|100%| E|CS|TAMS 0x00000000afb00000| PB 0x00000000afb00000| Complete 

Card table byte_map: [0x000001cb3e160000,0x000001cb3e460000] _byte_map_base: 0x000001cb3dc60000

Marking Bits: (CMBitMap*) 0x000001cb29717900
 Bits: [0x000001cb3e460000, 0x000001cb3fc60000)

Polling page: 0x000001cb29ab0000

Metaspace:

Usage:
  Non-class:     21.93 MB used.
      Class:      3.87 MB used.
       Both:     25.80 MB used.

Virtual space:
  Non-class space:       64.00 MB reserved,      22.44 MB ( 35%) committed,  1 nodes.
      Class space:        1.00 GB reserved,       4.31 MB ( <1%) committed,  1 nodes.
             Both:        1.06 GB reserved,      26.75 MB (  2%) committed. 

Chunk freelists:
   Non-Class:  8.73 MB
       Class:  11.55 MB
        Both:  20.28 MB

MaxMetaspaceSize: unlimited
CompressedClassSpaceSize: 1.00 GB
Initial GC threshold: 21.00 MB
Current GC threshold: 35.12 MB
CDS: on
 - commit_granule_bytes: 65536.
 - commit_granule_words: 8192.
 - virtual_space_node_default_size: 8388608.
 - enlarge_chunks_in_place: 1.
 - use_allocation_guard: 0.


Internal statistics:

num_allocs_failed_limit: 3.
num_arena_births: 1444.
num_arena_deaths: 0.
num_vsnodes_births: 2.
num_vsnodes_deaths: 0.
num_space_committed: 428.
num_space_uncommitted: 0.
num_chunks_returned_to_freelist: 3.
num_chunks_taken_from_freelist: 2590.
num_chunk_merges: 3.
num_chunk_splits: 1695.
num_chunks_enlarged: 1085.
num_inconsistent_stats: 0.

CodeHeap 'non-profiled nmethods': size=120000Kb used=2239Kb max_used=2239Kb free=117760Kb
 bounds [0x000001cb35c90000, 0x000001cb35f00000, 0x000001cb3d1c0000]
CodeHeap 'profiled nmethods': size=120000Kb used=7792Kb max_used=7792Kb free=112207Kb
 bounds [0x000001cb2e1c0000, 0x000001cb2e960000, 0x000001cb356f0000]
CodeHeap 'non-nmethods': size=5760Kb used=1433Kb max_used=1472Kb free=4327Kb
 bounds [0x000001cb356f0000, 0x000001cb35960000, 0x000001cb35c90000]
CodeCache: size=245760Kb, used=11464Kb, max_used=11503Kb, free=234294Kb
 total_blobs=4536, nmethods=3951, adapters=489, full_count=0
Compilation: enabled, stopped_count=0, restarted_count=0

Compilation events (20 events):
Event: 153.502 Thread 0x000001cb429b0f50 nmethod 3945 0x000001cb2e95a510 code [0x000001cb2e95a6c0, 0x000001cb2e95a878]
Event: 153.502 Thread 0x000001cb429b0f50 3946       3       java.util.concurrent.LinkedBlockingDeque::linkLast (69 bytes)
Event: 153.503 Thread 0x000001cb429b0f50 nmethod 3946 0x000001cb2e95a910 code [0x000001cb2e95ab20, 0x000001cb2e95b160]
Event: 153.503 Thread 0x000001cb429b0f50 3947       3       java.util.concurrent.ScheduledThreadPoolExecutor$ScheduledFutureTask::getDelay (16 bytes)
Event: 153.503 Thread 0x000001cb429b0f50 nmethod 3947 0x000001cb2e95b390 code [0x000001cb2e95b540, 0x000001cb2e95b6d8]
Event: 155.323 Thread 0x000001cb429b0f50 3948       3       java.util.concurrent.LinkedBlockingDeque$AbstractItr::hasNext (13 bytes)
Event: 155.323 Thread 0x000001cb429b0f50 nmethod 3948 0x000001cb2e95b790 code [0x000001cb2e95b920, 0x000001cb2e95ba80]
Event: 155.332 Thread 0x000001cb429b04b0 3949       4       org.gradle.launcher.daemon.registry.DaemonInfo$Serializer::read (77 bytes)
Event: 155.378 Thread 0x000001cb429b04b0 nmethod 3949 0x000001cb35ebc210 code [0x000001cb35ebc520, 0x000001cb35ebd848]
Event: 155.452 Thread 0x000001cb429b04b0 3950       4       org.gradle.launcher.daemon.registry.DaemonInfo::<init> (12 bytes)
Event: 155.458 Thread 0x000001cb429b04b0 nmethod 3950 0x000001cb35ebe790 code [0x000001cb35ebe920, 0x000001cb35ebee60]
Event: 155.458 Thread 0x000001cb429b04b0 3951       4       org.gradle.launcher.daemon.registry.DaemonInfo::<init> (39 bytes)
Event: 155.463 Thread 0x000001cb429b04b0 nmethod 3951 0x000001cb35ebef10 code [0x000001cb35ebf0a0, 0x000001cb35ebf5e0]
Event: 155.463 Thread 0x000001cb429b04b0 3952       4       java.util.LinkedList$ListItr::hasNext (20 bytes)
Event: 155.464 Thread 0x000001cb429b0f50 3953       3       com.google.common.collect.AbstractIndexedListIterator::next (31 bytes)
Event: 155.465 Thread 0x000001cb429b04b0 nmethod 3952 0x000001cb35ebf690 code [0x000001cb35ebf820, 0x000001cb35ebf8d8]
Event: 155.465 Thread 0x000001cb429b0f50 nmethod 3953 0x000001cb2e95bb10 code [0x000001cb2e95bce0, 0x000001cb2e95c070]
Event: 155.473 Thread 0x000001cb429b04b0 3954       4       java.util.LinkedList$Node::<init> (20 bytes)
Event: 155.476 Thread 0x000001cb429b04b0 nmethod 3954 0x000001cb35ebf990 code [0x000001cb35ebfb20, 0x000001cb35ebfe58]
Event: 157.080 Thread 0x000001cb429b04b0 3955       4       java.util.concurrent.locks.AbstractQueuedSynchronizer$ConditionObject::awaitNanos (202 bytes)

GC Heap History (10 events):
Event: 3.173 GC heap before
{Heap before GC invocations=0 (full 0):
 garbage-first heap   total 258048K, used 23552K [0x00000000a0000000, 0x0000000100000000)
  region size 1024K, 23 young (23552K), 0 survivors (0K)
 Metaspace       used 921K, committed 1088K, reserved 1114112K
  class space    used 73K, committed 128K, reserved 1048576K
}
Event: 3.177 GC heap after
{Heap after GC invocations=1 (full 0):
 garbage-first heap   total 258048K, used 1557K [0x00000000a0000000, 0x0000000100000000)
  region size 1024K, 2 young (2048K), 2 survivors (2048K)
 Metaspace       used 921K, committed 1088K, reserved 1114112K
  class space    used 73K, committed 128K, reserved 1048576K
}
Event: 7.300 GC heap before
{Heap before GC invocations=1 (full 0):
 garbage-first heap   total 258048K, used 40469K [0x00000000a0000000, 0x0000000100000000)
  region size 1024K, 38 young (38912K), 2 survivors (2048K)
 Metaspace       used 4383K, committed 4544K, reserved 1114112K
  class space    used 558K, committed 640K, reserved 1048576K
}
Event: 7.308 GC heap after
{Heap after GC invocations=2 (full 0):
 garbage-first heap   total 258048K, used 10893K [0x00000000a0000000, 0x0000000100000000)
  region size 1024K, 5 young (5120K), 5 survivors (5120K)
 Metaspace       used 4383K, committed 4544K, reserved 1114112K
  class space    used 558K, committed 640K, reserved 1048576K
}
Event: 15.465 GC heap before
{Heap before GC invocations=2 (full 0):
 garbage-first heap   total 258048K, used 70285K [0x00000000a0000000, 0x0000000100000000)
  region size 1024K, 61 young (62464K), 5 survivors (5120K)
 Metaspace       used 7214K, committed 7488K, reserved 1114112K
  class space    used 987K, committed 1152K, reserved 1048576K
}
Event: 15.473 GC heap after
{Heap after GC invocations=3 (full 0):
 garbage-first heap   total 258048K, used 18130K [0x00000000a0000000, 0x0000000100000000)
  region size 1024K, 6 young (6144K), 6 survivors (6144K)
 Metaspace       used 7214K, committed 7488K, reserved 1114112K
  class space    used 987K, committed 1152K, reserved 1048576K
}
Event: 68.426 GC heap before
{Heap before GC invocations=3 (full 0):
 garbage-first heap   total 258048K, used 106194K [0x00000000a0000000, 0x0000000100000000)
  region size 1024K, 93 young (95232K), 6 survivors (6144K)
 Metaspace       used 20813K, committed 21504K, reserved 1114112K
  class space    used 3050K, committed 3392K, reserved 1048576K
}
Event: 68.437 GC heap after
{Heap after GC invocations=4 (full 0):
 garbage-first heap   total 258048K, used 23924K [0x00000000a0000000, 0x0000000100000000)
  region size 1024K, 12 young (12288K), 12 survivors (12288K)
 Metaspace       used 20813K, committed 21504K, reserved 1114112K
  class space    used 3050K, committed 3392K, reserved 1048576K
}
Event: 73.498 GC heap before
{Heap before GC invocations=5 (full 0):
 garbage-first heap   total 81920K, used 60788K [0x00000000a0000000, 0x0000000100000000)
  region size 1024K, 48 young (49152K), 12 survivors (12288K)
 Metaspace       used 25453K, committed 26304K, reserved 1114112K
  class space    used 3808K, committed 4224K, reserved 1048576K
}
Event: 73.510 GC heap after
{Heap after GC invocations=6 (full 0):
 garbage-first heap   total 81920K, used 26703K [0x00000000a0000000, 0x0000000100000000)
  region size 1024K, 3 young (3072K), 3 survivors (3072K)
 Metaspace       used 25453K, committed 26304K, reserved 1114112K
  class space    used 3808K, committed 4224K, reserved 1048576K
}

Dll operation events (20 events):
Event: 0.841 Attempting to load shared library C:\Users\ishas\.vscode\extensions\redhat.java-1.56.0-win32-x64\jre\21.0.12.1-win32-x86_64\bin\nio.dll
Event: 0.842 Loaded shared library C:\Users\ishas\.vscode\extensions\redhat.java-1.56.0-win32-x64\jre\21.0.12.1-win32-x86_64\bin\nio.dll
Event: 0.846 Attempting to load shared library C:\Users\ishas\.vscode\extensions\redhat.java-1.56.0-win32-x64\jre\21.0.12.1-win32-x86_64\bin\zip.dll
Event: 0.846 Loaded shared library C:\Users\ishas\.vscode\extensions\redhat.java-1.56.0-win32-x64\jre\21.0.12.1-win32-x86_64\bin\zip.dll
Event: 2.980 Attempting to load shared library C:\Users\ishas\.vscode\extensions\redhat.java-1.56.0-win32-x64\jre\21.0.12.1-win32-x86_64\bin\jimage.dll
Event: 2.980 Loaded shared library C:\Users\ishas\.vscode\extensions\redhat.java-1.56.0-win32-x64\jre\21.0.12.1-win32-x86_64\bin\jimage.dll
Event: 3.496 Attempting to load shared library C:\Users\ishas\.vscode\extensions\redhat.java-1.56.0-win32-x64\jre\21.0.12.1-win32-x86_64\bin\verify.dll
Event: 3.496 Loaded shared library C:\Users\ishas\.vscode\extensions\redhat.java-1.56.0-win32-x64\jre\21.0.12.1-win32-x86_64\bin\verify.dll
Event: 4.029 Attempting to load shared library C:\Users\ishas\.gradle\native\1def1411415f61bf3af743bc5b6707747c0891f09f0c88961ee8f79bc544acac\windows-amd64\native-platform.dll
Event: 4.030 Loaded shared library C:\Users\ishas\.gradle\native\1def1411415f61bf3af743bc5b6707747c0891f09f0c88961ee8f79bc544acac\windows-amd64\native-platform.dll
Event: 4.049 Attempting to load shared library C:\Users\ishas\.gradle\native\0.2.7\x86_64-windows-gnu\gradle-fileevents.dll
Event: 4.050 Loaded shared library C:\Users\ishas\.gradle\native\0.2.7\x86_64-windows-gnu\gradle-fileevents.dll
Event: 15.059 Attempting to load shared library C:\Users\ishas\.vscode\extensions\redhat.java-1.56.0-win32-x64\jre\21.0.12.1-win32-x86_64\bin\management.dll
Event: 15.059 Loaded shared library C:\Users\ishas\.vscode\extensions\redhat.java-1.56.0-win32-x64\jre\21.0.12.1-win32-x86_64\bin\management.dll
Event: 15.062 Attempting to load shared library C:\Users\ishas\.vscode\extensions\redhat.java-1.56.0-win32-x64\jre\21.0.12.1-win32-x86_64\bin\management_ext.dll
Event: 15.063 Loaded shared library C:\Users\ishas\.vscode\extensions\redhat.java-1.56.0-win32-x64\jre\21.0.12.1-win32-x86_64\bin\management_ext.dll
Event: 26.835 Attempting to load shared library C:\Users\ishas\.vscode\extensions\redhat.java-1.56.0-win32-x64\jre\21.0.12.1-win32-x86_64\bin\extnet.dll
Event: 26.835 Loaded shared library C:\Users\ishas\.vscode\extensions\redhat.java-1.56.0-win32-x64\jre\21.0.12.1-win32-x86_64\bin\extnet.dll
Event: 48.782 Attempting to load shared library C:\Users\ishas\.vscode\extensions\redhat.java-1.56.0-win32-x64\jre\21.0.12.1-win32-x86_64\bin\sunmscapi.dll
Event: 48.787 Loaded shared library C:\Users\ishas\.vscode\extensions\redhat.java-1.56.0-win32-x64\jre\21.0.12.1-win32-x86_64\bin\sunmscapi.dll

Deoptimization events (20 events):
Event: 74.610 Thread 0x000001cb88af4a00 Uncommon trap: trap_request=0xffffffc6 fr.pc=0x000001cb35de61b4 relative=0x0000000000001434
Event: 74.610 Thread 0x000001cb88af4a00 Uncommon trap: reason=bimorphic_or_optimized_type_check action=maybe_recompile pc=0x000001cb35de61b4 method=java.io.DataInputStream.readFully([BII)V @ 30 c2
Event: 74.610 Thread 0x000001cb88af4a00 DEOPT PACKING pc=0x000001cb35de61b4 sp=0x00000059ff0fe470
Event: 74.610 Thread 0x000001cb88af4a00 DEOPT UNPACKING pc=0x000001cb35744422 sp=0x00000059ff0fe458 mode 2
Event: 74.610 Thread 0x000001cb88af4a00 Uncommon trap: trap_request=0xffffffc6 fr.pc=0x000001cb35de61b4 relative=0x0000000000001434
Event: 74.610 Thread 0x000001cb88af4a00 Uncommon trap: reason=bimorphic_or_optimized_type_check action=maybe_recompile pc=0x000001cb35de61b4 method=java.io.DataInputStream.readFully([BII)V @ 30 c2
Event: 74.610 Thread 0x000001cb88af4a00 DEOPT PACKING pc=0x000001cb35de61b4 sp=0x00000059ff0fe470
Event: 74.610 Thread 0x000001cb88af4a00 DEOPT UNPACKING pc=0x000001cb35744422 sp=0x00000059ff0fe458 mode 2
Event: 74.610 Thread 0x000001cb88af4a00 Uncommon trap: trap_request=0xffffffc6 fr.pc=0x000001cb35de61b4 relative=0x0000000000001434
Event: 74.610 Thread 0x000001cb88af4a00 Uncommon trap: reason=bimorphic_or_optimized_type_check action=maybe_recompile pc=0x000001cb35de61b4 method=java.io.DataInputStream.readFully([BII)V @ 30 c2
Event: 74.610 Thread 0x000001cb88af4a00 DEOPT PACKING pc=0x000001cb35de61b4 sp=0x00000059ff0fe480
Event: 74.610 Thread 0x000001cb88af4a00 DEOPT UNPACKING pc=0x000001cb35744422 sp=0x00000059ff0fe468 mode 2
Event: 74.618 Thread 0x000001cb88af4a00 Uncommon trap: trap_request=0xffffff45 fr.pc=0x000001cb35de8e94 relative=0x00000000000007b4
Event: 74.618 Thread 0x000001cb88af4a00 Uncommon trap: reason=unstable_if action=reinterpret pc=0x000001cb35de8e94 method=java.io.BufferedOutputStream.write([BII)V @ 4 c2
Event: 74.618 Thread 0x000001cb88af4a00 DEOPT PACKING pc=0x000001cb35de8e94 sp=0x00000059ff0fe840
Event: 74.618 Thread 0x000001cb88af4a00 DEOPT UNPACKING pc=0x000001cb35744422 sp=0x00000059ff0fe810 mode 2
Event: 75.185 Thread 0x000001cb88af3ce0 Uncommon trap: trap_request=0xffffff45 fr.pc=0x000001cb35d8279c relative=0x000000000000017c
Event: 75.185 Thread 0x000001cb88af3ce0 Uncommon trap: reason=unstable_if action=reinterpret pc=0x000001cb35d8279c method=java.util.concurrent.locks.ReentrantLock$NonfairSync.initialTryLock()Z @ 25 c2
Event: 75.185 Thread 0x000001cb88af3ce0 DEOPT PACKING pc=0x000001cb35d8279c sp=0x00000059fecf9c60
Event: 75.185 Thread 0x000001cb88af3ce0 DEOPT UNPACKING pc=0x000001cb35744422 sp=0x00000059fecf9c00 mode 2

Classes loaded (20 events):
Event: 74.659 Loading class java/nio/file/FileTreeWalker
Event: 74.659 Loading class java/nio/file/FileTreeWalker done
Event: 74.660 Loading class java/nio/file/FileTreeWalker$DirectoryNode
Event: 74.660 Loading class java/nio/file/FileTreeWalker$DirectoryNode done
Event: 74.660 Loading class java/nio/file/FileTreeWalker$Event
Event: 74.660 Loading class java/nio/file/FileTreeWalker$Event done
Event: 74.660 Loading class java/nio/file/FileTreeWalker$EventType
Event: 74.661 Loading class java/nio/file/FileTreeWalker$EventType done
Event: 74.661 Loading class java/nio/file/Files$3
Event: 74.661 Loading class java/nio/file/Files$3 done
Event: 74.661 Loading class java/nio/file/FileVisitResult
Event: 74.661 Loading class java/nio/file/FileVisitResult done
Event: 75.073 Loading class java/util/stream/IntStream
Event: 75.074 Loading class java/util/stream/IntStream done
Event: 75.074 Loading class java/util/stream/Streams$RangeIntSpliterator
Event: 75.074 Loading class java/util/stream/Streams$RangeIntSpliterator done
Event: 75.074 Loading class java/util/stream/IntPipeline$Head
Event: 75.074 Loading class java/util/stream/IntPipeline
Event: 75.074 Loading class java/util/stream/IntPipeline done
Event: 75.074 Loading class java/util/stream/IntPipeline$Head done

Classes unloaded (0 events):
No events

Classes redefined (0 events):
No events

Internal exceptions (20 events):
Event: 69.989 Thread 0x000001cb88af3ce0 Exception <a 'java/lang/NoSuchMethodError'{0x00000000a393d6e8}: 'java.lang.Object java.lang.invoke.Invokers$Holder.invoker(java.lang.Object, java.lang.Object, java.lang.Object, java.lang.Object, java.lang.Object, java.lang.Object, java.lang.Object, java.lang.Object, java.lang.Object, java.lang.Object, java.lang.Object, java.lang.Object, java.lang.Object, java.lang.Object, java.lang.Object, java.lang.Object, java.lang.Object, java.lang.Object, java.lang.Object, java.lang.Object, java.lang.Object, java.lang.
Event: 69.994 Thread 0x000001cb88af3ce0 Exception <a 'java/lang/NoSuchMethodError'{0x00000000a3943a68}: 'java.lang.Object java.lang.invoke.DelegatingMethodHandle$Holder.delegate(java.lang.Object, java.lang.Object, java.lang.Object, java.lang.Object, java.lang.Object, java.lang.Object, java.lang.Object, java.lang.Object, java.lang.Object, java.lang.Object, java.lang.Object, java.lang.Object, java.lang.Object, java.lang.Object, java.lang.Object, java.lang.Object, java.lang.Object, java.lang.Object, java.lang.Object, java.lang.Object, java.lang.Obj
Event: 70.042 Thread 0x000001cb88af3ce0 Exception <a 'java/lang/NoSuchMethodError'{0x00000000a3779ed8}: 'java.lang.Object java.lang.invoke.DirectMethodHandle$Holder.invokeStaticInit(java.lang.Object, java.lang.Object, java.lang.Object, java.lang.Object)'> (0x00000000a3779ed8) 
thrown [s\src\hotspot\share\interpreter\linkResolver.cpp, line 773]
Event: 70.075 Thread 0x000001cb88af3ce0 Exception <a 'java/lang/NoSuchMethodError'{0x00000000a354f218}: 'java.lang.Object java.lang.invoke.DirectMethodHandle$Holder.newInvokeSpecial(java.lang.Object, java.lang.Object, java.lang.Object, java.lang.Object, java.lang.Object, java.lang.Object, java.lang.Object, java.lang.Object)'> (0x00000000a354f218) 
thrown [s\src\hotspot\share\interpreter\linkResolver.cpp, line 773]
Event: 70.120 Thread 0x000001cb88af3ce0 Exception <a 'java/lang/IncompatibleClassChangeError'{0x00000000a34927e0}: Found class java.lang.Object, but interface was expected> (0x00000000a34927e0) 
thrown [s\src\hotspot\share\interpreter\linkResolver.cpp, line 840]
Event: 70.144 Thread 0x000001cb88af3ce0 Exception <a 'java/lang/NoSuchMethodError'{0x00000000a330c490}: 'java.lang.Object java.lang.invoke.DirectMethodHandle$Holder.invokeVirtual(java.lang.Object, java.lang.Object, java.lang.Object, java.lang.Object, java.lang.Object, java.lang.Object, java.lang.Object, java.lang.Object, java.lang.Object, java.lang.Object, java.lang.Object, java.lang.Object, java.lang.Object)'> (0x00000000a330c490) 
thrown [s\src\hotspot\share\interpreter\linkResolver.cpp, line 773]
Event: 70.144 Thread 0x000001cb88af3ce0 Exception <a 'java/lang/NoSuchMethodError'{0x00000000a33116c8}: 'java.lang.Object java.lang.invoke.DirectMethodHandle$Holder.invokeSpecial(java.lang.Object, java.lang.Object, java.lang.Object, java.lang.Object, java.lang.Object, java.lang.Object, java.lang.Object, java.lang.Object, java.lang.Object, java.lang.Object, java.lang.Object, java.lang.Object, java.lang.Object, java.lang.Object)'> (0x00000000a33116c8) 
thrown [s\src\hotspot\share\interpreter\linkResolver.cpp, line 773]
Event: 70.145 Thread 0x000001cb88af3ce0 Exception <a 'java/lang/NoSuchMethodError'{0x00000000a3316418}: 'java.lang.Object java.lang.invoke.DelegatingMethodHandle$Holder.reinvoke_L(java.lang.Object, java.lang.Object, java.lang.Object, java.lang.Object, java.lang.Object, java.lang.Object, java.lang.Object, java.lang.Object, java.lang.Object, java.lang.Object, java.lang.Object, java.lang.Object, java.lang.Object)'> (0x00000000a3316418) 
thrown [s\src\hotspot\share\interpreter\linkResolver.cpp, line 773]
Event: 70.202 Thread 0x000001cb88af3ce0 Exception <a 'java/lang/NoSuchMethodError'{0x00000000a32d3b18}: 'void java.lang.invoke.DirectMethodHandle$Holder.invokeStaticInit(java.lang.Object, java.lang.Object)'> (0x00000000a32d3b18) 
thrown [s\src\hotspot\share\interpreter\linkResolver.cpp, line 773]
Event: 71.610 Thread 0x000001cb88af3ce0 Exception <a 'java/lang/NoSuchMethodError'{0x00000000a2d31818}: 'java.lang.Object java.lang.invoke.DirectMethodHandle$Holder.newInvokeSpecial(java.lang.Object, java.lang.Object, java.lang.Object, java.lang.Object, java.lang.Object, java.lang.Object, java.lang.Object, java.lang.Object, java.lang.Object)'> (0x00000000a2d31818) 
thrown [s\src\hotspot\share\interpreter\linkResolver.cpp, line 773]
Event: 72.128 Thread 0x000001cb88af3ce0 Exception <a 'java/lang/NoSuchMethodError'{0x00000000a2a2ab50}: 'int java.lang.invoke.DirectMethodHandle$Holder.invokeVirtual(java.lang.Object, java.lang.Object)'> (0x00000000a2a2ab50) 
thrown [s\src\hotspot\share\interpreter\linkResolver.cpp, line 773]
Event: 72.268 Thread 0x000001cb88af3ce0 Exception <a 'java/lang/NoSuchMethodError'{0x00000000a28fe668}: 'void java.lang.invoke.DirectMethodHandle$Holder.invokeInterface(java.lang.Object, java.lang.Object, java.lang.Object, java.lang.Object, java.lang.Object)'> (0x00000000a28fe668) 
thrown [s\src\hotspot\share\interpreter\linkResolver.cpp, line 773]
Event: 72.284 Thread 0x000001cb88af3ce0 Exception <a 'java/lang/NoSuchMethodError'{0x00000000a2742ba8}: 'void java.lang.invoke.DirectMethodHandle$Holder.invokeStatic(java.lang.Object, java.lang.Object, java.lang.Object, java.lang.Object, java.lang.Object, java.lang.Object)'> (0x00000000a2742ba8) 
thrown [s\src\hotspot\share\interpreter\linkResolver.cpp, line 773]
Event: 73.525 Thread 0x000001cb88af3ce0 Exception <a 'java/lang/IncompatibleClassChangeError'{0x00000000afb73708}: Found class java.lang.Object, but interface was expected> (0x00000000afb73708) 
thrown [s\src\hotspot\share\interpreter\linkResolver.cpp, line 840]
Event: 74.609 Thread 0x000001cb88af3ce0 Exception <a 'java/lang/NoSuchMethodError'{0x00000000a9ed9af8}: 'java.lang.Object java.lang.invoke.DirectMethodHandle$Holder.newInvokeSpecial(java.lang.Object, java.lang.Object, long)'> (0x00000000a9ed9af8) 
thrown [s\src\hotspot\share\interpreter\linkResolver.cpp, line 773]
Event: 74.610 Thread 0x000001cb88af4a00 Implicit null exception at 0x000001cb35e06b61 to 0x000001cb35e07198
Event: 74.618 Thread 0x000001cb88af4a00 Implicit null exception at 0x000001cb35de872e to 0x000001cb35de8e6c
Event: 74.640 Thread 0x000001cb88af3ce0 Exception <a 'java/lang/NoSuchMethodError'{0x00000000a9eddea0}: 'java.lang.Object java.lang.invoke.Invokers$Holder.linkToTargetMethod(java.lang.Object, long, java.lang.Object)'> (0x00000000a9eddea0) 
thrown [s\src\hotspot\share\interpreter\linkResolver.cpp, line 773]
Event: 75.058 Thread 0x000001cb88af3ce0 Exception <a 'java/lang/NoSuchMethodError'{0x00000000a9ce50c0}: 'int java.lang.invoke.DirectMethodHandle$Holder.invokeInterface(java.lang.Object, java.lang.Object)'> (0x00000000a9ce50c0) 
thrown [s\src\hotspot\share\interpreter\linkResolver.cpp, line 773]
Event: 75.070 Thread 0x000001cb88af3ce0 Exception <a 'java/lang/NoSuchMethodError'{0x00000000a9b6f930}: 'java.lang.Object java.lang.invoke.DirectMethodHandle$Holder.invokeVirtual(java.lang.Object, java.lang.Object, int)'> (0x00000000a9b6f930) 
thrown [s\src\hotspot\share\interpreter\linkResolver.cpp, line 773]

ZGC Phase Switch (0 events):
No events

VM Operations (20 events):
Event: 115.002 Executing safepoint VM operation: Cleanup
Event: 115.002 Executing safepoint VM operation: Cleanup done
Event: 116.006 Executing safepoint VM operation: Cleanup
Event: 116.006 Executing safepoint VM operation: Cleanup done
Event: 117.018 Executing safepoint VM operation: Cleanup
Event: 117.018 Executing safepoint VM operation: Cleanup done
Event: 120.392 Executing non-safepoint VM operation: HandshakeAllThreads (HandshakeForDeflation)
Event: 120.392 Executing non-safepoint VM operation: HandshakeAllThreads (HandshakeForDeflation) done
Event: 120.394 Executing non-safepoint VM operation: RendezvousGCThreads
Event: 120.394 Executing non-safepoint VM operation: RendezvousGCThreads done
Event: 130.490 Executing safepoint VM operation: Cleanup
Event: 130.490 Executing safepoint VM operation: Cleanup done
Event: 135.533 Executing safepoint VM operation: Cleanup
Event: 135.579 Executing safepoint VM operation: Cleanup done
Event: 141.628 Executing safepoint VM operation: Cleanup
Event: 141.628 Executing safepoint VM operation: Cleanup done
Event: 142.631 Executing safepoint VM operation: Cleanup
Event: 142.631 Executing safepoint VM operation: Cleanup done
Event: 155.705 Executing safepoint VM operation: Cleanup
Event: 155.784 Executing safepoint VM operation: Cleanup done

Memory protections (0 events):
No events

Nmethod flushes (0 events):
No events

Events (20 events):
Event: 35.118 Thread 0x000001cb88af5f30 Thread exited: 0x000001cb88af5f30
Event: 35.311 Thread 0x000001cb296ce800 Thread added: 0x000001cb894a4a70
Event: 48.805 Thread 0x000001cb429b04b0 Thread added: 0x000001cb88af4ac0
Event: 48.865 Thread 0x000001cb42a5e440 Thread added: 0x000001cb88a5e430
Event: 48.881 Thread 0x000001cb88a5e430 Thread added: 0x000001cb8800ecd0
Event: 48.930 Thread 0x000001cb88af4ac0 Thread exited: 0x000001cb88af4ac0
Event: 48.936 Thread 0x000001cb88a5e430 Thread added: 0x000001cb88af4370
Event: 50.661 Thread 0x000001cb88a5e430 Thread added: 0x000001cb88af3ce0
Event: 50.872 Thread 0x000001cb88af3ce0 Thread added: 0x000001cb88af5db0
Event: 50.877 Thread 0x000001cb88af3ce0 Thread added: 0x000001cb88af6440
Event: 50.879 Thread 0x000001cb88af3ce0 Thread added: 0x000001cb88af3650
Event: 55.658 Thread 0x000001cb88af3ce0 Thread added: 0x000001cb88af4a00
Event: 55.772 Thread 0x000001cb88af3ce0 Thread added: 0x000001cb88af5090
Event: 56.025 Thread 0x000001cb88af3ce0 Thread added: 0x000001cb88af5720
Event: 57.085 Thread 0x000001cb88af5090 Thread added: 0x000001cb88af6ad0
Event: 69.648 Thread 0x000001cb88af3ce0 Thread added: 0x000001cb8a07b410
Event: 69.946 Thread 0x000001cb88af3ce0 Thread added: 0x000001cb8a07baa0
Event: 72.019 Thread 0x000001cb88af3ce0 Thread added: 0x000001cb8a07c130
Event: 72.127 Thread 0x000001cb88af3ce0 Thread added: 0x000001cb8a07d4e0
Event: 135.096 Thread 0x000001cb88af6ad0 Thread exited: 0x000001cb88af6ad0


Dynamic libraries:
0x00007ff620c60000 - 0x00007ff620c6e000 	C:\Users\ishas\.vscode\extensions\redhat.java-1.56.0-win32-x64\jre\21.0.12.1-win32-x86_64\bin\java.exe
0x00007ffa2e940000 - 0x00007ffa2eba7000 	C:\Windows\SYSTEM32\ntdll.dll
0x00007ffa2cfe0000 - 0x00007ffa2d0ab000 	C:\Windows\System32\KERNEL32.DLL
0x00007ffa2bc00000 - 0x00007ffa2c002000 	C:\Windows\System32\KERNELBASE.dll
0x00007ffa2c1d0000 - 0x00007ffa2c31c000 	C:\Windows\System32\ucrtbase.dll
0x00007ff9e20b0000 - 0x00007ff9e20ce000 	C:\Users\ishas\.vscode\extensions\redhat.java-1.56.0-win32-x64\jre\21.0.12.1-win32-x86_64\bin\VCRUNTIME140.dll
0x00007ff9fa4a0000 - 0x00007ff9fa4b8000 	C:\Users\ishas\.vscode\extensions\redhat.java-1.56.0-win32-x64\jre\21.0.12.1-win32-x86_64\bin\jli.dll
0x00007ffa2e190000 - 0x00007ffa2e35f000 	C:\Windows\System32\USER32.dll
0x00007ffa148b0000 - 0x00007ffa14b40000 	C:\Windows\WinSxS\amd64_microsoft.windows.common-controls_6595b64144ccf1df_6.0.26100.9278_none_3e0d1ba8e3303201\COMCTL32.dll
0x00007ffa2c1a0000 - 0x00007ffa2c1c7000 	C:\Windows\System32\win32u.dll
0x00007ffa2ca50000 - 0x00007ffa2ca7b000 	C:\Windows\System32\GDI32.dll
0x00007ffa2c530000 - 0x00007ffa2c659000 	C:\Windows\System32\gdi32full.dll
0x00007ffa2c480000 - 0x00007ffa2c523000 	C:\Windows\System32\msvcp_win.dll
0x00007ffa2d9e0000 - 0x00007ffa2da89000 	C:\Windows\System32\msvcrt.dll
0x00007ffa2ca10000 - 0x00007ffa2ca41000 	C:\Windows\System32\IMM32.DLL
0x00007ffa23480000 - 0x00007ffa2348c000 	C:\Users\ishas\.vscode\extensions\redhat.java-1.56.0-win32-x64\jre\21.0.12.1-win32-x86_64\bin\vcruntime140_1.dll
0x00007ff99de70000 - 0x00007ff99defd000 	C:\Users\ishas\.vscode\extensions\redhat.java-1.56.0-win32-x64\jre\21.0.12.1-win32-x86_64\bin\msvcp140.dll
0x00007ff932e40000 - 0x00007ff933be2000 	C:\Users\ishas\.vscode\extensions\redhat.java-1.56.0-win32-x64\jre\21.0.12.1-win32-x86_64\bin\server\jvm.dll
0x00007ffa2ca80000 - 0x00007ffa2cb3c000 	C:\Windows\System32\ADVAPI32.dll
0x00007ffa2dbe0000 - 0x00007ffa2dc89000 	C:\Windows\System32\sechost.dll
0x00007ffa2df60000 - 0x00007ffa2e078000 	C:\Windows\System32\RPCRT4.dll
0x00007ffa2ded0000 - 0x00007ffa2df50000 	C:\Windows\System32\WS2_32.dll
0x00007ffa2b9a0000 - 0x00007ffa2b9fe000 	C:\Windows\SYSTEM32\POWRPROF.dll
0x00007ffa16280000 - 0x00007ffa1628b000 	C:\Windows\SYSTEM32\VERSION.dll
0x00007ffa23860000 - 0x00007ffa23896000 	C:\Windows\SYSTEM32\WINMM.dll
0x00007ffa2b980000 - 0x00007ffa2b995000 	C:\Windows\SYSTEM32\UMPDC.dll
0x00007ffa2a810000 - 0x00007ffa2a82b000 	C:\Windows\SYSTEM32\kernel.appcore.dll
0x00007ffa0f940000 - 0x00007ffa0f94a000 	C:\Users\ishas\.vscode\extensions\redhat.java-1.56.0-win32-x64\jre\21.0.12.1-win32-x86_64\bin\jimage.dll
0x00007ffa28fe0000 - 0x00007ffa2922c000 	C:\Windows\SYSTEM32\DBGHELP.DLL
0x00007ffa2c680000 - 0x00007ffa2ca05000 	C:\Windows\System32\combase.dll
0x00007ffa2dc90000 - 0x00007ffa2dd69000 	C:\Windows\System32\OLEAUT32.dll
0x00007ffa23820000 - 0x00007ffa2385b000 	C:\Windows\SYSTEM32\dbgcore.DLL
0x00007ffa2c330000 - 0x00007ffa2c3dc000 	C:\Windows\System32\bcryptPrimitives.dll
0x00007ffa16750000 - 0x00007ffa1675f000 	C:\Users\ishas\.vscode\extensions\redhat.java-1.56.0-win32-x64\jre\21.0.12.1-win32-x86_64\bin\instrument.dll
0x00007ff9e2090000 - 0x00007ff9e20b0000 	C:\Users\ishas\.vscode\extensions\redhat.java-1.56.0-win32-x64\jre\21.0.12.1-win32-x86_64\bin\java.dll
0x00007ffa2d160000 - 0x00007ffa2d8f8000 	C:\Windows\System32\SHELL32.dll
0x00007ffa29570000 - 0x00007ffa29e1e000 	C:\Windows\SYSTEM32\windows.storage.dll
0x00007ffa2da90000 - 0x00007ffa2db8b000 	C:\Windows\System32\SHCORE.dll
0x00007ffa2e470000 - 0x00007ffa2e4d6000 	C:\Windows\System32\shlwapi.dll
0x00007ffa2ba60000 - 0x00007ffa2ba89000 	C:\Windows\SYSTEM32\profapi.dll
0x00007ff9df1d0000 - 0x00007ff9df1e8000 	C:\Users\ishas\.vscode\extensions\redhat.java-1.56.0-win32-x64\jre\21.0.12.1-win32-x86_64\bin\zip.dll
0x00007ffa0f870000 - 0x00007ffa0f880000 	C:\Users\ishas\.vscode\extensions\redhat.java-1.56.0-win32-x64\jre\21.0.12.1-win32-x86_64\bin\net.dll
0x00007ffa1a330000 - 0x00007ffa1a45a000 	C:\Windows\SYSTEM32\WINHTTP.dll
0x00007ffa2add0000 - 0x00007ffa2ae3c000 	C:\Windows\system32\mswsock.dll
0x00007ff9fa4d0000 - 0x00007ff9fa4e6000 	C:\Users\ishas\.vscode\extensions\redhat.java-1.56.0-win32-x64\jre\21.0.12.1-win32-x86_64\bin\nio.dll
0x00007ffa16040000 - 0x00007ffa16050000 	C:\Users\ishas\.vscode\extensions\redhat.java-1.56.0-win32-x64\jre\21.0.12.1-win32-x86_64\bin\verify.dll
0x00007ff9e91a0000 - 0x00007ff9e91c7000 	C:\Users\ishas\.gradle\native\1def1411415f61bf3af743bc5b6707747c0891f09f0c88961ee8f79bc544acac\windows-amd64\native-platform.dll
0x00007ff9b5450000 - 0x00007ff9b54c8000 	C:\Users\ishas\.gradle\native\0.2.7\x86_64-windows-gnu\gradle-fileevents.dll
0x00007ffa23580000 - 0x00007ffa2358a000 	C:\Users\ishas\.vscode\extensions\redhat.java-1.56.0-win32-x64\jre\21.0.12.1-win32-x86_64\bin\management.dll
0x00007ffa23570000 - 0x00007ffa2357c000 	C:\Users\ishas\.vscode\extensions\redhat.java-1.56.0-win32-x64\jre\21.0.12.1-win32-x86_64\bin\management_ext.dll
0x00007ffa2c660000 - 0x00007ffa2c668000 	C:\Windows\System32\PSAPI.DLL
0x00007ffa2a240000 - 0x00007ffa2a273000 	C:\Windows\SYSTEM32\IPHLPAPI.DLL
0x00007ffa2c670000 - 0x00007ffa2c67a000 	C:\Windows\System32\NSI.dll
0x00007ffa23560000 - 0x00007ffa23569000 	C:\Users\ishas\.vscode\extensions\redhat.java-1.56.0-win32-x64\jre\21.0.12.1-win32-x86_64\bin\extnet.dll
0x00007ffa2b0c0000 - 0x00007ffa2b0db000 	C:\Windows\SYSTEM32\CRYPTSP.dll
0x00007ffa2a770000 - 0x00007ffa2a7a9000 	C:\Windows\system32\rsaenh.dll
0x00007ffa2ae80000 - 0x00007ffa2aeb4000 	C:\Windows\SYSTEM32\USERENV.dll
0x00007ffa2ba30000 - 0x00007ffa2ba5a000 	C:\Windows\SYSTEM32\bcrypt.dll
0x00007ffa2b0e0000 - 0x00007ffa2b0ec000 	C:\Windows\SYSTEM32\CRYPTBASE.dll
0x00007ffa23550000 - 0x00007ffa2355e000 	C:\Users\ishas\.vscode\extensions\redhat.java-1.56.0-win32-x64\jre\21.0.12.1-win32-x86_64\bin\sunmscapi.dll
0x00007ffa2c010000 - 0x00007ffa2c18e000 	C:\Windows\System32\CRYPT32.dll
0x00007ffa2b300000 - 0x00007ffa2b330000 	C:\Windows\SYSTEM32\ncrypt.dll
0x00007ffa2b2b0000 - 0x00007ffa2b2ef000 	C:\Windows\SYSTEM32\NTASN1.dll
0x00007ffa0d950000 - 0x00007ffa0d958000 	C:\Windows\system32\wshunix.dll

JVMTI agents:
C:\Users\ishas\.gradle\wrapper\dists\gradle-8.14.3-all\10utluxaxniiv4wxiphsi49nj\gradle-8.14.3\lib\agents\gradle-instrumentation-agent-8.14.3.jar path:C:\Users\ishas\.vscode\extensions\redhat.java-1.56.0-win32-x64\jre\21.0.12.1-win32-x86_64\bin\instrument.dll, loaded, initialized, instrumentlib options:none

dbghelp: loaded successfully - version: 4.0.5 - missing functions: none
symbol engine: initialized successfully - sym options: 0x614 - pdb path: .;C:\Users\ishas\.vscode\extensions\redhat.java-1.56.0-win32-x64\jre\21.0.12.1-win32-x86_64\bin;C:\Windows\SYSTEM32;C:\Windows\WinSxS\amd64_microsoft.windows.common-controls_6595b64144ccf1df_6.0.26100.9278_none_3e0d1ba8e3303201;C:\Users\ishas\.vscode\extensions\redhat.java-1.56.0-win32-x64\jre\21.0.12.1-win32-x86_64\bin\server;C:\Users\ishas\.gradle\native\1def1411415f61bf3af743bc5b6707747c0891f09f0c88961ee8f79bc544acac\windows-amd64;C:\Users\ishas\.gradle\native\0.2.7\x86_64-windows-gnu

VM Arguments:
jvm_args: --add-opens=java.base/java.lang=ALL-UNNAMED --add-opens=java.base/java.lang.invoke=ALL-UNNAMED --add-opens=java.base/java.util=ALL-UNNAMED --add-opens=java.prefs/java.util.prefs=ALL-UNNAMED --add-exports=jdk.compiler/com.sun.tools.javac.api=ALL-UNNAMED --add-exports=jdk.compiler/com.sun.tools.javac.util=ALL-UNNAMED --add-opens=java.base/java.util=ALL-UNNAMED --add-opens=java.prefs/java.util.prefs=ALL-UNNAMED --add-opens=java.base/java.nio.charset=ALL-UNNAMED --add-opens=java.base/java.net=ALL-UNNAMED --add-opens=java.base/java.util.concurrent.atomic=ALL-UNNAMED --add-opens=java.xml/javax.xml.namespace=ALL-UNNAMED -Xmx1536m -Dfile.encoding=UTF-8 -Duser.country=IN -Duser.language=en -Duser.variant -javaagent:C:\Users\ishas\.gradle\wrapper\dists\gradle-8.14.3-all\10utluxaxniiv4wxiphsi49nj\gradle-8.14.3\lib\agents\gradle-instrumentation-agent-8.14.3.jar 
java_command: org.gradle.launcher.daemon.bootstrap.GradleDaemon 8.14.3
java_class_path (initial): C:\Users\ishas\.gradle\wrapper\dists\gradle-8.14.3-all\10utluxaxniiv4wxiphsi49nj\gradle-8.14.3\lib\gradle-daemon-main-8.14.3.jar
Launcher Type: SUN_STANDARD

[Global flags]
     intx CICompilerCount                          = 4                                         {product} {ergonomic}
     uint ConcGCThreads                            = 3                                         {product} {ergonomic}
     uint G1ConcRefinementThreads                  = 10                                        {product} {ergonomic}
   size_t G1HeapRegionSize                         = 1048576                                   {product} {ergonomic}
    uintx GCDrainStackTargetSize                   = 64                                        {product} {ergonomic}
   size_t InitialHeapSize                          = 264241152                                 {product} {ergonomic}
   size_t MarkStackSize                            = 4194304                                   {product} {ergonomic}
   size_t MaxHeapSize                              = 1610612736                                {product} {command line}
   size_t MaxNewSize                               = 965738496                                 {product} {ergonomic}
   size_t MinHeapDeltaBytes                        = 1048576                                   {product} {ergonomic}
   size_t MinHeapSize                              = 8388608                                   {product} {ergonomic}
    uintx NonNMethodCodeHeapSize                   = 5839372                                {pd product} {ergonomic}
    uintx NonProfiledCodeHeapSize                  = 122909434                              {pd product} {ergonomic}
    uintx ProfiledCodeHeapSize                     = 122909434                              {pd product} {ergonomic}
    uintx ReservedCodeCacheSize                    = 251658240                              {pd product} {ergonomic}
     bool SegmentedCodeCache                       = true                                      {product} {ergonomic}
   size_t SoftMaxHeapSize                          = 1610612736                             {manageable} {ergonomic}
     bool UseCompressedOops                        = true                           {product lp64_product} {ergonomic}
     bool UseG1GC                                  = true                                      {product} {ergonomic}
     bool UseLargePagesIndividualAllocation        = false                                  {pd product} {ergonomic}

Logging:
Log output configuration:
 #0: stdout all=warning uptime,level,tags foldmultilines=false
 #1: stderr all=off uptime,level,tags foldmultilines=false

Release file:
JAVA_VERSION="21.0.12.1" 
MODULES="java.base java.compiler java.datatransfer java.xml java.prefs java.desktop java.instrument java.logging java.management java.security.sasl java.naming java.rmi java.management.rmi java.net.http java.scripting java.security.jgss java.transaction.xa java.sql java.sql.rowset java.xml.crypto java.se java.smartcardio jdk.accessibility jdk.internal.jvmstat jdk.attach jdk.charsets jdk.internal.opt jdk.zipfs jdk.compiler jdk.crypto.ec jdk.crypto.cryptoki jdk.crypto.mscapi jdk.dynalink jdk.internal.ed jdk.editpad jdk.hotspot.agent jdk.httpserver jdk.internal.le jdk.internal.vm.ci jdk.internal.vm.compiler jdk.internal.vm.compiler.management jdk.jartool jdk.javadoc jdk.jcmd jdk.management jdk.management.agent jdk.jconsole jdk.jdeps jdk.jdwp.agent jdk.jdi jdk.jfr jdk.jshell jdk.jsobject jdk.jstatd jdk.localedata jdk.management.jfr jdk.naming.dns jdk.naming.rmi jdk.net jdk.nio.mapmode jdk.random jdk.sctp jdk.security.auth jdk.security.jgss jdk.unsupported jdk.unsupported.desktop jdk.xml.dom" 

Environment Variables:
PATH=C:\Program Files\Microsoft\jdk-21.0.12.101-hotspot\bin;C:\Program Files\Microsoft\jdk-17.0.12.7-hotspot\bin;C:\Program Files\Eclipse Adoptium\jdk-17.0.17.10-hotspot\bin;C:\Windows\system32;C:\Windows;C:\Windows\System32\Wbem;C:\Windows\System32\WindowsPowerShell\v1.0\;C:\Windows\System32\OpenSSH\;C:\Program Files\nodejs\;C:\Users\ishas\Downloads\apache-maven-3.9.11-bin\apache-maven-3.9.11\bin;C:\Users\ishas\Downloads\apache-maven-3.9.11-bin\apache-maven-3.9.11\bin;C:\Program Files\MySQL\MySQL Server 8.0\bin;C:\Users\ishas\AppData\Local\Programs\Python\Python313;C:\Program Files\Git\cmd;C:\Users\ishas\AppData\Local\Programs\Python\Launcher\;C:\Program Files\MySQL\MySQL Shell 8.0\bin\;C:\Users\ishas\AppData\Local\Microsoft\WindowsApps;C:\Users\ishas\AppData\Local\Programs\Microsoft VS Code\bin;C:\Users\ishas\AppData\Roaming\npm
USERNAME=ishas
OS=Windows_NT
PROCESSOR_IDENTIFIER=Intel64 Family 6 Model 186 Stepping 2, GenuineIntel
TMP=C:\Users\ishas\AppData\Local\Temp
TEMP=C:\Users\ishas\AppData\Local\Temp




Periodic native trim disabled

---------------  S Y S T E M  ---------------

OS:
 Windows 11 , 64 bit Build 26100 (10.0.26100.9444)
OS uptime: 0 days 0:21 hours
Hyper-V role detected

CPU: total 12 (initial active 12) (6 cores per cpu, 2 threads per core) family 6 model 186 stepping 2 microcode 0x4122, cx8, cmov, fxsr, ht, mmx, 3dnowpref, sse, sse2, sse3, ssse3, sse4.1, sse4.2, popcnt, lzcnt, tsc, tscinvbit, avx, avx2, aes, erms, clmul, bmi1, bmi2, adx, sha, fma, vzeroupper, clflush, clflushopt, clwb, hv, serialize, rdtscp, rdpid, fsrm, f16c, cet_ibt, cet_ss
Processor Information for the first 12 processors :
  Max Mhz: 2100, Current Mhz: 2100, Mhz Limit: 2100

Memory: 4k page, system-wide physical 16076M (687M free)
TotalPageFile size 65228M (AvailPageFile size 714M)
current process WorkingSet (physical memory assigned to process): 29M, peak: 173M
current process commit charge ("private bytes"): 233M, peak: 414M

vm_info: OpenJDK 64-Bit Server VM (21.0.12.1+1-LTS) for windows-amd64 JRE (21.0.12.1+1-LTS), built on 2026-08-18T00:00:00Z by "admin" with MS VC++ 17.12 (VS2022)

END.
