#
# There is insufficient memory for the Java Runtime Environment to continue.
# Native memory allocation (malloc) failed to allocate 839360 bytes. Error detail: Chunk::new
# Possible reasons:
#   The system is out of physical RAM or swap space
#   This process is running with CompressedOops enabled, and the Java Heap may be blocking the growth of the native heap
# Possible solutions:
#   Reduce memory load on the system
#   Increase physical memory or swap space
#   Check if swap backing store is full
#   Decrease Java heap size (-Xmx/-Xms)
#   Decrease number of Java threads
#   Decrease Java thread stack sizes (-Xss)
#   Set larger code cache with -XX:ReservedCodeCacheSize=
#   JVM is running with Unscaled Compressed Oops mode in which the Java heap is
#     placed in the first 4GB address space. The Java Heap base address is the
#     maximum limit for the native heap growth. Please use -XX:HeapBaseMinAddress
#     to set the Java Heap base and to place the Java Heap above 4GB virtual address.
# This output file may be truncated or incomplete.
#
#  Out of Memory Error (arena.cpp:168), pid=42188, tid=42480
#
# JRE version: OpenJDK Runtime Environment Temurin-21.0.12.1+1 (21.0.12.1+1) (build 21.0.12.1+1-LTS)
# Java VM: OpenJDK 64-Bit Server VM Temurin-21.0.12.1+1 (21.0.12.1+1-LTS, mixed mode, sharing, tiered, compressed oops, compressed class ptrs, g1 gc, windows-amd64)
# No core dump will be written. Minidumps are not enabled by default on client versions of Windows
#

---------------  S U M M A R Y ------------

Command Line: --add-opens=java.base/java.lang=ALL-UNNAMED --add-opens=java.base/java.lang.invoke=ALL-UNNAMED --add-opens=java.base/java.util=ALL-UNNAMED --add-opens=java.prefs/java.util.prefs=ALL-UNNAMED --add-exports=jdk.compiler/com.sun.tools.javac.api=ALL-UNNAMED --add-exports=jdk.compiler/com.sun.tools.javac.util=ALL-UNNAMED --add-opens=java.base/java.util=ALL-UNNAMED --add-opens=java.prefs/java.util.prefs=ALL-UNNAMED --add-opens=java.base/java.nio.charset=ALL-UNNAMED --add-opens=java.base/java.net=ALL-UNNAMED --add-opens=java.base/java.util.concurrent.atomic=ALL-UNNAMED --add-opens=java.xml/javax.xml.namespace=ALL-UNNAMED -Xmx1536m -Dfile.encoding=UTF-8 -Duser.country=IN -Duser.language=en -Duser.variant -javaagent:C:\Users\ishas\.gradle\wrapper\dists\gradle-8.14.3-all\10utluxaxniiv4wxiphsi49nj\gradle-8.14.3\lib\agents\gradle-instrumentation-agent-8.14.3.jar org.gradle.launcher.daemon.bootstrap.GradleDaemon 8.14.3

Host: 13th Gen Intel(R) Core(TM) i5-13420H, 12 cores, 15G,  Windows 11 , 64 bit Build 26100 (10.0.26100.9444)
Time: Mon Sep 14 17:54:06 2026 India Standard Time elapsed time: 542.262983 seconds (0d 0h 9m 2s)

---------------  T H R E A D  ---------------

Current thread (0x000001c2f377ed90):  JavaThread "C2 CompilerThread0" daemon [_thread_in_native, id=42480, stack(0x0000007edbd00000,0x0000007edbe00000) (1024K)]


Current CompileTask:
C2:542263 4212   !   4       sun.nio.ch.FileChannelImpl::tryLock (253 bytes)

Stack: [0x0000007edbd00000,0x0000007edbe00000]
Native frames: (J=compiled Java code, j=interpreted, Vv=VM code, C=native code)
V  [jvm.dll+0x6d83e9]
V  [jvm.dll+0x8b5736]
V  [jvm.dll+0x8b7cee]
V  [jvm.dll+0x8b83d3]
V  [jvm.dll+0x284596]
V  [jvm.dll+0xc685d]
V  [jvm.dll+0xc6da1]
V  [jvm.dll+0x3bf18b]
V  [jvm.dll+0x1e4149]
V  [jvm.dll+0x24c853]
V  [jvm.dll+0x24bce0]
V  [jvm.dll+0x1cb4ae]
V  [jvm.dll+0x25baad]
V  [jvm.dll+0x25a03a]
V  [jvm.dll+0x3f8aae]
V  [jvm.dll+0x8600cd]
V  [jvm.dll+0x6d6c1d]
C  [ucrtbase.dll+0x2cd30]
C  [KERNEL32.DLL+0x2cd87]
C  [ntdll.dll+0xacaec]


---------------  P R O C E S S  ---------------

Threads class SMR info:
_java_thread_list=0x000001c2f91e2240, length=28, elements={
0x000001c2dc54f360, 0x000001c2f3772650, 0x000001c2f3773ed0, 0x000001c2f3779b70,
0x000001c2f377a5d0, 0x000001c2f377d210, 0x000001c2f377e000, 0x000001c2f377ed90,
0x000001c2f3780550, 0x000001c2f391e4c0, 0x000001c2f3925460, 0x000001c2f395c930,
0x000001c2f923fa60, 0x000001c2f940b540, 0x000001c2f93a3fc0, 0x000001c2f8a2cc90,
0x000001c2f94b1b00, 0x000001c2f8845240, 0x000001c2f88465f0, 0x000001c2f88458d0,
0x000001c2f8845f60, 0x000001c2f8846c80, 0x000001c2f8843800, 0x000001c2f8843e90,
0x000001c2f9e6a0d0, 0x000001c2f9e68d20, 0x000001c2f9e6a760, 0x000001c2f9e69a40
}

Java Threads: ( => current thread )
  0x000001c2dc54f360 JavaThread "main"                              [_thread_blocked, id=42332, stack(0x0000007edaf00000,0x0000007edb000000) (1024K)]
  0x000001c2f3772650 JavaThread "Reference Handler"          daemon [_thread_blocked, id=42436, stack(0x0000007edb700000,0x0000007edb800000) (1024K)]
  0x000001c2f3773ed0 JavaThread "Finalizer"                  daemon [_thread_blocked, id=42440, stack(0x0000007edb800000,0x0000007edb900000) (1024K)]
  0x000001c2f3779b70 JavaThread "Signal Dispatcher"          daemon [_thread_blocked, id=42444, stack(0x0000007edb900000,0x0000007edba00000) (1024K)]
  0x000001c2f377a5d0 JavaThread "Attach Listener"            daemon [_thread_blocked, id=42448, stack(0x0000007edba00000,0x0000007edbb00000) (1024K)]
  0x000001c2f377d210 JavaThread "Service Thread"             daemon [_thread_blocked, id=42472, stack(0x0000007edbb00000,0x0000007edbc00000) (1024K)]
  0x000001c2f377e000 JavaThread "Monitor Deflation Thread"   daemon [_thread_blocked, id=42476, stack(0x0000007edbc00000,0x0000007edbd00000) (1024K)]
=>0x000001c2f377ed90 JavaThread "C2 CompilerThread0"         daemon [_thread_in_native, id=42480, stack(0x0000007edbd00000,0x0000007edbe00000) (1024K)]
  0x000001c2f3780550 JavaThread "C1 CompilerThread0"         daemon [_thread_blocked, id=42484, stack(0x0000007edbe00000,0x0000007edbf00000) (1024K)]
  0x000001c2f391e4c0 JavaThread "Common-Cleaner"             daemon [_thread_blocked, id=42568, stack(0x0000007edbf00000,0x0000007edc000000) (1024K)]
  0x000001c2f3925460 JavaThread "Notification Thread"        daemon [_thread_blocked, id=42616, stack(0x0000007edc000000,0x0000007edc100000) (1024K)]
  0x000001c2f395c930 JavaThread "Daemon health stats"               [_thread_blocked, id=43700, stack(0x0000007edc700000,0x0000007edc800000) (1024K)]
  0x000001c2f923fa60 JavaThread "Incoming local TCP Connector on port 54669"        [_thread_in_native, id=32424, stack(0x0000007edc800000,0x0000007edc900000) (1024K)]
  0x000001c2f940b540 JavaThread "Daemon periodic checks"            [_thread_blocked, id=35276, stack(0x0000007edc900000,0x0000007edca00000) (1024K)]
  0x000001c2f93a3fc0 JavaThread "Daemon"                            [_thread_blocked, id=44224, stack(0x0000007edae00000,0x0000007edaf00000) (1024K)]
  0x000001c2f8a2cc90 JavaThread "Handler for socket connection from /127.0.0.1:54669 to /127.0.0.1:54735"        [_thread_in_native, id=48764, stack(0x0000007edca00000,0x0000007edcb00000) (1024K)]
  0x000001c2f94b1b00 JavaThread "Cancel handler"                    [_thread_blocked, id=49160, stack(0x0000007edcb00000,0x0000007edcc00000) (1024K)]
  0x000001c2f8845240 JavaThread "Daemon worker"                     [_thread_blocked, id=53772, stack(0x0000007edac00000,0x0000007edad00000) (1024K)]
  0x000001c2f88465f0 JavaThread "Asynchronous log dispatcher for DefaultDaemonConnection: socket connection from /127.0.0.1:54669 to /127.0.0.1:54735"        [_thread_blocked, id=53812, stack(0x0000007edad00000,0x0000007edae00000) (1024K)]
  0x000001c2f88458d0 JavaThread "Stdin handler"                     [_thread_blocked, id=53816, stack(0x0000007edcc00000,0x0000007edcd00000) (1024K)]
  0x000001c2f8845f60 JavaThread "Daemon client event forwarder"        [_thread_blocked, id=53824, stack(0x0000007edcd00000,0x0000007edce00000) (1024K)]
  0x000001c2f8846c80 JavaThread "Cache worker for journal cache (C:\Users\ishas\.gradle\caches\journal-1)"        [_thread_blocked, id=53288, stack(0x0000007edce00000,0x0000007edcf00000) (1024K)]
  0x000001c2f8843800 JavaThread "File lock request listener"        [_thread_in_native, id=53864, stack(0x0000007edcf00000,0x0000007edd000000) (1024K)]
  0x000001c2f8843e90 JavaThread "Cache worker for file hash cache (C:\Users\ishas\.gradle\caches\8.14.3\fileHashes)"        [_thread_blocked, id=53820, stack(0x0000007edd000000,0x0000007edd100000) (1024K)]
  0x000001c2f9e6a0d0 JavaThread "Cache worker for file hash cache (C:\Users\ishas\Downloads\ai-yoga-assistant-razorpay-v9\yoga3\android\.gradle\8.14.3\fileHashes)"        [_thread_blocked, id=54340, stack(0x0000007edd700000,0x0000007edd800000) (1024K)]
  0x000001c2f9e68d20 JavaThread "Cache worker for Build Output Cleanup Cache (C:\Users\ishas\Downloads\ai-yoga-assistant-razorpay-v9\yoga3\android\.gradle\buildOutputCleanup)"        [_thread_blocked, id=54344, stack(0x0000007edd800000,0x0000007edd900000) (1024K)]
  0x000001c2f9e6a760 JavaThread "File watcher server"        daemon [_thread_in_native, id=54380, stack(0x0000007edd900000,0x0000007edda00000) (1024K)]
  0x000001c2f9e69a40 JavaThread "File watcher consumer"      daemon [_thread_blocked, id=54388, stack(0x0000007edda00000,0x0000007eddb00000) (1024K)]
Total: 28

Other Threads:
  0x000001c2f374e1e0 VMThread "VM Thread"                           [id=42376, stack(0x0000007edb600000,0x0000007edb700000) (1024K)]
  0x000001c2f373edd0 WatcherThread "VM Periodic Task Thread"        [id=42372, stack(0x0000007edb500000,0x0000007edb600000) (1024K)]
  0x000001c2dc596c90 WorkerThread "GC Thread#0"                     [id=42352, stack(0x0000007edb000000,0x0000007edb100000) (1024K)]
  0x000001c2f3a81dd0 WorkerThread "GC Thread#1"                     [id=42132, stack(0x0000007edc100000,0x0000007edc200000) (1024K)]
  0x000001c2f3a82180 WorkerThread "GC Thread#2"                     [id=38764, stack(0x0000007edc200000,0x0000007edc300000) (1024K)]
  0x000001c2f3a82530 WorkerThread "GC Thread#3"                     [id=38768, stack(0x0000007edc300000,0x0000007edc400000) (1024K)]
  0x000001c2f3a828e0 WorkerThread "GC Thread#4"                     [id=42124, stack(0x0000007edc400000,0x0000007edc500000) (1024K)]
  0x000001c2f391c5e0 WorkerThread "GC Thread#5"                     [id=42404, stack(0x0000007edc500000,0x0000007edc600000) (1024K)]
  0x000001c2f8014950 WorkerThread "GC Thread#6"                     [id=43568, stack(0x0000007edc600000,0x0000007edc700000) (1024K)]
  0x000001c2f9859600 WorkerThread "GC Thread#7"                     [id=54316, stack(0x0000007edd200000,0x0000007edd300000) (1024K)]
  0x000001c2f9858ea0 WorkerThread "GC Thread#8"                     [id=54320, stack(0x0000007edd300000,0x0000007edd400000) (1024K)]
  0x000001c2f9859d60 WorkerThread "GC Thread#9"                     [id=54324, stack(0x0000007edd400000,0x0000007edd500000) (1024K)]
  0x000001c2dc5a3b90 ConcurrentGCThread "G1 Main Marker"            [id=42356, stack(0x0000007edb100000,0x0000007edb200000) (1024K)]
  0x000001c2dc5a45b0 WorkerThread "G1 Conc#0"                       [id=42360, stack(0x0000007edb200000,0x0000007edb300000) (1024K)]
  0x000001c2f985be90 WorkerThread "G1 Conc#1"                       [id=54328, stack(0x0000007edd500000,0x0000007edd600000) (1024K)]
  0x000001c2f985c5f0 WorkerThread "G1 Conc#2"                       [id=54332, stack(0x0000007edd600000,0x0000007edd700000) (1024K)]
  0x000001c2f3611680 ConcurrentGCThread "G1 Refine#0"               [id=42364, stack(0x0000007edb300000,0x0000007edb400000) (1024K)]
  0x000001c2f3611eb0 ConcurrentGCThread "G1 Service"                [id=42368, stack(0x0000007edb400000,0x0000007edb500000) (1024K)]
Total: 18

Threads with active compile tasks:
C2 CompilerThread0  542343 4212   !   4       sun.nio.ch.FileChannelImpl::tryLock (253 bytes)
Total: 1

VM state: not at safepoint (normal execution)

VM Mutex/Monitor currently owned by a thread: None

Heap address: 0x00000000a0000000, size: 1536 MB, Compressed Oops mode: 32-bit

CDS archive(s) mapped at: [0x000001c280000000-0x000001c280ba0000-0x000001c280ba0000), size 12189696, SharedBaseAddress: 0x000001c280000000, ArchiveRelocationMode: 1.
Compressed class space mapped at: 0x000001c281000000-0x000001c2c1000000, reserved size: 1073741824
Narrow klass base: 0x000001c280000000, Narrow klass shift: 0, Narrow klass range: 0x100000000

GC Precious Log:
 CardTable entry size: 512
 Card Set container configuration: InlinePtr #cards 5 size 8 Array Of Cards #cards 12 size 40 Howl #buckets 4 coarsen threshold 1843 Howl Bitmap #cards 512 size 80 coarsen threshold 460 Card regions per heap region 1 cards per card region 2048
 CPUs: 12 total, 12 available
 Memory: 16076M
 Large Page Support: Disabled
 NUMA Support: Disabled
 Compressed Oops: Enabled (32-bit)
 Heap Region Size: 1M
 Heap Min Capacity: 8M
 Heap Initial Capacity: 252M
 Heap Max Capacity: 1536M
 Pre-touch: Disabled
 Parallel Workers: 10
 Concurrent Workers: 3
 Concurrent Refinement Workers: 10
 Periodic GC: Disabled

Heap:
 garbage-first heap   total 97280K, used 57124K [0x00000000a0000000, 0x0000000100000000)
  region size 1024K, 40 young (40960K), 9 survivors (9216K)
 Metaspace       used 26635K, committed 27584K, reserved 1114112K
  class space    used 3982K, committed 4480K, reserved 1048576K

Heap Regions: E=young(eden), S=young(survivor), O=old, HS=humongous(starts), HC=humongous(continues), CS=collection set, F=free, TAMS=top-at-mark-start, PB=parsable bottom
|   0|0x00000000a0000000, 0x00000000a0100000, 0x00000000a0100000|100%|HS|  |TAMS 0x00000000a0000000| PB 0x00000000a0000000| Complete 
|   1|0x00000000a0100000, 0x00000000a0200000, 0x00000000a0200000|100%|HC|  |TAMS 0x00000000a0100000| PB 0x00000000a0100000| Complete 
|   2|0x00000000a0200000, 0x00000000a0300000, 0x00000000a0300000|100%|HC|  |TAMS 0x00000000a0200000| PB 0x00000000a0200000| Complete 
|   3|0x00000000a0300000, 0x00000000a0400000, 0x00000000a0400000|100%| O|  |TAMS 0x00000000a0300000| PB 0x00000000a0300000| Untracked 
|   4|0x00000000a0400000, 0x00000000a0500000, 0x00000000a0500000|100%| O|  |TAMS 0x00000000a0400000| PB 0x00000000a0400000| Untracked 
|   5|0x00000000a0500000, 0x00000000a0600000, 0x00000000a0600000|100%| O|  |TAMS 0x00000000a0500000| PB 0x00000000a0500000| Untracked 
|   6|0x00000000a0600000, 0x00000000a0700000, 0x00000000a0700000|100%|HS|  |TAMS 0x00000000a0600000| PB 0x00000000a0600000| Complete 
|   7|0x00000000a0700000, 0x00000000a0700000, 0x00000000a0800000|  0%| F|  |TAMS 0x00000000a0700000| PB 0x00000000a0700000| Untracked 
|   8|0x00000000a0800000, 0x00000000a0900000, 0x00000000a0900000|100%| O|  |TAMS 0x00000000a0800000| PB 0x00000000a0800000| Untracked 
|   9|0x00000000a0900000, 0x00000000a0a00000, 0x00000000a0a00000|100%| O|  |TAMS 0x00000000a0900000| PB 0x00000000a0900000| Untracked 
|  10|0x00000000a0a00000, 0x00000000a0b00000, 0x00000000a0b00000|100%| O|  |TAMS 0x00000000a0a00000| PB 0x00000000a0a00000| Untracked 
|  11|0x00000000a0b00000, 0x00000000a0c00000, 0x00000000a0c00000|100%| O|  |TAMS 0x00000000a0b00000| PB 0x00000000a0b00000| Untracked 
|  12|0x00000000a0c00000, 0x00000000a0c947e8, 0x00000000a0d00000| 58%| O|Cm|TAMS 0x00000000a0c00000| PB 0x00000000a0c00000| Complete 
|  13|0x00000000a0d00000, 0x00000000a0d00000, 0x00000000a0e00000|  0%| F|  |TAMS 0x00000000a0d00000| PB 0x00000000a0d00000| Untracked 
|  14|0x00000000a0e00000, 0x00000000a0e00000, 0x00000000a0f00000|  0%| F|  |TAMS 0x00000000a0e00000| PB 0x00000000a0e00000| Untracked 
|  15|0x00000000a0f00000, 0x00000000a0f00000, 0x00000000a1000000|  0%| F|  |TAMS 0x00000000a0f00000| PB 0x00000000a0f00000| Untracked 
|  16|0x00000000a1000000, 0x00000000a1000000, 0x00000000a1100000|  0%| F|  |TAMS 0x00000000a1000000| PB 0x00000000a1000000| Untracked 
|  17|0x00000000a1100000, 0x00000000a1100000, 0x00000000a1200000|  0%| F|  |TAMS 0x00000000a1100000| PB 0x00000000a1100000| Untracked 
|  18|0x00000000a1200000, 0x00000000a1200000, 0x00000000a1300000|  0%| F|  |TAMS 0x00000000a1200000| PB 0x00000000a1200000| Untracked 
|  19|0x00000000a1300000, 0x00000000a1300000, 0x00000000a1400000|  0%| F|  |TAMS 0x00000000a1300000| PB 0x00000000a1300000| Untracked 
|  20|0x00000000a1400000, 0x00000000a1400000, 0x00000000a1500000|  0%| F|  |TAMS 0x00000000a1400000| PB 0x00000000a1400000| Untracked 
|  21|0x00000000a1500000, 0x00000000a1500000, 0x00000000a1600000|  0%| F|  |TAMS 0x00000000a1500000| PB 0x00000000a1500000| Untracked 
|  22|0x00000000a1600000, 0x00000000a1600000, 0x00000000a1700000|  0%| F|  |TAMS 0x00000000a1600000| PB 0x00000000a1600000| Untracked 
|  23|0x00000000a1700000, 0x00000000a1700000, 0x00000000a1800000|  0%| F|  |TAMS 0x00000000a1700000| PB 0x00000000a1700000| Untracked 
|  24|0x00000000a1800000, 0x00000000a1800000, 0x00000000a1900000|  0%| F|  |TAMS 0x00000000a1800000| PB 0x00000000a1800000| Untracked 
|  25|0x00000000a1900000, 0x00000000a1900000, 0x00000000a1a00000|  0%| F|  |TAMS 0x00000000a1900000| PB 0x00000000a1900000| Untracked 
|  26|0x00000000a1a00000, 0x00000000a1a00000, 0x00000000a1b00000|  0%| F|  |TAMS 0x00000000a1a00000| PB 0x00000000a1a00000| Untracked 
|  27|0x00000000a1b00000, 0x00000000a1b00000, 0x00000000a1c00000|  0%| F|  |TAMS 0x00000000a1b00000| PB 0x00000000a1b00000| Untracked 
|  28|0x00000000a1c00000, 0x00000000a1c00000, 0x00000000a1d00000|  0%| F|  |TAMS 0x00000000a1c00000| PB 0x00000000a1c00000| Untracked 
|  29|0x00000000a1d00000, 0x00000000a1d00000, 0x00000000a1e00000|  0%| F|  |TAMS 0x00000000a1d00000| PB 0x00000000a1d00000| Untracked 
|  30|0x00000000a1e00000, 0x00000000a1e00000, 0x00000000a1f00000|  0%| F|  |TAMS 0x00000000a1e00000| PB 0x00000000a1e00000| Untracked 
|  31|0x00000000a1f00000, 0x00000000a1f00000, 0x00000000a2000000|  0%| F|  |TAMS 0x00000000a1f00000| PB 0x00000000a1f00000| Untracked 
|  32|0x00000000a2000000, 0x00000000a2000000, 0x00000000a2100000|  0%| F|  |TAMS 0x00000000a2000000| PB 0x00000000a2000000| Untracked 
|  33|0x00000000a2100000, 0x00000000a2100000, 0x00000000a2200000|  0%| F|  |TAMS 0x00000000a2100000| PB 0x00000000a2100000| Untracked 
|  34|0x00000000a2200000, 0x00000000a2200000, 0x00000000a2300000|  0%| F|  |TAMS 0x00000000a2200000| PB 0x00000000a2200000| Untracked 
|  35|0x00000000a2300000, 0x00000000a2300000, 0x00000000a2400000|  0%| F|  |TAMS 0x00000000a2300000| PB 0x00000000a2300000| Untracked 
|  36|0x00000000a2400000, 0x00000000a2400000, 0x00000000a2500000|  0%| F|  |TAMS 0x00000000a2400000| PB 0x00000000a2400000| Untracked 
|  37|0x00000000a2500000, 0x00000000a2500000, 0x00000000a2600000|  0%| F|  |TAMS 0x00000000a2500000| PB 0x00000000a2500000| Untracked 
|  38|0x00000000a2600000, 0x00000000a2600000, 0x00000000a2700000|  0%| F|  |TAMS 0x00000000a2600000| PB 0x00000000a2600000| Untracked 
|  39|0x00000000a2700000, 0x00000000a2700000, 0x00000000a2800000|  0%| F|  |TAMS 0x00000000a2700000| PB 0x00000000a2700000| Untracked 
|  40|0x00000000a2800000, 0x00000000a2800000, 0x00000000a2900000|  0%| F|  |TAMS 0x00000000a2800000| PB 0x00000000a2800000| Untracked 
|  41|0x00000000a2900000, 0x00000000a2900000, 0x00000000a2a00000|  0%| F|  |TAMS 0x00000000a2900000| PB 0x00000000a2900000| Untracked 
|  42|0x00000000a2a00000, 0x00000000a2a00000, 0x00000000a2b00000|  0%| F|  |TAMS 0x00000000a2a00000| PB 0x00000000a2a00000| Untracked 
|  43|0x00000000a2b00000, 0x00000000a2b00000, 0x00000000a2c00000|  0%| F|  |TAMS 0x00000000a2b00000| PB 0x00000000a2b00000| Untracked 
|  44|0x00000000a2c00000, 0x00000000a2c00000, 0x00000000a2d00000|  0%| F|  |TAMS 0x00000000a2c00000| PB 0x00000000a2c00000| Untracked 
|  45|0x00000000a2d00000, 0x00000000a2d00000, 0x00000000a2e00000|  0%| F|  |TAMS 0x00000000a2d00000| PB 0x00000000a2d00000| Untracked 
|  46|0x00000000a2e00000, 0x00000000a2e00000, 0x00000000a2f00000|  0%| F|  |TAMS 0x00000000a2e00000| PB 0x00000000a2e00000| Untracked 
|  47|0x00000000a2f00000, 0x00000000a2f00000, 0x00000000a3000000|  0%| F|  |TAMS 0x00000000a2f00000| PB 0x00000000a2f00000| Untracked 
|  48|0x00000000a3000000, 0x00000000a3000000, 0x00000000a3100000|  0%| F|  |TAMS 0x00000000a3000000| PB 0x00000000a3000000| Untracked 
|  49|0x00000000a3100000, 0x00000000a3200000, 0x00000000a3200000|100%| E|  |TAMS 0x00000000a3100000| PB 0x00000000a3100000| Complete 
|  50|0x00000000a3200000, 0x00000000a3300000, 0x00000000a3300000|100%| E|CS|TAMS 0x00000000a3200000| PB 0x00000000a3200000| Complete 
|  51|0x00000000a3300000, 0x00000000a3400000, 0x00000000a3400000|100%| E|CS|TAMS 0x00000000a3300000| PB 0x00000000a3300000| Complete 
|  52|0x00000000a3400000, 0x00000000a3500000, 0x00000000a3500000|100%| E|CS|TAMS 0x00000000a3400000| PB 0x00000000a3400000| Complete 
|  53|0x00000000a3500000, 0x00000000a3600000, 0x00000000a3600000|100%| E|CS|TAMS 0x00000000a3500000| PB 0x00000000a3500000| Complete 
|  54|0x00000000a3600000, 0x00000000a3700000, 0x00000000a3700000|100%| E|CS|TAMS 0x00000000a3600000| PB 0x00000000a3600000| Complete 
|  55|0x00000000a3700000, 0x00000000a3800000, 0x00000000a3800000|100%| E|CS|TAMS 0x00000000a3700000| PB 0x00000000a3700000| Complete 
|  56|0x00000000a3800000, 0x00000000a3900000, 0x00000000a3900000|100%| E|CS|TAMS 0x00000000a3800000| PB 0x00000000a3800000| Complete 
|  57|0x00000000a3900000, 0x00000000a3a00000, 0x00000000a3a00000|100%| E|CS|TAMS 0x00000000a3900000| PB 0x00000000a3900000| Complete 
|  58|0x00000000a3a00000, 0x00000000a3b00000, 0x00000000a3b00000|100%| E|CS|TAMS 0x00000000a3a00000| PB 0x00000000a3a00000| Complete 
|  59|0x00000000a3b00000, 0x00000000a3c00000, 0x00000000a3c00000|100%| E|CS|TAMS 0x00000000a3b00000| PB 0x00000000a3b00000| Complete 
|  60|0x00000000a3c00000, 0x00000000a3d00000, 0x00000000a3d00000|100%| E|CS|TAMS 0x00000000a3c00000| PB 0x00000000a3c00000| Complete 
|  61|0x00000000a3d00000, 0x00000000a3e00000, 0x00000000a3e00000|100%| E|CS|TAMS 0x00000000a3d00000| PB 0x00000000a3d00000| Complete 
|  62|0x00000000a3e00000, 0x00000000a3f00000, 0x00000000a3f00000|100%| E|CS|TAMS 0x00000000a3e00000| PB 0x00000000a3e00000| Complete 
|  63|0x00000000a3f00000, 0x00000000a4000000, 0x00000000a4000000|100%| E|CS|TAMS 0x00000000a3f00000| PB 0x00000000a3f00000| Complete 
|  64|0x00000000a4000000, 0x00000000a4100000, 0x00000000a4100000|100%| E|CS|TAMS 0x00000000a4000000| PB 0x00000000a4000000| Complete 
|  65|0x00000000a4100000, 0x00000000a4200000, 0x00000000a4200000|100%| E|CS|TAMS 0x00000000a4100000| PB 0x00000000a4100000| Complete 
|  66|0x00000000a4200000, 0x00000000a4300000, 0x00000000a4300000|100%| E|CS|TAMS 0x00000000a4200000| PB 0x00000000a4200000| Complete 
|  67|0x00000000a4300000, 0x00000000a4400000, 0x00000000a4400000|100%| S|CS|TAMS 0x00000000a4300000| PB 0x00000000a4300000| Complete 
|  68|0x00000000a4400000, 0x00000000a4500000, 0x00000000a4500000|100%| S|CS|TAMS 0x00000000a4400000| PB 0x00000000a4400000| Complete 
|  69|0x00000000a4500000, 0x00000000a4600000, 0x00000000a4600000|100%| S|CS|TAMS 0x00000000a4500000| PB 0x00000000a4500000| Complete 
|  70|0x00000000a4600000, 0x00000000a4700000, 0x00000000a4700000|100%| S|CS|TAMS 0x00000000a4600000| PB 0x00000000a4600000| Complete 
|  71|0x00000000a4700000, 0x00000000a4800000, 0x00000000a4800000|100%| S|CS|TAMS 0x00000000a4700000| PB 0x00000000a4700000| Complete 
|  72|0x00000000a4800000, 0x00000000a4900000, 0x00000000a4900000|100%| S|CS|TAMS 0x00000000a4800000| PB 0x00000000a4800000| Complete 
|  73|0x00000000a4900000, 0x00000000a4a00000, 0x00000000a4a00000|100%| S|CS|TAMS 0x00000000a4900000| PB 0x00000000a4900000| Complete 
|  74|0x00000000a4a00000, 0x00000000a4b00000, 0x00000000a4b00000|100%| S|CS|TAMS 0x00000000a4a00000| PB 0x00000000a4a00000| Complete 
|  75|0x00000000a4b00000, 0x00000000a4c00000, 0x00000000a4c00000|100%| S|CS|TAMS 0x00000000a4b00000| PB 0x00000000a4b00000| Complete 
| 135|0x00000000a8700000, 0x00000000a8800000, 0x00000000a8800000|100%| E|CS|TAMS 0x00000000a8700000| PB 0x00000000a8700000| Complete 
| 136|0x00000000a8800000, 0x00000000a8900000, 0x00000000a8900000|100%| E|CS|TAMS 0x00000000a8800000| PB 0x00000000a8800000| Complete 
| 137|0x00000000a8900000, 0x00000000a8a00000, 0x00000000a8a00000|100%| E|CS|TAMS 0x00000000a8900000| PB 0x00000000a8900000| Complete 
| 138|0x00000000a8a00000, 0x00000000a8b00000, 0x00000000a8b00000|100%| E|CS|TAMS 0x00000000a8a00000| PB 0x00000000a8a00000| Complete 
| 139|0x00000000a8b00000, 0x00000000a8c00000, 0x00000000a8c00000|100%| E|CS|TAMS 0x00000000a8b00000| PB 0x00000000a8b00000| Complete 
| 140|0x00000000a8c00000, 0x00000000a8d00000, 0x00000000a8d00000|100%| E|CS|TAMS 0x00000000a8c00000| PB 0x00000000a8c00000| Complete 
| 141|0x00000000a8d00000, 0x00000000a8e00000, 0x00000000a8e00000|100%| E|CS|TAMS 0x00000000a8d00000| PB 0x00000000a8d00000| Complete 
| 142|0x00000000a8e00000, 0x00000000a8f00000, 0x00000000a8f00000|100%| E|CS|TAMS 0x00000000a8e00000| PB 0x00000000a8e00000| Complete 
| 143|0x00000000a8f00000, 0x00000000a9000000, 0x00000000a9000000|100%| E|CS|TAMS 0x00000000a8f00000| PB 0x00000000a8f00000| Complete 
| 144|0x00000000a9000000, 0x00000000a9100000, 0x00000000a9100000|100%| E|CS|TAMS 0x00000000a9000000| PB 0x00000000a9000000| Complete 
| 145|0x00000000a9100000, 0x00000000a9200000, 0x00000000a9200000|100%| E|CS|TAMS 0x00000000a9100000| PB 0x00000000a9100000| Complete 
| 146|0x00000000a9200000, 0x00000000a9300000, 0x00000000a9300000|100%| E|CS|TAMS 0x00000000a9200000| PB 0x00000000a9200000| Complete 
| 251|0x00000000afb00000, 0x00000000afc00000, 0x00000000afc00000|100%| E|CS|TAMS 0x00000000afb00000| PB 0x00000000afb00000| Complete 
|1530|0x00000000ffa00000, 0x00000000ffa34ac0, 0x00000000ffb00000| 20%| O|  |TAMS 0x00000000ffa00000| PB 0x00000000ffa00000| Untracked 
|1531|0x00000000ffb00000, 0x00000000ffc00000, 0x00000000ffc00000|100%| O|  |TAMS 0x00000000ffb00000| PB 0x00000000ffb00000| Untracked 
|1532|0x00000000ffc00000, 0x00000000ffd00000, 0x00000000ffd00000|100%| O|  |TAMS 0x00000000ffc00000| PB 0x00000000ffc00000| Untracked 
|1533|0x00000000ffd00000, 0x00000000ffe00000, 0x00000000ffe00000|100%| O|  |TAMS 0x00000000ffd00000| PB 0x00000000ffd00000| Untracked 
|1534|0x00000000ffe00000, 0x00000000fff00000, 0x00000000fff00000|100%| O|  |TAMS 0x00000000ffe00000| PB 0x00000000ffe00000| Untracked 
|1535|0x00000000fff00000, 0x0000000100000000, 0x0000000100000000|100%| O|  |TAMS 0x00000000fff00000| PB 0x00000000fff00000| Untracked 

Card table byte_map: [0x000001c2eefa0000,0x000001c2ef2a0000] _byte_map_base: 0x000001c2eeaa0000

Marking Bits: (CMBitMap*) 0x000001c2dc5972b0
 Bits: [0x000001c2ef2a0000, 0x000001c2f0aa0000)

Polling page: 0x000001c2da2b0000

Metaspace:

Usage:
  Non-class:     22.12 MB used.
      Class:      3.89 MB used.
       Both:     26.01 MB used.

Virtual space:
  Non-class space:       64.00 MB reserved,      22.56 MB ( 35%) committed,  1 nodes.
      Class space:        1.00 GB reserved,       4.38 MB ( <1%) committed,  1 nodes.
             Both:        1.06 GB reserved,      26.94 MB (  2%) committed. 

Chunk freelists:
   Non-Class:  8.58 MB
       Class:  11.69 MB
        Both:  20.26 MB

MaxMetaspaceSize: unlimited
CompressedClassSpaceSize: 1.00 GB
Initial GC threshold: 21.00 MB
Current GC threshold: 35.12 MB
CDS: on
 - commit_granule_bytes: 65536.
 - commit_granule_words: 8192.
 - virtual_space_node_default_size: 8388608.
 - enlarge_chunks_in_place: 1.
 - use_allocation_guard: 0.


Internal statistics:

num_allocs_failed_limit: 3.
num_arena_births: 1472.
num_arena_deaths: 0.
num_vsnodes_births: 2.
num_vsnodes_deaths: 0.
num_space_committed: 431.
num_space_uncommitted: 0.
num_chunks_returned_to_freelist: 3.
num_chunks_taken_from_freelist: 2658.
num_chunk_merges: 3.
num_chunk_splits: 1708.
num_chunks_enlarged: 1079.
num_inconsistent_stats: 0.

CodeHeap 'non-profiled nmethods': size=120000Kb used=2372Kb max_used=2372Kb free=117627Kb
 bounds [0x000001c2e7220000, 0x000001c2e7490000, 0x000001c2ee750000]
CodeHeap 'profiled nmethods': size=120000Kb used=8331Kb max_used=8331Kb free=111668Kb
 bounds [0x000001c2df750000, 0x000001c2dff80000, 0x000001c2e6c80000]
CodeHeap 'non-nmethods': size=5760Kb used=1428Kb max_used=1468Kb free=4331Kb
 bounds [0x000001c2e6c80000, 0x000001c2e6ef0000, 0x000001c2e7220000]
CodeCache: size=245760Kb, used=12131Kb, max_used=12171Kb, free=233626Kb
 total_blobs=4791, nmethods=4206, adapters=489, full_count=0
Compilation: enabled, stopped_count=0, restarted_count=0

Compilation events (20 events):
Event: 515.154 Thread 0x000001c2f3780550 nmethod 4202 0x000001c2dff6d010 code [0x000001c2dff6d1c0, 0x000001c2dff6d570]
Event: 529.476 Thread 0x000001c2f3780550 4203   !   3       java.util.concurrent.LinkedBlockingDeque::peekLast (41 bytes)
Event: 529.480 Thread 0x000001c2f3780550 nmethod 4203 0x000001c2dff6d690 code [0x000001c2dff6d8c0, 0x000001c2dff6e210]
Event: 535.211 Thread 0x000001c2f3780550 4204       3       com.google.common.base.Joiner::toString (24 bytes)
Event: 535.215 Thread 0x000001c2f3780550 nmethod 4204 0x000001c2dff6e590 code [0x000001c2dff6e780, 0x000001c2dff6ed20]
Event: 535.226 Thread 0x000001c2f3780550 4205       3       org.gradle.launcher.daemon.registry.DaemonRegistryContent$Serializer::readAddresses (137 bytes)
Event: 535.314 Thread 0x000001c2f3780550 nmethod 4205 0x000001c2dff6ee90 code [0x000001c2dff6f260, 0x000001c2dff71070]
Event: 535.314 Thread 0x000001c2f3780550 4206       3       org.gradle.launcher.daemon.registry.DaemonRegistryContent$Serializer::readInfosMap (74 bytes)
Event: 535.318 Thread 0x000001c2f3780550 nmethod 4206 0x000001c2dff71a90 code [0x000001c2dff71d20, 0x000001c2dff72748]
Event: 540.374 Thread 0x000001c2f3780550 4207       3       jdk.internal.misc.Unsafe::getByte (7 bytes)
Event: 540.376 Thread 0x000001c2f3780550 nmethod 4207 0x000001c2dff72a90 code [0x000001c2dff72c20, 0x000001c2dff72d40]
Event: 541.484 Thread 0x000001c2f377ed90 4208       4       java.util.ArrayList::fastRemove (44 bytes)
Event: 541.489 Thread 0x000001c2f377ed90 nmethod 4208 0x000001c2e746f190 code [0x000001c2e746f320, 0x000001c2e746f470]
Event: 541.489 Thread 0x000001c2f377ed90 4209       4       java.util.ArrayList::remove (26 bytes)
Event: 541.496 Thread 0x000001c2f377ed90 nmethod 4209 0x000001c2e746f590 code [0x000001c2e746f720, 0x000001c2e746f900]
Event: 541.733 Thread 0x000001c2f377ed90 4210   !   4       java.io.RandomAccessFile::getChannel (84 bytes)
Event: 541.783 Thread 0x000001c2f377ed90 nmethod 4210 0x000001c2e746fa90 code [0x000001c2e746fc80, 0x000001c2e7470b20]
Event: 541.783 Thread 0x000001c2f377ed90 4211       4       sun.nio.ch.FileLockImpl::<init> (11 bytes)
Event: 541.788 Thread 0x000001c2f377ed90 nmethod 4211 0x000001c2e7470e10 code [0x000001c2e7470fa0, 0x000001c2e74711d0]
Event: 541.920 Thread 0x000001c2f377ed90 4212   !   4       sun.nio.ch.FileChannelImpl::tryLock (253 bytes)

GC Heap History (10 events):
Event: 6.670 GC heap before
{Heap before GC invocations=0 (full 0):
 garbage-first heap   total 258048K, used 23552K [0x00000000a0000000, 0x0000000100000000)
  region size 1024K, 23 young (23552K), 0 survivors (0K)
 Metaspace       used 928K, committed 1088K, reserved 1114112K
  class space    used 73K, committed 128K, reserved 1048576K
}
Event: 6.860 GC heap after
{Heap after GC invocations=1 (full 0):
 garbage-first heap   total 258048K, used 1450K [0x00000000a0000000, 0x0000000100000000)
  region size 1024K, 2 young (2048K), 2 survivors (2048K)
 Metaspace       used 928K, committed 1088K, reserved 1114112K
  class space    used 73K, committed 128K, reserved 1048576K
}
Event: 11.658 GC heap before
{Heap before GC invocations=1 (full 0):
 garbage-first heap   total 258048K, used 40362K [0x00000000a0000000, 0x0000000100000000)
  region size 1024K, 38 young (38912K), 2 survivors (2048K)
 Metaspace       used 4375K, committed 4544K, reserved 1114112K
  class space    used 559K, committed 640K, reserved 1048576K
}
Event: 11.666 GC heap after
{Heap after GC invocations=2 (full 0):
 garbage-first heap   total 258048K, used 11013K [0x00000000a0000000, 0x0000000100000000)
  region size 1024K, 5 young (5120K), 5 survivors (5120K)
 Metaspace       used 4375K, committed 4544K, reserved 1114112K
  class space    used 559K, committed 640K, reserved 1048576K
}
Event: 17.689 GC heap before
{Heap before GC invocations=2 (full 0):
 garbage-first heap   total 258048K, used 65285K [0x00000000a0000000, 0x0000000100000000)
  region size 1024K, 56 young (57344K), 5 survivors (5120K)
 Metaspace       used 5729K, committed 6016K, reserved 1114112K
  class space    used 772K, committed 896K, reserved 1048576K
}
Event: 17.697 GC heap after
{Heap after GC invocations=3 (full 0):
 garbage-first heap   total 258048K, used 17818K [0x00000000a0000000, 0x0000000100000000)
  region size 1024K, 6 young (6144K), 6 survivors (6144K)
 Metaspace       used 5729K, committed 6016K, reserved 1114112K
  class space    used 772K, committed 896K, reserved 1048576K
}
Event: 185.002 GC heap before
{Heap before GC invocations=3 (full 0):
 garbage-first heap   total 258048K, used 118170K [0x00000000a0000000, 0x0000000100000000)
  region size 1024K, 105 young (107520K), 6 survivors (6144K)
 Metaspace       used 20890K, committed 21504K, reserved 1114112K
  class space    used 3051K, committed 3328K, reserved 1048576K
}
Event: 185.037 GC heap after
{Heap after GC invocations=4 (full 0):
 garbage-first heap   total 258048K, used 24145K [0x00000000a0000000, 0x0000000100000000)
  region size 1024K, 12 young (12288K), 12 survivors (12288K)
 Metaspace       used 20890K, committed 21504K, reserved 1114112K
  class space    used 3051K, committed 3328K, reserved 1048576K
}
Event: 305.365 GC heap before
{Heap before GC invocations=5 (full 0):
 garbage-first heap   total 81920K, used 81489K [0x00000000a0000000, 0x0000000100000000)
  region size 1024K, 68 young (69632K), 12 survivors (12288K)
 Metaspace       used 26591K, committed 27584K, reserved 1114112K
  class space    used 3982K, committed 4480K, reserved 1048576K
}
Event: 305.458 GC heap after
{Heap after GC invocations=6 (full 0):
 garbage-first heap   total 97280K, used 26404K [0x00000000a0000000, 0x0000000100000000)
  region size 1024K, 9 young (9216K), 9 survivors (9216K)
 Metaspace       used 26591K, committed 27584K, reserved 1114112K
  class space    used 3982K, committed 4480K, reserved 1048576K
}

Dll operation events (20 events):
Event: 1.001 Attempting to load shared library C:\Users\ishas\.vscode\extensions\redhat.java-1.56.0-win32-x64\jre\21.0.12.1-win32-x86_64\bin\nio.dll
Event: 1.002 Loaded shared library C:\Users\ishas\.vscode\extensions\redhat.java-1.56.0-win32-x64\jre\21.0.12.1-win32-x86_64\bin\nio.dll
Event: 1.006 Attempting to load shared library C:\Users\ishas\.vscode\extensions\redhat.java-1.56.0-win32-x64\jre\21.0.12.1-win32-x86_64\bin\zip.dll
Event: 1.006 Loaded shared library C:\Users\ishas\.vscode\extensions\redhat.java-1.56.0-win32-x64\jre\21.0.12.1-win32-x86_64\bin\zip.dll
Event: 6.593 Attempting to load shared library C:\Users\ishas\.vscode\extensions\redhat.java-1.56.0-win32-x64\jre\21.0.12.1-win32-x86_64\bin\jimage.dll
Event: 6.593 Loaded shared library C:\Users\ishas\.vscode\extensions\redhat.java-1.56.0-win32-x64\jre\21.0.12.1-win32-x86_64\bin\jimage.dll
Event: 7.857 Attempting to load shared library C:\Users\ishas\.vscode\extensions\redhat.java-1.56.0-win32-x64\jre\21.0.12.1-win32-x86_64\bin\verify.dll
Event: 7.859 Loaded shared library C:\Users\ishas\.vscode\extensions\redhat.java-1.56.0-win32-x64\jre\21.0.12.1-win32-x86_64\bin\verify.dll
Event: 8.060 Attempting to load shared library C:\Users\ishas\.gradle\native\1def1411415f61bf3af743bc5b6707747c0891f09f0c88961ee8f79bc544acac\windows-amd64\native-platform.dll
Event: 8.088 Loaded shared library C:\Users\ishas\.gradle\native\1def1411415f61bf3af743bc5b6707747c0891f09f0c88961ee8f79bc544acac\windows-amd64\native-platform.dll
Event: 8.111 Attempting to load shared library C:\Users\ishas\.gradle\native\0.2.7\x86_64-windows-gnu\gradle-fileevents.dll
Event: 8.114 Loaded shared library C:\Users\ishas\.gradle\native\0.2.7\x86_64-windows-gnu\gradle-fileevents.dll
Event: 17.967 Attempting to load shared library C:\Users\ishas\.vscode\extensions\redhat.java-1.56.0-win32-x64\jre\21.0.12.1-win32-x86_64\bin\management.dll
Event: 17.974 Loaded shared library C:\Users\ishas\.vscode\extensions\redhat.java-1.56.0-win32-x64\jre\21.0.12.1-win32-x86_64\bin\management.dll
Event: 17.979 Attempting to load shared library C:\Users\ishas\.vscode\extensions\redhat.java-1.56.0-win32-x64\jre\21.0.12.1-win32-x86_64\bin\management_ext.dll
Event: 17.985 Loaded shared library C:\Users\ishas\.vscode\extensions\redhat.java-1.56.0-win32-x64\jre\21.0.12.1-win32-x86_64\bin\management_ext.dll
Event: 22.103 Attempting to load shared library C:\Users\ishas\.vscode\extensions\redhat.java-1.56.0-win32-x64\jre\21.0.12.1-win32-x86_64\bin\extnet.dll
Event: 22.111 Loaded shared library C:\Users\ishas\.vscode\extensions\redhat.java-1.56.0-win32-x64\jre\21.0.12.1-win32-x86_64\bin\extnet.dll
Event: 100.960 Attempting to load shared library C:\Users\ishas\.vscode\extensions\redhat.java-1.56.0-win32-x64\jre\21.0.12.1-win32-x86_64\bin\sunmscapi.dll
Event: 100.968 Loaded shared library C:\Users\ishas\.vscode\extensions\redhat.java-1.56.0-win32-x64\jre\21.0.12.1-win32-x86_64\bin\sunmscapi.dll

Deoptimization events (20 events):
Event: 189.688 Thread 0x000001c2f8846c80 Uncommon trap: trap_request=0xffffffc6 fr.pc=0x000001c2e73adfac relative=0x00000000000008cc
Event: 189.688 Thread 0x000001c2f8846c80 Uncommon trap: reason=bimorphic_or_optimized_type_check action=maybe_recompile pc=0x000001c2e73adfac method=java.io.DataInputStream.readFully([BII)V @ 30 c2
Event: 189.688 Thread 0x000001c2f8846c80 DEOPT PACKING pc=0x000001c2e73adfac sp=0x0000007edcefe5f0
Event: 189.688 Thread 0x000001c2f8846c80 DEOPT UNPACKING pc=0x000001c2e6cd4422 sp=0x0000007edcefe5a8 mode 2
Event: 189.688 Thread 0x000001c2f8846c80 Uncommon trap: trap_request=0xffffffc6 fr.pc=0x000001c2e73adfac relative=0x00000000000008cc
Event: 189.688 Thread 0x000001c2f8846c80 Uncommon trap: reason=bimorphic_or_optimized_type_check action=maybe_recompile pc=0x000001c2e73adfac method=java.io.DataInputStream.readFully([BII)V @ 30 c2
Event: 189.688 Thread 0x000001c2f8846c80 DEOPT PACKING pc=0x000001c2e73adfac sp=0x0000007edcefe530
Event: 189.688 Thread 0x000001c2f8846c80 DEOPT UNPACKING pc=0x000001c2e6cd4422 sp=0x0000007edcefe4e8 mode 2
Event: 189.688 Thread 0x000001c2f8846c80 Uncommon trap: trap_request=0xffffffc6 fr.pc=0x000001c2e73adfac relative=0x00000000000008cc
Event: 189.688 Thread 0x000001c2f8846c80 Uncommon trap: reason=bimorphic_or_optimized_type_check action=maybe_recompile pc=0x000001c2e73adfac method=java.io.DataInputStream.readFully([BII)V @ 30 c2
Event: 189.688 Thread 0x000001c2f8846c80 DEOPT PACKING pc=0x000001c2e73adfac sp=0x0000007edcefe540
Event: 189.688 Thread 0x000001c2f8846c80 DEOPT UNPACKING pc=0x000001c2e6cd4422 sp=0x0000007edcefe4f8 mode 2
Event: 189.698 Thread 0x000001c2f8846c80 Uncommon trap: trap_request=0xffffffde fr.pc=0x000001c2e732e9cc relative=0x0000000000000aec
Event: 189.698 Thread 0x000001c2f8846c80 Uncommon trap: reason=class_check action=maybe_recompile pc=0x000001c2e732e9cc method=java.io.BufferedInputStream.implRead([BII)I @ 100 c2
Event: 189.698 Thread 0x000001c2f8846c80 DEOPT PACKING pc=0x000001c2e732e9cc sp=0x0000007edcefe560
Event: 189.698 Thread 0x000001c2f8846c80 DEOPT UNPACKING pc=0x000001c2e6cd4422 sp=0x0000007edcefe528 mode 2
Event: 207.477 Thread 0x000001c2f8845240 Uncommon trap: trap_request=0xffffff45 fr.pc=0x000001c2e731a71c relative=0x000000000000017c
Event: 207.477 Thread 0x000001c2f8845240 Uncommon trap: reason=unstable_if action=reinterpret pc=0x000001c2e731a71c method=java.util.concurrent.locks.ReentrantLock$NonfairSync.initialTryLock()Z @ 25 c2
Event: 207.477 Thread 0x000001c2f8845240 DEOPT PACKING pc=0x000001c2e731a71c sp=0x0000007edacfa100
Event: 207.477 Thread 0x000001c2f8845240 DEOPT UNPACKING pc=0x000001c2e6cd4422 sp=0x0000007edacfa0a0 mode 2

Classes loaded (20 events):
Event: 189.215 Loading class java/nio/file/FileTreeWalker$DirectoryNode
Event: 189.215 Loading class java/nio/file/FileTreeWalker$DirectoryNode done
Event: 189.216 Loading class java/nio/file/FileTreeWalker$Event
Event: 189.216 Loading class java/nio/file/FileTreeWalker$Event done
Event: 189.216 Loading class java/nio/file/FileTreeWalker$EventType
Event: 189.216 Loading class java/nio/file/FileTreeWalker$EventType done
Event: 189.216 Loading class java/nio/file/Files$3
Event: 189.216 Loading class java/nio/file/Files$3 done
Event: 189.220 Loading class java/nio/file/FileVisitResult
Event: 189.220 Loading class java/nio/file/FileVisitResult done
Event: 189.712 Loading class java/nio/charset/CharacterCodingException
Event: 189.712 Loading class java/nio/charset/CharacterCodingException done
Event: 190.130 Loading class java/util/stream/IntStream
Event: 190.131 Loading class java/util/stream/IntStream done
Event: 190.131 Loading class java/util/stream/Streams$RangeIntSpliterator
Event: 190.131 Loading class java/util/stream/Streams$RangeIntSpliterator done
Event: 190.131 Loading class java/util/stream/IntPipeline$Head
Event: 190.131 Loading class java/util/stream/IntPipeline
Event: 190.132 Loading class java/util/stream/IntPipeline done
Event: 190.132 Loading class java/util/stream/IntPipeline$Head done

Classes unloaded (0 events):
No events

Classes redefined (0 events):
No events

Internal exceptions (20 events):
Event: 185.516 Thread 0x000001c2f8845240 Exception <a 'java/lang/NoSuchMethodError'{0x00000000a39585d0}: 'java.lang.Object java.lang.invoke.Invokers$Holder.invoker(java.lang.Object, java.lang.Object, java.lang.Object, java.lang.Object, java.lang.Object, java.lang.Object, java.lang.Object, java.lang.Object, java.lang.Object, java.lang.Object, java.lang.Object, java.lang.Object, java.lang.Object, java.lang.Object, java.lang.Object, java.lang.Object, java.lang.Object, java.lang.Object, java.lang.Object, java.lang.Object, java.lang.Object, java.lang.
Event: 185.517 Thread 0x000001c2f8845240 Exception <a 'java/lang/NoSuchMethodError'{0x00000000a395e950}: 'java.lang.Object java.lang.invoke.DelegatingMethodHandle$Holder.delegate(java.lang.Object, java.lang.Object, java.lang.Object, java.lang.Object, java.lang.Object, java.lang.Object, java.lang.Object, java.lang.Object, java.lang.Object, java.lang.Object, java.lang.Object, java.lang.Object, java.lang.Object, java.lang.Object, java.lang.Object, java.lang.Object, java.lang.Object, java.lang.Object, java.lang.Object, java.lang.Object, java.lang.Obj
Event: 185.564 Thread 0x000001c2f8845240 Exception <a 'java/lang/NoSuchMethodError'{0x00000000a37ceb38}: 'java.lang.Object java.lang.invoke.DirectMethodHandle$Holder.invokeStaticInit(java.lang.Object, java.lang.Object, java.lang.Object, java.lang.Object)'> (0x00000000a37ceb38) 
thrown [s\src\hotspot\share\interpreter\linkResolver.cpp, line 773]
Event: 185.618 Thread 0x000001c2f8845240 Exception <a 'java/lang/NoSuchMethodError'{0x00000000a355b160}: 'java.lang.Object java.lang.invoke.DirectMethodHandle$Holder.newInvokeSpecial(java.lang.Object, java.lang.Object, java.lang.Object, java.lang.Object, java.lang.Object, java.lang.Object, java.lang.Object, java.lang.Object)'> (0x00000000a355b160) 
thrown [s\src\hotspot\share\interpreter\linkResolver.cpp, line 773]
Event: 185.668 Thread 0x000001c2f8845240 Exception <a 'java/lang/IncompatibleClassChangeError'{0x00000000a34d0668}: Found class java.lang.Object, but interface was expected> (0x00000000a34d0668) 
thrown [s\src\hotspot\share\interpreter\linkResolver.cpp, line 840]
Event: 185.697 Thread 0x000001c2f8845240 Exception <a 'java/lang/NoSuchMethodError'{0x00000000a3332c88}: 'java.lang.Object java.lang.invoke.DirectMethodHandle$Holder.invokeVirtual(java.lang.Object, java.lang.Object, java.lang.Object, java.lang.Object, java.lang.Object, java.lang.Object, java.lang.Object, java.lang.Object, java.lang.Object, java.lang.Object, java.lang.Object, java.lang.Object, java.lang.Object)'> (0x00000000a3332c88) 
thrown [s\src\hotspot\share\interpreter\linkResolver.cpp, line 773]
Event: 185.698 Thread 0x000001c2f8845240 Exception <a 'java/lang/NoSuchMethodError'{0x00000000a3337ec0}: 'java.lang.Object java.lang.invoke.DirectMethodHandle$Holder.invokeSpecial(java.lang.Object, java.lang.Object, java.lang.Object, java.lang.Object, java.lang.Object, java.lang.Object, java.lang.Object, java.lang.Object, java.lang.Object, java.lang.Object, java.lang.Object, java.lang.Object, java.lang.Object, java.lang.Object)'> (0x00000000a3337ec0) 
thrown [s\src\hotspot\share\interpreter\linkResolver.cpp, line 773]
Event: 185.698 Thread 0x000001c2f8845240 Exception <a 'java/lang/NoSuchMethodError'{0x00000000a333cc10}: 'java.lang.Object java.lang.invoke.DelegatingMethodHandle$Holder.reinvoke_L(java.lang.Object, java.lang.Object, java.lang.Object, java.lang.Object, java.lang.Object, java.lang.Object, java.lang.Object, java.lang.Object, java.lang.Object, java.lang.Object, java.lang.Object, java.lang.Object, java.lang.Object)'> (0x00000000a333cc10) 
thrown [s\src\hotspot\share\interpreter\linkResolver.cpp, line 773]
Event: 185.767 Thread 0x000001c2f8845240 Exception <a 'java/lang/NoSuchMethodError'{0x00000000a32dde20}: 'void java.lang.invoke.DirectMethodHandle$Holder.invokeStaticInit(java.lang.Object, java.lang.Object)'> (0x00000000a32dde20) 
thrown [s\src\hotspot\share\interpreter\linkResolver.cpp, line 773]
Event: 185.949 Thread 0x000001c2f8845240 Exception <a 'java/lang/NoSuchMethodError'{0x00000000a2ece8a0}: 'java.lang.Object java.lang.invoke.DirectMethodHandle$Holder.newInvokeSpecial(java.lang.Object, java.lang.Object, java.lang.Object, java.lang.Object, java.lang.Object, java.lang.Object, java.lang.Object, java.lang.Object, java.lang.Object)'> (0x00000000a2ece8a0) 
thrown [s\src\hotspot\share\interpreter\linkResolver.cpp, line 773]
Event: 186.284 Thread 0x000001c2f8845240 Exception <a 'java/lang/NoSuchMethodError'{0x00000000a2bfe490}: 'int java.lang.invoke.DirectMethodHandle$Holder.invokeVirtual(java.lang.Object, java.lang.Object)'> (0x00000000a2bfe490) 
thrown [s\src\hotspot\share\interpreter\linkResolver.cpp, line 773]
Event: 186.442 Thread 0x000001c2f8845240 Exception <a 'java/lang/NoSuchMethodError'{0x00000000a27673c0}: 'void java.lang.invoke.DirectMethodHandle$Holder.invokeInterface(java.lang.Object, java.lang.Object, java.lang.Object, java.lang.Object, java.lang.Object)'> (0x00000000a27673c0) 
thrown [s\src\hotspot\share\interpreter\linkResolver.cpp, line 773]
Event: 186.451 Thread 0x000001c2f8845240 Exception <a 'java/lang/NoSuchMethodError'{0x00000000a27e0f98}: 'void java.lang.invoke.DirectMethodHandle$Holder.invokeStatic(java.lang.Object, java.lang.Object, java.lang.Object, java.lang.Object, java.lang.Object, java.lang.Object)'> (0x00000000a27e0f98) 
thrown [s\src\hotspot\share\interpreter\linkResolver.cpp, line 773]
Event: 186.775 Thread 0x000001c2f8845240 Exception <a 'java/lang/IncompatibleClassChangeError'{0x00000000a1fde760}: Found class java.lang.Object, but interface was expected> (0x00000000a1fde760) 
thrown [s\src\hotspot\share\interpreter\linkResolver.cpp, line 840]
Event: 189.183 Thread 0x000001c2f8845240 Exception <a 'java/lang/NoSuchMethodError'{0x00000000a1d16368}: 'java.lang.Object java.lang.invoke.DirectMethodHandle$Holder.newInvokeSpecial(java.lang.Object, java.lang.Object, long)'> (0x00000000a1d16368) 
thrown [s\src\hotspot\share\interpreter\linkResolver.cpp, line 773]
Event: 189.183 Thread 0x000001c2f8845240 Exception <a 'java/lang/NoSuchMethodError'{0x00000000a1d1a748}: 'java.lang.Object java.lang.invoke.Invokers$Holder.linkToTargetMethod(java.lang.Object, long, java.lang.Object)'> (0x00000000a1d1a748) 
thrown [s\src\hotspot\share\interpreter\linkResolver.cpp, line 773]
Event: 189.687 Thread 0x000001c2f8846c80 Implicit null exception at 0x000001c2e73ac8e1 to 0x000001c2e73acf34
Event: 189.688 Thread 0x000001c2f8846c80 Implicit null exception at 0x000001c2e73b024f to 0x000001c2e73b05cc
Event: 190.097 Thread 0x000001c2f8845240 Exception <a 'java/lang/NoSuchMethodError'{0x00000000a1bb2a88}: 'int java.lang.invoke.DirectMethodHandle$Holder.invokeInterface(java.lang.Object, java.lang.Object)'> (0x00000000a1bb2a88) 
thrown [s\src\hotspot\share\interpreter\linkResolver.cpp, line 773]
Event: 190.127 Thread 0x000001c2f8845240 Exception <a 'java/lang/NoSuchMethodError'{0x00000000a1a3d0f0}: 'java.lang.Object java.lang.invoke.DirectMethodHandle$Holder.invokeVirtual(java.lang.Object, java.lang.Object, int)'> (0x00000000a1a3d0f0) 
thrown [s\src\hotspot\share\interpreter\linkResolver.cpp, line 773]

ZGC Phase Switch (0 events):
No events

VM Operations (20 events):
Event: 372.876 Executing safepoint VM operation: Cleanup
Event: 372.876 Executing safepoint VM operation: Cleanup done
Event: 388.977 Executing safepoint VM operation: Cleanup
Event: 388.977 Executing safepoint VM operation: Cleanup done
Event: 400.055 Executing safepoint VM operation: Cleanup
Event: 400.055 Executing safepoint VM operation: Cleanup done
Event: 411.142 Executing safepoint VM operation: Cleanup
Event: 411.142 Executing safepoint VM operation: Cleanup done
Event: 414.156 Executing safepoint VM operation: Cleanup
Event: 414.156 Executing safepoint VM operation: Cleanup done
Event: 435.308 Executing safepoint VM operation: Cleanup
Event: 435.401 Executing safepoint VM operation: Cleanup done
Event: 440.440 Executing safepoint VM operation: Cleanup
Event: 440.440 Executing safepoint VM operation: Cleanup done
Event: 512.861 Executing safepoint VM operation: Cleanup
Event: 512.862 Executing safepoint VM operation: Cleanup done
Event: 515.880 Executing safepoint VM operation: Cleanup
Event: 515.880 Executing safepoint VM operation: Cleanup done
Event: 542.102 Executing safepoint VM operation: Cleanup
Event: 542.102 Executing safepoint VM operation: Cleanup done

Memory protections (0 events):
No events

Nmethod flushes (0 events):
No events

Events (20 events):
Event: 1.037 Thread 0x000001c2dc54f360 Thread added: 0x000001c2f3925460
Event: 18.438 Thread 0x000001c2dc54f360 Thread added: 0x000001c2f395c930
Event: 23.217 Thread 0x000001c2dc54f360 Thread added: 0x000001c2f923fa60
Event: 55.012 Thread 0x000001c2dc54f360 Thread added: 0x000001c2f940b540
Event: 101.265 Thread 0x000001c2f923fa60 Thread added: 0x000001c2f93a3fc0
Event: 101.290 Thread 0x000001c2f93a3fc0 Thread added: 0x000001c2f8a2cc90
Event: 101.416 Thread 0x000001c2f93a3fc0 Thread added: 0x000001c2f94b1b00
Event: 173.781 Thread 0x000001c2f93a3fc0 Thread added: 0x000001c2f8845240
Event: 174.115 Thread 0x000001c2f8845240 Thread added: 0x000001c2f88465f0
Event: 174.147 Thread 0x000001c2f8845240 Thread added: 0x000001c2f88458d0
Event: 174.155 Thread 0x000001c2f8845240 Thread added: 0x000001c2f8845f60
Event: 179.119 Thread 0x000001c2f8845240 Thread added: 0x000001c2f8846c80
Event: 180.515 Thread 0x000001c2f8845240 Thread added: 0x000001c2f8843800
Event: 180.745 Thread 0x000001c2f8845240 Thread added: 0x000001c2f8843e90
Event: 181.282 Thread 0x000001c2f8843800 Thread added: 0x000001c2f8844520
Event: 185.389 Thread 0x000001c2f8845240 Thread added: 0x000001c2f9e6a0d0
Event: 185.486 Thread 0x000001c2f8845240 Thread added: 0x000001c2f9e68d20
Event: 186.079 Thread 0x000001c2f8845240 Thread added: 0x000001c2f9e6a760
Event: 186.281 Thread 0x000001c2f8845240 Thread added: 0x000001c2f9e69a40
Event: 250.261 Thread 0x000001c2f8844520 Thread exited: 0x000001c2f8844520


Dynamic libraries:
0x00007ff7bb1c0000 - 0x00007ff7bb1ce000 	C:\Users\ishas\.vscode\extensions\redhat.java-1.56.0-win32-x64\jre\21.0.12.1-win32-x86_64\bin\java.exe
0x00007ffc1f9e0000 - 0x00007ffc1fc47000 	C:\Windows\SYSTEM32\ntdll.dll
0x00007ffc1edb0000 - 0x00007ffc1ee7b000 	C:\Windows\System32\KERNEL32.DLL
0x00007ffc1d2f0000 - 0x00007ffc1d6f2000 	C:\Windows\System32\KERNELBASE.dll
0x00007ffc1d190000 - 0x00007ffc1d2dc000 	C:\Windows\System32\ucrtbase.dll
0x00007ffb853f0000 - 0x00007ffb85408000 	C:\Users\ishas\.vscode\extensions\redhat.java-1.56.0-win32-x64\jre\21.0.12.1-win32-x86_64\bin\jli.dll
0x00007ffc1e120000 - 0x00007ffc1e2ef000 	C:\Windows\System32\USER32.dll
0x00007ffc1d0a0000 - 0x00007ffc1d0c7000 	C:\Windows\System32\win32u.dll
0x00007ffc1e0f0000 - 0x00007ffc1e11b000 	C:\Windows\System32\GDI32.dll
0x00007ffb883c0000 - 0x00007ffb883de000 	C:\Users\ishas\.vscode\extensions\redhat.java-1.56.0-win32-x64\jre\21.0.12.1-win32-x86_64\bin\VCRUNTIME140.dll
0x00007ffc05f40000 - 0x00007ffc061d0000 	C:\Windows\WinSxS\amd64_microsoft.windows.common-controls_6595b64144ccf1df_6.0.26100.9278_none_3e0d1ba8e3303201\COMCTL32.dll
0x00007ffc1f160000 - 0x00007ffc1f209000 	C:\Windows\System32\msvcrt.dll
0x00007ffc1cd50000 - 0x00007ffc1ce79000 	C:\Windows\System32\gdi32full.dll
0x00007ffc1cca0000 - 0x00007ffc1cd43000 	C:\Windows\System32\msvcp_win.dll
0x00007ffc1ee80000 - 0x00007ffc1eeb1000 	C:\Windows\System32\IMM32.DLL
0x00007ffbdb670000 - 0x00007ffbdb67c000 	C:\Users\ishas\.vscode\extensions\redhat.java-1.56.0-win32-x64\jre\21.0.12.1-win32-x86_64\bin\vcruntime140_1.dll
0x00007ffb7ce90000 - 0x00007ffb7cf1d000 	C:\Users\ishas\.vscode\extensions\redhat.java-1.56.0-win32-x64\jre\21.0.12.1-win32-x86_64\bin\msvcp140.dll
0x00007ffb2d4f0000 - 0x00007ffb2e292000 	C:\Users\ishas\.vscode\extensions\redhat.java-1.56.0-win32-x64\jre\21.0.12.1-win32-x86_64\bin\server\jvm.dll
0x00007ffc1dc40000 - 0x00007ffc1dcfc000 	C:\Windows\System32\ADVAPI32.dll
0x00007ffc1ef50000 - 0x00007ffc1eff9000 	C:\Windows\System32\sechost.dll
0x00007ffc1db20000 - 0x00007ffc1dc38000 	C:\Windows\System32\RPCRT4.dll
0x00007ffc1da10000 - 0x00007ffc1da90000 	C:\Windows\System32\WS2_32.dll
0x00007ffc1ca40000 - 0x00007ffc1ca9e000 	C:\Windows\SYSTEM32\POWRPROF.dll
0x00007ffc14900000 - 0x00007ffc14936000 	C:\Windows\SYSTEM32\WINMM.dll
0x00007ffc07f70000 - 0x00007ffc07f7b000 	C:\Windows\SYSTEM32\VERSION.dll
0x00007ffc1ca20000 - 0x00007ffc1ca35000 	C:\Windows\SYSTEM32\UMPDC.dll
0x00007ffc1b8b0000 - 0x00007ffc1b8cb000 	C:\Windows\SYSTEM32\kernel.appcore.dll
0x00007ffbdb520000 - 0x00007ffbdb52a000 	C:\Users\ishas\.vscode\extensions\redhat.java-1.56.0-win32-x64\jre\21.0.12.1-win32-x86_64\bin\jimage.dll
0x00007ffc1a1f0000 - 0x00007ffc1a43c000 	C:\Windows\SYSTEM32\DBGHELP.DLL
0x00007ffc1dd60000 - 0x00007ffc1e0e5000 	C:\Windows\System32\combase.dll
0x00007ffc1e310000 - 0x00007ffc1e3e9000 	C:\Windows\System32\OLEAUT32.dll
0x00007ffc148c0000 - 0x00007ffc148fb000 	C:\Windows\SYSTEM32\dbgcore.DLL
0x00007ffc1d0d0000 - 0x00007ffc1d17c000 	C:\Windows\System32\bcryptPrimitives.dll
0x00007ffbda4a0000 - 0x00007ffbda4af000 	C:\Users\ishas\.vscode\extensions\redhat.java-1.56.0-win32-x64\jre\21.0.12.1-win32-x86_64\bin\instrument.dll
0x00007ffba78c0000 - 0x00007ffba78e0000 	C:\Users\ishas\.vscode\extensions\redhat.java-1.56.0-win32-x64\jre\21.0.12.1-win32-x86_64\bin\java.dll
0x00007ffc1e3f0000 - 0x00007ffc1eb88000 	C:\Windows\System32\SHELL32.dll
0x00007ffc1a610000 - 0x00007ffc1aebe000 	C:\Windows\SYSTEM32\windows.storage.dll
0x00007ffc1d910000 - 0x00007ffc1da0b000 	C:\Windows\System32\SHCORE.dll
0x00007ffc1f440000 - 0x00007ffc1f4a6000 	C:\Windows\System32\shlwapi.dll
0x00007ffc1cb00000 - 0x00007ffc1cb29000 	C:\Windows\SYSTEM32\profapi.dll
0x00007ffb849f0000 - 0x00007ffb84a08000 	C:\Users\ishas\.vscode\extensions\redhat.java-1.56.0-win32-x64\jre\21.0.12.1-win32-x86_64\bin\zip.dll
0x00007ffbdad80000 - 0x00007ffbdad90000 	C:\Users\ishas\.vscode\extensions\redhat.java-1.56.0-win32-x64\jre\21.0.12.1-win32-x86_64\bin\net.dll
0x00007ffc0b510000 - 0x00007ffc0b63a000 	C:\Windows\SYSTEM32\WINHTTP.dll
0x00007ffc1be70000 - 0x00007ffc1bedc000 	C:\Windows\system32\mswsock.dll
0x00007ffb833b0000 - 0x00007ffb833c6000 	C:\Users\ishas\.vscode\extensions\redhat.java-1.56.0-win32-x64\jre\21.0.12.1-win32-x86_64\bin\nio.dll
0x00007ffbd33f0000 - 0x00007ffbd3400000 	C:\Users\ishas\.vscode\extensions\redhat.java-1.56.0-win32-x64\jre\21.0.12.1-win32-x86_64\bin\verify.dll
0x00007ffc06640000 - 0x00007ffc06667000 	C:\Users\ishas\.gradle\native\1def1411415f61bf3af743bc5b6707747c0891f09f0c88961ee8f79bc544acac\windows-amd64\native-platform.dll
0x00007ffbe8340000 - 0x00007ffbe83b8000 	C:\Users\ishas\.gradle\native\0.2.7\x86_64-windows-gnu\gradle-fileevents.dll
0x00007ffc08f90000 - 0x00007ffc08f9a000 	C:\Users\ishas\.vscode\extensions\redhat.java-1.56.0-win32-x64\jre\21.0.12.1-win32-x86_64\bin\management.dll
0x00007ffc06630000 - 0x00007ffc0663c000 	C:\Users\ishas\.vscode\extensions\redhat.java-1.56.0-win32-x64\jre\21.0.12.1-win32-x86_64\bin\management_ext.dll
0x00007ffc1e300000 - 0x00007ffc1e308000 	C:\Windows\System32\PSAPI.DLL
0x00007ffc1b2e0000 - 0x00007ffc1b313000 	C:\Windows\SYSTEM32\IPHLPAPI.DLL
0x00007ffc1d700000 - 0x00007ffc1d70a000 	C:\Windows\System32\NSI.dll
0x00007ffbfeb60000 - 0x00007ffbfeb69000 	C:\Users\ishas\.vscode\extensions\redhat.java-1.56.0-win32-x64\jre\21.0.12.1-win32-x86_64\bin\extnet.dll
0x00007ffc1c160000 - 0x00007ffc1c17b000 	C:\Windows\SYSTEM32\CRYPTSP.dll
0x00007ffc1b810000 - 0x00007ffc1b849000 	C:\Windows\system32\rsaenh.dll
0x00007ffc1bf20000 - 0x00007ffc1bf54000 	C:\Windows\SYSTEM32\USERENV.dll
0x00007ffc1cad0000 - 0x00007ffc1cafa000 	C:\Windows\SYSTEM32\bcrypt.dll
0x00007ffc1c180000 - 0x00007ffc1c18c000 	C:\Windows\SYSTEM32\CRYPTBASE.dll
0x00007ffc01000000 - 0x00007ffc0100e000 	C:\Users\ishas\.vscode\extensions\redhat.java-1.56.0-win32-x64\jre\21.0.12.1-win32-x86_64\bin\sunmscapi.dll
0x00007ffc1ce80000 - 0x00007ffc1cffe000 	C:\Windows\System32\CRYPT32.dll
0x00007ffc1c3a0000 - 0x00007ffc1c3d0000 	C:\Windows\SYSTEM32\ncrypt.dll
0x00007ffc1c350000 - 0x00007ffc1c38f000 	C:\Windows\SYSTEM32\NTASN1.dll
0x00007ffc00f20000 - 0x00007ffc00f28000 	C:\Windows\system32\wshunix.dll

JVMTI agents:
C:\Users\ishas\.gradle\wrapper\dists\gradle-8.14.3-all\10utluxaxniiv4wxiphsi49nj\gradle-8.14.3\lib\agents\gradle-instrumentation-agent-8.14.3.jar path:C:\Users\ishas\.vscode\extensions\redhat.java-1.56.0-win32-x64\jre\21.0.12.1-win32-x86_64\bin\instrument.dll, loaded, initialized, instrumentlib options:none

dbghelp: loaded successfully - version: 4.0.5 - missing functions: none
symbol engine: initialized successfully - sym options: 0x614 - pdb path: .;C:\Users\ishas\.vscode\extensions\redhat.java-1.56.0-win32-x64\jre\21.0.12.1-win32-x86_64\bin;C:\Windows\SYSTEM32;C:\Windows\WinSxS\amd64_microsoft.windows.common-controls_6595b64144ccf1df_6.0.26100.9278_none_3e0d1ba8e3303201;C:\Users\ishas\.vscode\extensions\redhat.java-1.56.0-win32-x64\jre\21.0.12.1-win32-x86_64\bin\server;C:\Users\ishas\.gradle\native\1def1411415f61bf3af743bc5b6707747c0891f09f0c88961ee8f79bc544acac\windows-amd64;C:\Users\ishas\.gradle\native\0.2.7\x86_64-windows-gnu

VM Arguments:
jvm_args: --add-opens=java.base/java.lang=ALL-UNNAMED --add-opens=java.base/java.lang.invoke=ALL-UNNAMED --add-opens=java.base/java.util=ALL-UNNAMED --add-opens=java.prefs/java.util.prefs=ALL-UNNAMED --add-exports=jdk.compiler/com.sun.tools.javac.api=ALL-UNNAMED --add-exports=jdk.compiler/com.sun.tools.javac.util=ALL-UNNAMED --add-opens=java.base/java.util=ALL-UNNAMED --add-opens=java.prefs/java.util.prefs=ALL-UNNAMED --add-opens=java.base/java.nio.charset=ALL-UNNAMED --add-opens=java.base/java.net=ALL-UNNAMED --add-opens=java.base/java.util.concurrent.atomic=ALL-UNNAMED --add-opens=java.xml/javax.xml.namespace=ALL-UNNAMED -Xmx1536m -Dfile.encoding=UTF-8 -Duser.country=IN -Duser.language=en -Duser.variant -javaagent:C:\Users\ishas\.gradle\wrapper\dists\gradle-8.14.3-all\10utluxaxniiv4wxiphsi49nj\gradle-8.14.3\lib\agents\gradle-instrumentation-agent-8.14.3.jar 
java_command: org.gradle.launcher.daemon.bootstrap.GradleDaemon 8.14.3
java_class_path (initial): C:\Users\ishas\.gradle\wrapper\dists\gradle-8.14.3-all\10utluxaxniiv4wxiphsi49nj\gradle-8.14.3\lib\gradle-daemon-main-8.14.3.jar
Launcher Type: SUN_STANDARD

[Global flags]
     intx CICompilerCount                          = 4                                         {product} {ergonomic}
     uint ConcGCThreads                            = 3                                         {product} {ergonomic}
     uint G1ConcRefinementThreads                  = 10                                        {product} {ergonomic}
   size_t G1HeapRegionSize                         = 1048576                                   {product} {ergonomic}
    uintx GCDrainStackTargetSize                   = 64                                        {product} {ergonomic}
   size_t InitialHeapSize                          = 264241152                                 {product} {ergonomic}
   size_t MarkStackSize                            = 4194304                                   {product} {ergonomic}
   size_t MaxHeapSize                              = 1610612736                                {product} {command line}
   size_t MaxNewSize                               = 965738496                                 {product} {ergonomic}
   size_t MinHeapDeltaBytes                        = 1048576                                   {product} {ergonomic}
   size_t MinHeapSize                              = 8388608                                   {product} {ergonomic}
    uintx NonNMethodCodeHeapSize                   = 5839372                                {pd product} {ergonomic}
    uintx NonProfiledCodeHeapSize                  = 122909434                              {pd product} {ergonomic}
    uintx ProfiledCodeHeapSize                     = 122909434                              {pd product} {ergonomic}
    uintx ReservedCodeCacheSize                    = 251658240                              {pd product} {ergonomic}
     bool SegmentedCodeCache                       = true                                      {product} {ergonomic}
   size_t SoftMaxHeapSize                          = 1610612736                             {manageable} {ergonomic}
     bool UseCompressedOops                        = true                           {product lp64_product} {ergonomic}
     bool UseG1GC                                  = true                                      {product} {ergonomic}
     bool UseLargePagesIndividualAllocation        = false                                  {pd product} {ergonomic}

Logging:
Log output configuration:
 #0: stdout all=warning uptime,level,tags foldmultilines=false
 #1: stderr all=off uptime,level,tags foldmultilines=false

Release file:
JAVA_VERSION="21.0.12.1" 
MODULES="java.base java.compiler java.datatransfer java.xml java.prefs java.desktop java.instrument java.logging java.management java.security.sasl java.naming java.rmi java.management.rmi java.net.http java.scripting java.security.jgss java.transaction.xa java.sql java.sql.rowset java.xml.crypto java.se java.smartcardio jdk.accessibility jdk.internal.jvmstat jdk.attach jdk.charsets jdk.internal.opt jdk.zipfs jdk.compiler jdk.crypto.ec jdk.crypto.cryptoki jdk.crypto.mscapi jdk.dynalink jdk.internal.ed jdk.editpad jdk.hotspot.agent jdk.httpserver jdk.internal.le jdk.internal.vm.ci jdk.internal.vm.compiler jdk.internal.vm.compiler.management jdk.jartool jdk.javadoc jdk.jcmd jdk.management jdk.management.agent jdk.jconsole jdk.jdeps jdk.jdwp.agent jdk.jdi jdk.jfr jdk.jshell jdk.jsobject jdk.jstatd jdk.localedata jdk.management.jfr jdk.naming.dns jdk.naming.rmi jdk.net jdk.nio.mapmode jdk.random jdk.sctp jdk.security.auth jdk.security.jgss jdk.unsupported jdk.unsupported.desktop jdk.xml.dom" 

Environment Variables:
PATH=C:\Program Files\Microsoft\jdk-17.0.12.7-hotspot\bin;C:\Program Files\Eclipse Adoptium\jdk-17.0.17.10-hotspot\bin;C:\Windows\system32;C:\Windows;C:\Windows\System32\Wbem;C:\Windows\System32\WindowsPowerShell\v1.0\;C:\Windows\System32\OpenSSH\;C:\Program Files\nodejs\;C:\Users\ishas\Downloads\apache-maven-3.9.11-bin\apache-maven-3.9.11\bin;C:\Users\ishas\Downloads\apache-maven-3.9.11-bin\apache-maven-3.9.11\bin;C:\Program Files\MySQL\MySQL Server 8.0\bin;C:\Users\ishas\AppData\Local\Programs\Python\Python313;C:\Program Files\Git\cmd;C:\Users\ishas\AppData\Local\Programs\Python\Launcher\;C:\Program Files\MySQL\MySQL Shell 8.0\bin\;C:\Users\ishas\AppData\Local\Microsoft\WindowsApps;C:\Users\ishas\AppData\Local\Programs\Microsoft VS Code\bin;C:\Users\ishas\AppData\Roaming\npm
USERNAME=ishas
OS=Windows_NT
PROCESSOR_IDENTIFIER=Intel64 Family 6 Model 186 Stepping 2, GenuineIntel
TMP=C:\Users\ishas\AppData\Local\Temp
TEMP=C:\Users\ishas\AppData\Local\Temp




Periodic native trim disabled

---------------  S Y S T E M  ---------------

OS:
 Windows 11 , 64 bit Build 26100 (10.0.26100.9444)
OS uptime: 0 days 0:22 hours
Hyper-V role detected

CPU: total 12 (initial active 12) (6 cores per cpu, 2 threads per core) family 6 model 186 stepping 2 microcode 0x4122, cx8, cmov, fxsr, ht, mmx, 3dnowpref, sse, sse2, sse3, ssse3, sse4.1, sse4.2, popcnt, lzcnt, tsc, tscinvbit, avx, avx2, aes, erms, clmul, bmi1, bmi2, adx, sha, fma, vzeroupper, clflush, clflushopt, clwb, hv, serialize, rdtscp, rdpid, fsrm, f16c, cet_ibt, cet_ss
Processor Information for the first 12 processors :
  Max Mhz: 2100, Current Mhz: 2100, Mhz Limit: 2100

Memory: 4k page, system-wide physical 16076M (498M free)
TotalPageFile size 65228M (AvailPageFile size 2M)
current process WorkingSet (physical memory assigned to process): 37M, peak: 187M
current process commit charge ("private bytes"): 259M, peak: 419M

vm_info: OpenJDK 64-Bit Server VM (21.0.12.1+1-LTS) for windows-amd64 JRE (21.0.12.1+1-LTS), built on 2026-08-18T00:00:00Z by "admin" with MS VC++ 17.12 (VS2022)

END.
