#
# There is insufficient memory for the Java Runtime Environment to continue.
# Native memory allocation (malloc) failed to allocate 131088 bytes. Error detail: Chunk::new
# Possible reasons:
#   The system is out of physical RAM or swap space
#   This process is running with CompressedOops enabled, and the Java Heap may be blocking the growth of the native heap
# Possible solutions:
#   Reduce memory load on the system
#   Increase physical memory or swap space
#   Check if swap backing store is full
#   Decrease Java heap size (-Xmx/-Xms)
#   Decrease number of Java threads
#   Decrease Java thread stack sizes (-Xss)
#   Set larger code cache with -XX:ReservedCodeCacheSize=
#   JVM is running with Unscaled Compressed Oops mode in which the Java heap is
#     placed in the first 4GB address space. The Java Heap base address is the
#     maximum limit for the native heap growth. Please use -XX:HeapBaseMinAddress
#     to set the Java Heap base and to place the Java Heap above 4GB virtual address.
# This output file may be truncated or incomplete.
#
#  Out of Memory Error (arena.cpp:168), pid=24632, tid=25192
#
# JRE version: OpenJDK Runtime Environment Temurin-21.0.12.1+1 (21.0.12.1+1) (build 21.0.12.1+1-LTS)
# Java VM: OpenJDK 64-Bit Server VM Temurin-21.0.12.1+1 (21.0.12.1+1-LTS, mixed mode, sharing, tiered, compressed oops, compressed class ptrs, g1 gc, windows-amd64)
# No core dump will be written. Minidumps are not enabled by default on client versions of Windows
#

---------------  S U M M A R Y ------------

Command Line: --add-opens=java.base/java.lang=ALL-UNNAMED --add-opens=java.base/java.lang.invoke=ALL-UNNAMED --add-opens=java.base/java.util=ALL-UNNAMED --add-opens=java.prefs/java.util.prefs=ALL-UNNAMED --add-exports=jdk.compiler/com.sun.tools.javac.api=ALL-UNNAMED --add-exports=jdk.compiler/com.sun.tools.javac.util=ALL-UNNAMED --add-opens=java.base/java.util=ALL-UNNAMED --add-opens=java.prefs/java.util.prefs=ALL-UNNAMED --add-opens=java.base/java.nio.charset=ALL-UNNAMED --add-opens=java.base/java.net=ALL-UNNAMED --add-opens=java.base/java.util.concurrent.atomic=ALL-UNNAMED --add-opens=java.xml/javax.xml.namespace=ALL-UNNAMED -Xmx1536m -Dfile.encoding=UTF-8 -Duser.country=IN -Duser.language=en -Duser.variant -javaagent:C:\Users\ishas\.gradle\wrapper\dists\gradle-8.14.3-all\10utluxaxniiv4wxiphsi49nj\gradle-8.14.3\lib\agents\gradle-instrumentation-agent-8.14.3.jar org.gradle.launcher.daemon.bootstrap.GradleDaemon 8.14.3

Host: 13th Gen Intel(R) Core(TM) i5-13420H, 12 cores, 15G,  Windows 11 , 64 bit Build 26100 (10.0.26100.9444)
Time: Mon Sep 14 18:20:24 2026 India Standard Time elapsed time: 853.015639 seconds (0d 0h 14m 13s)

---------------  T H R E A D  ---------------

Current thread (0x0000027ba4b3f240):  JavaThread "C2 CompilerThread0" daemon [_thread_in_native, id=25192, stack(0x0000008252500000,0x0000008252600000) (1024K)]


Current CompileTask:
C2:853016 5125       4       org.gradle.internal.time.ExponentialBackoff::retryUntil (65 bytes)

Stack: [0x0000008252500000,0x0000008252600000]
Native frames: (J=compiled Java code, j=interpreted, Vv=VM code, C=native code)
V  [jvm.dll+0x6d83e9]
V  [jvm.dll+0x8b5736]
V  [jvm.dll+0x8b7cee]
V  [jvm.dll+0x8b83d3]
V  [jvm.dll+0x284596]
V  [jvm.dll+0xc685d]
V  [jvm.dll+0xc6da1]
V  [jvm.dll+0xc6985]
V  [jvm.dll+0x6b33cc]
V  [jvm.dll+0x2576df]
V  [jvm.dll+0x24d8a1]
V  [jvm.dll+0x24bbe6]
V  [jvm.dll+0x1cb4ae]
V  [jvm.dll+0x25baad]
V  [jvm.dll+0x25a03a]
V  [jvm.dll+0x3f8aae]
V  [jvm.dll+0x8600cd]
V  [jvm.dll+0x6d6c1d]
C  [ucrtbase.dll+0x2cd30]
C  [KERNEL32.DLL+0x2cd87]
C  [ntdll.dll+0xacaec]


---------------  P R O C E S S  ---------------

Threads class SMR info:
_java_thread_list=0x0000027bebff3b40, length=33, elements={
0x0000027b8d91d9c0, 0x0000027ba4b33490, 0x0000027ba4b375c0, 0x0000027ba4b3b870,
0x0000027ba4b3c2d0, 0x0000027ba4b3da50, 0x0000027ba4b3e4b0, 0x0000027ba4b3f240,
0x0000027ba4b431b0, 0x0000027ba4d81bf0, 0x0000027ba4e26580, 0x0000027beab43350,
0x0000027beb668a40, 0x0000027beb534cb0, 0x0000027bea6fc7a0, 0x0000027ba4c0c1e0,
0x0000027beac54910, 0x0000027beac54fa0, 0x0000027beac55cc0, 0x0000027beac55630,
0x0000027beac56350, 0x0000027beac53560, 0x0000027beac54280, 0x0000027bec101fa0,
0x0000027bec102630, 0x0000027bec1067d0, 0x0000027bec104070, 0x0000027bec103350,
0x0000027bec105420, 0x0000027bec104700, 0x0000027bec106140, 0x0000027bec102cc0,
0x0000027bec1039e0
}

Java Threads: ( => current thread )
  0x0000027b8d91d9c0 JavaThread "main"                              [_thread_blocked, id=24928, stack(0x0000008251700000,0x0000008251800000) (1024K)]
  0x0000027ba4b33490 JavaThread "Reference Handler"          daemon [_thread_blocked, id=25168, stack(0x0000008251f00000,0x0000008252000000) (1024K)]
  0x0000027ba4b375c0 JavaThread "Finalizer"                  daemon [_thread_blocked, id=25172, stack(0x0000008252000000,0x0000008252100000) (1024K)]
  0x0000027ba4b3b870 JavaThread "Signal Dispatcher"          daemon [_thread_blocked, id=25176, stack(0x0000008252100000,0x0000008252200000) (1024K)]
  0x0000027ba4b3c2d0 JavaThread "Attach Listener"            daemon [_thread_blocked, id=25180, stack(0x0000008252200000,0x0000008252300000) (1024K)]
  0x0000027ba4b3da50 JavaThread "Service Thread"             daemon [_thread_blocked, id=25184, stack(0x0000008252300000,0x0000008252400000) (1024K)]
  0x0000027ba4b3e4b0 JavaThread "Monitor Deflation Thread"   daemon [_thread_blocked, id=25188, stack(0x0000008252400000,0x0000008252500000) (1024K)]
=>0x0000027ba4b3f240 JavaThread "C2 CompilerThread0"         daemon [_thread_in_native, id=25192, stack(0x0000008252500000,0x0000008252600000) (1024K)]
  0x0000027ba4b431b0 JavaThread "C1 CompilerThread0"         daemon [_thread_blocked, id=25196, stack(0x0000008252600000,0x0000008252700000) (1024K)]
  0x0000027ba4d81bf0 JavaThread "Common-Cleaner"             daemon [_thread_blocked, id=25344, stack(0x0000008252700000,0x0000008252800000) (1024K)]
  0x0000027ba4e26580 JavaThread "Notification Thread"        daemon [_thread_blocked, id=25352, stack(0x0000008252800000,0x0000008252900000) (1024K)]
  0x0000027beab43350 JavaThread "Daemon health stats"               [_thread_blocked, id=29544, stack(0x0000008252e00000,0x0000008252f00000) (1024K)]
  0x0000027beb668a40 JavaThread "Incoming local TCP Connector on port 54955"        [_thread_in_native, id=21308, stack(0x0000008252f00000,0x0000008253000000) (1024K)]
  0x0000027beb534cb0 JavaThread "Daemon periodic checks"            [_thread_blocked, id=27996, stack(0x0000008253000000,0x0000008253100000) (1024K)]
  0x0000027bea6fc7a0 JavaThread "Daemon"                            [_thread_blocked, id=29212, stack(0x0000008253100000,0x0000008253200000) (1024K)]
  0x0000027ba4c0c1e0 JavaThread "Handler for socket connection from /127.0.0.1:54955 to /127.0.0.1:54957"        [_thread_in_native, id=26208, stack(0x0000008253200000,0x0000008253300000) (1024K)]
  0x0000027beac54910 JavaThread "Cancel handler"                    [_thread_blocked, id=29712, stack(0x0000008253300000,0x0000008253400000) (1024K)]
  0x0000027beac54fa0 JavaThread "Daemon worker"                     [_thread_blocked, id=29736, stack(0x0000008253400000,0x0000008253500000) (1024K)]
  0x0000027beac55cc0 JavaThread "Asynchronous log dispatcher for DefaultDaemonConnection: socket connection from /127.0.0.1:54955 to /127.0.0.1:54957"        [_thread_blocked, id=29780, stack(0x0000008253500000,0x0000008253600000) (1024K)]
  0x0000027beac55630 JavaThread "Stdin handler"                     [_thread_blocked, id=29784, stack(0x0000008253600000,0x0000008253700000) (1024K)]
  0x0000027beac56350 JavaThread "Daemon client event forwarder"        [_thread_blocked, id=29792, stack(0x0000008253700000,0x0000008253800000) (1024K)]
  0x0000027beac53560 JavaThread "Cache worker for journal cache (C:\Users\ishas\.gradle\caches\journal-1)"        [_thread_blocked, id=30084, stack(0x0000008253800000,0x0000008253900000) (1024K)]
  0x0000027beac54280 JavaThread "File lock request listener"        [_thread_in_native, id=30088, stack(0x0000008253900000,0x0000008253a00000) (1024K)]
  0x0000027bec101fa0 JavaThread "Cache worker for file hash cache (C:\Users\ishas\.gradle\caches\8.14.3\fileHashes)"        [_thread_blocked, id=30116, stack(0x0000008253b00000,0x0000008253c00000) (1024K)]
  0x0000027bec102630 JavaThread "Cache worker for file hash cache (C:\Users\ishas\Downloads\ai-yoga-assistant-razorpay-v9\yoga3\android\.gradle\8.14.3\fileHashes)"        [_thread_blocked, id=30064, stack(0x0000008254100000,0x0000008254200000) (1024K)]
  0x0000027bec1067d0 JavaThread "Cache worker for Build Output Cleanup Cache (C:\Users\ishas\Downloads\ai-yoga-assistant-razorpay-v9\yoga3\android\.gradle\buildOutputCleanup)"        [_thread_blocked, id=30168, stack(0x0000008254200000,0x0000008254300000) (1024K)]
  0x0000027bec104070 JavaThread "File watcher server"        daemon [_thread_in_native, id=4376, stack(0x0000008254300000,0x0000008254400000) (1024K)]
  0x0000027bec103350 JavaThread "File watcher consumer"      daemon [_thread_blocked, id=30360, stack(0x0000008254400000,0x0000008254500000) (1024K)]
  0x0000027bec105420 JavaThread "jar transforms"                    [_thread_blocked, id=38688, stack(0x0000008251600000,0x0000008251700000) (1024K)]
  0x0000027bec104700 JavaThread "jar transforms Thread 2"           [_thread_blocked, id=41196, stack(0x0000008253a00000,0x0000008253b00000) (1024K)]
  0x0000027bec106140 JavaThread "Cache worker for checksums cache (C:\Users\ishas\Downloads\ai-yoga-assistant-razorpay-v9\yoga3\android\.gradle\8.14.3\checksums)"        [_thread_blocked, id=41764, stack(0x0000008254500000,0x0000008254600000) (1024K)]
  0x0000027bec102cc0 JavaThread "Cache worker for file content cache (C:\Users\ishas\.gradle\caches\8.14.3\fileContent)"        [_thread_blocked, id=41796, stack(0x0000008254600000,0x0000008254700000) (1024K)]
  0x0000027bec1039e0 JavaThread "jar transforms Thread 3"           [_thread_blocked, id=55900, stack(0x0000008254700000,0x0000008254800000) (1024K)]
Total: 33

Other Threads:
  0x0000027ba4b0e140 VMThread "VM Thread"                           [id=25124, stack(0x0000008251e00000,0x0000008251f00000) (1024K)]
  0x0000027ba4aff530 WatcherThread "VM Periodic Task Thread"        [id=25120, stack(0x0000008251d00000,0x0000008251e00000) (1024K)]
  0x0000027b8d965110 WorkerThread "GC Thread#0"                     [id=25072, stack(0x0000008251800000,0x0000008251900000) (1024K)]
  0x0000027ba4e46720 WorkerThread "GC Thread#1"                     [id=25844, stack(0x0000008252900000,0x0000008252a00000) (1024K)]
  0x0000027ba4e46ad0 WorkerThread "GC Thread#2"                     [id=25848, stack(0x0000008252a00000,0x0000008252b00000) (1024K)]
  0x0000027ba4e46e80 WorkerThread "GC Thread#3"                     [id=25852, stack(0x0000008252b00000,0x0000008252c00000) (1024K)]
  0x0000027ba4efcf60 WorkerThread "GC Thread#4"                     [id=25856, stack(0x0000008252c00000,0x0000008252d00000) (1024K)]
  0x0000027ba4efd310 WorkerThread "GC Thread#5"                     [id=25860, stack(0x0000008252d00000,0x0000008252e00000) (1024K)]
  0x0000027bea024820 WorkerThread "GC Thread#6"                     [id=29152, stack(0x0000008251400000,0x0000008251500000) (1024K)]
  0x0000027bec8a5e40 WorkerThread "GC Thread#7"                     [id=29876, stack(0x0000008253c00000,0x0000008253d00000) (1024K)]
  0x0000027bec8a4470 WorkerThread "GC Thread#8"                     [id=29880, stack(0x0000008253d00000,0x0000008253e00000) (1024K)]
  0x0000027bec8a4bd0 WorkerThread "GC Thread#9"                     [id=29884, stack(0x0000008253e00000,0x0000008253f00000) (1024K)]
  0x0000027b8d973420 ConcurrentGCThread "G1 Main Marker"            [id=25088, stack(0x0000008251900000,0x0000008251a00000) (1024K)]
  0x0000027b8d973e40 WorkerThread "G1 Conc#0"                       [id=25096, stack(0x0000008251a00000,0x0000008251b00000) (1024K)]
  0x0000027bec8a61f0 WorkerThread "G1 Conc#1"                       [id=29888, stack(0x0000008253f00000,0x0000008254000000) (1024K)]
  0x0000027bec8a3d10 WorkerThread "G1 Conc#2"                       [id=29892, stack(0x0000008254000000,0x0000008254100000) (1024K)]
  0x0000027ba49d0a80 ConcurrentGCThread "G1 Refine#0"               [id=25100, stack(0x0000008251b00000,0x0000008251c00000) (1024K)]
  0x0000027ba49d32d0 ConcurrentGCThread "G1 Service"                [id=25104, stack(0x0000008251c00000,0x0000008251d00000) (1024K)]
Total: 18

Threads with active compile tasks:
C2 CompilerThread0  853135 5125       4       org.gradle.internal.time.ExponentialBackoff::retryUntil (65 bytes)
Total: 1

VM state: not at safepoint (normal execution)

VM Mutex/Monitor currently owned by a thread: None

Heap address: 0x00000000a0000000, size: 1536 MB, Compressed Oops mode: 32-bit

CDS archive(s) mapped at: [0x0000027ba5000000-0x0000027ba5ba0000-0x0000027ba5ba0000), size 12189696, SharedBaseAddress: 0x0000027ba5000000, ArchiveRelocationMode: 1.
Compressed class space mapped at: 0x0000027ba6000000-0x0000027be6000000, reserved size: 1073741824
Narrow klass base: 0x0000027ba5000000, Narrow klass shift: 0, Narrow klass range: 0x100000000

GC Precious Log:
 CardTable entry size: 512
 Card Set container configuration: InlinePtr #cards 5 size 8 Array Of Cards #cards 12 size 40 Howl #buckets 4 coarsen threshold 1843 Howl Bitmap #cards 512 size 80 coarsen threshold 460 Card regions per heap region 1 cards per card region 2048
 CPUs: 12 total, 12 available
 Memory: 16076M
 Large Page Support: Disabled
 NUMA Support: Disabled
 Compressed Oops: Enabled (32-bit)
 Heap Region Size: 1M
 Heap Min Capacity: 8M
 Heap Initial Capacity: 252M
 Heap Max Capacity: 1536M
 Pre-touch: Disabled
 Parallel Workers: 10
 Concurrent Workers: 3
 Concurrent Refinement Workers: 10
 Periodic GC: Disabled

Heap:
 garbage-first heap   total 97280K, used 36900K [0x00000000a0000000, 0x0000000100000000)
  region size 1024K, 6 young (6144K), 1 survivors (1024K)
 Metaspace       used 35994K, committed 37120K, reserved 1114112K
  class space    used 5107K, committed 5696K, reserved 1048576K

Heap Regions: E=young(eden), S=young(survivor), O=old, HS=humongous(starts), HC=humongous(continues), CS=collection set, F=free, TAMS=top-at-mark-start, PB=parsable bottom
|   0|0x00000000a0000000, 0x00000000a0100000, 0x00000000a0100000|100%|HS|  |TAMS 0x00000000a0000000| PB 0x00000000a0000000| Complete 
|   1|0x00000000a0100000, 0x00000000a0200000, 0x00000000a0200000|100%|HC|  |TAMS 0x00000000a0100000| PB 0x00000000a0100000| Complete 
|   2|0x00000000a0200000, 0x00000000a0300000, 0x00000000a0300000|100%|HC|  |TAMS 0x00000000a0200000| PB 0x00000000a0200000| Complete 
|   3|0x00000000a0300000, 0x00000000a0300000, 0x00000000a0400000|  0%| F|  |TAMS 0x00000000a0300000| PB 0x00000000a0300000| Untracked 
|   4|0x00000000a0400000, 0x00000000a0500000, 0x00000000a0500000|100%| O|  |TAMS 0x00000000a0400000| PB 0x00000000a0400000| Untracked 
|   5|0x00000000a0500000, 0x00000000a0600000, 0x00000000a0600000|100%| O|  |TAMS 0x00000000a0500000| PB 0x00000000a0500000| Untracked 
|   6|0x00000000a0600000, 0x00000000a0700000, 0x00000000a0700000|100%|HS|  |TAMS 0x00000000a0600000| PB 0x00000000a0600000| Complete 
|   7|0x00000000a0700000, 0x00000000a0800000, 0x00000000a0800000|100%| O|  |TAMS 0x00000000a0700000| PB 0x00000000a0700000| Untracked 
|   8|0x00000000a0800000, 0x00000000a0900000, 0x00000000a0900000|100%| O|  |TAMS 0x00000000a0800000| PB 0x00000000a0800000| Untracked 
|   9|0x00000000a0900000, 0x00000000a0a00000, 0x00000000a0a00000|100%| O|  |TAMS 0x00000000a0900000| PB 0x00000000a0900000| Untracked 
|  10|0x00000000a0a00000, 0x00000000a0b00000, 0x00000000a0b00000|100%| O|  |TAMS 0x00000000a0a00000| PB 0x00000000a0a00000| Untracked 
|  11|0x00000000a0b00000, 0x00000000a0c00000, 0x00000000a0c00000|100%| O|  |TAMS 0x00000000a0b00000| PB 0x00000000a0b00000| Untracked 
|  12|0x00000000a0c00000, 0x00000000a0d00000, 0x00000000a0d00000|100%| O|  |TAMS 0x00000000a0c00000| PB 0x00000000a0c00000| Untracked 
|  13|0x00000000a0d00000, 0x00000000a0e00000, 0x00000000a0e00000|100%| O|  |TAMS 0x00000000a0d00000| PB 0x00000000a0d00000| Untracked 
|  14|0x00000000a0e00000, 0x00000000a0f00000, 0x00000000a0f00000|100%| O|  |TAMS 0x00000000a0e00000| PB 0x00000000a0e00000| Untracked 
|  15|0x00000000a0f00000, 0x00000000a1000000, 0x00000000a1000000|100%| O|  |TAMS 0x00000000a0f00000| PB 0x00000000a0f00000| Untracked 
|  16|0x00000000a1000000, 0x00000000a1100000, 0x00000000a1100000|100%| O|  |TAMS 0x00000000a1000000| PB 0x00000000a1000000| Untracked 
|  17|0x00000000a1100000, 0x00000000a1200000, 0x00000000a1200000|100%| O|  |TAMS 0x00000000a1100000| PB 0x00000000a1100000| Untracked 
|  18|0x00000000a1200000, 0x00000000a1300000, 0x00000000a1300000|100%| O|  |TAMS 0x00000000a1200000| PB 0x00000000a1200000| Untracked 
|  19|0x00000000a1300000, 0x00000000a1400000, 0x00000000a1400000|100%| O|  |TAMS 0x00000000a1300000| PB 0x00000000a1300000| Untracked 
|  20|0x00000000a1400000, 0x00000000a14475b0, 0x00000000a1500000| 27%| O|  |TAMS 0x00000000a1400000| PB 0x00000000a1400000| Untracked 
|  21|0x00000000a1500000, 0x00000000a1500000, 0x00000000a1600000|  0%| F|  |TAMS 0x00000000a1500000| PB 0x00000000a1500000| Untracked 
|  22|0x00000000a1600000, 0x00000000a1600000, 0x00000000a1700000|  0%| F|  |TAMS 0x00000000a1600000| PB 0x00000000a1600000| Untracked 
|  23|0x00000000a1700000, 0x00000000a1800000, 0x00000000a1800000|100%| O|  |TAMS 0x00000000a1700000| PB 0x00000000a1700000| Untracked 
|  24|0x00000000a1800000, 0x00000000a1800000, 0x00000000a1900000|  0%| F|  |TAMS 0x00000000a1800000| PB 0x00000000a1800000| Untracked 
|  25|0x00000000a1900000, 0x00000000a1900000, 0x00000000a1a00000|  0%| F|  |TAMS 0x00000000a1900000| PB 0x00000000a1900000| Untracked 
|  26|0x00000000a1a00000, 0x00000000a1a00000, 0x00000000a1b00000|  0%| F|  |TAMS 0x00000000a1a00000| PB 0x00000000a1a00000| Untracked 
|  27|0x00000000a1b00000, 0x00000000a1b00000, 0x00000000a1c00000|  0%| F|  |TAMS 0x00000000a1b00000| PB 0x00000000a1b00000| Untracked 
|  28|0x00000000a1c00000, 0x00000000a1c00000, 0x00000000a1d00000|  0%| F|  |TAMS 0x00000000a1c00000| PB 0x00000000a1c00000| Untracked 
|  29|0x00000000a1d00000, 0x00000000a1d00000, 0x00000000a1e00000|  0%| F|  |TAMS 0x00000000a1d00000| PB 0x00000000a1d00000| Untracked 
|  30|0x00000000a1e00000, 0x00000000a1e00000, 0x00000000a1f00000|  0%| F|  |TAMS 0x00000000a1e00000| PB 0x00000000a1e00000| Untracked 
|  31|0x00000000a1f00000, 0x00000000a1f00000, 0x00000000a2000000|  0%| F|  |TAMS 0x00000000a1f00000| PB 0x00000000a1f00000| Untracked 
|  32|0x00000000a2000000, 0x00000000a2100000, 0x00000000a2100000|100%| O|  |TAMS 0x00000000a2000000| PB 0x00000000a2000000| Untracked 
|  33|0x00000000a2100000, 0x00000000a2200000, 0x00000000a2200000|100%| O|  |TAMS 0x00000000a2100000| PB 0x00000000a2100000| Untracked 
|  34|0x00000000a2200000, 0x00000000a2300000, 0x00000000a2300000|100%| O|  |TAMS 0x00000000a2200000| PB 0x00000000a2200000| Untracked 
|  35|0x00000000a2300000, 0x00000000a2400000, 0x00000000a2400000|100%| O|  |TAMS 0x00000000a2300000| PB 0x00000000a2300000| Untracked 
|  36|0x00000000a2400000, 0x00000000a2500000, 0x00000000a2500000|100%| O|  |TAMS 0x00000000a2400000| PB 0x00000000a2400000| Untracked 
|  37|0x00000000a2500000, 0x00000000a2500000, 0x00000000a2600000|  0%| F|  |TAMS 0x00000000a2500000| PB 0x00000000a2500000| Untracked 
|  38|0x00000000a2600000, 0x00000000a2600000, 0x00000000a2700000|  0%| F|  |TAMS 0x00000000a2600000| PB 0x00000000a2600000| Untracked 
|  39|0x00000000a2700000, 0x00000000a2700000, 0x00000000a2800000|  0%| F|  |TAMS 0x00000000a2700000| PB 0x00000000a2700000| Untracked 
|  40|0x00000000a2800000, 0x00000000a2800000, 0x00000000a2900000|  0%| F|  |TAMS 0x00000000a2800000| PB 0x00000000a2800000| Untracked 
|  41|0x00000000a2900000, 0x00000000a2900000, 0x00000000a2a00000|  0%| F|  |TAMS 0x00000000a2900000| PB 0x00000000a2900000| Untracked 
|  42|0x00000000a2a00000, 0x00000000a2a00000, 0x00000000a2b00000|  0%| F|  |TAMS 0x00000000a2a00000| PB 0x00000000a2a00000| Untracked 
|  43|0x00000000a2b00000, 0x00000000a2b00000, 0x00000000a2c00000|  0%| F|  |TAMS 0x00000000a2b00000| PB 0x00000000a2b00000| Untracked 
|  44|0x00000000a2c00000, 0x00000000a2c00000, 0x00000000a2d00000|  0%| F|  |TAMS 0x00000000a2c00000| PB 0x00000000a2c00000| Untracked 
|  45|0x00000000a2d00000, 0x00000000a2d00000, 0x00000000a2e00000|  0%| F|  |TAMS 0x00000000a2d00000| PB 0x00000000a2d00000| Untracked 
|  46|0x00000000a2e00000, 0x00000000a2e00000, 0x00000000a2f00000|  0%| F|  |TAMS 0x00000000a2e00000| PB 0x00000000a2e00000| Untracked 
|  47|0x00000000a2f00000, 0x00000000a2f00000, 0x00000000a3000000|  0%| F|  |TAMS 0x00000000a2f00000| PB 0x00000000a2f00000| Untracked 
|  48|0x00000000a3000000, 0x00000000a3000000, 0x00000000a3100000|  0%| F|  |TAMS 0x00000000a3000000| PB 0x00000000a3000000| Untracked 
|  49|0x00000000a3100000, 0x00000000a3100000, 0x00000000a3200000|  0%| F|  |TAMS 0x00000000a3100000| PB 0x00000000a3100000| Untracked 
|  50|0x00000000a3200000, 0x00000000a3200000, 0x00000000a3300000|  0%| F|  |TAMS 0x00000000a3200000| PB 0x00000000a3200000| Untracked 
|  51|0x00000000a3300000, 0x00000000a3300000, 0x00000000a3400000|  0%| F|  |TAMS 0x00000000a3300000| PB 0x00000000a3300000| Untracked 
|  52|0x00000000a3400000, 0x00000000a3400000, 0x00000000a3500000|  0%| F|  |TAMS 0x00000000a3400000| PB 0x00000000a3400000| Untracked 
|  53|0x00000000a3500000, 0x00000000a3500000, 0x00000000a3600000|  0%| F|  |TAMS 0x00000000a3500000| PB 0x00000000a3500000| Untracked 
|  54|0x00000000a3600000, 0x00000000a3600000, 0x00000000a3700000|  0%| F|  |TAMS 0x00000000a3600000| PB 0x00000000a3600000| Untracked 
|  55|0x00000000a3700000, 0x00000000a3700000, 0x00000000a3800000|  0%| F|  |TAMS 0x00000000a3700000| PB 0x00000000a3700000| Untracked 
|  56|0x00000000a3800000, 0x00000000a3800000, 0x00000000a3900000|  0%| F|  |TAMS 0x00000000a3800000| PB 0x00000000a3800000| Untracked 
|  57|0x00000000a3900000, 0x00000000a3900000, 0x00000000a3a00000|  0%| F|  |TAMS 0x00000000a3900000| PB 0x00000000a3900000| Untracked 
|  58|0x00000000a3a00000, 0x00000000a3ac1b60, 0x00000000a3b00000| 75%| S|CS|TAMS 0x00000000a3a00000| PB 0x00000000a3a00000| Complete 
|  59|0x00000000a3b00000, 0x00000000a3b00000, 0x00000000a3c00000|  0%| F|  |TAMS 0x00000000a3b00000| PB 0x00000000a3b00000| Untracked 
|  60|0x00000000a3c00000, 0x00000000a3c00000, 0x00000000a3d00000|  0%| F|  |TAMS 0x00000000a3c00000| PB 0x00000000a3c00000| Untracked 
|  61|0x00000000a3d00000, 0x00000000a3d00000, 0x00000000a3e00000|  0%| F|  |TAMS 0x00000000a3d00000| PB 0x00000000a3d00000| Untracked 
|  62|0x00000000a3e00000, 0x00000000a3e00000, 0x00000000a3f00000|  0%| F|  |TAMS 0x00000000a3e00000| PB 0x00000000a3e00000| Untracked 
|  63|0x00000000a3f00000, 0x00000000a3f00000, 0x00000000a4000000|  0%| F|  |TAMS 0x00000000a3f00000| PB 0x00000000a3f00000| Untracked 
|  64|0x00000000a4000000, 0x00000000a4000000, 0x00000000a4100000|  0%| F|  |TAMS 0x00000000a4000000| PB 0x00000000a4000000| Untracked 
|  65|0x00000000a4100000, 0x00000000a4100000, 0x00000000a4200000|  0%| F|  |TAMS 0x00000000a4100000| PB 0x00000000a4100000| Untracked 
|  66|0x00000000a4200000, 0x00000000a4200000, 0x00000000a4300000|  0%| F|  |TAMS 0x00000000a4200000| PB 0x00000000a4200000| Untracked 
|  67|0x00000000a4300000, 0x00000000a4300000, 0x00000000a4400000|  0%| F|  |TAMS 0x00000000a4300000| PB 0x00000000a4300000| Untracked 
|  68|0x00000000a4400000, 0x00000000a4400000, 0x00000000a4500000|  0%| F|  |TAMS 0x00000000a4400000| PB 0x00000000a4400000| Untracked 
|  69|0x00000000a4500000, 0x00000000a4500000, 0x00000000a4600000|  0%| F|  |TAMS 0x00000000a4500000| PB 0x00000000a4500000| Untracked 
|  70|0x00000000a4600000, 0x00000000a4600000, 0x00000000a4700000|  0%| F|  |TAMS 0x00000000a4600000| PB 0x00000000a4600000| Untracked 
|  71|0x00000000a4700000, 0x00000000a4700000, 0x00000000a4800000|  0%| F|  |TAMS 0x00000000a4700000| PB 0x00000000a4700000| Untracked 
|  72|0x00000000a4800000, 0x00000000a4800000, 0x00000000a4900000|  0%| F|  |TAMS 0x00000000a4800000| PB 0x00000000a4800000| Untracked 
|  73|0x00000000a4900000, 0x00000000a4900000, 0x00000000a4a00000|  0%| F|  |TAMS 0x00000000a4900000| PB 0x00000000a4900000| Untracked 
|  74|0x00000000a4a00000, 0x00000000a4a00000, 0x00000000a4b00000|  0%| F|  |TAMS 0x00000000a4a00000| PB 0x00000000a4a00000| Untracked 
|  75|0x00000000a4b00000, 0x00000000a4b00000, 0x00000000a4c00000|  0%| F|  |TAMS 0x00000000a4b00000| PB 0x00000000a4b00000| Untracked 
| 145|0x00000000a9100000, 0x00000000a9100000, 0x00000000a9200000|  0%| F|  |TAMS 0x00000000a9100000| PB 0x00000000a9100000| Untracked 
| 146|0x00000000a9200000, 0x00000000a9200000, 0x00000000a9300000|  0%| F|  |TAMS 0x00000000a9200000| PB 0x00000000a9200000| Untracked 
| 147|0x00000000a9300000, 0x00000000a9300000, 0x00000000a9400000|  0%| F|  |TAMS 0x00000000a9300000| PB 0x00000000a9300000| Untracked 
| 148|0x00000000a9400000, 0x00000000a9400000, 0x00000000a9500000|  0%| F|  |TAMS 0x00000000a9400000| PB 0x00000000a9400000| Untracked 
| 149|0x00000000a9500000, 0x00000000a9500000, 0x00000000a9600000|  0%| F|  |TAMS 0x00000000a9500000| PB 0x00000000a9500000| Untracked 
| 150|0x00000000a9600000, 0x00000000a9600000, 0x00000000a9700000|  0%| F|  |TAMS 0x00000000a9600000| PB 0x00000000a9600000| Untracked 
| 151|0x00000000a9700000, 0x00000000a9700000, 0x00000000a9800000|  0%| F|  |TAMS 0x00000000a9700000| PB 0x00000000a9700000| Untracked 
| 152|0x00000000a9800000, 0x00000000a9800000, 0x00000000a9900000|  0%| F|  |TAMS 0x00000000a9800000| PB 0x00000000a9800000| Untracked 
| 153|0x00000000a9900000, 0x00000000a99f00c0, 0x00000000a9a00000| 93%| E|  |TAMS 0x00000000a9900000| PB 0x00000000a9900000| Complete 
| 154|0x00000000a9a00000, 0x00000000a9b00000, 0x00000000a9b00000|100%| E|CS|TAMS 0x00000000a9a00000| PB 0x00000000a9a00000| Complete 
| 155|0x00000000a9b00000, 0x00000000a9c00000, 0x00000000a9c00000|100%| E|CS|TAMS 0x00000000a9b00000| PB 0x00000000a9b00000| Complete 
| 156|0x00000000a9c00000, 0x00000000a9d00000, 0x00000000a9d00000|100%| E|CS|TAMS 0x00000000a9c00000| PB 0x00000000a9c00000| Complete 
| 251|0x00000000afb00000, 0x00000000afc00000, 0x00000000afc00000|100%| E|CS|TAMS 0x00000000afb00000| PB 0x00000000afb00000| Complete 
|1530|0x00000000ffa00000, 0x00000000ffb00000, 0x00000000ffb00000|100%| O|  |TAMS 0x00000000ffa00000| PB 0x00000000ffa00000| Untracked 
|1531|0x00000000ffb00000, 0x00000000ffc00000, 0x00000000ffc00000|100%| O|  |TAMS 0x00000000ffb00000| PB 0x00000000ffb00000| Untracked 
|1532|0x00000000ffc00000, 0x00000000ffd00000, 0x00000000ffd00000|100%| O|  |TAMS 0x00000000ffc00000| PB 0x00000000ffc00000| Untracked 
|1533|0x00000000ffd00000, 0x00000000ffe00000, 0x00000000ffe00000|100%| O|  |TAMS 0x00000000ffd00000| PB 0x00000000ffd00000| Untracked 
|1534|0x00000000ffe00000, 0x00000000fff00000, 0x00000000fff00000|100%| O|  |TAMS 0x00000000ffe00000| PB 0x00000000ffe00000| Untracked 
|1535|0x00000000fff00000, 0x0000000100000000, 0x0000000100000000|100%| O|  |TAMS 0x00000000fff00000| PB 0x00000000fff00000| Untracked 

Card table byte_map: [0x0000027ba0370000,0x0000027ba0670000] _byte_map_base: 0x0000027b9fe70000

Marking Bits: (CMBitMap*) 0x0000027b8d965730
 Bits: [0x0000027ba0670000, 0x0000027ba1e70000)

Polling page: 0x0000027b8b740000

Metaspace:

Usage:
  Non-class:     30.16 MB used.
      Class:      4.99 MB used.
       Both:     35.15 MB used.

Virtual space:
  Non-class space:       64.00 MB reserved,      30.69 MB ( 48%) committed,  1 nodes.
      Class space:        1.00 GB reserved,       5.56 MB ( <1%) committed,  1 nodes.
             Both:        1.06 GB reserved,      36.25 MB (  3%) committed. 

Chunk freelists:
   Non-Class:  1.03 MB
       Class:  10.31 MB
        Both:  11.34 MB

MaxMetaspaceSize: unlimited
CompressedClassSpaceSize: 1.00 GB
Initial GC threshold: 21.00 MB
Current GC threshold: 58.69 MB
CDS: on
 - commit_granule_bytes: 65536.
 - commit_granule_words: 8192.
 - virtual_space_node_default_size: 8388608.
 - enlarge_chunks_in_place: 1.
 - use_allocation_guard: 0.


Internal statistics:

num_allocs_failed_limit: 6.
num_arena_births: 1764.
num_arena_deaths: 0.
num_vsnodes_births: 2.
num_vsnodes_deaths: 0.
num_space_committed: 580.
num_space_uncommitted: 0.
num_chunks_returned_to_freelist: 6.
num_chunks_taken_from_freelist: 3257.
num_chunk_merges: 6.
num_chunk_splits: 2140.
num_chunks_enlarged: 1381.
num_inconsistent_stats: 0.

CodeHeap 'non-profiled nmethods': size=120000Kb used=2716Kb max_used=2716Kb free=117283Kb
 bounds [0x0000027b985f0000, 0x0000027b988a0000, 0x0000027b9fb20000]
CodeHeap 'profiled nmethods': size=120000Kb used=8824Kb max_used=9532Kb free=111175Kb
 bounds [0x0000027b90b20000, 0x0000027b91470000, 0x0000027b98050000]
CodeHeap 'non-nmethods': size=5760Kb used=2554Kb max_used=2597Kb free=3205Kb
 bounds [0x0000027b98050000, 0x0000027b982f0000, 0x0000027b985f0000]
CodeCache: size=245760Kb, used=14094Kb, max_used=14845Kb, free=231663Kb
 total_blobs=5418, nmethods=4592, adapters=730, full_count=0
Compilation: enabled, stopped_count=0, restarted_count=0

Compilation events (20 events):
Event: 790.019 Thread 0x0000027ba4b431b0 nmethod 5115 0x0000027b90e67b10 code [0x0000027b90e67d40, 0x0000027b90e68430]
Event: 796.562 Thread 0x0000027ba4b3f240 5116       4       java.util.ComparableTimSort::binarySort (223 bytes)
Event: 796.616 Thread 0x0000027ba4b3f240 nmethod 5116 0x0000027b98891b10 code [0x0000027b98891da0, 0x0000027b98892fb0]
Event: 807.174 Thread 0x0000027ba4b3f240 5117       4       org.gradle.cache.internal.DefaultFileLockManager$DefaultFileLock$$Lambda/0x0000027ba6169150::run (12 bytes)
Event: 807.278 Thread 0x0000027ba4b3f240 nmethod 5117 0x0000027b986fc910 code [0x0000027b986fcb00, 0x0000027b986fce90]
Event: 807.278 Thread 0x0000027ba4b3f240 5118       4       org.gradle.cache.internal.DefaultFileLockManager$DefaultFileLock::lambda$lockInformationRegion$3 (37 bytes)
Event: 807.288 Thread 0x0000027ba4b3f240 nmethod 5118 0x0000027b986fc090 code [0x0000027b986fc280, 0x0000027b986fc5f8]
Event: 809.678 Thread 0x0000027ba4b3f240 5119   !   4       org.gradle.cache.internal.DefaultFileLockManager$AwaitableFileLockReleasedSignal::await (78 bytes)
Event: 809.783 Thread 0x0000027ba4b3f240 nmethod 5119 0x0000027b98893a10 code [0x0000027b98893d60, 0x0000027b98895798]
Event: 815.316 Thread 0x0000027ba4b3f240 5120   !   4       java.io.RandomAccessFile::length (24 bytes)
Event: 815.366 Thread 0x0000027ba4b3f240 nmethod 5120 0x0000027b986fbc10 code [0x0000027b986fbdc0, 0x0000027b986fbf08]
Event: 822.296 Thread 0x0000027ba4b3f240 5121       4       com.google.common.collect.Iterators$ArrayItr::get (7 bytes)
Event: 822.310 Thread 0x0000027ba4b3f240 nmethod 5121 0x0000027b98896710 code [0x0000027b988968a0, 0x0000027b98896970]
Event: 834.713 Thread 0x0000027ba4b3f240 5122       4       java.util.Random::nextInt (74 bytes)
Event: 834.724 Thread 0x0000027ba4b3f240 nmethod 5122 0x0000027b98896a10 code [0x0000027b98896ba0, 0x0000027b98896d78]
Event: 852.367 Thread 0x0000027ba4b431b0 5123       3       java.io.FilterInputStream::close (8 bytes)
Event: 852.373 Thread 0x0000027ba4b431b0 nmethod 5123 0x0000027b90ec9f10 code [0x0000027b90eca0c0, 0x0000027b90eca298]
Event: 852.646 Thread 0x0000027ba4b3f240 5124       4       sun.nio.ch.FileDispatcherImpl::release (8 bytes)
Event: 852.648 Thread 0x0000027ba4b3f240 nmethod 5124 0x0000027b98896f10 code [0x0000027b988970a0, 0x0000027b98897158]
Event: 852.707 Thread 0x0000027ba4b3f240 5125       4       org.gradle.internal.time.ExponentialBackoff::retryUntil (65 bytes)

GC Heap History (20 events):
Event: 4.274 GC heap before
{Heap before GC invocations=0 (full 0):
 garbage-first heap   total 258048K, used 23552K [0x00000000a0000000, 0x0000000100000000)
  region size 1024K, 23 young (23552K), 0 survivors (0K)
 Metaspace       used 933K, committed 1088K, reserved 1114112K
  class space    used 73K, committed 128K, reserved 1048576K
}
Event: 4.399 GC heap after
{Heap after GC invocations=1 (full 0):
 garbage-first heap   total 258048K, used 1663K [0x00000000a0000000, 0x0000000100000000)
  region size 1024K, 2 young (2048K), 2 survivors (2048K)
 Metaspace       used 933K, committed 1088K, reserved 1114112K
  class space    used 73K, committed 128K, reserved 1048576K
}
Event: 13.834 GC heap before
{Heap before GC invocations=1 (full 0):
 garbage-first heap   total 258048K, used 40575K [0x00000000a0000000, 0x0000000100000000)
  region size 1024K, 38 young (38912K), 2 survivors (2048K)
 Metaspace       used 4393K, committed 4544K, reserved 1114112K
  class space    used 559K, committed 640K, reserved 1048576K
}
Event: 13.842 GC heap after
{Heap after GC invocations=2 (full 0):
 garbage-first heap   total 258048K, used 10941K [0x00000000a0000000, 0x0000000100000000)
  region size 1024K, 5 young (5120K), 5 survivors (5120K)
 Metaspace       used 4393K, committed 4544K, reserved 1114112K
  class space    used 559K, committed 640K, reserved 1048576K
}
Event: 38.089 GC heap before
{Heap before GC invocations=2 (full 0):
 garbage-first heap   total 258048K, used 63165K [0x00000000a0000000, 0x0000000100000000)
  region size 1024K, 55 young (56320K), 5 survivors (5120K)
 Metaspace       used 5740K, committed 6016K, reserved 1114112K
  class space    used 773K, committed 896K, reserved 1048576K
}
Event: 38.102 GC heap after
{Heap after GC invocations=3 (full 0):
 garbage-first heap   total 258048K, used 17813K [0x00000000a0000000, 0x0000000100000000)
  region size 1024K, 6 young (6144K), 6 survivors (6144K)
 Metaspace       used 5740K, committed 6016K, reserved 1114112K
  class space    used 773K, committed 896K, reserved 1048576K
}
Event: 57.460 GC heap before
{Heap before GC invocations=3 (full 0):
 garbage-first heap   total 258048K, used 107925K [0x00000000a0000000, 0x0000000100000000)
  region size 1024K, 95 young (97280K), 6 survivors (6144K)
 Metaspace       used 20766K, committed 21504K, reserved 1114112K
  class space    used 3068K, committed 3456K, reserved 1048576K
}
Event: 57.476 GC heap after
{Heap after GC invocations=4 (full 0):
 garbage-first heap   total 258048K, used 24133K [0x00000000a0000000, 0x0000000100000000)
  region size 1024K, 12 young (12288K), 12 survivors (12288K)
 Metaspace       used 20766K, committed 21504K, reserved 1114112K
  class space    used 3068K, committed 3456K, reserved 1048576K
}
Event: 175.056 GC heap before
{Heap before GC invocations=5 (full 0):
 garbage-first heap   total 81920K, used 81477K [0x00000000a0000000, 0x0000000100000000)
  region size 1024K, 68 young (69632K), 12 survivors (12288K)
 Metaspace       used 26753K, committed 27712K, reserved 1114112K
  class space    used 4029K, committed 4480K, reserved 1048576K
}
Event: 175.100 GC heap after
{Heap after GC invocations=6 (full 0):
 garbage-first heap   total 97280K, used 26652K [0x00000000a0000000, 0x0000000100000000)
  region size 1024K, 9 young (9216K), 9 survivors (9216K)
 Metaspace       used 26753K, committed 27712K, reserved 1114112K
  class space    used 4029K, committed 4480K, reserved 1048576K
}
Event: 190.387 GC heap before
{Heap before GC invocations=6 (full 0):
 garbage-first heap   total 97280K, used 74780K [0x00000000a0000000, 0x0000000100000000)
  region size 1024K, 57 young (58368K), 9 survivors (9216K)
 Metaspace       used 32815K, committed 33728K, reserved 1114112K
  class space    used 4711K, committed 5120K, reserved 1048576K
}
Event: 190.404 GC heap after
{Heap after GC invocations=7 (full 0):
 garbage-first heap   total 97280K, used 32060K [0x00000000a0000000, 0x0000000100000000)
  region size 1024K, 8 young (8192K), 8 survivors (8192K)
 Metaspace       used 32815K, committed 33728K, reserved 1114112K
  class space    used 4711K, committed 5120K, reserved 1048576K
}
Event: 193.378 GC heap before
{Heap before GC invocations=7 (full 0):
 garbage-first heap   total 97280K, used 52540K [0x00000000a0000000, 0x0000000100000000)
  region size 1024K, 25 young (25600K), 8 survivors (8192K)
 Metaspace       used 34857K, committed 35968K, reserved 1114112K
  class space    used 4927K, committed 5440K, reserved 1048576K
}
Event: 193.387 GC heap after
{Heap after GC invocations=8 (full 0):
 garbage-first heap   total 97280K, used 32824K [0x00000000a0000000, 0x0000000100000000)
  region size 1024K, 3 young (3072K), 3 survivors (3072K)
 Metaspace       used 34857K, committed 35968K, reserved 1114112K
  class space    used 4927K, committed 5440K, reserved 1048576K
}
Event: 584.253 GC heap before
{Heap before GC invocations=9 (full 0):
 garbage-first heap   total 97280K, used 79928K [0x00000000a0000000, 0x0000000100000000)
  region size 1024K, 49 young (50176K), 3 survivors (3072K)
 Metaspace       used 35985K, committed 37120K, reserved 1114112K
  class space    used 5107K, committed 5696K, reserved 1048576K
}
Event: 584.754 GC heap after
{Heap after GC invocations=10 (full 0):
 garbage-first heap   total 97280K, used 32828K [0x00000000a0000000, 0x0000000100000000)
  region size 1024K, 3 young (3072K), 3 survivors (3072K)
 Metaspace       used 35985K, committed 37120K, reserved 1114112K
  class space    used 5107K, committed 5696K, reserved 1048576K
}
Event: 595.644 GC heap before
{Heap before GC invocations=10 (full 0):
 garbage-first heap   total 97280K, used 34876K [0x00000000a0000000, 0x0000000100000000)
  region size 1024K, 5 young (5120K), 3 survivors (3072K)
 Metaspace       used 35985K, committed 37120K, reserved 1114112K
  class space    used 5107K, committed 5696K, reserved 1048576K
}
Event: 595.686 GC heap after
{Heap after GC invocations=11 (full 0):
 garbage-first heap   total 97280K, used 32691K [0x00000000a0000000, 0x0000000100000000)
  region size 1024K, 1 young (1024K), 1 survivors (1024K)
 Metaspace       used 35985K, committed 37120K, reserved 1114112K
  class space    used 5107K, committed 5696K, reserved 1048576K
}
Event: 812.300 GC heap before
{Heap before GC invocations=11 (full 0):
 garbage-first heap   total 97280K, used 61363K [0x00000000a0000000, 0x0000000100000000)
  region size 1024K, 30 young (30720K), 1 survivors (1024K)
 Metaspace       used 35994K, committed 37120K, reserved 1114112K
  class space    used 5107K, committed 5696K, reserved 1048576K
}
Event: 812.352 GC heap after
{Heap after GC invocations=12 (full 0):
 garbage-first heap   total 97280K, used 32804K [0x00000000a0000000, 0x0000000100000000)
  region size 1024K, 1 young (1024K), 1 survivors (1024K)
 Metaspace       used 35994K, committed 37120K, reserved 1114112K
  class space    used 5107K, committed 5696K, reserved 1048576K
}

Dll operation events (20 events):
Event: 0.610 Attempting to load shared library C:\Users\ishas\.vscode\extensions\redhat.java-1.56.0-win32-x64\jre\21.0.12.1-win32-x86_64\bin\nio.dll
Event: 0.610 Loaded shared library C:\Users\ishas\.vscode\extensions\redhat.java-1.56.0-win32-x64\jre\21.0.12.1-win32-x86_64\bin\nio.dll
Event: 0.614 Attempting to load shared library C:\Users\ishas\.vscode\extensions\redhat.java-1.56.0-win32-x64\jre\21.0.12.1-win32-x86_64\bin\zip.dll
Event: 0.614 Loaded shared library C:\Users\ishas\.vscode\extensions\redhat.java-1.56.0-win32-x64\jre\21.0.12.1-win32-x86_64\bin\zip.dll
Event: 3.952 Attempting to load shared library C:\Users\ishas\.vscode\extensions\redhat.java-1.56.0-win32-x64\jre\21.0.12.1-win32-x86_64\bin\jimage.dll
Event: 3.952 Loaded shared library C:\Users\ishas\.vscode\extensions\redhat.java-1.56.0-win32-x64\jre\21.0.12.1-win32-x86_64\bin\jimage.dll
Event: 6.210 Attempting to load shared library C:\Users\ishas\.vscode\extensions\redhat.java-1.56.0-win32-x64\jre\21.0.12.1-win32-x86_64\bin\verify.dll
Event: 6.211 Loaded shared library C:\Users\ishas\.vscode\extensions\redhat.java-1.56.0-win32-x64\jre\21.0.12.1-win32-x86_64\bin\verify.dll
Event: 7.068 Attempting to load shared library C:\Users\ishas\.gradle\native\1def1411415f61bf3af743bc5b6707747c0891f09f0c88961ee8f79bc544acac\windows-amd64\native-platform.dll
Event: 7.070 Loaded shared library C:\Users\ishas\.gradle\native\1def1411415f61bf3af743bc5b6707747c0891f09f0c88961ee8f79bc544acac\windows-amd64\native-platform.dll
Event: 7.113 Attempting to load shared library C:\Users\ishas\.gradle\native\0.2.7\x86_64-windows-gnu\gradle-fileevents.dll
Event: 7.115 Loaded shared library C:\Users\ishas\.gradle\native\0.2.7\x86_64-windows-gnu\gradle-fileevents.dll
Event: 38.576 Attempting to load shared library C:\Users\ishas\.vscode\extensions\redhat.java-1.56.0-win32-x64\jre\21.0.12.1-win32-x86_64\bin\management.dll
Event: 38.583 Loaded shared library C:\Users\ishas\.vscode\extensions\redhat.java-1.56.0-win32-x64\jre\21.0.12.1-win32-x86_64\bin\management.dll
Event: 38.588 Attempting to load shared library C:\Users\ishas\.vscode\extensions\redhat.java-1.56.0-win32-x64\jre\21.0.12.1-win32-x86_64\bin\management_ext.dll
Event: 38.696 Loaded shared library C:\Users\ishas\.vscode\extensions\redhat.java-1.56.0-win32-x64\jre\21.0.12.1-win32-x86_64\bin\management_ext.dll
Event: 46.330 Attempting to load shared library C:\Users\ishas\.vscode\extensions\redhat.java-1.56.0-win32-x64\jre\21.0.12.1-win32-x86_64\bin\extnet.dll
Event: 46.331 Loaded shared library C:\Users\ishas\.vscode\extensions\redhat.java-1.56.0-win32-x64\jre\21.0.12.1-win32-x86_64\bin\extnet.dll
Event: 52.428 Attempting to load shared library C:\Users\ishas\.vscode\extensions\redhat.java-1.56.0-win32-x64\jre\21.0.12.1-win32-x86_64\bin\sunmscapi.dll
Event: 52.433 Loaded shared library C:\Users\ishas\.vscode\extensions\redhat.java-1.56.0-win32-x64\jre\21.0.12.1-win32-x86_64\bin\sunmscapi.dll

Deoptimization events (20 events):
Event: 702.558 Thread 0x0000027beab43350 Uncommon trap: trap_request=0xffffffbe fr.pc=0x0000027b9888b7a8 relative=0x0000000000001948
Event: 702.558 Thread 0x0000027beab43350 Uncommon trap: reason=profile_predicate action=maybe_recompile pc=0x0000027b9888b7a8 method=java.util.ComparableTimSort.reverseRange([Ljava/lang/Object;II)V @ 5 c2
Event: 702.558 Thread 0x0000027beab43350 DEOPT PACKING pc=0x0000027b9888b7a8 sp=0x0000008252efe490
Event: 702.558 Thread 0x0000027beab43350 DEOPT UNPACKING pc=0x0000027b980a4422 sp=0x0000008252efe400 mode 2
Event: 702.558 Thread 0x0000027beab43350 Uncommon trap: trap_request=0xffffffbe fr.pc=0x0000027b9888b7a8 relative=0x0000000000001948
Event: 702.558 Thread 0x0000027beab43350 Uncommon trap: reason=profile_predicate action=maybe_recompile pc=0x0000027b9888b7a8 method=java.util.ComparableTimSort.reverseRange([Ljava/lang/Object;II)V @ 5 c2
Event: 702.558 Thread 0x0000027beab43350 DEOPT PACKING pc=0x0000027b9888b7a8 sp=0x0000008252efe490
Event: 702.558 Thread 0x0000027beab43350 DEOPT UNPACKING pc=0x0000027b980a4422 sp=0x0000008252efe400 mode 2
Event: 702.558 Thread 0x0000027beab43350 Uncommon trap: trap_request=0xffffffbe fr.pc=0x0000027b9888b7a8 relative=0x0000000000001948
Event: 702.558 Thread 0x0000027beab43350 Uncommon trap: reason=profile_predicate action=maybe_recompile pc=0x0000027b9888b7a8 method=java.util.ComparableTimSort.reverseRange([Ljava/lang/Object;II)V @ 5 c2
Event: 702.558 Thread 0x0000027beab43350 DEOPT PACKING pc=0x0000027b9888b7a8 sp=0x0000008252efe490
Event: 702.558 Thread 0x0000027beab43350 DEOPT UNPACKING pc=0x0000027b980a4422 sp=0x0000008252efe400 mode 2
Event: 705.556 Thread 0x0000027beab43350 Uncommon trap: trap_request=0xffffffd6 fr.pc=0x0000027b986e29c8 relative=0x00000000000008e8
Event: 705.556 Thread 0x0000027beab43350 Uncommon trap: reason=array_check action=maybe_recompile pc=0x0000027b986e29c8 method=java.util.ComparableTimSort.reverseRange([Ljava/lang/Object;II)V @ 27 c2
Event: 705.556 Thread 0x0000027beab43350 DEOPT PACKING pc=0x0000027b986e29c8 sp=0x0000008252efe410
Event: 705.557 Thread 0x0000027beab43350 DEOPT UNPACKING pc=0x0000027b980a4422 sp=0x0000008252efe3e8 mode 2
Event: 705.557 Thread 0x0000027beab43350 Uncommon trap: trap_request=0xffffffd6 fr.pc=0x0000027b986e29c8 relative=0x00000000000008e8
Event: 705.557 Thread 0x0000027beab43350 Uncommon trap: reason=array_check action=maybe_recompile pc=0x0000027b986e29c8 method=java.util.ComparableTimSort.reverseRange([Ljava/lang/Object;II)V @ 27 c2
Event: 705.557 Thread 0x0000027beab43350 DEOPT PACKING pc=0x0000027b986e29c8 sp=0x0000008252efe410
Event: 705.558 Thread 0x0000027beab43350 DEOPT UNPACKING pc=0x0000027b980a4422 sp=0x0000008252efe3e8 mode 2

Classes loaded (20 events):
Event: 192.585 Loading class com/sun/beans/finder/MethodFinder
Event: 192.585 Loading class com/sun/beans/finder/AbstractFinder
Event: 192.585 Loading class com/sun/beans/finder/AbstractFinder done
Event: 192.585 Loading class com/sun/beans/finder/MethodFinder done
Event: 192.586 Loading class com/sun/beans/finder/MethodFinder$1
Event: 192.586 Loading class com/sun/beans/finder/MethodFinder$1 done
Event: 192.586 Loading class com/sun/beans/finder/FinderUtils
Event: 192.586 Loading class com/sun/beans/finder/FinderUtils done
Event: 193.134 Loading class java/lang/invoke/SerializedLambda
Event: 193.134 Loading class java/lang/invoke/SerializedLambda done
Event: 193.427 Loading class java/util/BitSet$1BitSetSpliterator
Event: 193.427 Loading class java/util/BitSet$1BitSetSpliterator done
Event: 193.548 Loading class java/lang/SafeVarargs
Event: 193.548 Loading class java/lang/SafeVarargs done
Event: 193.612 Loading class jdk/internal/reflect/MethodHandleIntegerFieldAccessorImpl
Event: 193.612 Loading class jdk/internal/reflect/MethodHandleIntegerFieldAccessorImpl done
Event: 193.629 Loading class java/security/CodeSigner
Event: 193.630 Loading class java/security/CodeSigner done
Event: 193.662 Loading class sun/nio/fs/WindowsException
Event: 193.663 Loading class sun/nio/fs/WindowsException done

Classes unloaded (0 events):
No events

Classes redefined (0 events):
No events

Internal exceptions (20 events):
Event: 192.578 Thread 0x0000027beac54fa0 Exception <a 'java/lang/ClassNotFoundException'{0x00000000a94928b0}: groovy/lang/ClosureBeanInfo> (0x00000000a94928b0) 
thrown [s\src\hotspot\share\classfile\systemDictionary.cpp, line 313]
Event: 192.579 Thread 0x0000027beac54fa0 Exception <a 'java/lang/ClassNotFoundException'{0x00000000a949f978}: groovy/lang/ClosureCustomizer> (0x00000000a949f978) 
thrown [s\src\hotspot\share\classfile\systemDictionary.cpp, line 313]
Event: 192.585 Thread 0x0000027beac54fa0 Exception <a 'java/lang/ClassNotFoundException'{0x00000000a94d1710}: groovy/lang/Closure$1Customizer> (0x00000000a94d1710) 
thrown [s\src\hotspot\share\classfile\systemDictionary.cpp, line 313]
Event: 192.692 Thread 0x0000027beac54fa0 Exception <a 'java/lang/NoSuchMethodError'{0x00000000a9377a90}: 'void java.lang.invoke.Invokers$Holder.invoke_MT(java.lang.Object, java.lang.Object, java.lang.Object, java.lang.Object)'> (0x00000000a9377a90) 
thrown [s\src\hotspot\share\interpreter\linkResolver.cpp, line 773]
Event: 192.752 Thread 0x0000027beac54fa0 Exception <a 'java/lang/ClassNotFoundException'{0x00000000a91f16c8}: org/gradle/invocation/DefaultGradle_DecoratedBeanInfo> (0x00000000a91f16c8) 
thrown [s\src\hotspot\share\classfile\systemDictionary.cpp, line 313]
Event: 192.753 Thread 0x0000027beac54fa0 Exception <a 'java/lang/ClassNotFoundException'{0x00000000a91fec98}: org/gradle/invocation/DefaultGradleBeanInfo> (0x00000000a91fec98) 
thrown [s\src\hotspot\share\classfile\systemDictionary.cpp, line 313]
Event: 192.757 Thread 0x0000027beac54fa0 Exception <a 'java/lang/ClassNotFoundException'{0x00000000a4b0ca68}: org/gradle/api/internal/project/AbstractPluginAwareBeanInfo> (0x00000000a4b0ca68) 
thrown [s\src\hotspot\share\classfile\systemDictionary.cpp, line 313]
Event: 192.758 Thread 0x0000027beac54fa0 Exception <a 'java/lang/ClassNotFoundException'{0x00000000a4b1a668}: org/gradle/api/internal/project/AbstractPluginAwareCustomizer> (0x00000000a4b1a668) 
thrown [s\src\hotspot\share\classfile\systemDictionary.cpp, line 313]
Event: 192.759 Thread 0x0000027beac54fa0 Exception <a 'java/lang/ClassNotFoundException'{0x00000000a4b2dd28}: org/gradle/invocation/DefaultGradleCustomizer> (0x00000000a4b2dd28) 
thrown [s\src\hotspot\share\classfile\systemDictionary.cpp, line 313]
Event: 192.766 Thread 0x0000027beac54fa0 Exception <a 'java/lang/ClassNotFoundException'{0x00000000a4b6fb98}: org/gradle/invocation/DefaultGradle_DecoratedCustomizer> (0x00000000a4b6fb98) 
thrown [s\src\hotspot\share\classfile\systemDictionary.cpp, line 313]
Event: 193.605 Thread 0x0000027beac54fa0 Exception <a 'java/lang/NoSuchMethodError'{0x00000000a9ac2cc0}: 'java.lang.Object java.lang.invoke.DirectMethodHandle$Holder.newInvokeSpecial(java.lang.Object, java.lang.Object, int, int)'> (0x00000000a9ac2cc0) 
thrown [s\src\hotspot\share\interpreter\linkResolver.cpp, line 773]
Event: 193.613 Thread 0x0000027beac54fa0 Exception <a 'java/lang/NoSuchMethodError'{0x00000000a9afd098}: 'void java.lang.invoke.DirectMethodHandle$Holder.invokeSpecial(java.lang.Object, java.lang.Object, int)'> (0x00000000a9afd098) 
thrown [s\src\hotspot\share\interpreter\linkResolver.cpp, line 773]
Event: 193.613 Thread 0x0000027beac54fa0 Exception <a 'java/lang/NoSuchMethodError'{0x00000000a99016a8}: 'void java.lang.invoke.Invokers$Holder.invokeExact_MT(java.lang.Object, int, java.lang.Object)'> (0x00000000a99016a8) 
thrown [s\src\hotspot\share\interpreter\linkResolver.cpp, line 773]
Event: 193.622 Thread 0x0000027beac54fa0 Exception <a 'java/lang/IncompatibleClassChangeError'{0x00000000a9916d58}: Found class java.lang.Object, but interface was expected> (0x00000000a9916d58) 
thrown [s\src\hotspot\share\interpreter\linkResolver.cpp, line 840]
Event: 193.663 Thread 0x0000027beac54fa0 Exception <a 'sun/nio/fs/WindowsException'{0x00000000a99fca08}> (0x00000000a99fca08) 
thrown [s\src\hotspot\share\prims\jni.cpp, line 520]
Event: 193.664 Thread 0x0000027beac54fa0 Exception <a 'sun/nio/fs/WindowsException'{0x00000000a99fdf30}> (0x00000000a99fdf30) 
thrown [s\src\hotspot\share\prims\jni.cpp, line 520]
Event: 193.670 Thread 0x0000027beac54fa0 Exception <a 'sun/nio/fs/WindowsException'{0x00000000a99ff400}> (0x00000000a99ff400) 
thrown [s\src\hotspot\share\prims\jni.cpp, line 520]
Event: 193.670 Thread 0x0000027beac54fa0 Exception <a 'sun/nio/fs/WindowsException'{0x00000000a9800778}> (0x00000000a9800778) 
thrown [s\src\hotspot\share\prims\jni.cpp, line 520]
Event: 396.438 Thread 0x0000027beac54280 Implicit null exception at 0x0000027b98618d5d to 0x0000027b98619497
Event: 481.803 Thread 0x0000027beac54fa0 Exception <a 'java/lang/IncompatibleClassChangeError'{0x00000000a32879a8}: Found class java.lang.Object, but interface was expected> (0x00000000a32879a8) 
thrown [s\src\hotspot\share\interpreter\linkResolver.cpp, line 840]

ZGC Phase Switch (0 events):
No events

VM Operations (20 events):
Event: 584.252 Executing safepoint VM operation: G1CollectForAllocation (G1 Evacuation Pause)
Event: 584.754 Executing safepoint VM operation: G1CollectForAllocation (G1 Evacuation Pause) done
Event: 595.644 Executing safepoint VM operation: G1CollectForAllocation (G1 Evacuation Pause)
Event: 595.686 Executing safepoint VM operation: G1CollectForAllocation (G1 Evacuation Pause) done
Event: 649.049 Executing safepoint VM operation: Cleanup
Event: 649.066 Executing safepoint VM operation: Cleanup done
Event: 682.298 Executing safepoint VM operation: Cleanup
Event: 682.314 Executing safepoint VM operation: Cleanup done
Event: 727.657 Executing safepoint VM operation: Cleanup
Event: 727.658 Executing safepoint VM operation: Cleanup done
Event: 742.733 Executing safepoint VM operation: Cleanup
Event: 742.734 Executing safepoint VM operation: Cleanup done
Event: 747.777 Executing safepoint VM operation: Cleanup
Event: 747.778 Executing safepoint VM operation: Cleanup done
Event: 793.063 Executing safepoint VM operation: Cleanup
Event: 793.063 Executing safepoint VM operation: Cleanup done
Event: 812.299 Executing safepoint VM operation: G1CollectForAllocation (G1 Evacuation Pause)
Event: 812.352 Executing safepoint VM operation: G1CollectForAllocation (G1 Evacuation Pause) done
Event: 835.528 Executing safepoint VM operation: Cleanup
Event: 835.580 Executing safepoint VM operation: Cleanup done

Memory protections (0 events):
No events

Nmethod flushes (20 events):
Event: 193.418 Thread 0x0000027ba4b0e140 flushing  nmethod 0x0000027b90cb9a90
Event: 193.418 Thread 0x0000027ba4b0e140 flushing  nmethod 0x0000027b90cf5f10
Event: 193.418 Thread 0x0000027ba4b0e140 flushing  nmethod 0x0000027b90cff010
Event: 193.418 Thread 0x0000027ba4b0e140 flushing  nmethod 0x0000027b90d45f90
Event: 193.418 Thread 0x0000027ba4b0e140 flushing  nmethod 0x0000027b90d4b910
Event: 193.418 Thread 0x0000027ba4b0e140 flushing  nmethod 0x0000027b90d50310
Event: 193.418 Thread 0x0000027ba4b0e140 flushing  nmethod 0x0000027b90e84810
Event: 193.418 Thread 0x0000027ba4b0e140 flushing  nmethod 0x0000027b90e85210
Event: 193.418 Thread 0x0000027ba4b0e140 flushing  nmethod 0x0000027b90ec5790
Event: 193.418 Thread 0x0000027ba4b0e140 flushing  nmethod 0x0000027b90ec6310
Event: 193.418 Thread 0x0000027ba4b0e140 flushing  nmethod 0x0000027b90ec6610
Event: 193.418 Thread 0x0000027ba4b0e140 flushing  nmethod 0x0000027b90ec8f10
Event: 193.418 Thread 0x0000027ba4b0e140 flushing  nmethod 0x0000027b90ec9e10
Event: 193.418 Thread 0x0000027ba4b0e140 flushing  nmethod 0x0000027b90ecbf90
Event: 193.418 Thread 0x0000027ba4b0e140 flushing  nmethod 0x0000027b90ecd110
Event: 193.418 Thread 0x0000027ba4b0e140 flushing  nmethod 0x0000027b90ecd490
Event: 193.418 Thread 0x0000027ba4b0e140 flushing  nmethod 0x0000027b90f07290
Event: 193.418 Thread 0x0000027ba4b0e140 flushing  nmethod 0x0000027b90f0b810
Event: 193.418 Thread 0x0000027ba4b0e140 flushing  nmethod 0x0000027b90f0bd10
Event: 193.418 Thread 0x0000027ba4b0e140 flushing  nmethod 0x0000027b90f17a10

Events (20 events):
Event: 52.825 Thread 0x0000027beac54fa0 Thread added: 0x0000027beac55630
Event: 52.832 Thread 0x0000027beac54fa0 Thread added: 0x0000027beac56350
Event: 53.740 Thread 0x0000027beac54fa0 Thread added: 0x0000027beac53560
Event: 53.768 Thread 0x0000027beac54fa0 Thread added: 0x0000027beac54280
Event: 54.026 Thread 0x0000027beac54280 Thread added: 0x0000027bec102cc0
Event: 54.080 Thread 0x0000027beac54fa0 Thread added: 0x0000027bec101fa0
Event: 58.311 Thread 0x0000027beac54fa0 Thread added: 0x0000027bec102630
Event: 58.485 Thread 0x0000027beac54fa0 Thread added: 0x0000027bec1067d0
Event: 59.433 Thread 0x0000027beac54fa0 Thread added: 0x0000027bec104070
Event: 59.511 Thread 0x0000027beac54fa0 Thread added: 0x0000027bec103350
Event: 122.962 Thread 0x0000027bec102cc0 Thread exited: 0x0000027bec102cc0
Event: 159.131 Thread 0x0000027beac54280 Thread added: 0x0000027bec1039e0
Event: 159.432 Thread 0x0000027beac54fa0 Thread added: 0x0000027bec105420
Event: 186.383 Thread 0x0000027beac54fa0 Thread added: 0x0000027bec104700
Event: 190.667 Thread 0x0000027beac54fa0 Thread added: 0x0000027bec106140
Event: 190.882 Thread 0x0000027beac54fa0 Thread added: 0x0000027bec102cc0
Event: 264.138 Thread 0x0000027bec1039e0 Thread exited: 0x0000027bec1039e0
Event: 472.065 Thread 0x0000027beac54280 Thread added: 0x0000027bec106e60
Event: 472.153 Thread 0x0000027beac54fa0 Thread added: 0x0000027bec1039e0
Event: 546.329 Thread 0x0000027bec106e60 Thread exited: 0x0000027bec106e60


Dynamic libraries:
0x00007ff6906c0000 - 0x00007ff6906ce000 	C:\Users\ishas\.vscode\extensions\redhat.java-1.56.0-win32-x64\jre\21.0.12.1-win32-x86_64\bin\java.exe
0x00007fff22660000 - 0x00007fff228c7000 	C:\Windows\SYSTEM32\ntdll.dll
0x00007fff21bc0000 - 0x00007fff21c8b000 	C:\Windows\System32\KERNEL32.DLL
0x00007fff1fcd0000 - 0x00007fff200d2000 	C:\Windows\System32\KERNELBASE.dll
0x00007fff1fb70000 - 0x00007fff1fcbc000 	C:\Windows\System32\ucrtbase.dll
0x00007ffeb4c70000 - 0x00007ffeb4c88000 	C:\Users\ishas\.vscode\extensions\redhat.java-1.56.0-win32-x64\jre\21.0.12.1-win32-x86_64\bin\jli.dll
0x00007fff222b0000 - 0x00007fff2247f000 	C:\Windows\System32\USER32.dll
0x00007fff20220000 - 0x00007fff20247000 	C:\Windows\System32\win32u.dll
0x00007fff21d20000 - 0x00007fff21d4b000 	C:\Windows\System32\GDI32.dll
0x00007fff20250000 - 0x00007fff20379000 	C:\Windows\System32\gdi32full.dll
0x00007fff200e0000 - 0x00007fff20183000 	C:\Windows\System32\msvcp_win.dll
0x00007ffee06c0000 - 0x00007ffee06de000 	C:\Users\ishas\.vscode\extensions\redhat.java-1.56.0-win32-x64\jre\21.0.12.1-win32-x86_64\bin\VCRUNTIME140.dll
0x00007fff08e50000 - 0x00007fff090e0000 	C:\Windows\WinSxS\amd64_microsoft.windows.common-controls_6595b64144ccf1df_6.0.26100.9278_none_3e0d1ba8e3303201\COMCTL32.dll
0x00007fff20460000 - 0x00007fff20509000 	C:\Windows\System32\msvcrt.dll
0x00007fff21eb0000 - 0x00007fff21ee1000 	C:\Windows\System32\IMM32.DLL
0x00007fff1bf50000 - 0x00007fff1bf5c000 	C:\Users\ishas\.vscode\extensions\redhat.java-1.56.0-win32-x64\jre\21.0.12.1-win32-x86_64\bin\vcruntime140_1.dll
0x00007ffeac2d0000 - 0x00007ffeac35d000 	C:\Users\ishas\.vscode\extensions\redhat.java-1.56.0-win32-x64\jre\21.0.12.1-win32-x86_64\bin\msvcp140.dll
0x00007ffe828b0000 - 0x00007ffe83652000 	C:\Users\ishas\.vscode\extensions\redhat.java-1.56.0-win32-x64\jre\21.0.12.1-win32-x86_64\bin\server\jvm.dll
0x00007fff21ef0000 - 0x00007fff21fac000 	C:\Windows\System32\ADVAPI32.dll
0x00007fff21e00000 - 0x00007fff21ea9000 	C:\Windows\System32\sechost.dll
0x00007fff22500000 - 0x00007fff22618000 	C:\Windows\System32\RPCRT4.dll
0x00007fff21c90000 - 0x00007fff21d10000 	C:\Windows\System32\WS2_32.dll
0x00007fff1f6c0000 - 0x00007fff1f71e000 	C:\Windows\SYSTEM32\POWRPROF.dll
0x00007fff0cde0000 - 0x00007fff0cdeb000 	C:\Windows\SYSTEM32\VERSION.dll
0x00007fff17580000 - 0x00007fff175b6000 	C:\Windows\SYSTEM32\WINMM.dll
0x00007fff1f6a0000 - 0x00007fff1f6b5000 	C:\Windows\SYSTEM32\UMPDC.dll
0x00007fff1e530000 - 0x00007fff1e54b000 	C:\Windows\SYSTEM32\kernel.appcore.dll
0x00007fff17090000 - 0x00007fff1709a000 	C:\Users\ishas\.vscode\extensions\redhat.java-1.56.0-win32-x64\jre\21.0.12.1-win32-x86_64\bin\jimage.dll
0x00007fff1ce70000 - 0x00007fff1d0bc000 	C:\Windows\SYSTEM32\DBGHELP.DLL
0x00007fff20ed0000 - 0x00007fff21255000 	C:\Windows\System32\combase.dll
0x00007fff21a50000 - 0x00007fff21b29000 	C:\Windows\System32\OLEAUT32.dll
0x00007fff17540000 - 0x00007fff1757b000 	C:\Windows\SYSTEM32\dbgcore.DLL
0x00007fff1fab0000 - 0x00007fff1fb5c000 	C:\Windows\System32\bcryptPrimitives.dll
0x00007ffebe020000 - 0x00007ffebe02f000 	C:\Users\ishas\.vscode\extensions\redhat.java-1.56.0-win32-x64\jre\21.0.12.1-win32-x86_64\bin\instrument.dll
0x00007ffedcd90000 - 0x00007ffedcdb0000 	C:\Users\ishas\.vscode\extensions\redhat.java-1.56.0-win32-x64\jre\21.0.12.1-win32-x86_64\bin\java.dll
0x00007fff20510000 - 0x00007fff20ca8000 	C:\Windows\System32\SHELL32.dll
0x00007fff1d290000 - 0x00007fff1db3e000 	C:\Windows\SYSTEM32\windows.storage.dll
0x00007fff21fc0000 - 0x00007fff220bb000 	C:\Windows\System32\SHCORE.dll
0x00007fff22490000 - 0x00007fff224f6000 	C:\Windows\System32\shlwapi.dll
0x00007fff1f780000 - 0x00007fff1f7a9000 	C:\Windows\SYSTEM32\profapi.dll
0x00007ffedcd70000 - 0x00007ffedcd88000 	C:\Users\ishas\.vscode\extensions\redhat.java-1.56.0-win32-x64\jre\21.0.12.1-win32-x86_64\bin\zip.dll
0x00007ffee04e0000 - 0x00007ffee04f0000 	C:\Users\ishas\.vscode\extensions\redhat.java-1.56.0-win32-x64\jre\21.0.12.1-win32-x86_64\bin\net.dll
0x00007fff0dc00000 - 0x00007fff0dd2a000 	C:\Windows\SYSTEM32\WINHTTP.dll
0x00007fff1eaf0000 - 0x00007fff1eb5c000 	C:\Windows\system32\mswsock.dll
0x00007ffedcd50000 - 0x00007ffedcd66000 	C:\Users\ishas\.vscode\extensions\redhat.java-1.56.0-win32-x64\jre\21.0.12.1-win32-x86_64\bin\nio.dll
0x00007ffebc9a0000 - 0x00007ffebc9b0000 	C:\Users\ishas\.vscode\extensions\redhat.java-1.56.0-win32-x64\jre\21.0.12.1-win32-x86_64\bin\verify.dll
0x00007ffeac360000 - 0x00007ffeac387000 	C:\Users\ishas\.gradle\native\1def1411415f61bf3af743bc5b6707747c0891f09f0c88961ee8f79bc544acac\windows-amd64\native-platform.dll
0x00007ffe88010000 - 0x00007ffe88088000 	C:\Users\ishas\.gradle\native\0.2.7\x86_64-windows-gnu\gradle-fileevents.dll
0x00007ffebc890000 - 0x00007ffebc89a000 	C:\Users\ishas\.vscode\extensions\redhat.java-1.56.0-win32-x64\jre\21.0.12.1-win32-x86_64\bin\management.dll
0x00007ffebc430000 - 0x00007ffebc43c000 	C:\Users\ishas\.vscode\extensions\redhat.java-1.56.0-win32-x64\jre\21.0.12.1-win32-x86_64\bin\management_ext.dll
0x00007fff20380000 - 0x00007fff20388000 	C:\Windows\System32\PSAPI.DLL
0x00007fff1df00000 - 0x00007fff1df33000 	C:\Windows\SYSTEM32\IPHLPAPI.DLL
0x00007fff22280000 - 0x00007fff2228a000 	C:\Windows\System32\NSI.dll
0x00007ffeb9d70000 - 0x00007ffeb9d79000 	C:\Users\ishas\.vscode\extensions\redhat.java-1.56.0-win32-x64\jre\21.0.12.1-win32-x86_64\bin\extnet.dll
0x00007fff1ede0000 - 0x00007fff1edfb000 	C:\Windows\SYSTEM32\CRYPTSP.dll
0x00007fff1e490000 - 0x00007fff1e4c9000 	C:\Windows\system32\rsaenh.dll
0x00007fff1eba0000 - 0x00007fff1ebd4000 	C:\Windows\SYSTEM32\USERENV.dll
0x00007fff1f750000 - 0x00007fff1f77a000 	C:\Windows\SYSTEM32\bcrypt.dll
0x00007fff1ee00000 - 0x00007fff1ee0c000 	C:\Windows\SYSTEM32\CRYPTBASE.dll
0x00007ffeb9300000 - 0x00007ffeb930e000 	C:\Users\ishas\.vscode\extensions\redhat.java-1.56.0-win32-x64\jre\21.0.12.1-win32-x86_64\bin\sunmscapi.dll
0x00007fff1f860000 - 0x00007fff1f9de000 	C:\Windows\System32\CRYPT32.dll
0x00007fff1f020000 - 0x00007fff1f050000 	C:\Windows\SYSTEM32\ncrypt.dll
0x00007fff1efd0000 - 0x00007fff1f00f000 	C:\Windows\SYSTEM32\NTASN1.dll
0x00007fff01a10000 - 0x00007fff01a18000 	C:\Windows\system32\wshunix.dll

JVMTI agents:
C:\Users\ishas\.gradle\wrapper\dists\gradle-8.14.3-all\10utluxaxniiv4wxiphsi49nj\gradle-8.14.3\lib\agents\gradle-instrumentation-agent-8.14.3.jar path:C:\Users\ishas\.vscode\extensions\redhat.java-1.56.0-win32-x64\jre\21.0.12.1-win32-x86_64\bin\instrument.dll, loaded, initialized, instrumentlib options:none

dbghelp: loaded successfully - version: 4.0.5 - missing functions: none
symbol engine: initialized successfully - sym options: 0x614 - pdb path: .;C:\Users\ishas\.vscode\extensions\redhat.java-1.56.0-win32-x64\jre\21.0.12.1-win32-x86_64\bin;C:\Windows\SYSTEM32;C:\Windows\WinSxS\amd64_microsoft.windows.common-controls_6595b64144ccf1df_6.0.26100.9278_none_3e0d1ba8e3303201;C:\Users\ishas\.vscode\extensions\redhat.java-1.56.0-win32-x64\jre\21.0.12.1-win32-x86_64\bin\server;C:\Users\ishas\.gradle\native\1def1411415f61bf3af743bc5b6707747c0891f09f0c88961ee8f79bc544acac\windows-amd64;C:\Users\ishas\.gradle\native\0.2.7\x86_64-windows-gnu

VM Arguments:
jvm_args: --add-opens=java.base/java.lang=ALL-UNNAMED --add-opens=java.base/java.lang.invoke=ALL-UNNAMED --add-opens=java.base/java.util=ALL-UNNAMED --add-opens=java.prefs/java.util.prefs=ALL-UNNAMED --add-exports=jdk.compiler/com.sun.tools.javac.api=ALL-UNNAMED --add-exports=jdk.compiler/com.sun.tools.javac.util=ALL-UNNAMED --add-opens=java.base/java.util=ALL-UNNAMED --add-opens=java.prefs/java.util.prefs=ALL-UNNAMED --add-opens=java.base/java.nio.charset=ALL-UNNAMED --add-opens=java.base/java.net=ALL-UNNAMED --add-opens=java.base/java.util.concurrent.atomic=ALL-UNNAMED --add-opens=java.xml/javax.xml.namespace=ALL-UNNAMED -Xmx1536m -Dfile.encoding=UTF-8 -Duser.country=IN -Duser.language=en -Duser.variant -javaagent:C:\Users\ishas\.gradle\wrapper\dists\gradle-8.14.3-all\10utluxaxniiv4wxiphsi49nj\gradle-8.14.3\lib\agents\gradle-instrumentation-agent-8.14.3.jar 
java_command: org.gradle.launcher.daemon.bootstrap.GradleDaemon 8.14.3
java_class_path (initial): C:\Users\ishas\.gradle\wrapper\dists\gradle-8.14.3-all\10utluxaxniiv4wxiphsi49nj\gradle-8.14.3\lib\gradle-daemon-main-8.14.3.jar
Launcher Type: SUN_STANDARD

[Global flags]
     intx CICompilerCount                          = 4                                         {product} {ergonomic}
     uint ConcGCThreads                            = 3                                         {product} {ergonomic}
     uint G1ConcRefinementThreads                  = 10                                        {product} {ergonomic}
   size_t G1HeapRegionSize                         = 1048576                                   {product} {ergonomic}
    uintx GCDrainStackTargetSize                   = 64                                        {product} {ergonomic}
   size_t InitialHeapSize                          = 264241152                                 {product} {ergonomic}
   size_t MarkStackSize                            = 4194304                                   {product} {ergonomic}
   size_t MaxHeapSize                              = 1610612736                                {product} {command line}
   size_t MaxNewSize                               = 965738496                                 {product} {ergonomic}
   size_t MinHeapDeltaBytes                        = 1048576                                   {product} {ergonomic}
   size_t MinHeapSize                              = 8388608                                   {product} {ergonomic}
    uintx NonNMethodCodeHeapSize                   = 5839372                                {pd product} {ergonomic}
    uintx NonProfiledCodeHeapSize                  = 122909434                              {pd product} {ergonomic}
    uintx ProfiledCodeHeapSize                     = 122909434                              {pd product} {ergonomic}
    uintx ReservedCodeCacheSize                    = 251658240                              {pd product} {ergonomic}
     bool SegmentedCodeCache                       = true                                      {product} {ergonomic}
   size_t SoftMaxHeapSize                          = 1610612736                             {manageable} {ergonomic}
     bool UseCompressedOops                        = true                           {product lp64_product} {ergonomic}
     bool UseG1GC                                  = true                                      {product} {ergonomic}
     bool UseLargePagesIndividualAllocation        = false                                  {pd product} {ergonomic}

Logging:
Log output configuration:
 #0: stdout all=warning uptime,level,tags foldmultilines=false
 #1: stderr all=off uptime,level,tags foldmultilines=false

Release file:
JAVA_VERSION="21.0.12.1" 
MODULES="java.base java.compiler java.datatransfer java.xml java.prefs java.desktop java.instrument java.logging java.management java.security.sasl java.naming java.rmi java.management.rmi java.net.http java.scripting java.security.jgss java.transaction.xa java.sql java.sql.rowset java.xml.crypto java.se java.smartcardio jdk.accessibility jdk.internal.jvmstat jdk.attach jdk.charsets jdk.internal.opt jdk.zipfs jdk.compiler jdk.crypto.ec jdk.crypto.cryptoki jdk.crypto.mscapi jdk.dynalink jdk.internal.ed jdk.editpad jdk.hotspot.agent jdk.httpserver jdk.internal.le jdk.internal.vm.ci jdk.internal.vm.compiler jdk.internal.vm.compiler.management jdk.jartool jdk.javadoc jdk.jcmd jdk.management jdk.management.agent jdk.jconsole jdk.jdeps jdk.jdwp.agent jdk.jdi jdk.jfr jdk.jshell jdk.jsobject jdk.jstatd jdk.localedata jdk.management.jfr jdk.naming.dns jdk.naming.rmi jdk.net jdk.nio.mapmode jdk.random jdk.sctp jdk.security.auth jdk.security.jgss jdk.unsupported jdk.unsupported.desktop jdk.xml.dom" 

Environment Variables:
PATH=C:\Program Files\Microsoft\jdk-17.0.12.7-hotspot\bin;C:\Program Files\Eclipse Adoptium\jdk-17.0.17.10-hotspot\bin;C:\Windows\system32;C:\Windows;C:\Windows\System32\Wbem;C:\Windows\System32\WindowsPowerShell\v1.0\;C:\Windows\System32\OpenSSH\;C:\Program Files\nodejs\;C:\Users\ishas\Downloads\apache-maven-3.9.11-bin\apache-maven-3.9.11\bin;C:\Users\ishas\Downloads\apache-maven-3.9.11-bin\apache-maven-3.9.11\bin;C:\Program Files\MySQL\MySQL Server 8.0\bin;C:\Users\ishas\AppData\Local\Programs\Python\Python313;C:\Program Files\Git\cmd;C:\Users\ishas\AppData\Local\Programs\Python\Launcher\;C:\Program Files\MySQL\MySQL Shell 8.0\bin\;C:\Users\ishas\AppData\Local\Microsoft\WindowsApps;C:\Users\ishas\AppData\Local\Programs\Microsoft VS Code\bin;C:\Users\ishas\AppData\Roaming\npm
USERNAME=ishas
OS=Windows_NT
PROCESSOR_IDENTIFIER=Intel64 Family 6 Model 186 Stepping 2, GenuineIntel
TMP=C:\Users\ishas\AppData\Local\Temp
TEMP=C:\Users\ishas\AppData\Local\Temp




Periodic native trim disabled

---------------  S Y S T E M  ---------------

OS:
 Windows 11 , 64 bit Build 26100 (10.0.26100.9444)
OS uptime: 0 days 0:21 hours
Hyper-V role detected

CPU: total 12 (initial active 12) (6 cores per cpu, 2 threads per core) family 6 model 186 stepping 2 microcode 0x4122, cx8, cmov, fxsr, ht, mmx, 3dnowpref, sse, sse2, sse3, ssse3, sse4.1, sse4.2, popcnt, lzcnt, tsc, tscinvbit, avx, avx2, aes, erms, clmul, bmi1, bmi2, adx, sha, fma, vzeroupper, clflush, clflushopt, clwb, hv, serialize, rdtscp, rdpid, fsrm, f16c, cet_ibt, cet_ss
Processor Information for processor 0
  Max Mhz: 2100, Current Mhz: 2100, Mhz Limit: 2100
Processor Information for processor 1
  Max Mhz: 2100, Current Mhz: 2100, Mhz Limit: 2100
Processor Information for processor 2
  Max Mhz: 2100, Current Mhz: 2100, Mhz Limit: 2100
Processor Information for processor 3
  Max Mhz: 2100, Current Mhz: 1453, Mhz Limit: 2100
Processor Information for processor 4
  Max Mhz: 2100, Current Mhz: 2100, Mhz Limit: 2100
Processor Information for processor 5
  Max Mhz: 2100, Current Mhz: 2100, Mhz Limit: 2100
Processor Information for processor 6
  Max Mhz: 2100, Current Mhz: 2100, Mhz Limit: 2100
Processor Information for processor 7
  Max Mhz: 2100, Current Mhz: 2100, Mhz Limit: 2100
Processor Information for processor 8
  Max Mhz: 2100, Current Mhz: 2100, Mhz Limit: 2100
Processor Information for processor 9
  Max Mhz: 2100, Current Mhz: 2100, Mhz Limit: 2100
Processor Information for processor 10
  Max Mhz: 2100, Current Mhz: 2100, Mhz Limit: 2100
Processor Information for processor 11
  Max Mhz: 2100, Current Mhz: 2100, Mhz Limit: 2100

Memory: 4k page, system-wide physical 16076M (616M free)
TotalPageFile size 65228M (AvailPageFile size 97M)
current process WorkingSet (physical memory assigned to process): 30M, peak: 229M
current process commit charge ("private bytes"): 272M, peak: 413M

vm_info: OpenJDK 64-Bit Server VM (21.0.12.1+1-LTS) for windows-amd64 JRE (21.0.12.1+1-LTS), built on 2026-08-18T00:00:00Z by "admin" with MS VC++ 17.12 (VS2022)

END.
