#
# There is insufficient memory for the Java Runtime Environment to continue.
# Native memory allocation (malloc) failed to allocate 1785936 bytes. Error detail: Chunk::new
# Possible reasons:
#   The system is out of physical RAM or swap space
#   This process is running with CompressedOops enabled, and the Java Heap may be blocking the growth of the native heap
# Possible solutions:
#   Reduce memory load on the system
#   Increase physical memory or swap space
#   Check if swap backing store is full
#   Decrease Java heap size (-Xmx/-Xms)
#   Decrease number of Java threads
#   Decrease Java thread stack sizes (-Xss)
#   Set larger code cache with -XX:ReservedCodeCacheSize=
#   JVM is running with Unscaled Compressed Oops mode in which the Java heap is
#     placed in the first 4GB address space. The Java Heap base address is the
#     maximum limit for the native heap growth. Please use -XX:HeapBaseMinAddress
#     to set the Java Heap base and to place the Java Heap above 4GB virtual address.
# This output file may be truncated or incomplete.
#
#  Out of Memory Error (arena.cpp:168), pid=56252, tid=45364
#
# JRE version: OpenJDK Runtime Environment Temurin-21.0.12.1+1 (21.0.12.1+1) (build 21.0.12.1+1-LTS)
# Java VM: OpenJDK 64-Bit Server VM Temurin-21.0.12.1+1 (21.0.12.1+1-LTS, mixed mode, sharing, tiered, compressed oops, compressed class ptrs, g1 gc, windows-amd64)
# No core dump will be written. Minidumps are not enabled by default on client versions of Windows
#

---------------  S U M M A R Y ------------

Command Line: --add-opens=java.base/java.lang=ALL-UNNAMED --add-opens=java.base/java.lang.invoke=ALL-UNNAMED --add-opens=java.base/java.util=ALL-UNNAMED --add-opens=java.prefs/java.util.prefs=ALL-UNNAMED --add-exports=jdk.compiler/com.sun.tools.javac.api=ALL-UNNAMED --add-exports=jdk.compiler/com.sun.tools.javac.util=ALL-UNNAMED --add-opens=java.base/java.util=ALL-UNNAMED --add-opens=java.prefs/java.util.prefs=ALL-UNNAMED --add-opens=java.base/java.nio.charset=ALL-UNNAMED --add-opens=java.base/java.net=ALL-UNNAMED --add-opens=java.base/java.util.concurrent.atomic=ALL-UNNAMED --add-opens=java.xml/javax.xml.namespace=ALL-UNNAMED -Xmx1536m -Dfile.encoding=UTF-8 -Duser.country=IN -Duser.language=en -Duser.variant -javaagent:C:\Users\ishas\.gradle\wrapper\dists\gradle-8.14.3-all\10utluxaxniiv4wxiphsi49nj\gradle-8.14.3\lib\agents\gradle-instrumentation-agent-8.14.3.jar org.gradle.launcher.daemon.bootstrap.GradleDaemon 8.14.3

Host: 13th Gen Intel(R) Core(TM) i5-13420H, 12 cores, 15G,  Windows 11 , 64 bit Build 26100 (10.0.26100.9444)
Time: Mon Sep 14 18:21:31 2026 India Standard Time elapsed time: 429.836332 seconds (0d 0h 7m 9s)

---------------  T H R E A D  ---------------

Current thread (0x0000010d15031820):  JavaThread "C2 CompilerThread0" daemon [_thread_in_native, id=45364, stack(0x000000084c000000,0x000000084c100000) (1024K)]


Current CompileTask:
C2:429836 4323       4       java.net.URLClassLoader$1::run (5 bytes)

Stack: [0x000000084c000000,0x000000084c100000]
Native frames: (J=compiled Java code, j=interpreted, Vv=VM code, C=native code)
V  [jvm.dll+0x6d83e9]
V  [jvm.dll+0x8b5736]
V  [jvm.dll+0x8b7cee]
V  [jvm.dll+0x8b83d3]
V  [jvm.dll+0x284596]
V  [jvm.dll+0xc685d]
V  [jvm.dll+0xc6da1]
V  [jvm.dll+0x3bf151]
V  [jvm.dll+0x38b6d2]
V  [jvm.dll+0x38ab1a]
V  [jvm.dll+0x24c700]
V  [jvm.dll+0x24bce0]
V  [jvm.dll+0x1cb4ae]
V  [jvm.dll+0x25baad]
V  [jvm.dll+0x25a03a]
V  [jvm.dll+0x3f8aae]
V  [jvm.dll+0x8600cd]
V  [jvm.dll+0x6d6c1d]
C  [ucrtbase.dll+0x2cd30]
C  [KERNEL32.DLL+0x2cd87]
C  [ntdll.dll+0xacaec]


---------------  P R O C E S S  ---------------

Threads class SMR info:
_java_thread_list=0x0000010d1509ec60, length=31, elements={
0x0000010cba768100, 0x0000010d15022350, 0x0000010d15025b30, 0x0000010d1502eea0,
0x0000010d1502f900, 0x0000010d15030360, 0x0000010d15030dc0, 0x0000010d15031820,
0x0000010d15043720, 0x0000010d1520bed0, 0x0000010d152a0980, 0x0000010d1ae327c0,
0x0000010d1af82c00, 0x0000010d1b1594d0, 0x0000010d1a591b50, 0x0000010d1563a870,
0x0000010d1a2d2580, 0x0000010d1a2d0b40, 0x0000010d1a2d11d0, 0x0000010d1a2d2c10,
0x0000010d1a2d3930, 0x0000010d1a2d32a0, 0x0000010d1a2d1ef0, 0x0000010d1a2d1860,
0x0000010d1bd48ad0, 0x0000010d1bd4b230, 0x0000010d1bd4a510, 0x0000010d1bd4aba0,
0x0000010d1bd4bf50, 0x0000010d1bd4c5e0, 0x0000010d1bd4b8c0
}

Java Threads: ( => current thread )
  0x0000010cba768100 JavaThread "main"                              [_thread_blocked, id=6984, stack(0x000000084b200000,0x000000084b300000) (1024K)]
  0x0000010d15022350 JavaThread "Reference Handler"          daemon [_thread_blocked, id=53952, stack(0x000000084ba00000,0x000000084bb00000) (1024K)]
  0x0000010d15025b30 JavaThread "Finalizer"                  daemon [_thread_blocked, id=43200, stack(0x000000084bb00000,0x000000084bc00000) (1024K)]
  0x0000010d1502eea0 JavaThread "Signal Dispatcher"          daemon [_thread_blocked, id=42616, stack(0x000000084bc00000,0x000000084bd00000) (1024K)]
  0x0000010d1502f900 JavaThread "Attach Listener"            daemon [_thread_blocked, id=45300, stack(0x000000084bd00000,0x000000084be00000) (1024K)]
  0x0000010d15030360 JavaThread "Service Thread"             daemon [_thread_blocked, id=56032, stack(0x000000084be00000,0x000000084bf00000) (1024K)]
  0x0000010d15030dc0 JavaThread "Monitor Deflation Thread"   daemon [_thread_blocked, id=53776, stack(0x000000084bf00000,0x000000084c000000) (1024K)]
=>0x0000010d15031820 JavaThread "C2 CompilerThread0"         daemon [_thread_in_native, id=45364, stack(0x000000084c000000,0x000000084c100000) (1024K)]
  0x0000010d15043720 JavaThread "C1 CompilerThread0"         daemon [_thread_blocked, id=56796, stack(0x000000084c100000,0x000000084c200000) (1024K)]
  0x0000010d1520bed0 JavaThread "Common-Cleaner"             daemon [_thread_blocked, id=53200, stack(0x000000084c200000,0x000000084c300000) (1024K)]
  0x0000010d152a0980 JavaThread "Notification Thread"        daemon [_thread_blocked, id=56212, stack(0x000000084c300000,0x000000084c400000) (1024K)]
  0x0000010d1ae327c0 JavaThread "Daemon health stats"               [_thread_blocked, id=52272, stack(0x000000084c900000,0x000000084ca00000) (1024K)]
  0x0000010d1af82c00 JavaThread "Incoming local TCP Connector on port 59711"        [_thread_in_native, id=55204, stack(0x000000084cd00000,0x000000084ce00000) (1024K)]
  0x0000010d1b1594d0 JavaThread "Daemon periodic checks"            [_thread_blocked, id=57168, stack(0x000000084ce00000,0x000000084cf00000) (1024K)]
  0x0000010d1a591b50 JavaThread "Daemon"                            [_thread_blocked, id=59016, stack(0x000000084cf00000,0x000000084d000000) (1024K)]
  0x0000010d1563a870 JavaThread "Handler for socket connection from /127.0.0.1:59711 to /127.0.0.1:59735"        [_thread_in_native, id=59024, stack(0x000000084d000000,0x000000084d100000) (1024K)]
  0x0000010d1a2d2580 JavaThread "Cancel handler"                    [_thread_blocked, id=59028, stack(0x000000084d100000,0x000000084d200000) (1024K)]
  0x0000010d1a2d0b40 JavaThread "Daemon worker"                     [_thread_in_vm, id=58892, stack(0x000000084af00000,0x000000084b000000) (1024K)]
  0x0000010d1a2d11d0 JavaThread "Asynchronous log dispatcher for DefaultDaemonConnection: socket connection from /127.0.0.1:59711 to /127.0.0.1:59735"        [_thread_blocked, id=54864, stack(0x000000084b000000,0x000000084b100000) (1024K)]
  0x0000010d1a2d2c10 JavaThread "Stdin handler"                     [_thread_blocked, id=53604, stack(0x000000084b100000,0x000000084b200000) (1024K)]
  0x0000010d1a2d3930 JavaThread "Daemon client event forwarder"        [_thread_blocked, id=53256, stack(0x000000084d200000,0x000000084d300000) (1024K)]
  0x0000010d1a2d32a0 JavaThread "Cache worker for journal cache (C:\Users\ishas\.gradle\caches\journal-1)"        [_thread_blocked, id=55768, stack(0x000000084d300000,0x000000084d400000) (1024K)]
  0x0000010d1a2d1ef0 JavaThread "File lock request listener"        [_thread_in_native, id=60264, stack(0x000000084d400000,0x000000084d500000) (1024K)]
  0x0000010d1a2d1860 JavaThread "Cache worker for file hash cache (C:\Users\ishas\.gradle\caches\8.14.3\fileHashes)"        [_thread_blocked, id=60560, stack(0x000000084d600000,0x000000084d700000) (1024K)]
  0x0000010d1bd48ad0 JavaThread "Cache worker for file hash cache (C:\Users\ishas\Downloads\ai-yoga-assistant-razorpay-v9\yoga3\android\.gradle\8.14.3\fileHashes)"        [_thread_blocked, id=61212, stack(0x000000084da00000,0x000000084db00000) (1024K)]
  0x0000010d1bd4b230 JavaThread "Cache worker for Build Output Cleanup Cache (C:\Users\ishas\Downloads\ai-yoga-assistant-razorpay-v9\yoga3\android\.gradle\buildOutputCleanup)"        [_thread_blocked, id=60760, stack(0x000000084db00000,0x000000084dc00000) (1024K)]
  0x0000010d1bd4a510 JavaThread "File watcher server"        daemon [_thread_in_native, id=60860, stack(0x000000084dc00000,0x000000084dd00000) (1024K)]
  0x0000010d1bd4aba0 JavaThread "File watcher consumer"      daemon [_thread_blocked, id=60744, stack(0x000000084dd00000,0x000000084de00000) (1024K)]
  0x0000010d1bd4bf50 JavaThread "jar transforms"                    [_thread_blocked, id=64280, stack(0x000000084de00000,0x000000084df00000) (1024K)]
  0x0000010d1bd4c5e0 JavaThread "File lock release action executor Thread 3"        [_thread_blocked, id=59704, stack(0x000000084d500000,0x000000084d600000) (1024K)]
  0x0000010d1bd4b8c0 JavaThread "jar transforms Thread 2"           [_thread_blocked, id=61808, stack(0x000000084df00000,0x000000084e000000) (1024K)]
Total: 31

Other Threads:
  0x0000010d15005690 VMThread "VM Thread"                           [id=56784, stack(0x000000084b900000,0x000000084ba00000) (1024K)]
  0x0000010cd3d308e0 WatcherThread "VM Periodic Task Thread"        [id=57092, stack(0x000000084b800000,0x000000084b900000) (1024K)]
  0x0000010cbcb6b0e0 WorkerThread "GC Thread#0"                     [id=57236, stack(0x000000084b300000,0x000000084b400000) (1024K)]
  0x0000010d15461cf0 WorkerThread "GC Thread#1"                     [id=48660, stack(0x000000084c400000,0x000000084c500000) (1024K)]
  0x0000010d154620a0 WorkerThread "GC Thread#2"                     [id=56264, stack(0x000000084c500000,0x000000084c600000) (1024K)]
  0x0000010d15462450 WorkerThread "GC Thread#3"                     [id=55872, stack(0x000000084c600000,0x000000084c700000) (1024K)]
  0x0000010d15462800 WorkerThread "GC Thread#4"                     [id=35036, stack(0x000000084c700000,0x000000084c800000) (1024K)]
  0x0000010d15462bb0 WorkerThread "GC Thread#5"                     [id=56584, stack(0x000000084c800000,0x000000084c900000) (1024K)]
  0x0000010d1a2ea440 WorkerThread "GC Thread#6"                     [id=52296, stack(0x000000084ca00000,0x000000084cb00000) (1024K)]
  0x0000010d1a2ebca0 WorkerThread "GC Thread#7"                     [id=54168, stack(0x000000084cb00000,0x000000084cc00000) (1024K)]
  0x0000010d1ae87b30 WorkerThread "GC Thread#8"                     [id=52352, stack(0x000000084cc00000,0x000000084cd00000) (1024K)]
  0x0000010d1b569aa0 WorkerThread "GC Thread#9"                     [id=61172, stack(0x000000084d700000,0x000000084d800000) (1024K)]
  0x0000010cba82cfe0 ConcurrentGCThread "G1 Main Marker"            [id=50392, stack(0x000000084b400000,0x000000084b500000) (1024K)]
  0x0000010cba82da00 WorkerThread "G1 Conc#0"                       [id=57324, stack(0x000000084b500000,0x000000084b600000) (1024K)]
  0x0000010d1b56b470 WorkerThread "G1 Conc#1"                       [id=61176, stack(0x000000084d800000,0x000000084d900000) (1024K)]
  0x0000010d1b5680d0 WorkerThread "G1 Conc#2"                       [id=61180, stack(0x000000084d900000,0x000000084da00000) (1024K)]
  0x0000010cd3bff790 ConcurrentGCThread "G1 Refine#0"               [id=53608, stack(0x000000084b600000,0x000000084b700000) (1024K)]
  0x0000010cd3c020e0 ConcurrentGCThread "G1 Service"                [id=56856, stack(0x000000084b700000,0x000000084b800000) (1024K)]
Total: 18

Threads with active compile tasks:
C2 CompilerThread0  429896 4323       4       java.net.URLClassLoader$1::run (5 bytes)
Total: 1

VM state: not at safepoint (normal execution)

VM Mutex/Monitor currently owned by a thread: None

Heap address: 0x00000000a0000000, size: 1536 MB, Compressed Oops mode: 32-bit

CDS archive(s) mapped at: [0x0000010cd4000000-0x0000010cd4ba0000-0x0000010cd4ba0000), size 12189696, SharedBaseAddress: 0x0000010cd4000000, ArchiveRelocationMode: 1.
Compressed class space mapped at: 0x0000010cd5000000-0x0000010d15000000, reserved size: 1073741824
Narrow klass base: 0x0000010cd4000000, Narrow klass shift: 0, Narrow klass range: 0x100000000

GC Precious Log:
 CardTable entry size: 512
 Card Set container configuration: InlinePtr #cards 5 size 8 Array Of Cards #cards 12 size 40 Howl #buckets 4 coarsen threshold 1843 Howl Bitmap #cards 512 size 80 coarsen threshold 460 Card regions per heap region 1 cards per card region 2048
 CPUs: 12 total, 12 available
 Memory: 16076M
 Large Page Support: Disabled
 NUMA Support: Disabled
 Compressed Oops: Enabled (32-bit)
 Heap Region Size: 1M
 Heap Min Capacity: 8M
 Heap Initial Capacity: 252M
 Heap Max Capacity: 1536M
 Pre-touch: Disabled
 Parallel Workers: 10
 Concurrent Workers: 3
 Concurrent Refinement Workers: 10
 Periodic GC: Disabled

Heap:
 garbage-first heap   total 104448K, used 61707K [0x00000000a0000000, 0x0000000100000000)
  region size 1024K, 37 young (37888K), 1 survivors (1024K)
 Metaspace       used 27798K, committed 28800K, reserved 1114112K
  class space    used 4173K, committed 4672K, reserved 1048576K

Heap Regions: E=young(eden), S=young(survivor), O=old, HS=humongous(starts), HC=humongous(continues), CS=collection set, F=free, TAMS=top-at-mark-start, PB=parsable bottom
|   0|0x00000000a0000000, 0x00000000a0100000, 0x00000000a0100000|100%|HS|  |TAMS 0x00000000a0000000| PB 0x00000000a0000000| Complete 
|   1|0x00000000a0100000, 0x00000000a0200000, 0x00000000a0200000|100%|HC|  |TAMS 0x00000000a0100000| PB 0x00000000a0100000| Complete 
|   2|0x00000000a0200000, 0x00000000a0300000, 0x00000000a0300000|100%|HC|  |TAMS 0x00000000a0200000| PB 0x00000000a0200000| Complete 
|   3|0x00000000a0300000, 0x00000000a0400000, 0x00000000a0400000|100%| O|  |TAMS 0x00000000a0300000| PB 0x00000000a0300000| Untracked 
|   4|0x00000000a0400000, 0x00000000a0500000, 0x00000000a0500000|100%| O|  |TAMS 0x00000000a0400000| PB 0x00000000a0400000| Untracked 
|   5|0x00000000a0500000, 0x00000000a0600000, 0x00000000a0600000|100%| O|  |TAMS 0x00000000a0500000| PB 0x00000000a0500000| Untracked 
|   6|0x00000000a0600000, 0x00000000a0700000, 0x00000000a0700000|100%|HS|  |TAMS 0x00000000a0600000| PB 0x00000000a0600000| Complete 
|   7|0x00000000a0700000, 0x00000000a0800000, 0x00000000a0800000|100%| O|  |TAMS 0x00000000a0700000| PB 0x00000000a0700000| Untracked 
|   8|0x00000000a0800000, 0x00000000a0900000, 0x00000000a0900000|100%| O|  |TAMS 0x00000000a0800000| PB 0x00000000a0800000| Untracked 
|   9|0x00000000a0900000, 0x00000000a0a00000, 0x00000000a0a00000|100%| O|  |TAMS 0x00000000a0900000| PB 0x00000000a0900000| Untracked 
|  10|0x00000000a0a00000, 0x00000000a0a00000, 0x00000000a0b00000|  0%| F|  |TAMS 0x00000000a0a00000| PB 0x00000000a0a00000| Untracked 
|  11|0x00000000a0b00000, 0x00000000a0c00000, 0x00000000a0c00000|100%| O|  |TAMS 0x00000000a0b00000| PB 0x00000000a0b00000| Untracked 
|  12|0x00000000a0c00000, 0x00000000a0d00000, 0x00000000a0d00000|100%| O|  |TAMS 0x00000000a0c00000| PB 0x00000000a0c00000| Untracked 
|  13|0x00000000a0d00000, 0x00000000a0e00000, 0x00000000a0e00000|100%| O|  |TAMS 0x00000000a0d00000| PB 0x00000000a0d00000| Untracked 
|  14|0x00000000a0e00000, 0x00000000a0f00000, 0x00000000a0f00000|100%| O|  |TAMS 0x00000000a0e00000| PB 0x00000000a0e00000| Untracked 
|  15|0x00000000a0f00000, 0x00000000a1000000, 0x00000000a1000000|100%| O|  |TAMS 0x00000000a0f00000| PB 0x00000000a0f00000| Untracked 
|  16|0x00000000a1000000, 0x00000000a1100000, 0x00000000a1100000|100%| O|  |TAMS 0x00000000a1000000| PB 0x00000000a1000000| Untracked 
|  17|0x00000000a1100000, 0x00000000a11a2560, 0x00000000a1200000| 63%| O|  |TAMS 0x00000000a1100000| PB 0x00000000a1100000| Untracked 
|  18|0x00000000a1200000, 0x00000000a1200000, 0x00000000a1300000|  0%| F|  |TAMS 0x00000000a1200000| PB 0x00000000a1200000| Untracked 
|  19|0x00000000a1300000, 0x00000000a1300000, 0x00000000a1400000|  0%| F|  |TAMS 0x00000000a1300000| PB 0x00000000a1300000| Untracked 
|  20|0x00000000a1400000, 0x00000000a1400000, 0x00000000a1500000|  0%| F|  |TAMS 0x00000000a1400000| PB 0x00000000a1400000| Untracked 
|  21|0x00000000a1500000, 0x00000000a1500000, 0x00000000a1600000|  0%| F|  |TAMS 0x00000000a1500000| PB 0x00000000a1500000| Untracked 
|  22|0x00000000a1600000, 0x00000000a1600000, 0x00000000a1700000|  0%| F|  |TAMS 0x00000000a1600000| PB 0x00000000a1600000| Untracked 
|  23|0x00000000a1700000, 0x00000000a1700000, 0x00000000a1800000|  0%| F|  |TAMS 0x00000000a1700000| PB 0x00000000a1700000| Untracked 
|  24|0x00000000a1800000, 0x00000000a1800000, 0x00000000a1900000|  0%| F|  |TAMS 0x00000000a1800000| PB 0x00000000a1800000| Untracked 
|  25|0x00000000a1900000, 0x00000000a1900000, 0x00000000a1a00000|  0%| F|  |TAMS 0x00000000a1900000| PB 0x00000000a1900000| Untracked 
|  26|0x00000000a1a00000, 0x00000000a1a00000, 0x00000000a1b00000|  0%| F|  |TAMS 0x00000000a1a00000| PB 0x00000000a1a00000| Untracked 
|  27|0x00000000a1b00000, 0x00000000a1b00000, 0x00000000a1c00000|  0%| F|  |TAMS 0x00000000a1b00000| PB 0x00000000a1b00000| Untracked 
|  28|0x00000000a1c00000, 0x00000000a1c00000, 0x00000000a1d00000|  0%| F|  |TAMS 0x00000000a1c00000| PB 0x00000000a1c00000| Untracked 
|  29|0x00000000a1d00000, 0x00000000a1d00000, 0x00000000a1e00000|  0%| F|  |TAMS 0x00000000a1d00000| PB 0x00000000a1d00000| Untracked 
|  30|0x00000000a1e00000, 0x00000000a1e00000, 0x00000000a1f00000|  0%| F|  |TAMS 0x00000000a1e00000| PB 0x00000000a1e00000| Untracked 
|  31|0x00000000a1f00000, 0x00000000a1f00000, 0x00000000a2000000|  0%| F|  |TAMS 0x00000000a1f00000| PB 0x00000000a1f00000| Untracked 
|  32|0x00000000a2000000, 0x00000000a2000000, 0x00000000a2100000|  0%| F|  |TAMS 0x00000000a2000000| PB 0x00000000a2000000| Untracked 
|  33|0x00000000a2100000, 0x00000000a2100000, 0x00000000a2200000|  0%| F|  |TAMS 0x00000000a2100000| PB 0x00000000a2100000| Untracked 
|  34|0x00000000a2200000, 0x00000000a2200000, 0x00000000a2300000|  0%| F|  |TAMS 0x00000000a2200000| PB 0x00000000a2200000| Untracked 
|  35|0x00000000a2300000, 0x00000000a2300000, 0x00000000a2400000|  0%| F|  |TAMS 0x00000000a2300000| PB 0x00000000a2300000| Untracked 
|  36|0x00000000a2400000, 0x00000000a2400000, 0x00000000a2500000|  0%| F|  |TAMS 0x00000000a2400000| PB 0x00000000a2400000| Untracked 
|  37|0x00000000a2500000, 0x00000000a2500000, 0x00000000a2600000|  0%| F|  |TAMS 0x00000000a2500000| PB 0x00000000a2500000| Untracked 
|  38|0x00000000a2600000, 0x00000000a2600000, 0x00000000a2700000|  0%| F|  |TAMS 0x00000000a2600000| PB 0x00000000a2600000| Untracked 
|  39|0x00000000a2700000, 0x00000000a2700000, 0x00000000a2800000|  0%| F|  |TAMS 0x00000000a2700000| PB 0x00000000a2700000| Untracked 
|  40|0x00000000a2800000, 0x00000000a2800000, 0x00000000a2900000|  0%| F|  |TAMS 0x00000000a2800000| PB 0x00000000a2800000| Untracked 
|  41|0x00000000a2900000, 0x00000000a2900000, 0x00000000a2a00000|  0%| F|  |TAMS 0x00000000a2900000| PB 0x00000000a2900000| Untracked 
|  42|0x00000000a2a00000, 0x00000000a2a00000, 0x00000000a2b00000|  0%| F|  |TAMS 0x00000000a2a00000| PB 0x00000000a2a00000| Untracked 
|  43|0x00000000a2b00000, 0x00000000a2b00000, 0x00000000a2c00000|  0%| F|  |TAMS 0x00000000a2b00000| PB 0x00000000a2b00000| Untracked 
|  44|0x00000000a2c00000, 0x00000000a2c00000, 0x00000000a2d00000|  0%| F|  |TAMS 0x00000000a2c00000| PB 0x00000000a2c00000| Untracked 
|  45|0x00000000a2d00000, 0x00000000a2d00000, 0x00000000a2e00000|  0%| F|  |TAMS 0x00000000a2d00000| PB 0x00000000a2d00000| Untracked 
|  46|0x00000000a2e00000, 0x00000000a2e00000, 0x00000000a2f00000|  0%| F|  |TAMS 0x00000000a2e00000| PB 0x00000000a2e00000| Untracked 
|  47|0x00000000a2f00000, 0x00000000a2f00000, 0x00000000a3000000|  0%| F|  |TAMS 0x00000000a2f00000| PB 0x00000000a2f00000| Untracked 
|  48|0x00000000a3000000, 0x00000000a3000000, 0x00000000a3100000|  0%| F|  |TAMS 0x00000000a3000000| PB 0x00000000a3000000| Untracked 
|  49|0x00000000a3100000, 0x00000000a3100000, 0x00000000a3200000|  0%| F|  |TAMS 0x00000000a3100000| PB 0x00000000a3100000| Untracked 
|  50|0x00000000a3200000, 0x00000000a3200000, 0x00000000a3300000|  0%| F|  |TAMS 0x00000000a3200000| PB 0x00000000a3200000| Untracked 
|  51|0x00000000a3300000, 0x00000000a3300000, 0x00000000a3400000|  0%| F|  |TAMS 0x00000000a3300000| PB 0x00000000a3300000| Untracked 
|  52|0x00000000a3400000, 0x00000000a3400000, 0x00000000a3500000|  0%| F|  |TAMS 0x00000000a3400000| PB 0x00000000a3400000| Untracked 
|  53|0x00000000a3500000, 0x00000000a3500000, 0x00000000a3600000|  0%| F|  |TAMS 0x00000000a3500000| PB 0x00000000a3500000| Untracked 
|  54|0x00000000a3600000, 0x00000000a3600000, 0x00000000a3700000|  0%| F|  |TAMS 0x00000000a3600000| PB 0x00000000a3600000| Untracked 
|  55|0x00000000a3700000, 0x00000000a3710eb8, 0x00000000a3800000|  6%| E|  |TAMS 0x00000000a3700000| PB 0x00000000a3700000| Complete 
|  56|0x00000000a3800000, 0x00000000a3900000, 0x00000000a3900000|100%| E|CS|TAMS 0x00000000a3800000| PB 0x00000000a3800000| Complete 
|  57|0x00000000a3900000, 0x00000000a3a00000, 0x00000000a3a00000|100%| E|CS|TAMS 0x00000000a3900000| PB 0x00000000a3900000| Complete 
|  58|0x00000000a3a00000, 0x00000000a3b00000, 0x00000000a3b00000|100%| E|CS|TAMS 0x00000000a3a00000| PB 0x00000000a3a00000| Complete 
|  59|0x00000000a3b00000, 0x00000000a3c00000, 0x00000000a3c00000|100%| E|CS|TAMS 0x00000000a3b00000| PB 0x00000000a3b00000| Complete 
|  60|0x00000000a3c00000, 0x00000000a3d00000, 0x00000000a3d00000|100%| E|CS|TAMS 0x00000000a3c00000| PB 0x00000000a3c00000| Complete 
|  61|0x00000000a3d00000, 0x00000000a3e00000, 0x00000000a3e00000|100%| E|CS|TAMS 0x00000000a3d00000| PB 0x00000000a3d00000| Complete 
|  62|0x00000000a3e00000, 0x00000000a3f00000, 0x00000000a3f00000|100%| E|CS|TAMS 0x00000000a3e00000| PB 0x00000000a3e00000| Complete 
|  63|0x00000000a3f00000, 0x00000000a4000000, 0x00000000a4000000|100%| E|CS|TAMS 0x00000000a3f00000| PB 0x00000000a3f00000| Complete 
|  64|0x00000000a4000000, 0x00000000a4100000, 0x00000000a4100000|100%| E|CS|TAMS 0x00000000a4000000| PB 0x00000000a4000000| Complete 
|  65|0x00000000a4100000, 0x00000000a4200000, 0x00000000a4200000|100%| E|CS|TAMS 0x00000000a4100000| PB 0x00000000a4100000| Complete 
|  66|0x00000000a4200000, 0x00000000a4300000, 0x00000000a4300000|100%| E|CS|TAMS 0x00000000a4200000| PB 0x00000000a4200000| Complete 
|  67|0x00000000a4300000, 0x00000000a4400000, 0x00000000a4400000|100%| E|CS|TAMS 0x00000000a4300000| PB 0x00000000a4300000| Complete 
|  68|0x00000000a4400000, 0x00000000a4500000, 0x00000000a4500000|100%| E|CS|TAMS 0x00000000a4400000| PB 0x00000000a4400000| Complete 
|  69|0x00000000a4500000, 0x00000000a4600000, 0x00000000a4600000|100%| E|CS|TAMS 0x00000000a4500000| PB 0x00000000a4500000| Complete 
|  70|0x00000000a4600000, 0x00000000a4700000, 0x00000000a4700000|100%| E|CS|TAMS 0x00000000a4600000| PB 0x00000000a4600000| Complete 
|  71|0x00000000a4700000, 0x00000000a4800000, 0x00000000a4800000|100%| E|CS|TAMS 0x00000000a4700000| PB 0x00000000a4700000| Complete 
|  72|0x00000000a4800000, 0x00000000a4900000, 0x00000000a4900000|100%| E|CS|TAMS 0x00000000a4800000| PB 0x00000000a4800000| Complete 
|  73|0x00000000a4900000, 0x00000000a4a00000, 0x00000000a4a00000|100%| E|CS|TAMS 0x00000000a4900000| PB 0x00000000a4900000| Complete 
|  74|0x00000000a4a00000, 0x00000000a4b00000, 0x00000000a4b00000|100%| E|CS|TAMS 0x00000000a4a00000| PB 0x00000000a4a00000| Complete 
|  75|0x00000000a4b00000, 0x00000000a4c00000, 0x00000000a4c00000|100%| E|CS|TAMS 0x00000000a4b00000| PB 0x00000000a4b00000| Complete 
|  76|0x00000000a4c00000, 0x00000000a4d00000, 0x00000000a4d00000|100%| E|CS|TAMS 0x00000000a4c00000| PB 0x00000000a4c00000| Complete 
| 139|0x00000000a8b00000, 0x00000000a8c00000, 0x00000000a8c00000|100%| E|  |TAMS 0x00000000a8b00000| PB 0x00000000a8b00000| Complete 
| 140|0x00000000a8c00000, 0x00000000a8d00000, 0x00000000a8d00000|100%| E|CS|TAMS 0x00000000a8c00000| PB 0x00000000a8c00000| Complete 
| 141|0x00000000a8d00000, 0x00000000a8e00000, 0x00000000a8e00000|100%| E|CS|TAMS 0x00000000a8d00000| PB 0x00000000a8d00000| Complete 
| 142|0x00000000a8e00000, 0x00000000a8f00000, 0x00000000a8f00000|100%| E|CS|TAMS 0x00000000a8e00000| PB 0x00000000a8e00000| Complete 
| 143|0x00000000a8f00000, 0x00000000a9000000, 0x00000000a9000000|100%| E|CS|TAMS 0x00000000a8f00000| PB 0x00000000a8f00000| Complete 
| 144|0x00000000a9000000, 0x00000000a9100000, 0x00000000a9100000|100%| E|CS|TAMS 0x00000000a9000000| PB 0x00000000a9000000| Complete 
| 145|0x00000000a9100000, 0x00000000a9200000, 0x00000000a9200000|100%| E|CS|TAMS 0x00000000a9100000| PB 0x00000000a9100000| Complete 
| 146|0x00000000a9200000, 0x00000000a9300000, 0x00000000a9300000|100%| E|CS|TAMS 0x00000000a9200000| PB 0x00000000a9200000| Complete 
| 147|0x00000000a9300000, 0x00000000a9400000, 0x00000000a9400000|100%| E|CS|TAMS 0x00000000a9300000| PB 0x00000000a9300000| Complete 
| 148|0x00000000a9400000, 0x00000000a9500000, 0x00000000a9500000|100%| E|CS|TAMS 0x00000000a9400000| PB 0x00000000a9400000| Complete 
| 149|0x00000000a9500000, 0x00000000a9600000, 0x00000000a9600000|100%| E|CS|TAMS 0x00000000a9500000| PB 0x00000000a9500000| Complete 
| 150|0x00000000a9600000, 0x00000000a9700000, 0x00000000a9700000|100%| E|CS|TAMS 0x00000000a9600000| PB 0x00000000a9600000| Complete 
| 151|0x00000000a9700000, 0x00000000a9800000, 0x00000000a9800000|100%| E|CS|TAMS 0x00000000a9700000| PB 0x00000000a9700000| Complete 
| 152|0x00000000a9800000, 0x00000000a9900000, 0x00000000a9900000|100%| E|CS|TAMS 0x00000000a9800000| PB 0x00000000a9800000| Complete 
| 153|0x00000000a9900000, 0x00000000a99a0a20, 0x00000000a9a00000| 62%| S|CS|TAMS 0x00000000a9900000| PB 0x00000000a9900000| Complete 
| 251|0x00000000afb00000, 0x00000000afc00000, 0x00000000afc00000|100%| E|CS|TAMS 0x00000000afb00000| PB 0x00000000afb00000| Complete 
|1527|0x00000000ff700000, 0x00000000ff800000, 0x00000000ff800000|100%| O|  |TAMS 0x00000000ff700000| PB 0x00000000ff700000| Untracked 
|1528|0x00000000ff800000, 0x00000000ff900000, 0x00000000ff900000|100%| O|  |TAMS 0x00000000ff800000| PB 0x00000000ff800000| Untracked 
|1529|0x00000000ff900000, 0x00000000ffa00000, 0x00000000ffa00000|100%| O|  |TAMS 0x00000000ff900000| PB 0x00000000ff900000| Untracked 
|1530|0x00000000ffa00000, 0x00000000ffb00000, 0x00000000ffb00000|100%| O|  |TAMS 0x00000000ffa00000| PB 0x00000000ffa00000| Untracked 
|1531|0x00000000ffb00000, 0x00000000ffc00000, 0x00000000ffc00000|100%| O|  |TAMS 0x00000000ffb00000| PB 0x00000000ffb00000| Untracked 
|1532|0x00000000ffc00000, 0x00000000ffd00000, 0x00000000ffd00000|100%| O|  |TAMS 0x00000000ffc00000| PB 0x00000000ffc00000| Untracked 
|1533|0x00000000ffd00000, 0x00000000ffe00000, 0x00000000ffe00000|100%| O|  |TAMS 0x00000000ffd00000| PB 0x00000000ffd00000| Untracked 
|1534|0x00000000ffe00000, 0x00000000fff00000, 0x00000000fff00000|100%| O|  |TAMS 0x00000000ffe00000| PB 0x00000000ffe00000| Untracked 
|1535|0x00000000fff00000, 0x0000000100000000, 0x0000000100000000|100%| O|  |TAMS 0x00000000fff00000| PB 0x00000000fff00000| Untracked 

Card table byte_map: [0x0000010ccf580000,0x0000010ccf880000] _byte_map_base: 0x0000010ccf080000

Marking Bits: (CMBitMap*) 0x0000010cbcb6b700
 Bits: [0x0000010ccf880000, 0x0000010cd1080000)

Polling page: 0x0000010cbac10000

Metaspace:

Usage:
  Non-class:     23.08 MB used.
      Class:      4.08 MB used.
       Both:     27.15 MB used.

Virtual space:
  Non-class space:       64.00 MB reserved,      23.56 MB ( 37%) committed,  1 nodes.
      Class space:        1.00 GB reserved,       4.56 MB ( <1%) committed,  1 nodes.
             Both:        1.06 GB reserved,      28.12 MB (  3%) committed. 

Chunk freelists:
   Non-Class:  8.16 MB
       Class:  11.30 MB
        Both:  19.45 MB

MaxMetaspaceSize: unlimited
CompressedClassSpaceSize: 1.00 GB
Initial GC threshold: 21.00 MB
Current GC threshold: 35.12 MB
CDS: on
 - commit_granule_bytes: 65536.
 - commit_granule_words: 8192.
 - virtual_space_node_default_size: 8388608.
 - enlarge_chunks_in_place: 1.
 - use_allocation_guard: 0.


Internal statistics:

num_allocs_failed_limit: 3.
num_arena_births: 1526.
num_arena_deaths: 0.
num_vsnodes_births: 2.
num_vsnodes_deaths: 0.
num_space_committed: 450.
num_space_uncommitted: 0.
num_chunks_returned_to_freelist: 3.
num_chunks_taken_from_freelist: 2759.
num_chunk_merges: 3.
num_chunk_splits: 1785.
num_chunks_enlarged: 1146.
num_inconsistent_stats: 0.

CodeHeap 'non-profiled nmethods': size=120000Kb used=2659Kb max_used=2659Kb free=117340Kb
 bounds [0x0000010cc77f0000, 0x0000010cc7a90000, 0x0000010cced20000]
CodeHeap 'profiled nmethods': size=120000Kb used=8680Kb max_used=8680Kb free=111319Kb
 bounds [0x0000010cbfd20000, 0x0000010cc05a0000, 0x0000010cc7250000]
CodeHeap 'non-nmethods': size=5760Kb used=1432Kb max_used=1482Kb free=4327Kb
 bounds [0x0000010cc7250000, 0x0000010cc74c0000, 0x0000010cc77f0000]
CodeCache: size=245760Kb, used=12771Kb, max_used=12821Kb, free=232986Kb
 total_blobs=4939, nmethods=4353, adapters=490, full_count=0
Compilation: enabled, stopped_count=0, restarted_count=0

Compilation events (20 events):
Event: 429.202 Thread 0x0000010d15043720 4357   !   3       java.net.URL::<init> (543 bytes)
Event: 429.207 Thread 0x0000010d15043720 nmethod 4357 0x0000010cc0590010 code [0x0000010cc0590620, 0x0000010cc0593958]
Event: 429.214 Thread 0x0000010d15043720 4358       3       java.lang.Character::isJavaIdentifierPart (9 bytes)
Event: 429.214 Thread 0x0000010d15043720 nmethod 4358 0x0000010cc0595710 code [0x0000010cc05958c0, 0x0000010cc0595ab8]
Event: 429.214 Thread 0x0000010d15043720 4359       3       java.lang.CharacterDataLatin1::isJavaIdentifierPart (20 bytes)
Event: 429.215 Thread 0x0000010d15043720 nmethod 4359 0x0000010cc0595b90 code [0x0000010cc0595d40, 0x0000010cc0595f38]
Event: 429.374 Thread 0x0000010d15043720 4361       3       jdk.internal.reflect.ReflectionFactory::newConstructorAccessor (144 bytes)
Event: 429.375 Thread 0x0000010d15043720 nmethod 4361 0x0000010cc0596090 code [0x0000010cc05962c0, 0x0000010cc0596910]
Event: 429.375 Thread 0x0000010d15043720 4362   !   3       jdk.internal.reflect.MethodHandleAccessorFactory::newConstructorAccessor (84 bytes)
Event: 429.377 Thread 0x0000010d15043720 nmethod 4362 0x0000010cc0596b90 code [0x0000010cc0596f00, 0x0000010cc0598328]
Event: 429.377 Thread 0x0000010d15043720 4363       3       jdk.internal.reflect.ConstructorAccessorImpl::<init> (5 bytes)
Event: 429.377 Thread 0x0000010d15043720 nmethod 4363 0x0000010cc0598c10 code [0x0000010cc0598dc0, 0x0000010cc0598f88]
Event: 429.378 Thread 0x0000010d15043720 4364       3       java.lang.reflect.Constructor::isVarArgs (5 bytes)
Event: 429.378 Thread 0x0000010d15043720 nmethod 4364 0x0000010cc0599090 code [0x0000010cc0599240, 0x0000010cc0599418]
Event: 429.569 Thread 0x0000010d15031820 nmethod 4322 0x0000010cc7a75d90 code [0x0000010cc7a766c0, 0x0000010cc7a815d8]
Event: 429.575 Thread 0x0000010d15031820 4323       4       java.net.URLClassLoader$1::run (5 bytes)
Event: 429.678 Thread 0x0000010d15043720 4365       3       java.nio.file.Files::provider (10 bytes)
Event: 429.679 Thread 0x0000010d15043720 nmethod 4365 0x0000010cc0599510 code [0x0000010cc05996c0, 0x0000010cc0599898]
Event: 429.680 Thread 0x0000010d15043720 4366       3       sun.nio.fs.WindowsPath::getFileSystem (5 bytes)
Event: 429.680 Thread 0x0000010d15043720 nmethod 4366 0x0000010cc0599990 code [0x0000010cc0599b20, 0x0000010cc0599cc8]

GC Heap History (12 events):
Event: 6.177 GC heap before
{Heap before GC invocations=0 (full 0):
 garbage-first heap   total 258048K, used 23552K [0x00000000a0000000, 0x0000000100000000)
  region size 1024K, 23 young (23552K), 0 survivors (0K)
 Metaspace       used 927K, committed 1088K, reserved 1114112K
  class space    used 73K, committed 128K, reserved 1048576K
}
Event: 6.185 GC heap after
{Heap after GC invocations=1 (full 0):
 garbage-first heap   total 258048K, used 1610K [0x00000000a0000000, 0x0000000100000000)
  region size 1024K, 2 young (2048K), 2 survivors (2048K)
 Metaspace       used 927K, committed 1088K, reserved 1114112K
  class space    used 73K, committed 128K, reserved 1048576K
}
Event: 12.372 GC heap before
{Heap before GC invocations=1 (full 0):
 garbage-first heap   total 258048K, used 40522K [0x00000000a0000000, 0x0000000100000000)
  region size 1024K, 38 young (38912K), 2 survivors (2048K)
 Metaspace       used 4390K, committed 4544K, reserved 1114112K
  class space    used 557K, committed 640K, reserved 1048576K
}
Event: 12.380 GC heap after
{Heap after GC invocations=2 (full 0):
 garbage-first heap   total 258048K, used 11235K [0x00000000a0000000, 0x0000000100000000)
  region size 1024K, 5 young (5120K), 5 survivors (5120K)
 Metaspace       used 4390K, committed 4544K, reserved 1114112K
  class space    used 557K, committed 640K, reserved 1048576K
}
Event: 15.491 GC heap before
{Heap before GC invocations=2 (full 0):
 garbage-first heap   total 258048K, used 67555K [0x00000000a0000000, 0x0000000100000000)
  region size 1024K, 59 young (60416K), 5 survivors (5120K)
 Metaspace       used 6762K, committed 7040K, reserved 1114112K
  class space    used 918K, committed 1024K, reserved 1048576K
}
Event: 15.501 GC heap after
{Heap after GC invocations=3 (full 0):
 garbage-first heap   total 258048K, used 17948K [0x00000000a0000000, 0x0000000100000000)
  region size 1024K, 8 young (8192K), 8 survivors (8192K)
 Metaspace       used 6762K, committed 7040K, reserved 1114112K
  class space    used 918K, committed 1024K, reserved 1048576K
}
Event: 79.422 GC heap before
{Heap before GC invocations=3 (full 0):
 garbage-first heap   total 258048K, used 109084K [0x00000000a0000000, 0x0000000100000000)
  region size 1024K, 98 young (100352K), 8 survivors (8192K)
 Metaspace       used 20826K, committed 21504K, reserved 1114112K
  class space    used 3060K, committed 3392K, reserved 1048576K
}
Event: 79.448 GC heap after
{Heap after GC invocations=4 (full 0):
 garbage-first heap   total 258048K, used 24707K [0x00000000a0000000, 0x0000000100000000)
  region size 1024K, 15 young (15360K), 15 survivors (15360K)
 Metaspace       used 20826K, committed 21504K, reserved 1114112K
  class space    used 3060K, committed 3392K, reserved 1048576K
}
Event: 219.482 GC heap before
{Heap before GC invocations=5 (full 0):
 garbage-first heap   total 86016K, used 85123K [0x00000000a0000000, 0x0000000100000000)
  region size 1024K, 74 young (75776K), 15 survivors (15360K)
 Metaspace       used 26445K, committed 27392K, reserved 1114112K
  class space    used 3974K, committed 4416K, reserved 1048576K
}
Event: 220.258 GC heap after
{Heap after GC invocations=6 (full 0):
 garbage-first heap   total 104448K, used 27059K [0x00000000a0000000, 0x0000000100000000)
  region size 1024K, 9 young (9216K), 9 survivors (9216K)
 Metaspace       used 26445K, committed 27392K, reserved 1114112K
  class space    used 3974K, committed 4416K, reserved 1048576K
}
Event: 221.048 GC heap before
{Heap before GC invocations=6 (full 0):
 garbage-first heap   total 104448K, used 28083K [0x00000000a0000000, 0x0000000100000000)
  region size 1024K, 10 young (10240K), 9 survivors (9216K)
 Metaspace       used 26445K, committed 27392K, reserved 1114112K
  class space    used 3974K, committed 4416K, reserved 1048576K
}
Event: 221.220 GC heap after
{Heap after GC invocations=7 (full 0):
 garbage-first heap   total 104448K, used 26891K [0x00000000a0000000, 0x0000000100000000)
  region size 1024K, 1 young (1024K), 1 survivors (1024K)
 Metaspace       used 26445K, committed 27392K, reserved 1114112K
  class space    used 3974K, committed 4416K, reserved 1048576K
}

Dll operation events (20 events):
Event: 1.704 Attempting to load shared library C:\Users\ishas\.vscode\extensions\redhat.java-1.56.0-win32-x64\jre\21.0.12.1-win32-x86_64\bin\nio.dll
Event: 1.704 Loaded shared library C:\Users\ishas\.vscode\extensions\redhat.java-1.56.0-win32-x64\jre\21.0.12.1-win32-x86_64\bin\nio.dll
Event: 1.715 Attempting to load shared library C:\Users\ishas\.vscode\extensions\redhat.java-1.56.0-win32-x64\jre\21.0.12.1-win32-x86_64\bin\zip.dll
Event: 1.715 Loaded shared library C:\Users\ishas\.vscode\extensions\redhat.java-1.56.0-win32-x64\jre\21.0.12.1-win32-x86_64\bin\zip.dll
Event: 6.013 Attempting to load shared library C:\Users\ishas\.vscode\extensions\redhat.java-1.56.0-win32-x64\jre\21.0.12.1-win32-x86_64\bin\jimage.dll
Event: 6.013 Loaded shared library C:\Users\ishas\.vscode\extensions\redhat.java-1.56.0-win32-x64\jre\21.0.12.1-win32-x86_64\bin\jimage.dll
Event: 8.268 Attempting to load shared library C:\Users\ishas\.vscode\extensions\redhat.java-1.56.0-win32-x64\jre\21.0.12.1-win32-x86_64\bin\verify.dll
Event: 8.268 Loaded shared library C:\Users\ishas\.vscode\extensions\redhat.java-1.56.0-win32-x64\jre\21.0.12.1-win32-x86_64\bin\verify.dll
Event: 9.516 Attempting to load shared library C:\Users\ishas\.gradle\native\1def1411415f61bf3af743bc5b6707747c0891f09f0c88961ee8f79bc544acac\windows-amd64\native-platform.dll
Event: 9.533 Loaded shared library C:\Users\ishas\.gradle\native\1def1411415f61bf3af743bc5b6707747c0891f09f0c88961ee8f79bc544acac\windows-amd64\native-platform.dll
Event: 9.559 Attempting to load shared library C:\Users\ishas\.gradle\native\0.2.7\x86_64-windows-gnu\gradle-fileevents.dll
Event: 9.560 Loaded shared library C:\Users\ishas\.gradle\native\0.2.7\x86_64-windows-gnu\gradle-fileevents.dll
Event: 15.373 Attempting to load shared library C:\Users\ishas\.vscode\extensions\redhat.java-1.56.0-win32-x64\jre\21.0.12.1-win32-x86_64\bin\management.dll
Event: 15.375 Loaded shared library C:\Users\ishas\.vscode\extensions\redhat.java-1.56.0-win32-x64\jre\21.0.12.1-win32-x86_64\bin\management.dll
Event: 15.385 Attempting to load shared library C:\Users\ishas\.vscode\extensions\redhat.java-1.56.0-win32-x64\jre\21.0.12.1-win32-x86_64\bin\management_ext.dll
Event: 15.386 Loaded shared library C:\Users\ishas\.vscode\extensions\redhat.java-1.56.0-win32-x64\jre\21.0.12.1-win32-x86_64\bin\management_ext.dll
Event: 15.945 Attempting to load shared library C:\Users\ishas\.vscode\extensions\redhat.java-1.56.0-win32-x64\jre\21.0.12.1-win32-x86_64\bin\extnet.dll
Event: 15.946 Loaded shared library C:\Users\ishas\.vscode\extensions\redhat.java-1.56.0-win32-x64\jre\21.0.12.1-win32-x86_64\bin\extnet.dll
Event: 28.705 Attempting to load shared library C:\Users\ishas\.vscode\extensions\redhat.java-1.56.0-win32-x64\jre\21.0.12.1-win32-x86_64\bin\sunmscapi.dll
Event: 28.714 Loaded shared library C:\Users\ishas\.vscode\extensions\redhat.java-1.56.0-win32-x64\jre\21.0.12.1-win32-x86_64\bin\sunmscapi.dll

Deoptimization events (20 events):
Event: 428.434 Thread 0x0000010d1a2d0b40 Uncommon trap: trap_request=0xffffff45 fr.pc=0x0000010cc79ea1ec relative=0x00000000000008cc
Event: 428.434 Thread 0x0000010d1a2d0b40 Uncommon trap: reason=unstable_if action=reinterpret pc=0x0000010cc79ea1ec method=java.lang.Class.getPackageName()Ljava/lang/String; @ 55 c2
Event: 428.434 Thread 0x0000010d1a2d0b40 DEOPT PACKING pc=0x0000010cc79ea1ec sp=0x000000084affa080
Event: 428.434 Thread 0x0000010d1a2d0b40 DEOPT UNPACKING pc=0x0000010cc72a4422 sp=0x000000084affa050 mode 2
Event: 429.755 Thread 0x0000010d1a2d0b40 Uncommon trap: trap_request=0xffffffc6 fr.pc=0x0000010cc7a6c384 relative=0x00000000000001c4
Event: 429.755 Thread 0x0000010d1a2d0b40 Uncommon trap: reason=bimorphic_or_optimized_type_check action=maybe_recompile pc=0x0000010cc7a6c384 method=java.util.stream.ReferencePipeline$2$1.accept(Ljava/lang/Object;)V @ 21 c2
Event: 429.755 Thread 0x0000010d1a2d0b40 DEOPT PACKING pc=0x0000010cc7a6c384 sp=0x000000084aff99b0
Event: 429.755 Thread 0x0000010d1a2d0b40 DEOPT UNPACKING pc=0x0000010cc72a4422 sp=0x000000084aff9958 mode 2
Event: 429.755 Thread 0x0000010d1a2d0b40 Uncommon trap: trap_request=0xffffffc6 fr.pc=0x0000010cc7a6c384 relative=0x00000000000001c4
Event: 429.755 Thread 0x0000010d1a2d0b40 Uncommon trap: reason=bimorphic_or_optimized_type_check action=maybe_recompile pc=0x0000010cc7a6c384 method=java.util.stream.ReferencePipeline$2$1.accept(Ljava/lang/Object;)V @ 21 c2
Event: 429.755 Thread 0x0000010d1a2d0b40 DEOPT PACKING pc=0x0000010cc7a6c384 sp=0x000000084aff99b0
Event: 429.755 Thread 0x0000010d1a2d0b40 DEOPT UNPACKING pc=0x0000010cc72a4422 sp=0x000000084aff9958 mode 2
Event: 429.755 Thread 0x0000010d1a2d0b40 Uncommon trap: trap_request=0xffffffc6 fr.pc=0x0000010cc7a6c384 relative=0x00000000000001c4
Event: 429.755 Thread 0x0000010d1a2d0b40 Uncommon trap: reason=bimorphic_or_optimized_type_check action=maybe_recompile pc=0x0000010cc7a6c384 method=java.util.stream.ReferencePipeline$2$1.accept(Ljava/lang/Object;)V @ 21 c2
Event: 429.755 Thread 0x0000010d1a2d0b40 DEOPT PACKING pc=0x0000010cc7a6c384 sp=0x000000084aff99b0
Event: 429.755 Thread 0x0000010d1a2d0b40 DEOPT UNPACKING pc=0x0000010cc72a4422 sp=0x000000084aff9958 mode 2
Event: 429.755 Thread 0x0000010d1a2d0b40 Uncommon trap: trap_request=0xffffffc6 fr.pc=0x0000010cc7a6c384 relative=0x00000000000001c4
Event: 429.756 Thread 0x0000010d1a2d0b40 Uncommon trap: reason=bimorphic_or_optimized_type_check action=maybe_recompile pc=0x0000010cc7a6c384 method=java.util.stream.ReferencePipeline$2$1.accept(Ljava/lang/Object;)V @ 21 c2
Event: 429.756 Thread 0x0000010d1a2d0b40 DEOPT PACKING pc=0x0000010cc7a6c384 sp=0x000000084aff99b0
Event: 429.756 Thread 0x0000010d1a2d0b40 DEOPT UNPACKING pc=0x0000010cc72a4422 sp=0x000000084aff9958 mode 2

Classes loaded (20 events):
Event: 428.195 Loading class jdk/internal/loader/URLClassPath$FileLoader
Event: 428.201 Loading class jdk/internal/loader/URLClassPath$FileLoader done
Event: 428.214 Loading class jdk/internal/loader/URLClassPath$FileLoader$1
Event: 428.215 Loading class jdk/internal/loader/URLClassPath$FileLoader$1 done
Event: 428.828 Loading class java/beans/Transient
Event: 428.828 Loading class java/beans/Transient done
Event: 428.904 Loading class java/util/stream/IntPipeline$1
Event: 428.905 Loading class java/util/stream/IntPipeline$1 done
Event: 428.908 Loading class java/util/stream/IntPipeline$1$1
Event: 428.909 Loading class java/util/stream/Sink$ChainedInt
Event: 428.910 Loading class java/util/stream/Sink$OfInt
Event: 428.910 Loading class java/util/stream/Sink$OfInt done
Event: 428.911 Loading class java/util/stream/Sink$ChainedInt done
Event: 428.911 Loading class java/util/stream/IntPipeline$1$1 done
Event: 429.027 Loading class java/lang/IllegalAccessError
Event: 429.028 Loading class java/lang/IllegalAccessError done
Event: 429.053 Loading class java/lang/Process
Event: 429.056 Loading class java/lang/Process done
Event: 429.058 Loading class java/lang/ProcessBuilder
Event: 429.062 Loading class java/lang/ProcessBuilder done

Classes unloaded (0 events):
No events

Classes redefined (0 events):
No events

Internal exceptions (20 events):
Event: 82.829 Thread 0x0000010d1a2d0b40 Exception <a 'java/lang/NoSuchMethodError'{0x00000000a34d1990}: 'java.lang.Object java.lang.invoke.DirectMethodHandle$Holder.invokeSpecial(java.lang.Object, java.lang.Object, java.lang.Object, java.lang.Object, java.lang.Object, java.lang.Object, java.lang.Object, java.lang.Object, java.lang.Object, java.lang.Object, java.lang.Object, java.lang.Object, java.lang.Object, java.lang.Object)'> (0x00000000a34d1990) 
thrown [s\src\hotspot\share\interpreter\linkResolver.cpp, line 773]
Event: 82.830 Thread 0x0000010d1a2d0b40 Exception <a 'java/lang/NoSuchMethodError'{0x00000000a34d66e0}: 'java.lang.Object java.lang.invoke.DelegatingMethodHandle$Holder.reinvoke_L(java.lang.Object, java.lang.Object, java.lang.Object, java.lang.Object, java.lang.Object, java.lang.Object, java.lang.Object, java.lang.Object, java.lang.Object, java.lang.Object, java.lang.Object, java.lang.Object, java.lang.Object)'> (0x00000000a34d66e0) 
thrown [s\src\hotspot\share\interpreter\linkResolver.cpp, line 773]
Event: 82.891 Thread 0x0000010d1a2d0b40 Exception <a 'java/lang/NoSuchMethodError'{0x00000000a3294fd0}: 'void java.lang.invoke.DirectMethodHandle$Holder.invokeStaticInit(java.lang.Object, java.lang.Object)'> (0x00000000a3294fd0) 
thrown [s\src\hotspot\share\interpreter\linkResolver.cpp, line 773]
Event: 83.244 Thread 0x0000010d1a2d0b40 Exception <a 'java/lang/NoSuchMethodError'{0x00000000a2ef7060}: 'java.lang.Object java.lang.invoke.DirectMethodHandle$Holder.newInvokeSpecial(java.lang.Object, java.lang.Object, java.lang.Object, java.lang.Object, java.lang.Object, java.lang.Object, java.lang.Object, java.lang.Object, java.lang.Object)'> (0x00000000a2ef7060) 
thrown [s\src\hotspot\share\interpreter\linkResolver.cpp, line 773]
Event: 83.379 Thread 0x0000010d1a2d0b40 Exception <a 'java/lang/NoSuchMethodError'{0x00000000a2a7c2e8}: 'int java.lang.invoke.DirectMethodHandle$Holder.invokeVirtual(java.lang.Object, java.lang.Object)'> (0x00000000a2a7c2e8) 
thrown [s\src\hotspot\share\interpreter\linkResolver.cpp, line 773]
Event: 83.631 Thread 0x0000010d1a2d0b40 Exception <a 'java/lang/NoSuchMethodError'{0x00000000a2770420}: 'void java.lang.invoke.DirectMethodHandle$Holder.invokeInterface(java.lang.Object, java.lang.Object, java.lang.Object, java.lang.Object, java.lang.Object)'> (0x00000000a2770420) 
thrown [s\src\hotspot\share\interpreter\linkResolver.cpp, line 773]
Event: 83.639 Thread 0x0000010d1a2d0b40 Exception <a 'java/lang/NoSuchMethodError'{0x00000000a27ed900}: 'void java.lang.invoke.DirectMethodHandle$Holder.invokeStatic(java.lang.Object, java.lang.Object, java.lang.Object, java.lang.Object, java.lang.Object, java.lang.Object)'> (0x00000000a27ed900) 
thrown [s\src\hotspot\share\interpreter\linkResolver.cpp, line 773]
Event: 84.056 Thread 0x0000010d1a2d0b40 Exception <a 'java/lang/IncompatibleClassChangeError'{0x00000000a1fef468}: Found class java.lang.Object, but interface was expected> (0x00000000a1fef468) 
thrown [s\src\hotspot\share\interpreter\linkResolver.cpp, line 840]
Event: 84.404 Thread 0x0000010d1a2d0b40 Exception <a 'java/lang/NoSuchMethodError'{0x00000000a1d40570}: 'java.lang.Object java.lang.invoke.DirectMethodHandle$Holder.newInvokeSpecial(java.lang.Object, java.lang.Object, long)'> (0x00000000a1d40570) 
thrown [s\src\hotspot\share\interpreter\linkResolver.cpp, line 773]
Event: 84.405 Thread 0x0000010d1a2d0b40 Exception <a 'java/lang/NoSuchMethodError'{0x00000000a1d44918}: 'java.lang.Object java.lang.invoke.Invokers$Holder.linkToTargetMethod(java.lang.Object, long, java.lang.Object)'> (0x00000000a1d44918) 
thrown [s\src\hotspot\share\interpreter\linkResolver.cpp, line 773]
Event: 84.448 Thread 0x0000010d1a2d32a0 Implicit null exception at 0x0000010cc797a6e1 to 0x0000010cc797ad2c
Event: 85.006 Thread 0x0000010d1a2d0b40 Exception <a 'java/lang/NoSuchMethodError'{0x00000000a1b6a8b8}: 'int java.lang.invoke.DirectMethodHandle$Holder.invokeInterface(java.lang.Object, java.lang.Object)'> (0x00000000a1b6a8b8) 
thrown [s\src\hotspot\share\interpreter\linkResolver.cpp, line 773]
Event: 85.047 Thread 0x0000010d1a2d0b40 Exception <a 'java/lang/NoSuchMethodError'{0x00000000a1bf7590}: 'java.lang.Object java.lang.invoke.DirectMethodHandle$Holder.invokeVirtual(java.lang.Object, java.lang.Object, int)'> (0x00000000a1bf7590) 
thrown [s\src\hotspot\share\interpreter\linkResolver.cpp, line 773]
Event: 268.552 Thread 0x0000010d1a2d0b40 Exception <a 'java/lang/NoSuchMethodError'{0x00000000a922c898}: 'java.lang.Object java.lang.invoke.DirectMethodHandle$Holder.invokeStatic(java.lang.Object, java.lang.Object, int, java.lang.Object)'> (0x00000000a922c898) 
thrown [s\src\hotspot\share\interpreter\linkResolver.cpp, line 773]
Event: 268.573 Thread 0x0000010d1a2d0b40 Exception <a 'java/lang/NoSuchMethodError'{0x00000000a92546f8}: 'java.lang.Object java.lang.invoke.DirectMethodHandle$Holder.newInvokeSpecial(java.lang.Object, java.lang.Object, int, java.lang.Object)'> (0x00000000a92546f8) 
thrown [s\src\hotspot\share\interpreter\linkResolver.cpp, line 773]
Event: 268.578 Thread 0x0000010d1a2d0b40 Exception <a 'java/lang/NoSuchMethodError'{0x00000000a9258e90}: 'java.lang.Object java.lang.invoke.DirectMethodHandle$Holder.invokeSpecial(java.lang.Object, java.lang.Object, java.lang.Object, int, java.lang.Object)'> (0x00000000a9258e90) 
thrown [s\src\hotspot\share\interpreter\linkResolver.cpp, line 773]
Event: 428.094 Thread 0x0000010d1a2d0b40 Exception <a 'java/lang/NoSuchMethodError'{0x00000000a3ddfcd8}: 'void java.lang.invoke.DirectMethodHandle$Holder.invokeInterface(java.lang.Object, java.lang.Object, java.lang.Object, java.lang.Object, java.lang.Object, java.lang.Object, java.lang.Object)'> (0x00000000a3ddfcd8) 
thrown [s\src\hotspot\share\interpreter\linkResolver.cpp, line 773]
Event: 428.109 Thread 0x0000010d1a2d0b40 Exception <a 'java/lang/NoSuchMethodError'{0x00000000a3de4660}: 'void java.lang.invoke.DelegatingMethodHandle$Holder.reinvoke_L(java.lang.Object, java.lang.Object, java.lang.Object, java.lang.Object, java.lang.Object, java.lang.Object, java.lang.Object)'> (0x00000000a3de4660) 
thrown [s\src\hotspot\share\interpreter\linkResolver.cpp, line 773]
Event: 429.051 Thread 0x0000010d1a2d0b40 Exception <a 'java/lang/NoSuchMethodError'{0x00000000a3bb18e0}: 'java.lang.Object java.lang.invoke.DirectMethodHandle$Holder.invokeStaticInit(java.lang.Object, java.lang.Object, java.lang.Object, java.lang.Object, java.lang.Object, java.lang.Object, java.lang.Object)'> (0x00000000a3bb18e0) 
thrown [s\src\hotspot\share\interpreter\linkResolver.cpp, line 773]
Event: 429.077 Thread 0x0000010d1a2d0b40 Exception <a 'java/lang/NoSuchMethodError'{0x00000000a3bd7b40}: 'java.lang.Object java.lang.invoke.DirectMethodHandle$Holder.invokeSpecial(java.lang.Object, java.lang.Object, java.lang.Object, int, java.lang.Object, java.lang.Object)'> (0x00000000a3bd7b40) 
thrown [s\src\hotspot\share\interpreter\linkResolver.cpp, line 773]

ZGC Phase Switch (0 events):
No events

VM Operations (20 events):
Event: 397.561 Executing safepoint VM operation: Cleanup
Event: 397.561 Executing safepoint VM operation: Cleanup done
Event: 407.609 Executing safepoint VM operation: Cleanup
Event: 407.609 Executing safepoint VM operation: Cleanup done
Event: 410.624 Executing safepoint VM operation: Cleanup
Event: 410.624 Executing safepoint VM operation: Cleanup done
Event: 419.695 Executing safepoint VM operation: Cleanup
Event: 419.696 Executing safepoint VM operation: Cleanup done
Event: 420.709 Executing safepoint VM operation: Cleanup
Event: 420.709 Executing safepoint VM operation: Cleanup done
Event: 421.713 Executing safepoint VM operation: Cleanup
Event: 421.713 Executing safepoint VM operation: Cleanup done
Event: 428.368 Executing non-safepoint VM operation: HandshakeAllThreads (Deoptimize)
Event: 428.371 Executing non-safepoint VM operation: HandshakeAllThreads (Deoptimize) done
Event: 428.371 Executing safepoint VM operation: Cleanup
Event: 428.377 Executing safepoint VM operation: Cleanup done
Event: 428.377 Executing non-safepoint VM operation: HandshakeAllThreads (Deoptimize)
Event: 428.377 Executing non-safepoint VM operation: HandshakeAllThreads (Deoptimize) done
Event: 429.383 Executing safepoint VM operation: Cleanup
Event: 429.383 Executing safepoint VM operation: Cleanup done

Memory protections (0 events):
No events

Nmethod flushes (0 events):
No events

Events (20 events):
Event: 29.001 Thread 0x0000010d1a591b50 Thread added: 0x0000010d1563a870
Event: 29.072 Thread 0x0000010d1a591b50 Thread added: 0x0000010d1a2d2580
Event: 69.339 Thread 0x0000010d1a591b50 Thread added: 0x0000010d1a2d0b40
Event: 69.433 Thread 0x0000010d1a2d0b40 Thread added: 0x0000010d1a2d11d0
Event: 69.453 Thread 0x0000010d1a2d0b40 Thread added: 0x0000010d1a2d2c10
Event: 69.461 Thread 0x0000010d1a2d0b40 Thread added: 0x0000010d1a2d3930
Event: 71.650 Thread 0x0000010d1a2d0b40 Thread added: 0x0000010d1a2d32a0
Event: 71.690 Thread 0x0000010d1a2d0b40 Thread added: 0x0000010d1a2d1ef0
Event: 75.366 Thread 0x0000010d1a2d1ef0 Thread added: 0x0000010d1a2d04b0
Event: 75.416 Thread 0x0000010d1a2d0b40 Thread added: 0x0000010d1a2d1860
Event: 79.790 Thread 0x0000010d1a2d0b40 Thread added: 0x0000010d1bd48ad0
Event: 82.608 Thread 0x0000010d1a2d0b40 Thread added: 0x0000010d1bd4b230
Event: 83.364 Thread 0x0000010d1a2d0b40 Thread added: 0x0000010d1bd4a510
Event: 83.376 Thread 0x0000010d1a2d0b40 Thread added: 0x0000010d1bd4aba0
Event: 146.631 Thread 0x0000010d1a2d04b0 Thread exited: 0x0000010d1a2d04b0
Event: 268.441 Thread 0x0000010d1a2d1ef0 Thread added: 0x0000010d1bd4b8c0
Event: 268.585 Thread 0x0000010d1a2d0b40 Thread added: 0x0000010d1bd4bf50
Event: 332.544 Thread 0x0000010d1bd4b8c0 Thread exited: 0x0000010d1bd4b8c0
Event: 418.638 Thread 0x0000010d1a2d1ef0 Thread added: 0x0000010d1bd4c5e0
Event: 418.890 Thread 0x0000010d1a2d0b40 Thread added: 0x0000010d1bd4b8c0


Dynamic libraries:
0x00007ff6906c0000 - 0x00007ff6906ce000 	C:\Users\ishas\.vscode\extensions\redhat.java-1.56.0-win32-x64\jre\21.0.12.1-win32-x86_64\bin\java.exe
0x00007fff22660000 - 0x00007fff228c7000 	C:\Windows\SYSTEM32\ntdll.dll
0x00007fff21bc0000 - 0x00007fff21c8b000 	C:\Windows\System32\KERNEL32.DLL
0x00007fff1fcd0000 - 0x00007fff200d2000 	C:\Windows\System32\KERNELBASE.dll
0x00007fff1fb70000 - 0x00007fff1fcbc000 	C:\Windows\System32\ucrtbase.dll
0x00007ffeb4c70000 - 0x00007ffeb4c88000 	C:\Users\ishas\.vscode\extensions\redhat.java-1.56.0-win32-x64\jre\21.0.12.1-win32-x86_64\bin\jli.dll
0x00007ffee06c0000 - 0x00007ffee06de000 	C:\Users\ishas\.vscode\extensions\redhat.java-1.56.0-win32-x64\jre\21.0.12.1-win32-x86_64\bin\VCRUNTIME140.dll
0x00007fff222b0000 - 0x00007fff2247f000 	C:\Windows\System32\USER32.dll
0x00007fff20220000 - 0x00007fff20247000 	C:\Windows\System32\win32u.dll
0x00007fff21d20000 - 0x00007fff21d4b000 	C:\Windows\System32\GDI32.dll
0x00007fff20250000 - 0x00007fff20379000 	C:\Windows\System32\gdi32full.dll
0x00007fff08e50000 - 0x00007fff090e0000 	C:\Windows\WinSxS\amd64_microsoft.windows.common-controls_6595b64144ccf1df_6.0.26100.9278_none_3e0d1ba8e3303201\COMCTL32.dll
0x00007fff200e0000 - 0x00007fff20183000 	C:\Windows\System32\msvcp_win.dll
0x00007fff20460000 - 0x00007fff20509000 	C:\Windows\System32\msvcrt.dll
0x00007fff21eb0000 - 0x00007fff21ee1000 	C:\Windows\System32\IMM32.DLL
0x00007fff1bf50000 - 0x00007fff1bf5c000 	C:\Users\ishas\.vscode\extensions\redhat.java-1.56.0-win32-x64\jre\21.0.12.1-win32-x86_64\bin\vcruntime140_1.dll
0x00007ffeac2d0000 - 0x00007ffeac35d000 	C:\Users\ishas\.vscode\extensions\redhat.java-1.56.0-win32-x64\jre\21.0.12.1-win32-x86_64\bin\msvcp140.dll
0x00007ffe828b0000 - 0x00007ffe83652000 	C:\Users\ishas\.vscode\extensions\redhat.java-1.56.0-win32-x64\jre\21.0.12.1-win32-x86_64\bin\server\jvm.dll
0x00007fff21ef0000 - 0x00007fff21fac000 	C:\Windows\System32\ADVAPI32.dll
0x00007fff21e00000 - 0x00007fff21ea9000 	C:\Windows\System32\sechost.dll
0x00007fff22500000 - 0x00007fff22618000 	C:\Windows\System32\RPCRT4.dll
0x00007fff21c90000 - 0x00007fff21d10000 	C:\Windows\System32\WS2_32.dll
0x00007fff1f6c0000 - 0x00007fff1f71e000 	C:\Windows\SYSTEM32\POWRPROF.dll
0x00007fff17580000 - 0x00007fff175b6000 	C:\Windows\SYSTEM32\WINMM.dll
0x00007fff0cde0000 - 0x00007fff0cdeb000 	C:\Windows\SYSTEM32\VERSION.dll
0x00007fff1f6a0000 - 0x00007fff1f6b5000 	C:\Windows\SYSTEM32\UMPDC.dll
0x00007fff1e530000 - 0x00007fff1e54b000 	C:\Windows\SYSTEM32\kernel.appcore.dll
0x00007fff17090000 - 0x00007fff1709a000 	C:\Users\ishas\.vscode\extensions\redhat.java-1.56.0-win32-x64\jre\21.0.12.1-win32-x86_64\bin\jimage.dll
0x00007fff1ce70000 - 0x00007fff1d0bc000 	C:\Windows\SYSTEM32\DBGHELP.DLL
0x00007fff20ed0000 - 0x00007fff21255000 	C:\Windows\System32\combase.dll
0x00007fff21a50000 - 0x00007fff21b29000 	C:\Windows\System32\OLEAUT32.dll
0x00007fff17540000 - 0x00007fff1757b000 	C:\Windows\SYSTEM32\dbgcore.DLL
0x00007fff1fab0000 - 0x00007fff1fb5c000 	C:\Windows\System32\bcryptPrimitives.dll
0x00007ffebe020000 - 0x00007ffebe02f000 	C:\Users\ishas\.vscode\extensions\redhat.java-1.56.0-win32-x64\jre\21.0.12.1-win32-x86_64\bin\instrument.dll
0x00007ffedcd90000 - 0x00007ffedcdb0000 	C:\Users\ishas\.vscode\extensions\redhat.java-1.56.0-win32-x64\jre\21.0.12.1-win32-x86_64\bin\java.dll
0x00007fff20510000 - 0x00007fff20ca8000 	C:\Windows\System32\SHELL32.dll
0x00007fff1d290000 - 0x00007fff1db3e000 	C:\Windows\SYSTEM32\windows.storage.dll
0x00007fff21fc0000 - 0x00007fff220bb000 	C:\Windows\System32\SHCORE.dll
0x00007fff22490000 - 0x00007fff224f6000 	C:\Windows\System32\shlwapi.dll
0x00007fff1f780000 - 0x00007fff1f7a9000 	C:\Windows\SYSTEM32\profapi.dll
0x00007ffedcd70000 - 0x00007ffedcd88000 	C:\Users\ishas\.vscode\extensions\redhat.java-1.56.0-win32-x64\jre\21.0.12.1-win32-x86_64\bin\zip.dll
0x00007ffee04e0000 - 0x00007ffee04f0000 	C:\Users\ishas\.vscode\extensions\redhat.java-1.56.0-win32-x64\jre\21.0.12.1-win32-x86_64\bin\net.dll
0x00007fff0dc00000 - 0x00007fff0dd2a000 	C:\Windows\SYSTEM32\WINHTTP.dll
0x00007fff1eaf0000 - 0x00007fff1eb5c000 	C:\Windows\system32\mswsock.dll
0x00007ffedcd50000 - 0x00007ffedcd66000 	C:\Users\ishas\.vscode\extensions\redhat.java-1.56.0-win32-x64\jre\21.0.12.1-win32-x86_64\bin\nio.dll
0x00007ffebc9a0000 - 0x00007ffebc9b0000 	C:\Users\ishas\.vscode\extensions\redhat.java-1.56.0-win32-x64\jre\21.0.12.1-win32-x86_64\bin\verify.dll
0x00007ffeac360000 - 0x00007ffeac387000 	C:\Users\ishas\.gradle\native\1def1411415f61bf3af743bc5b6707747c0891f09f0c88961ee8f79bc544acac\windows-amd64\native-platform.dll
0x00007ffe88010000 - 0x00007ffe88088000 	C:\Users\ishas\.gradle\native\0.2.7\x86_64-windows-gnu\gradle-fileevents.dll
0x00007ffebc890000 - 0x00007ffebc89a000 	C:\Users\ishas\.vscode\extensions\redhat.java-1.56.0-win32-x64\jre\21.0.12.1-win32-x86_64\bin\management.dll
0x00007ffebc430000 - 0x00007ffebc43c000 	C:\Users\ishas\.vscode\extensions\redhat.java-1.56.0-win32-x64\jre\21.0.12.1-win32-x86_64\bin\management_ext.dll
0x00007fff20380000 - 0x00007fff20388000 	C:\Windows\System32\PSAPI.DLL
0x00007fff1df00000 - 0x00007fff1df33000 	C:\Windows\SYSTEM32\IPHLPAPI.DLL
0x00007fff22280000 - 0x00007fff2228a000 	C:\Windows\System32\NSI.dll
0x00007ffeb9d70000 - 0x00007ffeb9d79000 	C:\Users\ishas\.vscode\extensions\redhat.java-1.56.0-win32-x64\jre\21.0.12.1-win32-x86_64\bin\extnet.dll
0x00007fff1ede0000 - 0x00007fff1edfb000 	C:\Windows\SYSTEM32\CRYPTSP.dll
0x00007fff1e490000 - 0x00007fff1e4c9000 	C:\Windows\system32\rsaenh.dll
0x00007fff1eba0000 - 0x00007fff1ebd4000 	C:\Windows\SYSTEM32\USERENV.dll
0x00007fff1f750000 - 0x00007fff1f77a000 	C:\Windows\SYSTEM32\bcrypt.dll
0x00007fff1ee00000 - 0x00007fff1ee0c000 	C:\Windows\SYSTEM32\CRYPTBASE.dll
0x00007ffeb9300000 - 0x00007ffeb930e000 	C:\Users\ishas\.vscode\extensions\redhat.java-1.56.0-win32-x64\jre\21.0.12.1-win32-x86_64\bin\sunmscapi.dll
0x00007fff1f860000 - 0x00007fff1f9de000 	C:\Windows\System32\CRYPT32.dll
0x00007fff1f020000 - 0x00007fff1f050000 	C:\Windows\SYSTEM32\ncrypt.dll
0x00007fff1efd0000 - 0x00007fff1f00f000 	C:\Windows\SYSTEM32\NTASN1.dll
0x00007fff01a10000 - 0x00007fff01a18000 	C:\Windows\system32\wshunix.dll

JVMTI agents:
C:\Users\ishas\.gradle\wrapper\dists\gradle-8.14.3-all\10utluxaxniiv4wxiphsi49nj\gradle-8.14.3\lib\agents\gradle-instrumentation-agent-8.14.3.jar path:C:\Users\ishas\.vscode\extensions\redhat.java-1.56.0-win32-x64\jre\21.0.12.1-win32-x86_64\bin\instrument.dll, loaded, initialized, instrumentlib options:none

dbghelp: loaded successfully - version: 4.0.5 - missing functions: none
symbol engine: initialized successfully - sym options: 0x614 - pdb path: .;C:\Users\ishas\.vscode\extensions\redhat.java-1.56.0-win32-x64\jre\21.0.12.1-win32-x86_64\bin;C:\Windows\SYSTEM32;C:\Windows\WinSxS\amd64_microsoft.windows.common-controls_6595b64144ccf1df_6.0.26100.9278_none_3e0d1ba8e3303201;C:\Users\ishas\.vscode\extensions\redhat.java-1.56.0-win32-x64\jre\21.0.12.1-win32-x86_64\bin\server;C:\Users\ishas\.gradle\native\1def1411415f61bf3af743bc5b6707747c0891f09f0c88961ee8f79bc544acac\windows-amd64;C:\Users\ishas\.gradle\native\0.2.7\x86_64-windows-gnu

VM Arguments:
jvm_args: --add-opens=java.base/java.lang=ALL-UNNAMED --add-opens=java.base/java.lang.invoke=ALL-UNNAMED --add-opens=java.base/java.util=ALL-UNNAMED --add-opens=java.prefs/java.util.prefs=ALL-UNNAMED --add-exports=jdk.compiler/com.sun.tools.javac.api=ALL-UNNAMED --add-exports=jdk.compiler/com.sun.tools.javac.util=ALL-UNNAMED --add-opens=java.base/java.util=ALL-UNNAMED --add-opens=java.prefs/java.util.prefs=ALL-UNNAMED --add-opens=java.base/java.nio.charset=ALL-UNNAMED --add-opens=java.base/java.net=ALL-UNNAMED --add-opens=java.base/java.util.concurrent.atomic=ALL-UNNAMED --add-opens=java.xml/javax.xml.namespace=ALL-UNNAMED -Xmx1536m -Dfile.encoding=UTF-8 -Duser.country=IN -Duser.language=en -Duser.variant -javaagent:C:\Users\ishas\.gradle\wrapper\dists\gradle-8.14.3-all\10utluxaxniiv4wxiphsi49nj\gradle-8.14.3\lib\agents\gradle-instrumentation-agent-8.14.3.jar 
java_command: org.gradle.launcher.daemon.bootstrap.GradleDaemon 8.14.3
java_class_path (initial): C:\Users\ishas\.gradle\wrapper\dists\gradle-8.14.3-all\10utluxaxniiv4wxiphsi49nj\gradle-8.14.3\lib\gradle-daemon-main-8.14.3.jar
Launcher Type: SUN_STANDARD

[Global flags]
     intx CICompilerCount                          = 4                                         {product} {ergonomic}
     uint ConcGCThreads                            = 3                                         {product} {ergonomic}
     uint G1ConcRefinementThreads                  = 10                                        {product} {ergonomic}
   size_t G1HeapRegionSize                         = 1048576                                   {product} {ergonomic}
    uintx GCDrainStackTargetSize                   = 64                                        {product} {ergonomic}
   size_t InitialHeapSize                          = 264241152                                 {product} {ergonomic}
   size_t MarkStackSize                            = 4194304                                   {product} {ergonomic}
   size_t MaxHeapSize                              = 1610612736                                {product} {command line}
   size_t MaxNewSize                               = 965738496                                 {product} {ergonomic}
   size_t MinHeapDeltaBytes                        = 1048576                                   {product} {ergonomic}
   size_t MinHeapSize                              = 8388608                                   {product} {ergonomic}
    uintx NonNMethodCodeHeapSize                   = 5839372                                {pd product} {ergonomic}
    uintx NonProfiledCodeHeapSize                  = 122909434                              {pd product} {ergonomic}
    uintx ProfiledCodeHeapSize                     = 122909434                              {pd product} {ergonomic}
    uintx ReservedCodeCacheSize                    = 251658240                              {pd product} {ergonomic}
     bool SegmentedCodeCache                       = true                                      {product} {ergonomic}
   size_t SoftMaxHeapSize                          = 1610612736                             {manageable} {ergonomic}
     bool UseCompressedOops                        = true                           {product lp64_product} {ergonomic}
     bool UseG1GC                                  = true                                      {product} {ergonomic}
     bool UseLargePagesIndividualAllocation        = false                                  {pd product} {ergonomic}

Logging:
Log output configuration:
 #0: stdout all=warning uptime,level,tags foldmultilines=false
 #1: stderr all=off uptime,level,tags foldmultilines=false

Release file:
JAVA_VERSION="21.0.12.1" 
MODULES="java.base java.compiler java.datatransfer java.xml java.prefs java.desktop java.instrument java.logging java.management java.security.sasl java.naming java.rmi java.management.rmi java.net.http java.scripting java.security.jgss java.transaction.xa java.sql java.sql.rowset java.xml.crypto java.se java.smartcardio jdk.accessibility jdk.internal.jvmstat jdk.attach jdk.charsets jdk.internal.opt jdk.zipfs jdk.compiler jdk.crypto.ec jdk.crypto.cryptoki jdk.crypto.mscapi jdk.dynalink jdk.internal.ed jdk.editpad jdk.hotspot.agent jdk.httpserver jdk.internal.le jdk.internal.vm.ci jdk.internal.vm.compiler jdk.internal.vm.compiler.management jdk.jartool jdk.javadoc jdk.jcmd jdk.management jdk.management.agent jdk.jconsole jdk.jdeps jdk.jdwp.agent jdk.jdi jdk.jfr jdk.jshell jdk.jsobject jdk.jstatd jdk.localedata jdk.management.jfr jdk.naming.dns jdk.naming.rmi jdk.net jdk.nio.mapmode jdk.random jdk.sctp jdk.security.auth jdk.security.jgss jdk.unsupported jdk.unsupported.desktop jdk.xml.dom" 

Environment Variables:
PATH=C:\Program Files\Microsoft\jdk-17.0.12.7-hotspot\bin;C:\Program Files\Eclipse Adoptium\jdk-17.0.17.10-hotspot\bin;C:\Windows\system32;C:\Windows;C:\Windows\System32\Wbem;C:\Windows\System32\WindowsPowerShell\v1.0\;C:\Windows\System32\OpenSSH\;C:\Program Files\nodejs\;C:\Users\ishas\Downloads\apache-maven-3.9.11-bin\apache-maven-3.9.11\bin;C:\Users\ishas\Downloads\apache-maven-3.9.11-bin\apache-maven-3.9.11\bin;C:\Program Files\MySQL\MySQL Server 8.0\bin;C:\Users\ishas\AppData\Local\Programs\Python\Python313;C:\Program Files\Git\cmd;C:\Users\ishas\AppData\Local\Programs\Python\Launcher\;C:\Program Files\MySQL\MySQL Shell 8.0\bin\;C:\Users\ishas\AppData\Local\Microsoft\WindowsApps;C:\Users\ishas\AppData\Local\Programs\Microsoft VS Code\bin;C:\Users\ishas\AppData\Roaming\npm
USERNAME=ishas
OS=Windows_NT
PROCESSOR_IDENTIFIER=Intel64 Family 6 Model 186 Stepping 2, GenuineIntel
TMP=C:\Users\ishas\AppData\Local\Temp
TEMP=C:\Users\ishas\AppData\Local\Temp




Periodic native trim disabled

---------------  S Y S T E M  ---------------

OS:
 Windows 11 , 64 bit Build 26100 (10.0.26100.9444)
OS uptime: 0 days 0:22 hours
Hyper-V role detected

CPU: total 12 (initial active 12) (6 cores per cpu, 2 threads per core) family 6 model 186 stepping 2 microcode 0x4122, cx8, cmov, fxsr, ht, mmx, 3dnowpref, sse, sse2, sse3, ssse3, sse4.1, sse4.2, popcnt, lzcnt, tsc, tscinvbit, avx, avx2, aes, erms, clmul, bmi1, bmi2, adx, sha, fma, vzeroupper, clflush, clflushopt, clwb, hv, serialize, rdtscp, rdpid, fsrm, f16c, cet_ibt, cet_ss
Processor Information for processor 0
  Max Mhz: 2100, Current Mhz: 2100, Mhz Limit: 2100
Processor Information for processor 1
  Max Mhz: 2100, Current Mhz: 2100, Mhz Limit: 2100
Processor Information for processor 2
  Max Mhz: 2100, Current Mhz: 2100, Mhz Limit: 2100
Processor Information for processor 3
  Max Mhz: 2100, Current Mhz: 2100, Mhz Limit: 2100
Processor Information for processor 4
  Max Mhz: 2100, Current Mhz: 2100, Mhz Limit: 2100
Processor Information for processor 5
  Max Mhz: 2100, Current Mhz: 2100, Mhz Limit: 2100
Processor Information for processor 6
  Max Mhz: 2100, Current Mhz: 2100, Mhz Limit: 2100
Processor Information for processor 7
  Max Mhz: 2100, Current Mhz: 2100, Mhz Limit: 2100
Processor Information for processor 8
  Max Mhz: 2100, Current Mhz: 2100, Mhz Limit: 2100
Processor Information for processor 9
  Max Mhz: 2100, Current Mhz: 1540, Mhz Limit: 2100
Processor Information for processor 10
  Max Mhz: 2100, Current Mhz: 2100, Mhz Limit: 2100
Processor Information for processor 11
  Max Mhz: 2100, Current Mhz: 2100, Mhz Limit: 2100

Memory: 4k page, system-wide physical 16076M (229M free)
TotalPageFile size 65228M (AvailPageFile size 3M)
current process WorkingSet (physical memory assigned to process): 103M, peak: 191M
current process commit charge ("private bytes"): 282M, peak: 424M

vm_info: OpenJDK 64-Bit Server VM (21.0.12.1+1-LTS) for windows-amd64 JRE (21.0.12.1+1-LTS), built on 2026-08-18T00:00:00Z by "admin" with MS VC++ 17.12 (VS2022)

END.
