#
# There is insufficient memory for the Java Runtime Environment to continue.
# Native memory allocation (malloc) failed to allocate 869456 bytes. Error detail: Chunk::new
# Possible reasons:
#   The system is out of physical RAM or swap space
#   This process is running with CompressedOops enabled, and the Java Heap may be blocking the growth of the native heap
# Possible solutions:
#   Reduce memory load on the system
#   Increase physical memory or swap space
#   Check if swap backing store is full
#   Decrease Java heap size (-Xmx/-Xms)
#   Decrease number of Java threads
#   Decrease Java thread stack sizes (-Xss)
#   Set larger code cache with -XX:ReservedCodeCacheSize=
#   JVM is running with Unscaled Compressed Oops mode in which the Java heap is
#     placed in the first 4GB address space. The Java Heap base address is the
#     maximum limit for the native heap growth. Please use -XX:HeapBaseMinAddress
#     to set the Java Heap base and to place the Java Heap above 4GB virtual address.
# This output file may be truncated or incomplete.
#
#  Out of Memory Error (arena.cpp:168), pid=44740, tid=46524
#
# JRE version: OpenJDK Runtime Environment Temurin-21.0.12.1+1 (21.0.12.1+1) (build 21.0.12.1+1-LTS)
# Java VM: OpenJDK 64-Bit Server VM Temurin-21.0.12.1+1 (21.0.12.1+1-LTS, mixed mode, sharing, tiered, compressed oops, compressed class ptrs, g1 gc, windows-amd64)
# No core dump will be written. Minidumps are not enabled by default on client versions of Windows
#

---------------  S U M M A R Y ------------

Command Line: --add-opens=java.base/java.lang=ALL-UNNAMED --add-opens=java.base/java.lang.invoke=ALL-UNNAMED --add-opens=java.base/java.util=ALL-UNNAMED --add-opens=java.prefs/java.util.prefs=ALL-UNNAMED --add-exports=jdk.compiler/com.sun.tools.javac.api=ALL-UNNAMED --add-exports=jdk.compiler/com.sun.tools.javac.util=ALL-UNNAMED --add-opens=java.base/java.util=ALL-UNNAMED --add-opens=java.prefs/java.util.prefs=ALL-UNNAMED --add-opens=java.base/java.nio.charset=ALL-UNNAMED --add-opens=java.base/java.net=ALL-UNNAMED --add-opens=java.base/java.util.concurrent.atomic=ALL-UNNAMED --add-opens=java.xml/javax.xml.namespace=ALL-UNNAMED -Xmx1536m -Dfile.encoding=UTF-8 -Duser.country=IN -Duser.language=en -Duser.variant -javaagent:C:\Users\ishas\.gradle\wrapper\dists\gradle-8.14.3-all\10utluxaxniiv4wxiphsi49nj\gradle-8.14.3\lib\agents\gradle-instrumentation-agent-8.14.3.jar org.gradle.launcher.daemon.bootstrap.GradleDaemon 8.14.3

Host: 13th Gen Intel(R) Core(TM) i5-13420H, 12 cores, 15G,  Windows 11 , 64 bit Build 26100 (10.0.26100.9444)
Time: Mon Sep 14 18:21:17 2026 India Standard Time elapsed time: 645.169962 seconds (0d 0h 10m 45s)

---------------  T H R E A D  ---------------

Current thread (0x00000266ffa36710):  JavaThread "C2 CompilerThread0" daemon [_thread_in_native, id=46524, stack(0x000000b3ddb00000,0x000000b3ddc00000) (1024K)]


Current CompileTask:
C2:645170 4209   !   4       sun.nio.ch.FileChannelImpl::tryLock (253 bytes)

Stack: [0x000000b3ddb00000,0x000000b3ddc00000]
Native frames: (J=compiled Java code, j=interpreted, Vv=VM code, C=native code)
V  [jvm.dll+0x6d83e9]
V  [jvm.dll+0x8b5736]
V  [jvm.dll+0x8b7cee]
V  [jvm.dll+0x8b83d3]
V  [jvm.dll+0x284596]
V  [jvm.dll+0xc685d]
V  [jvm.dll+0xc6da1]
V  [jvm.dll+0x3bf18b]
V  [jvm.dll+0x38b6d2]
V  [jvm.dll+0x38ab1a]
V  [jvm.dll+0x24c700]
V  [jvm.dll+0x24bce0]
V  [jvm.dll+0x1cb4ae]
V  [jvm.dll+0x25baad]
V  [jvm.dll+0x25a03a]
V  [jvm.dll+0x3f8aae]
V  [jvm.dll+0x8600cd]
V  [jvm.dll+0x6d6c1d]
C  [ucrtbase.dll+0x2cd30]
C  [KERNEL32.DLL+0x2cd87]
C  [ntdll.dll+0xacaec]


---------------  P R O C E S S  ---------------

Threads class SMR info:
_java_thread_list=0x00000266c6d64bd0, length=28, elements={
0x00000266e6579450, 0x00000266ffa2cca0, 0x00000266ffa30380, 0x00000266ffa33a60,
0x00000266ffa344c0, 0x00000266ffa34f20, 0x00000266ffa35980, 0x00000266ffa36710,
0x00000266ffa3a8a0, 0x00000266ffc93ea0, 0x00000266ffc90e50, 0x00000266c5ccea50,
0x00000266c56d8f10, 0x00000266c56d95a0, 0x00000266c56d9c30, 0x00000266c6430c60,
0x00000266c642de70, 0x00000266c64312f0, 0x00000266c642e500, 0x00000266c642eb90,
0x00000266c642f220, 0x00000266c642f8b0, 0x00000266c642ff40, 0x00000266c6d58120,
0x00000266c6d594d0, 0x00000266c6d587b0, 0x00000266c6d56050, 0x00000266c6d58e40
}

Java Threads: ( => current thread )
  0x00000266e6579450 JavaThread "main"                              [_thread_blocked, id=42524, stack(0x000000b3dcd00000,0x000000b3dce00000) (1024K)]
  0x00000266ffa2cca0 JavaThread "Reference Handler"          daemon [_thread_blocked, id=46500, stack(0x000000b3dd500000,0x000000b3dd600000) (1024K)]
  0x00000266ffa30380 JavaThread "Finalizer"                  daemon [_thread_blocked, id=46504, stack(0x000000b3dd600000,0x000000b3dd700000) (1024K)]
  0x00000266ffa33a60 JavaThread "Signal Dispatcher"          daemon [_thread_blocked, id=46508, stack(0x000000b3dd700000,0x000000b3dd800000) (1024K)]
  0x00000266ffa344c0 JavaThread "Attach Listener"            daemon [_thread_blocked, id=46512, stack(0x000000b3dd800000,0x000000b3dd900000) (1024K)]
  0x00000266ffa34f20 JavaThread "Service Thread"             daemon [_thread_blocked, id=46516, stack(0x000000b3dd900000,0x000000b3dda00000) (1024K)]
  0x00000266ffa35980 JavaThread "Monitor Deflation Thread"   daemon [_thread_blocked, id=46520, stack(0x000000b3dda00000,0x000000b3ddb00000) (1024K)]
=>0x00000266ffa36710 JavaThread "C2 CompilerThread0"         daemon [_thread_in_native, id=46524, stack(0x000000b3ddb00000,0x000000b3ddc00000) (1024K)]
  0x00000266ffa3a8a0 JavaThread "C1 CompilerThread0"         daemon [_thread_blocked, id=46528, stack(0x000000b3ddc00000,0x000000b3ddd00000) (1024K)]
  0x00000266ffc93ea0 JavaThread "Common-Cleaner"             daemon [_thread_blocked, id=46892, stack(0x000000b3ddd00000,0x000000b3dde00000) (1024K)]
  0x00000266ffc90e50 JavaThread "Notification Thread"        daemon [_thread_blocked, id=45760, stack(0x000000b3dde00000,0x000000b3ddf00000) (1024K)]
  0x00000266c5ccea50 JavaThread "Daemon health stats"               [_thread_blocked, id=48408, stack(0x000000b3dca00000,0x000000b3dcb00000) (1024K)]
  0x00000266c56d8f10 JavaThread "Incoming local TCP Connector on port 52833"        [_thread_in_native, id=47644, stack(0x000000b3de400000,0x000000b3de500000) (1024K)]
  0x00000266c56d95a0 JavaThread "Daemon periodic checks"            [_thread_blocked, id=51680, stack(0x000000b3dcb00000,0x000000b3dcc00000) (1024K)]
  0x00000266c56d9c30 JavaThread "Daemon"                            [_thread_blocked, id=51448, stack(0x000000b3de600000,0x000000b3de700000) (1024K)]
  0x00000266c6430c60 JavaThread "Handler for socket connection from /127.0.0.1:52833 to /127.0.0.1:53231"        [_thread_in_native, id=55588, stack(0x000000b3de700000,0x000000b3de800000) (1024K)]
  0x00000266c642de70 JavaThread "Cancel handler"                    [_thread_blocked, id=55664, stack(0x000000b3de800000,0x000000b3de900000) (1024K)]
  0x00000266c64312f0 JavaThread "Daemon worker"                     [_thread_blocked, id=49064, stack(0x000000b3de900000,0x000000b3dea00000) (1024K)]
  0x00000266c642e500 JavaThread "Asynchronous log dispatcher for DefaultDaemonConnection: socket connection from /127.0.0.1:52833 to /127.0.0.1:53231"        [_thread_blocked, id=51960, stack(0x000000b3deb00000,0x000000b3dec00000) (1024K)]
  0x00000266c642eb90 JavaThread "Stdin handler"                     [_thread_blocked, id=10404, stack(0x000000b3dec00000,0x000000b3ded00000) (1024K)]
  0x00000266c642f220 JavaThread "Daemon client event forwarder"        [_thread_blocked, id=52356, stack(0x000000b3ded00000,0x000000b3dee00000) (1024K)]
  0x00000266c642f8b0 JavaThread "Cache worker for journal cache (C:\Users\ishas\.gradle\caches\journal-1)"        [_thread_blocked, id=53688, stack(0x000000b3dea00000,0x000000b3deb00000) (1024K)]
  0x00000266c642ff40 JavaThread "File lock request listener"        [_thread_in_native, id=56416, stack(0x000000b3dee00000,0x000000b3def00000) (1024K)]
  0x00000266c6d58120 JavaThread "Cache worker for file hash cache (C:\Users\ishas\.gradle\caches\8.14.3\fileHashes)"        [_thread_blocked, id=56664, stack(0x000000b3df000000,0x000000b3df100000) (1024K)]
  0x00000266c6d594d0 JavaThread "Cache worker for file hash cache (C:\Users\ishas\Downloads\ai-yoga-assistant-razorpay-v9\yoga3\android\.gradle\8.14.3\fileHashes)"        [_thread_blocked, id=57104, stack(0x000000b3df700000,0x000000b3df800000) (1024K)]
  0x00000266c6d587b0 JavaThread "Cache worker for Build Output Cleanup Cache (C:\Users\ishas\Downloads\ai-yoga-assistant-razorpay-v9\yoga3\android\.gradle\buildOutputCleanup)"        [_thread_blocked, id=57192, stack(0x000000b3df800000,0x000000b3df900000) (1024K)]
  0x00000266c6d56050 JavaThread "File watcher server"        daemon [_thread_in_native, id=56500, stack(0x000000b3df900000,0x000000b3dfa00000) (1024K)]
  0x00000266c6d58e40 JavaThread "File watcher consumer"      daemon [_thread_blocked, id=56716, stack(0x000000b3dfa00000,0x000000b3dfb00000) (1024K)]
Total: 28

Other Threads:
  0x00000266ffa0bb40 VMThread "VM Thread"                           [id=46224, stack(0x000000b3dd400000,0x000000b3dd500000) (1024K)]
  0x00000266ff9fadd0 WatcherThread "VM Periodic Task Thread"        [id=46212, stack(0x000000b3dd300000,0x000000b3dd400000) (1024K)]
  0x00000266e88b63b0 WorkerThread "GC Thread#0"                     [id=46192, stack(0x000000b3dce00000,0x000000b3dcf00000) (1024K)]
  0x00000266c507de70 WorkerThread "GC Thread#1"                     [id=46404, stack(0x000000b3ddf00000,0x000000b3de000000) (1024K)]
  0x00000266c5080600 WorkerThread "GC Thread#2"                     [id=46400, stack(0x000000b3de000000,0x000000b3de100000) (1024K)]
  0x00000266c50809b0 WorkerThread "GC Thread#3"                     [id=42232, stack(0x000000b3de100000,0x000000b3de200000) (1024K)]
  0x00000266ffdd2a50 WorkerThread "GC Thread#4"                     [id=46120, stack(0x000000b3de200000,0x000000b3de300000) (1024K)]
  0x00000266ffdd2e00 WorkerThread "GC Thread#5"                     [id=41236, stack(0x000000b3de300000,0x000000b3de400000) (1024K)]
  0x00000266c75dd750 WorkerThread "GC Thread#6"                     [id=57020, stack(0x000000b3df100000,0x000000b3df200000) (1024K)]
  0x00000266c75ddeb0 WorkerThread "GC Thread#7"                     [id=57024, stack(0x000000b3df200000,0x000000b3df300000) (1024K)]
  0x00000266c75dcc40 WorkerThread "GC Thread#8"                     [id=57028, stack(0x000000b3df300000,0x000000b3df400000) (1024K)]
  0x00000266c75db270 WorkerThread "GC Thread#9"                     [id=57032, stack(0x000000b3df400000,0x000000b3df500000) (1024K)]
  0x00000266e88c32b0 ConcurrentGCThread "G1 Main Marker"            [id=46196, stack(0x000000b3dcf00000,0x000000b3dd000000) (1024K)]
  0x00000266e88c3cd0 WorkerThread "G1 Conc#0"                       [id=46200, stack(0x000000b3dd000000,0x000000b3dd100000) (1024K)]
  0x00000266c75de260 WorkerThread "G1 Conc#1"                       [id=57036, stack(0x000000b3df500000,0x000000b3df600000) (1024K)]
  0x00000266c75ddb00 WorkerThread "G1 Conc#2"                       [id=57040, stack(0x000000b3df600000,0x000000b3df700000) (1024K)]
  0x00000266ff94f700 ConcurrentGCThread "G1 Refine#0"               [id=46204, stack(0x000000b3dd100000,0x000000b3dd200000) (1024K)]
  0x00000266ff950f40 ConcurrentGCThread "G1 Service"                [id=46208, stack(0x000000b3dd200000,0x000000b3dd300000) (1024K)]
Total: 18

Threads with active compile tasks:
C2 CompilerThread0  645263 4209   !   4       sun.nio.ch.FileChannelImpl::tryLock (253 bytes)
Total: 1

VM state: not at safepoint (normal execution)

VM Mutex/Monitor currently owned by a thread: None

Heap address: 0x00000000a0000000, size: 1536 MB, Compressed Oops mode: 32-bit

CDS archive(s) mapped at: [0x0000026680000000-0x0000026680ba0000-0x0000026680ba0000), size 12189696, SharedBaseAddress: 0x0000026680000000, ArchiveRelocationMode: 1.
Compressed class space mapped at: 0x0000026681000000-0x00000266c1000000, reserved size: 1073741824
Narrow klass base: 0x0000026680000000, Narrow klass shift: 0, Narrow klass range: 0x100000000

GC Precious Log:
 CardTable entry size: 512
 Card Set container configuration: InlinePtr #cards 5 size 8 Array Of Cards #cards 12 size 40 Howl #buckets 4 coarsen threshold 1843 Howl Bitmap #cards 512 size 80 coarsen threshold 460 Card regions per heap region 1 cards per card region 2048
 CPUs: 12 total, 12 available
 Memory: 16076M
 Large Page Support: Disabled
 NUMA Support: Disabled
 Compressed Oops: Enabled (32-bit)
 Heap Region Size: 1M
 Heap Min Capacity: 8M
 Heap Initial Capacity: 252M
 Heap Max Capacity: 1536M
 Pre-touch: Disabled
 Parallel Workers: 10
 Concurrent Workers: 3
 Concurrent Refinement Workers: 10
 Periodic GC: Disabled

Heap:
 garbage-first heap   total 81920K, used 43337K [0x00000000a0000000, 0x0000000100000000)
  region size 1024K, 20 young (20480K), 3 survivors (3072K)
 Metaspace       used 26612K, committed 27520K, reserved 1114112K
  class space    used 3981K, committed 4416K, reserved 1048576K

Heap Regions: E=young(eden), S=young(survivor), O=old, HS=humongous(starts), HC=humongous(continues), CS=collection set, F=free, TAMS=top-at-mark-start, PB=parsable bottom
|   0|0x00000000a0000000, 0x00000000a0100000, 0x00000000a0100000|100%|HS|  |TAMS 0x00000000a0000000| PB 0x00000000a0000000| Complete 
|   1|0x00000000a0100000, 0x00000000a0200000, 0x00000000a0200000|100%|HC|  |TAMS 0x00000000a0100000| PB 0x00000000a0100000| Complete 
|   2|0x00000000a0200000, 0x00000000a0300000, 0x00000000a0300000|100%|HC|  |TAMS 0x00000000a0200000| PB 0x00000000a0200000| Complete 
|   3|0x00000000a0300000, 0x00000000a0400000, 0x00000000a0400000|100%| O|  |TAMS 0x00000000a0300000| PB 0x00000000a0300000| Untracked 
|   4|0x00000000a0400000, 0x00000000a0500000, 0x00000000a0500000|100%| O|  |TAMS 0x00000000a0400000| PB 0x00000000a0400000| Untracked 
|   5|0x00000000a0500000, 0x00000000a0600000, 0x00000000a0600000|100%| O|  |TAMS 0x00000000a0500000| PB 0x00000000a0500000| Untracked 
|   6|0x00000000a0600000, 0x00000000a0700000, 0x00000000a0700000|100%|HS|  |TAMS 0x00000000a0600000| PB 0x00000000a0600000| Complete 
|   7|0x00000000a0700000, 0x00000000a0800000, 0x00000000a0800000|100%| O|  |TAMS 0x00000000a0700000| PB 0x00000000a0700000| Untracked 
|   8|0x00000000a0800000, 0x00000000a0900000, 0x00000000a0900000|100%| O|  |TAMS 0x00000000a0800000| PB 0x00000000a0800000| Untracked 
|   9|0x00000000a0900000, 0x00000000a0a00000, 0x00000000a0a00000|100%| O|  |TAMS 0x00000000a0900000| PB 0x00000000a0900000| Untracked 
|  10|0x00000000a0a00000, 0x00000000a0b00000, 0x00000000a0b00000|100%| O|  |TAMS 0x00000000a0a00000| PB 0x00000000a0a00000| Untracked 
|  11|0x00000000a0b00000, 0x00000000a0c00000, 0x00000000a0c00000|100%| O|  |TAMS 0x00000000a0b00000| PB 0x00000000a0b00000| Untracked 
|  12|0x00000000a0c00000, 0x00000000a0c00000, 0x00000000a0d00000|  0%| F|  |TAMS 0x00000000a0c00000| PB 0x00000000a0c00000| Untracked 
|  13|0x00000000a0d00000, 0x00000000a0e00000, 0x00000000a0e00000|100%| O|  |TAMS 0x00000000a0d00000| PB 0x00000000a0d00000| Untracked 
|  14|0x00000000a0e00000, 0x00000000a0f00000, 0x00000000a0f00000|100%| O|  |TAMS 0x00000000a0e00000| PB 0x00000000a0e00000| Untracked 
|  15|0x00000000a0f00000, 0x00000000a1000000, 0x00000000a1000000|100%| O|  |TAMS 0x00000000a0f00000| PB 0x00000000a0f00000| Untracked 
|  16|0x00000000a1000000, 0x00000000a1100000, 0x00000000a1100000|100%| O|  |TAMS 0x00000000a1000000| PB 0x00000000a1000000| Untracked 
|  17|0x00000000a1100000, 0x00000000a1200000, 0x00000000a1200000|100%| O|  |TAMS 0x00000000a1100000| PB 0x00000000a1100000| Untracked 
|  18|0x00000000a1200000, 0x00000000a1300000, 0x00000000a1300000|100%| O|  |TAMS 0x00000000a1200000| PB 0x00000000a1200000| Untracked 
|  19|0x00000000a1300000, 0x00000000a1400000, 0x00000000a1400000|100%| O|  |TAMS 0x00000000a1300000| PB 0x00000000a1300000| Untracked 
|  20|0x00000000a1400000, 0x00000000a1500000, 0x00000000a1500000|100%| O|  |TAMS 0x00000000a1400000| PB 0x00000000a1400000| Untracked 
|  21|0x00000000a1500000, 0x00000000a1600000, 0x00000000a1600000|100%| O|  |TAMS 0x00000000a1500000| PB 0x00000000a1500000| Untracked 
|  22|0x00000000a1600000, 0x00000000a1700000, 0x00000000a1700000|100%| O|  |TAMS 0x00000000a1600000| PB 0x00000000a1600000| Untracked 
|  23|0x00000000a1700000, 0x00000000a1800000, 0x00000000a1800000|100%| O|  |TAMS 0x00000000a1700000| PB 0x00000000a1700000| Untracked 
|  24|0x00000000a1800000, 0x00000000a1900000, 0x00000000a1900000|100%| O|  |TAMS 0x00000000a1800000| PB 0x00000000a1800000| Untracked 
|  25|0x00000000a1900000, 0x00000000a1900000, 0x00000000a1a00000|  0%| F|  |TAMS 0x00000000a1900000| PB 0x00000000a1900000| Untracked 
|  26|0x00000000a1a00000, 0x00000000a1a00000, 0x00000000a1b00000|  0%| F|  |TAMS 0x00000000a1a00000| PB 0x00000000a1a00000| Untracked 
|  27|0x00000000a1b00000, 0x00000000a1b00000, 0x00000000a1c00000|  0%| F|  |TAMS 0x00000000a1b00000| PB 0x00000000a1b00000| Untracked 
|  28|0x00000000a1c00000, 0x00000000a1c00000, 0x00000000a1d00000|  0%| F|  |TAMS 0x00000000a1c00000| PB 0x00000000a1c00000| Untracked 
|  29|0x00000000a1d00000, 0x00000000a1d00000, 0x00000000a1e00000|  0%| F|  |TAMS 0x00000000a1d00000| PB 0x00000000a1d00000| Untracked 
|  30|0x00000000a1e00000, 0x00000000a1e00000, 0x00000000a1f00000|  0%| F|  |TAMS 0x00000000a1e00000| PB 0x00000000a1e00000| Untracked 
|  31|0x00000000a1f00000, 0x00000000a1f00000, 0x00000000a2000000|  0%| F|  |TAMS 0x00000000a1f00000| PB 0x00000000a1f00000| Untracked 
|  32|0x00000000a2000000, 0x00000000a2000000, 0x00000000a2100000|  0%| F|  |TAMS 0x00000000a2000000| PB 0x00000000a2000000| Untracked 
|  33|0x00000000a2100000, 0x00000000a2100000, 0x00000000a2200000|  0%| F|  |TAMS 0x00000000a2100000| PB 0x00000000a2100000| Untracked 
|  34|0x00000000a2200000, 0x00000000a2200000, 0x00000000a2300000|  0%| F|  |TAMS 0x00000000a2200000| PB 0x00000000a2200000| Untracked 
|  35|0x00000000a2300000, 0x00000000a2300000, 0x00000000a2400000|  0%| F|  |TAMS 0x00000000a2300000| PB 0x00000000a2300000| Untracked 
|  36|0x00000000a2400000, 0x00000000a2400000, 0x00000000a2500000|  0%| F|  |TAMS 0x00000000a2400000| PB 0x00000000a2400000| Untracked 
|  37|0x00000000a2500000, 0x00000000a2500000, 0x00000000a2600000|  0%| F|  |TAMS 0x00000000a2500000| PB 0x00000000a2500000| Untracked 
|  38|0x00000000a2600000, 0x00000000a2652558, 0x00000000a2700000| 32%| S|CS|TAMS 0x00000000a2600000| PB 0x00000000a2600000| Complete 
|  39|0x00000000a2700000, 0x00000000a2800000, 0x00000000a2800000|100%| S|CS|TAMS 0x00000000a2700000| PB 0x00000000a2700000| Complete 
|  40|0x00000000a2800000, 0x00000000a2900000, 0x00000000a2900000|100%| S|CS|TAMS 0x00000000a2800000| PB 0x00000000a2800000| Complete 
|  41|0x00000000a2900000, 0x00000000a2900000, 0x00000000a2a00000|  0%| F|  |TAMS 0x00000000a2900000| PB 0x00000000a2900000| Untracked 
|  42|0x00000000a2a00000, 0x00000000a2a00000, 0x00000000a2b00000|  0%| F|  |TAMS 0x00000000a2a00000| PB 0x00000000a2a00000| Untracked 
|  43|0x00000000a2b00000, 0x00000000a2b00000, 0x00000000a2c00000|  0%| F|  |TAMS 0x00000000a2b00000| PB 0x00000000a2b00000| Untracked 
|  44|0x00000000a2c00000, 0x00000000a2c00000, 0x00000000a2d00000|  0%| F|  |TAMS 0x00000000a2c00000| PB 0x00000000a2c00000| Untracked 
|  45|0x00000000a2d00000, 0x00000000a2d00000, 0x00000000a2e00000|  0%| F|  |TAMS 0x00000000a2d00000| PB 0x00000000a2d00000| Untracked 
|  46|0x00000000a2e00000, 0x00000000a2e00000, 0x00000000a2f00000|  0%| F|  |TAMS 0x00000000a2e00000| PB 0x00000000a2e00000| Untracked 
|  47|0x00000000a2f00000, 0x00000000a2f00000, 0x00000000a3000000|  0%| F|  |TAMS 0x00000000a2f00000| PB 0x00000000a2f00000| Untracked 
|  48|0x00000000a3000000, 0x00000000a3000000, 0x00000000a3100000|  0%| F|  |TAMS 0x00000000a3000000| PB 0x00000000a3000000| Untracked 
|  49|0x00000000a3100000, 0x00000000a3100000, 0x00000000a3200000|  0%| F|  |TAMS 0x00000000a3100000| PB 0x00000000a3100000| Untracked 
|  50|0x00000000a3200000, 0x00000000a3200000, 0x00000000a3300000|  0%| F|  |TAMS 0x00000000a3200000| PB 0x00000000a3200000| Untracked 
|  51|0x00000000a3300000, 0x00000000a3300000, 0x00000000a3400000|  0%| F|  |TAMS 0x00000000a3300000| PB 0x00000000a3300000| Untracked 
|  52|0x00000000a3400000, 0x00000000a3400000, 0x00000000a3500000|  0%| F|  |TAMS 0x00000000a3400000| PB 0x00000000a3400000| Untracked 
|  53|0x00000000a3500000, 0x00000000a3500000, 0x00000000a3600000|  0%| F|  |TAMS 0x00000000a3500000| PB 0x00000000a3500000| Untracked 
|  54|0x00000000a3600000, 0x00000000a3600000, 0x00000000a3700000|  0%| F|  |TAMS 0x00000000a3600000| PB 0x00000000a3600000| Untracked 
|  55|0x00000000a3700000, 0x00000000a3700000, 0x00000000a3800000|  0%| F|  |TAMS 0x00000000a3700000| PB 0x00000000a3700000| Untracked 
|  56|0x00000000a3800000, 0x00000000a3800000, 0x00000000a3900000|  0%| F|  |TAMS 0x00000000a3800000| PB 0x00000000a3800000| Untracked 
|  57|0x00000000a3900000, 0x00000000a3900000, 0x00000000a3a00000|  0%| F|  |TAMS 0x00000000a3900000| PB 0x00000000a3900000| Untracked 
| 130|0x00000000a8200000, 0x00000000a8200000, 0x00000000a8300000|  0%| F|  |TAMS 0x00000000a8200000| PB 0x00000000a8200000| Untracked 
| 131|0x00000000a8300000, 0x00000000a8300000, 0x00000000a8400000|  0%| F|  |TAMS 0x00000000a8300000| PB 0x00000000a8300000| Untracked 
| 132|0x00000000a8400000, 0x00000000a8400000, 0x00000000a8500000|  0%| F|  |TAMS 0x00000000a8400000| PB 0x00000000a8400000| Untracked 
| 133|0x00000000a8500000, 0x00000000a8500000, 0x00000000a8600000|  0%| F|  |TAMS 0x00000000a8500000| PB 0x00000000a8500000| Untracked 
| 134|0x00000000a8600000, 0x00000000a8600000, 0x00000000a8700000|  0%| F|  |TAMS 0x00000000a8600000| PB 0x00000000a8600000| Untracked 
| 135|0x00000000a8700000, 0x00000000a87a1918, 0x00000000a8800000| 63%| E|  |TAMS 0x00000000a8700000| PB 0x00000000a8700000| Complete 
| 136|0x00000000a8800000, 0x00000000a8900000, 0x00000000a8900000|100%| E|CS|TAMS 0x00000000a8800000| PB 0x00000000a8800000| Complete 
| 137|0x00000000a8900000, 0x00000000a8a00000, 0x00000000a8a00000|100%| E|CS|TAMS 0x00000000a8900000| PB 0x00000000a8900000| Complete 
| 138|0x00000000a8a00000, 0x00000000a8b00000, 0x00000000a8b00000|100%| E|CS|TAMS 0x00000000a8a00000| PB 0x00000000a8a00000| Complete 
| 139|0x00000000a8b00000, 0x00000000a8c00000, 0x00000000a8c00000|100%| E|CS|TAMS 0x00000000a8b00000| PB 0x00000000a8b00000| Complete 
| 140|0x00000000a8c00000, 0x00000000a8d00000, 0x00000000a8d00000|100%| E|CS|TAMS 0x00000000a8c00000| PB 0x00000000a8c00000| Complete 
| 141|0x00000000a8d00000, 0x00000000a8e00000, 0x00000000a8e00000|100%| E|CS|TAMS 0x00000000a8d00000| PB 0x00000000a8d00000| Complete 
| 242|0x00000000af200000, 0x00000000af300000, 0x00000000af300000|100%| E|CS|TAMS 0x00000000af200000| PB 0x00000000af200000| Complete 
| 243|0x00000000af300000, 0x00000000af400000, 0x00000000af400000|100%| E|CS|TAMS 0x00000000af300000| PB 0x00000000af300000| Complete 
| 244|0x00000000af400000, 0x00000000af500000, 0x00000000af500000|100%| E|CS|TAMS 0x00000000af400000| PB 0x00000000af400000| Complete 
| 245|0x00000000af500000, 0x00000000af600000, 0x00000000af600000|100%| E|CS|TAMS 0x00000000af500000| PB 0x00000000af500000| Complete 
| 246|0x00000000af600000, 0x00000000af700000, 0x00000000af700000|100%| E|CS|TAMS 0x00000000af600000| PB 0x00000000af600000| Complete 
| 247|0x00000000af700000, 0x00000000af800000, 0x00000000af800000|100%| E|CS|TAMS 0x00000000af700000| PB 0x00000000af700000| Complete 
| 248|0x00000000af800000, 0x00000000af900000, 0x00000000af900000|100%| E|CS|TAMS 0x00000000af800000| PB 0x00000000af800000| Complete 
| 249|0x00000000af900000, 0x00000000afa00000, 0x00000000afa00000|100%| E|CS|TAMS 0x00000000af900000| PB 0x00000000af900000| Complete 
| 250|0x00000000afa00000, 0x00000000afb00000, 0x00000000afb00000|100%| E|CS|TAMS 0x00000000afa00000| PB 0x00000000afa00000| Complete 
| 251|0x00000000afb00000, 0x00000000afc00000, 0x00000000afc00000|100%| E|CS|TAMS 0x00000000afb00000| PB 0x00000000afb00000| Complete 

Card table byte_map: [0x00000266fb2c0000,0x00000266fb5c0000] _byte_map_base: 0x00000266fadc0000

Marking Bits: (CMBitMap*) 0x00000266e88b69d0
 Bits: [0x00000266fb5c0000, 0x00000266fcdc0000)

Polling page: 0x00000266e6860000

Metaspace:

Usage:
  Non-class:     22.10 MB used.
      Class:      3.89 MB used.
       Both:     25.99 MB used.

Virtual space:
  Non-class space:       64.00 MB reserved,      22.56 MB ( 35%) committed,  1 nodes.
      Class space:        1.00 GB reserved,       4.31 MB ( <1%) committed,  1 nodes.
             Both:        1.06 GB reserved,      26.88 MB (  2%) committed. 

Chunk freelists:
   Non-Class:  8.58 MB
       Class:  11.50 MB
        Both:  20.08 MB

MaxMetaspaceSize: unlimited
CompressedClassSpaceSize: 1.00 GB
Initial GC threshold: 21.00 MB
Current GC threshold: 37.00 MB
CDS: on
 - commit_granule_bytes: 65536.
 - commit_granule_words: 8192.
 - virtual_space_node_default_size: 8388608.
 - enlarge_chunks_in_place: 1.
 - use_allocation_guard: 0.


Internal statistics:

num_allocs_failed_limit: 12.
num_arena_births: 1478.
num_arena_deaths: 0.
num_vsnodes_births: 2.
num_vsnodes_deaths: 0.
num_space_committed: 430.
num_space_uncommitted: 0.
num_chunks_returned_to_freelist: 12.
num_chunks_taken_from_freelist: 2711.
num_chunk_merges: 12.
num_chunk_splits: 1720.
num_chunks_enlarged: 1041.
num_inconsistent_stats: 0.

CodeHeap 'non-profiled nmethods': size=120000Kb used=2593Kb max_used=2593Kb free=117406Kb
 bounds [0x00000266f3540000, 0x00000266f37d0000, 0x00000266faa70000]
CodeHeap 'profiled nmethods': size=120000Kb used=8273Kb max_used=8273Kb free=111727Kb
 bounds [0x00000266eba70000, 0x00000266ec290000, 0x00000266f2fa0000]
CodeHeap 'non-nmethods': size=5760Kb used=1430Kb max_used=1478Kb free=4329Kb
 bounds [0x00000266f2fa0000, 0x00000266f3210000, 0x00000266f3540000]
CodeCache: size=245760Kb, used=12296Kb, max_used=12344Kb, free=233462Kb
 total_blobs=4785, nmethods=4200, adapters=489, full_count=0
Compilation: enabled, stopped_count=0, restarted_count=0

Compilation events (20 events):
Event: 583.130 Thread 0x00000266ffa3a8a0 nmethod 4198 0x00000266ec27f390 code [0x00000266ec27f620, 0x00000266ec280048]
Event: 589.480 Thread 0x00000266ffa36710 4200       4       java.lang.String::compareTo (9 bytes)
Event: 589.484 Thread 0x00000266ffa36710 nmethod 4200 0x00000266f37c7010 code [0x00000266f37c71a0, 0x00000266f37c7400]
Event: 593.230 Thread 0x00000266ffa3a8a0 4201       3       java.util.LinkedList::checkPositionIndex (22 bytes)
Event: 593.237 Thread 0x00000266ffa3a8a0 nmethod 4201 0x00000266ec280390 code [0x00000266ec280600, 0x00000266ec280ee8]
Event: 593.237 Thread 0x00000266ffa3a8a0 4202       3       java.util.LinkedList::isPositionIndex (18 bytes)
Event: 593.238 Thread 0x00000266ffa3a8a0 nmethod 4202 0x00000266ec281290 code [0x00000266ec281440, 0x00000266ec2815d0]
Event: 613.075 Thread 0x00000266ffa3a8a0 4203       1       org.gradle.cache.internal.filelock.DefaultLockStateSerializer::getVersion (2 bytes)
Event: 613.075 Thread 0x00000266ffa3a8a0 nmethod 4203 0x00000266f37c7510 code [0x00000266f37c76a0, 0x00000266f37c7768]
Event: 623.479 Thread 0x00000266ffa3a8a0 4204       3       java.util.LinkedList::addAll (182 bytes)
Event: 623.484 Thread 0x00000266ffa3a8a0 nmethod 4204 0x00000266ec281690 code [0x00000266ec281900, 0x00000266ec282400]
Event: 623.492 Thread 0x00000266ffa3a8a0 4205       3       java.util.concurrent.CopyOnWriteArrayList::indexOfRange (63 bytes)
Event: 623.493 Thread 0x00000266ffa3a8a0 nmethod 4205 0x00000266ec282890 code [0x00000266ec282a80, 0x00000266ec282ef8]
Event: 643.065 Thread 0x00000266ffa3a8a0 4206       3       java.io.File::getParent (65 bytes)
Event: 643.069 Thread 0x00000266ffa3a8a0 nmethod 4206 0x00000266ec283110 code [0x00000266ec283360, 0x00000266ec283a28]
Event: 643.073 Thread 0x00000266ffa3a8a0 4207       3       java.io.File::getParentFile (41 bytes)
Event: 643.085 Thread 0x00000266ffa3a8a0 nmethod 4207 0x00000266ec283d10 code [0x00000266ec283f00, 0x00000266ec284300]
Event: 644.779 Thread 0x00000266ffa36710 4208   !   4       sun.nio.ch.FileChannelImpl::fileLockTable (85 bytes)
Event: 644.819 Thread 0x00000266ffa36710 nmethod 4208 0x00000266f37c7810 code [0x00000266f37c7a20, 0x00000266f37c82c8]
Event: 645.008 Thread 0x00000266ffa36710 4209   !   4       sun.nio.ch.FileChannelImpl::tryLock (253 bytes)

GC Heap History (12 events):
Event: 17.605 GC heap before
{Heap before GC invocations=0 (full 0):
 garbage-first heap   total 258048K, used 23552K [0x00000000a0000000, 0x0000000100000000)
  region size 1024K, 23 young (23552K), 0 survivors (0K)
 Metaspace       used 1045K, committed 1152K, reserved 1114112K
  class space    used 81K, committed 128K, reserved 1048576K
}
Event: 17.609 GC heap after
{Heap after GC invocations=1 (full 0):
 garbage-first heap   total 258048K, used 1940K [0x00000000a0000000, 0x0000000100000000)
  region size 1024K, 2 young (2048K), 2 survivors (2048K)
 Metaspace       used 1045K, committed 1152K, reserved 1114112K
  class space    used 81K, committed 128K, reserved 1048576K
}
Event: 34.825 GC heap before
{Heap before GC invocations=1 (full 0):
 garbage-first heap   total 258048K, used 37780K [0x00000000a0000000, 0x0000000100000000)
  region size 1024K, 35 young (35840K), 2 survivors (2048K)
 Metaspace       used 4365K, committed 4544K, reserved 1114112K
  class space    used 559K, committed 640K, reserved 1048576K
}
Event: 34.834 GC heap after
{Heap after GC invocations=2 (full 0):
 garbage-first heap   total 258048K, used 10802K [0x00000000a0000000, 0x0000000100000000)
  region size 1024K, 5 young (5120K), 5 survivors (5120K)
 Metaspace       used 4365K, committed 4544K, reserved 1114112K
  class space    used 559K, committed 640K, reserved 1048576K
}
Event: 51.686 GC heap before
{Heap before GC invocations=2 (full 0):
 garbage-first heap   total 258048K, used 59954K [0x00000000a0000000, 0x0000000100000000)
  region size 1024K, 51 young (52224K), 5 survivors (5120K)
 Metaspace       used 4662K, committed 4928K, reserved 1114112K
  class space    used 601K, committed 704K, reserved 1048576K
}
Event: 51.692 GC heap after
{Heap after GC invocations=3 (full 0):
 garbage-first heap   total 258048K, used 16366K [0x00000000a0000000, 0x0000000100000000)
  region size 1024K, 5 young (5120K), 5 survivors (5120K)
 Metaspace       used 4662K, committed 4928K, reserved 1114112K
  class space    used 601K, committed 704K, reserved 1048576K
}
Event: 221.772 GC heap before
{Heap before GC invocations=3 (full 0):
 garbage-first heap   total 258048K, used 122862K [0x00000000a0000000, 0x0000000100000000)
  region size 1024K, 110 young (112640K), 5 survivors (5120K)
 Metaspace       used 20859K, committed 21504K, reserved 1114112K
  class space    used 3053K, committed 3392K, reserved 1048576K
}
Event: 221.795 GC heap after
{Heap after GC invocations=4 (full 0):
 garbage-first heap   total 258048K, used 23948K [0x00000000a0000000, 0x0000000100000000)
  region size 1024K, 12 young (12288K), 12 survivors (12288K)
 Metaspace       used 20859K, committed 21504K, reserved 1114112K
  class space    used 3053K, committed 3392K, reserved 1048576K
}
Event: 227.238 GC heap before
{Heap before GC invocations=5 (full 0):
 garbage-first heap   total 81920K, used 60812K [0x00000000a0000000, 0x0000000100000000)
  region size 1024K, 48 young (49152K), 12 survivors (12288K)
 Metaspace       used 25590K, committed 26560K, reserved 1114112K
  class space    used 3826K, committed 4288K, reserved 1048576K
}
Event: 227.251 GC heap after
{Heap after GC invocations=6 (full 0):
 garbage-first heap   total 81920K, used 26238K [0x00000000a0000000, 0x0000000100000000)
  region size 1024K, 3 young (3072K), 3 survivors (3072K)
 Metaspace       used 25590K, committed 26560K, reserved 1114112K
  class space    used 3826K, committed 4288K, reserved 1048576K
}
Event: 511.495 GC heap before
{Heap before GC invocations=6 (full 0):
 garbage-first heap   total 81920K, used 65150K [0x00000000a0000000, 0x0000000100000000)
  region size 1024K, 42 young (43008K), 3 survivors (3072K)
 Metaspace       used 26599K, committed 27520K, reserved 1114112K
  class space    used 3981K, committed 4416K, reserved 1048576K
}
Event: 511.605 GC heap after
{Heap after GC invocations=7 (full 0):
 garbage-first heap   total 81920K, used 26953K [0x00000000a0000000, 0x0000000100000000)
  region size 1024K, 3 young (3072K), 3 survivors (3072K)
 Metaspace       used 26599K, committed 27520K, reserved 1114112K
  class space    used 3981K, committed 4416K, reserved 1048576K
}

Dll operation events (20 events):
Event: 7.525 Attempting to load shared library C:\Users\ishas\.vscode\extensions\redhat.java-1.56.0-win32-x64\jre\21.0.12.1-win32-x86_64\bin\nio.dll
Event: 7.527 Loaded shared library C:\Users\ishas\.vscode\extensions\redhat.java-1.56.0-win32-x64\jre\21.0.12.1-win32-x86_64\bin\nio.dll
Event: 7.533 Attempting to load shared library C:\Users\ishas\.vscode\extensions\redhat.java-1.56.0-win32-x64\jre\21.0.12.1-win32-x86_64\bin\zip.dll
Event: 7.533 Loaded shared library C:\Users\ishas\.vscode\extensions\redhat.java-1.56.0-win32-x64\jre\21.0.12.1-win32-x86_64\bin\zip.dll
Event: 16.462 Attempting to load shared library C:\Users\ishas\.vscode\extensions\redhat.java-1.56.0-win32-x64\jre\21.0.12.1-win32-x86_64\bin\jimage.dll
Event: 16.462 Loaded shared library C:\Users\ishas\.vscode\extensions\redhat.java-1.56.0-win32-x64\jre\21.0.12.1-win32-x86_64\bin\jimage.dll
Event: 20.138 Attempting to load shared library C:\Users\ishas\.vscode\extensions\redhat.java-1.56.0-win32-x64\jre\21.0.12.1-win32-x86_64\bin\verify.dll
Event: 20.144 Loaded shared library C:\Users\ishas\.vscode\extensions\redhat.java-1.56.0-win32-x64\jre\21.0.12.1-win32-x86_64\bin\verify.dll
Event: 22.218 Attempting to load shared library C:\Users\ishas\.gradle\native\1def1411415f61bf3af743bc5b6707747c0891f09f0c88961ee8f79bc544acac\windows-amd64\native-platform.dll
Event: 22.251 Loaded shared library C:\Users\ishas\.gradle\native\1def1411415f61bf3af743bc5b6707747c0891f09f0c88961ee8f79bc544acac\windows-amd64\native-platform.dll
Event: 22.349 Attempting to load shared library C:\Users\ishas\.gradle\native\0.2.7\x86_64-windows-gnu\gradle-fileevents.dll
Event: 22.404 Loaded shared library C:\Users\ishas\.gradle\native\0.2.7\x86_64-windows-gnu\gradle-fileevents.dll
Event: 52.829 Attempting to load shared library C:\Users\ishas\.vscode\extensions\redhat.java-1.56.0-win32-x64\jre\21.0.12.1-win32-x86_64\bin\management.dll
Event: 52.829 Loaded shared library C:\Users\ishas\.vscode\extensions\redhat.java-1.56.0-win32-x64\jre\21.0.12.1-win32-x86_64\bin\management.dll
Event: 52.833 Attempting to load shared library C:\Users\ishas\.vscode\extensions\redhat.java-1.56.0-win32-x64\jre\21.0.12.1-win32-x86_64\bin\management_ext.dll
Event: 52.834 Loaded shared library C:\Users\ishas\.vscode\extensions\redhat.java-1.56.0-win32-x64\jre\21.0.12.1-win32-x86_64\bin\management_ext.dll
Event: 59.118 Attempting to load shared library C:\Users\ishas\.vscode\extensions\redhat.java-1.56.0-win32-x64\jre\21.0.12.1-win32-x86_64\bin\extnet.dll
Event: 59.119 Loaded shared library C:\Users\ishas\.vscode\extensions\redhat.java-1.56.0-win32-x64\jre\21.0.12.1-win32-x86_64\bin\extnet.dll
Event: 203.594 Attempting to load shared library C:\Users\ishas\.vscode\extensions\redhat.java-1.56.0-win32-x64\jre\21.0.12.1-win32-x86_64\bin\sunmscapi.dll
Event: 203.697 Loaded shared library C:\Users\ishas\.vscode\extensions\redhat.java-1.56.0-win32-x64\jre\21.0.12.1-win32-x86_64\bin\sunmscapi.dll

Deoptimization events (20 events):
Event: 227.955 Thread 0x00000266c6d58120 Uncommon trap: trap_request=0xffffffc6 fr.pc=0x00000266f36dc1fc relative=0x000000000000091c
Event: 227.955 Thread 0x00000266c6d58120 Uncommon trap: reason=bimorphic_or_optimized_type_check action=maybe_recompile pc=0x00000266f36dc1fc method=java.io.DataInputStream.readFully([BII)V @ 30 c2
Event: 227.955 Thread 0x00000266c6d58120 DEOPT PACKING pc=0x00000266f36dc1fc sp=0x000000b3df0fde00
Event: 227.955 Thread 0x00000266c6d58120 DEOPT UNPACKING pc=0x00000266f2ff4422 sp=0x000000b3df0fddb8 mode 2
Event: 227.955 Thread 0x00000266c6d58120 Uncommon trap: trap_request=0xffffffc6 fr.pc=0x00000266f36dc1fc relative=0x000000000000091c
Event: 227.955 Thread 0x00000266c6d58120 Uncommon trap: reason=bimorphic_or_optimized_type_check action=maybe_recompile pc=0x00000266f36dc1fc method=java.io.DataInputStream.readFully([BII)V @ 30 c2
Event: 227.955 Thread 0x00000266c6d58120 DEOPT PACKING pc=0x00000266f36dc1fc sp=0x000000b3df0fde00
Event: 227.955 Thread 0x00000266c6d58120 DEOPT UNPACKING pc=0x00000266f2ff4422 sp=0x000000b3df0fddb8 mode 2
Event: 227.955 Thread 0x00000266c6d58120 Uncommon trap: trap_request=0xffffffc6 fr.pc=0x00000266f36dc1fc relative=0x000000000000091c
Event: 227.955 Thread 0x00000266c6d58120 Uncommon trap: reason=bimorphic_or_optimized_type_check action=maybe_recompile pc=0x00000266f36dc1fc method=java.io.DataInputStream.readFully([BII)V @ 30 c2
Event: 227.955 Thread 0x00000266c6d58120 DEOPT PACKING pc=0x00000266f36dc1fc sp=0x000000b3df0fde00
Event: 227.955 Thread 0x00000266c6d58120 DEOPT UNPACKING pc=0x00000266f2ff4422 sp=0x000000b3df0fddb8 mode 2
Event: 228.256 Thread 0x00000266c642f8b0 Uncommon trap: trap_request=0xffffffde fr.pc=0x00000266f3660cd8 relative=0x0000000000000af8
Event: 228.256 Thread 0x00000266c642f8b0 Uncommon trap: reason=class_check action=maybe_recompile pc=0x00000266f3660cd8 method=java.io.BufferedInputStream.implRead([BII)I @ 100 c2
Event: 228.256 Thread 0x00000266c642f8b0 DEOPT PACKING pc=0x00000266f3660cd8 sp=0x000000b3deafe2e0
Event: 228.256 Thread 0x00000266c642f8b0 DEOPT UNPACKING pc=0x00000266f2ff4422 sp=0x000000b3deafe2a8 mode 2
Event: 228.260 Thread 0x00000266c642f8b0 Uncommon trap: trap_request=0xffffff45 fr.pc=0x00000266f3749b6c relative=0x000000000000078c
Event: 228.260 Thread 0x00000266c642f8b0 Uncommon trap: reason=unstable_if action=reinterpret pc=0x00000266f3749b6c method=java.io.BufferedOutputStream.write([BII)V @ 4 c2
Event: 228.260 Thread 0x00000266c642f8b0 DEOPT PACKING pc=0x00000266f3749b6c sp=0x000000b3deafe5d0
Event: 228.260 Thread 0x00000266c642f8b0 DEOPT UNPACKING pc=0x00000266f2ff4422 sp=0x000000b3deafe5a0 mode 2

Classes loaded (20 events):
Event: 227.859 Loading class java/nio/file/FileTreeWalker$DirectoryNode
Event: 227.859 Loading class java/nio/file/FileTreeWalker$DirectoryNode done
Event: 227.859 Loading class java/nio/file/FileTreeWalker$Event
Event: 227.859 Loading class java/nio/file/FileTreeWalker$Event done
Event: 227.860 Loading class java/nio/file/FileTreeWalker$EventType
Event: 227.860 Loading class java/nio/file/FileTreeWalker$EventType done
Event: 227.860 Loading class java/nio/file/Files$3
Event: 227.860 Loading class java/nio/file/Files$3 done
Event: 227.862 Loading class java/nio/file/FileVisitResult
Event: 227.862 Loading class java/nio/file/FileVisitResult done
Event: 227.968 Loading class java/nio/charset/CharacterCodingException
Event: 227.968 Loading class java/nio/charset/CharacterCodingException done
Event: 228.012 Loading class java/util/stream/IntStream
Event: 228.013 Loading class java/util/stream/IntStream done
Event: 228.013 Loading class java/util/stream/Streams$RangeIntSpliterator
Event: 228.013 Loading class java/util/stream/Streams$RangeIntSpliterator done
Event: 228.013 Loading class java/util/stream/IntPipeline$Head
Event: 228.014 Loading class java/util/stream/IntPipeline
Event: 228.015 Loading class java/util/stream/IntPipeline done
Event: 228.015 Loading class java/util/stream/IntPipeline$Head done

Classes unloaded (0 events):
No events

Classes redefined (0 events):
No events

Internal exceptions (20 events):
Event: 223.092 Thread 0x00000266c64312f0 Exception <a 'java/lang/NoSuchMethodError'{0x00000000a381c100}: 'java.lang.Object java.lang.invoke.DelegatingMethodHandle$Holder.delegate(java.lang.Object, java.lang.Object, java.lang.Object, java.lang.Object, java.lang.Object, java.lang.Object, java.lang.Object, java.lang.Object, java.lang.Object, java.lang.Object, java.lang.Object, java.lang.Object, java.lang.Object, java.lang.Object, java.lang.Object, java.lang.Object, java.lang.Object, java.lang.Object, java.lang.Object, java.lang.Object, java.lang.Obj
Event: 223.169 Thread 0x00000266c64312f0 Exception <a 'java/lang/NoSuchMethodError'{0x00000000a363da88}: 'java.lang.Object java.lang.invoke.DirectMethodHandle$Holder.invokeStaticInit(java.lang.Object, java.lang.Object, java.lang.Object, java.lang.Object)'> (0x00000000a363da88) 
thrown [s\src\hotspot\share\interpreter\linkResolver.cpp, line 773]
Event: 226.490 Thread 0x00000266c64312f0 Exception <a 'java/lang/NoSuchMethodError'{0x00000000a35f32e8}: 'java.lang.Object java.lang.invoke.DirectMethodHandle$Holder.newInvokeSpecial(java.lang.Object, java.lang.Object, java.lang.Object, java.lang.Object, java.lang.Object, java.lang.Object, java.lang.Object, java.lang.Object)'> (0x00000000a35f32e8) 
thrown [s\src\hotspot\share\interpreter\linkResolver.cpp, line 773]
Event: 226.528 Thread 0x00000266c64312f0 Exception <a 'java/lang/IncompatibleClassChangeError'{0x00000000a33265a8}: Found class java.lang.Object, but interface was expected> (0x00000000a33265a8) 
thrown [s\src\hotspot\share\interpreter\linkResolver.cpp, line 840]
Event: 226.565 Thread 0x00000266c64312f0 Exception <a 'java/lang/NoSuchMethodError'{0x00000000a3394798}: 'java.lang.Object java.lang.invoke.DirectMethodHandle$Holder.invokeVirtual(java.lang.Object, java.lang.Object, java.lang.Object, java.lang.Object, java.lang.Object, java.lang.Object, java.lang.Object, java.lang.Object, java.lang.Object, java.lang.Object, java.lang.Object, java.lang.Object, java.lang.Object)'> (0x00000000a3394798) 
thrown [s\src\hotspot\share\interpreter\linkResolver.cpp, line 773]
Event: 226.565 Thread 0x00000266c64312f0 Exception <a 'java/lang/NoSuchMethodError'{0x00000000a33999d0}: 'java.lang.Object java.lang.invoke.DirectMethodHandle$Holder.invokeSpecial(java.lang.Object, java.lang.Object, java.lang.Object, java.lang.Object, java.lang.Object, java.lang.Object, java.lang.Object, java.lang.Object, java.lang.Object, java.lang.Object, java.lang.Object, java.lang.Object, java.lang.Object, java.lang.Object)'> (0x00000000a33999d0) 
thrown [s\src\hotspot\share\interpreter\linkResolver.cpp, line 773]
Event: 226.566 Thread 0x00000266c64312f0 Exception <a 'java/lang/NoSuchMethodError'{0x00000000a339e720}: 'java.lang.Object java.lang.invoke.DelegatingMethodHandle$Holder.reinvoke_L(java.lang.Object, java.lang.Object, java.lang.Object, java.lang.Object, java.lang.Object, java.lang.Object, java.lang.Object, java.lang.Object, java.lang.Object, java.lang.Object, java.lang.Object, java.lang.Object, java.lang.Object)'> (0x00000000a339e720) 
thrown [s\src\hotspot\share\interpreter\linkResolver.cpp, line 773]
Event: 226.612 Thread 0x00000266c64312f0 Exception <a 'java/lang/NoSuchMethodError'{0x00000000a312d6c8}: 'void java.lang.invoke.DirectMethodHandle$Holder.invokeStaticInit(java.lang.Object, java.lang.Object)'> (0x00000000a312d6c8) 
thrown [s\src\hotspot\share\interpreter\linkResolver.cpp, line 773]
Event: 226.763 Thread 0x00000266c64312f0 Exception <a 'java/lang/NoSuchMethodError'{0x00000000a2d160d0}: 'java.lang.Object java.lang.invoke.DirectMethodHandle$Holder.newInvokeSpecial(java.lang.Object, java.lang.Object, java.lang.Object, java.lang.Object, java.lang.Object, java.lang.Object, java.lang.Object, java.lang.Object, java.lang.Object)'> (0x00000000a2d160d0) 
thrown [s\src\hotspot\share\interpreter\linkResolver.cpp, line 773]
Event: 226.887 Thread 0x00000266c64312f0 Exception <a 'java/lang/NoSuchMethodError'{0x00000000a2bfc158}: 'int java.lang.invoke.DirectMethodHandle$Holder.invokeVirtual(java.lang.Object, java.lang.Object)'> (0x00000000a2bfc158) 
thrown [s\src\hotspot\share\interpreter\linkResolver.cpp, line 773]
Event: 226.979 Thread 0x00000266c64312f0 Exception <a 'java/lang/NoSuchMethodError'{0x00000000a28ebce0}: 'void java.lang.invoke.DirectMethodHandle$Holder.invokeInterface(java.lang.Object, java.lang.Object, java.lang.Object, java.lang.Object, java.lang.Object)'> (0x00000000a28ebce0) 
thrown [s\src\hotspot\share\interpreter\linkResolver.cpp, line 773]
Event: 226.989 Thread 0x00000266c64312f0 Exception <a 'java/lang/NoSuchMethodError'{0x00000000a2728c40}: 'void java.lang.invoke.DirectMethodHandle$Holder.invokeStatic(java.lang.Object, java.lang.Object, java.lang.Object, java.lang.Object, java.lang.Object, java.lang.Object)'> (0x00000000a2728c40) 
thrown [s\src\hotspot\share\interpreter\linkResolver.cpp, line 773]
Event: 227.270 Thread 0x00000266c64312f0 Exception <a 'java/lang/IncompatibleClassChangeError'{0x00000000afb63980}: Found class java.lang.Object, but interface was expected> (0x00000000afb63980) 
thrown [s\src\hotspot\share\interpreter\linkResolver.cpp, line 840]
Event: 227.840 Thread 0x00000266c64312f0 Exception <a 'java/lang/NoSuchMethodError'{0x00000000afa829f0}: 'java.lang.Object java.lang.invoke.DirectMethodHandle$Holder.newInvokeSpecial(java.lang.Object, java.lang.Object, long)'> (0x00000000afa829f0) 
thrown [s\src\hotspot\share\interpreter\linkResolver.cpp, line 773]
Event: 227.840 Thread 0x00000266c64312f0 Exception <a 'java/lang/NoSuchMethodError'{0x00000000afa86d98}: 'java.lang.Object java.lang.invoke.Invokers$Holder.linkToTargetMethod(java.lang.Object, long, java.lang.Object)'> (0x00000000afa86d98) 
thrown [s\src\hotspot\share\interpreter\linkResolver.cpp, line 773]
Event: 227.955 Thread 0x00000266c6d58120 Implicit null exception at 0x00000266f36da461 to 0x00000266f36daaac
Event: 227.955 Thread 0x00000266c6d58120 Implicit null exception at 0x00000266f36d93cf to 0x00000266f36d974c
Event: 227.988 Thread 0x00000266c64312f0 Exception <a 'java/lang/NoSuchMethodError'{0x00000000af8c1938}: 'int java.lang.invoke.DirectMethodHandle$Holder.invokeInterface(java.lang.Object, java.lang.Object)'> (0x00000000af8c1938) 
thrown [s\src\hotspot\share\interpreter\linkResolver.cpp, line 773]
Event: 228.009 Thread 0x00000266c64312f0 Exception <a 'java/lang/NoSuchMethodError'{0x00000000af74bd28}: 'java.lang.Object java.lang.invoke.DirectMethodHandle$Holder.invokeVirtual(java.lang.Object, java.lang.Object, int)'> (0x00000000af74bd28) 
thrown [s\src\hotspot\share\interpreter\linkResolver.cpp, line 773]
Event: 228.260 Thread 0x00000266c642f8b0 Implicit null exception at 0x00000266f374942f to 0x00000266f3749b4c

ZGC Phase Switch (0 events):
No events

VM Operations (20 events):
Event: 483.509 Executing safepoint VM operation: Cleanup
Event: 483.509 Executing safepoint VM operation: Cleanup done
Event: 506.655 Executing safepoint VM operation: Cleanup
Event: 506.656 Executing safepoint VM operation: Cleanup done
Event: 511.494 Executing safepoint VM operation: G1CollectForAllocation (G1 Evacuation Pause)
Event: 511.605 Executing safepoint VM operation: G1CollectForAllocation (G1 Evacuation Pause) done
Event: 516.639 Executing safepoint VM operation: Cleanup
Event: 516.639 Executing safepoint VM operation: Cleanup done
Event: 533.767 Executing safepoint VM operation: Cleanup
Event: 533.770 Executing safepoint VM operation: Cleanup done
Event: 543.861 Executing safepoint VM operation: Cleanup
Event: 543.862 Executing safepoint VM operation: Cleanup done
Event: 550.894 Executing safepoint VM operation: Cleanup
Event: 550.894 Executing safepoint VM operation: Cleanup done
Event: 552.914 Executing safepoint VM operation: Cleanup
Event: 552.916 Executing safepoint VM operation: Cleanup done
Event: 591.188 Executing safepoint VM operation: Cleanup
Event: 591.189 Executing safepoint VM operation: Cleanup done
Event: 624.388 Executing safepoint VM operation: Cleanup
Event: 624.388 Executing safepoint VM operation: Cleanup done

Memory protections (0 events):
No events

Nmethod flushes (0 events):
No events

Events (20 events):
Event: 204.558 Thread 0x00000266c56d8f10 Thread added: 0x00000266c56d9c30
Event: 204.574 Thread 0x00000266c56d9c30 Thread added: 0x00000266c6430c60
Event: 205.073 Thread 0x00000266c56d9c30 Thread added: 0x00000266c642de70
Event: 210.034 Thread 0x00000266c56d9c30 Thread added: 0x00000266c64312f0
Event: 210.065 Thread 0x00000266ffa36710 Thread added: 0x00000266c648fe00
Event: 210.090 Thread 0x00000266c64312f0 Thread added: 0x00000266c642e500
Event: 210.110 Thread 0x00000266c64312f0 Thread added: 0x00000266c642eb90
Event: 210.122 Thread 0x00000266c64312f0 Thread added: 0x00000266c642f220
Event: 211.037 Thread 0x00000266c648fe00 Thread exited: 0x00000266c648fe00
Event: 213.270 Thread 0x00000266c64312f0 Thread added: 0x00000266c642f8b0
Event: 214.539 Thread 0x00000266c64312f0 Thread added: 0x00000266c642ff40
Event: 215.008 Thread 0x00000266ffa3a8a0 Thread added: 0x00000266c6c38720
Event: 215.506 Thread 0x00000266c6c38720 Thread exited: 0x00000266c6c38720
Event: 215.879 Thread 0x00000266c642ff40 Thread added: 0x00000266c64305d0
Event: 216.315 Thread 0x00000266c64312f0 Thread added: 0x00000266c6d58120
Event: 222.409 Thread 0x00000266c64312f0 Thread added: 0x00000266c6d594d0
Event: 223.020 Thread 0x00000266c64312f0 Thread added: 0x00000266c6d587b0
Event: 226.862 Thread 0x00000266c64312f0 Thread added: 0x00000266c6d56050
Event: 226.884 Thread 0x00000266c64312f0 Thread added: 0x00000266c6d58e40
Event: 290.082 Thread 0x00000266c64305d0 Thread exited: 0x00000266c64305d0


Dynamic libraries:
0x00007ff6906c0000 - 0x00007ff6906ce000 	C:\Users\ishas\.vscode\extensions\redhat.java-1.56.0-win32-x64\jre\21.0.12.1-win32-x86_64\bin\java.exe
0x00007fff22660000 - 0x00007fff228c7000 	C:\Windows\SYSTEM32\ntdll.dll
0x00007fff21bc0000 - 0x00007fff21c8b000 	C:\Windows\System32\KERNEL32.DLL
0x00007fff1fcd0000 - 0x00007fff200d2000 	C:\Windows\System32\KERNELBASE.dll
0x00007fff1fb70000 - 0x00007fff1fcbc000 	C:\Windows\System32\ucrtbase.dll
0x00007ffeb4c70000 - 0x00007ffeb4c88000 	C:\Users\ishas\.vscode\extensions\redhat.java-1.56.0-win32-x64\jre\21.0.12.1-win32-x86_64\bin\jli.dll
0x00007fff222b0000 - 0x00007fff2247f000 	C:\Windows\System32\USER32.dll
0x00007fff20220000 - 0x00007fff20247000 	C:\Windows\System32\win32u.dll
0x00007fff21d20000 - 0x00007fff21d4b000 	C:\Windows\System32\GDI32.dll
0x00007ffee06c0000 - 0x00007ffee06de000 	C:\Users\ishas\.vscode\extensions\redhat.java-1.56.0-win32-x64\jre\21.0.12.1-win32-x86_64\bin\VCRUNTIME140.dll
0x00007fff20250000 - 0x00007fff20379000 	C:\Windows\System32\gdi32full.dll
0x00007fff200e0000 - 0x00007fff20183000 	C:\Windows\System32\msvcp_win.dll
0x00007fff08e50000 - 0x00007fff090e0000 	C:\Windows\WinSxS\amd64_microsoft.windows.common-controls_6595b64144ccf1df_6.0.26100.9278_none_3e0d1ba8e3303201\COMCTL32.dll
0x00007fff20460000 - 0x00007fff20509000 	C:\Windows\System32\msvcrt.dll
0x00007fff21eb0000 - 0x00007fff21ee1000 	C:\Windows\System32\IMM32.DLL
0x00007fff1bf50000 - 0x00007fff1bf5c000 	C:\Users\ishas\.vscode\extensions\redhat.java-1.56.0-win32-x64\jre\21.0.12.1-win32-x86_64\bin\vcruntime140_1.dll
0x00007ffeac2d0000 - 0x00007ffeac35d000 	C:\Users\ishas\.vscode\extensions\redhat.java-1.56.0-win32-x64\jre\21.0.12.1-win32-x86_64\bin\msvcp140.dll
0x00007ffe828b0000 - 0x00007ffe83652000 	C:\Users\ishas\.vscode\extensions\redhat.java-1.56.0-win32-x64\jre\21.0.12.1-win32-x86_64\bin\server\jvm.dll
0x00007fff21ef0000 - 0x00007fff21fac000 	C:\Windows\System32\ADVAPI32.dll
0x00007fff21e00000 - 0x00007fff21ea9000 	C:\Windows\System32\sechost.dll
0x00007fff22500000 - 0x00007fff22618000 	C:\Windows\System32\RPCRT4.dll
0x00007fff21c90000 - 0x00007fff21d10000 	C:\Windows\System32\WS2_32.dll
0x00007fff1f6c0000 - 0x00007fff1f71e000 	C:\Windows\SYSTEM32\POWRPROF.dll
0x00007fff17580000 - 0x00007fff175b6000 	C:\Windows\SYSTEM32\WINMM.dll
0x00007fff0cde0000 - 0x00007fff0cdeb000 	C:\Windows\SYSTEM32\VERSION.dll
0x00007fff1f6a0000 - 0x00007fff1f6b5000 	C:\Windows\SYSTEM32\UMPDC.dll
0x00007fff1e530000 - 0x00007fff1e54b000 	C:\Windows\SYSTEM32\kernel.appcore.dll
0x00007fff17090000 - 0x00007fff1709a000 	C:\Users\ishas\.vscode\extensions\redhat.java-1.56.0-win32-x64\jre\21.0.12.1-win32-x86_64\bin\jimage.dll
0x00007fff1ce70000 - 0x00007fff1d0bc000 	C:\Windows\SYSTEM32\DBGHELP.DLL
0x00007fff20ed0000 - 0x00007fff21255000 	C:\Windows\System32\combase.dll
0x00007fff21a50000 - 0x00007fff21b29000 	C:\Windows\System32\OLEAUT32.dll
0x00007fff17540000 - 0x00007fff1757b000 	C:\Windows\SYSTEM32\dbgcore.DLL
0x00007fff1fab0000 - 0x00007fff1fb5c000 	C:\Windows\System32\bcryptPrimitives.dll
0x00007ffebe020000 - 0x00007ffebe02f000 	C:\Users\ishas\.vscode\extensions\redhat.java-1.56.0-win32-x64\jre\21.0.12.1-win32-x86_64\bin\instrument.dll
0x00007ffedcd90000 - 0x00007ffedcdb0000 	C:\Users\ishas\.vscode\extensions\redhat.java-1.56.0-win32-x64\jre\21.0.12.1-win32-x86_64\bin\java.dll
0x00007fff20510000 - 0x00007fff20ca8000 	C:\Windows\System32\SHELL32.dll
0x00007fff1d290000 - 0x00007fff1db3e000 	C:\Windows\SYSTEM32\windows.storage.dll
0x00007fff21fc0000 - 0x00007fff220bb000 	C:\Windows\System32\SHCORE.dll
0x00007fff22490000 - 0x00007fff224f6000 	C:\Windows\System32\shlwapi.dll
0x00007fff1f780000 - 0x00007fff1f7a9000 	C:\Windows\SYSTEM32\profapi.dll
0x00007ffedcd70000 - 0x00007ffedcd88000 	C:\Users\ishas\.vscode\extensions\redhat.java-1.56.0-win32-x64\jre\21.0.12.1-win32-x86_64\bin\zip.dll
0x00007ffee04e0000 - 0x00007ffee04f0000 	C:\Users\ishas\.vscode\extensions\redhat.java-1.56.0-win32-x64\jre\21.0.12.1-win32-x86_64\bin\net.dll
0x00007fff0dc00000 - 0x00007fff0dd2a000 	C:\Windows\SYSTEM32\WINHTTP.dll
0x00007fff1eaf0000 - 0x00007fff1eb5c000 	C:\Windows\system32\mswsock.dll
0x00007ffedcd50000 - 0x00007ffedcd66000 	C:\Users\ishas\.vscode\extensions\redhat.java-1.56.0-win32-x64\jre\21.0.12.1-win32-x86_64\bin\nio.dll
0x00007ffebc9a0000 - 0x00007ffebc9b0000 	C:\Users\ishas\.vscode\extensions\redhat.java-1.56.0-win32-x64\jre\21.0.12.1-win32-x86_64\bin\verify.dll
0x00007ffeac360000 - 0x00007ffeac387000 	C:\Users\ishas\.gradle\native\1def1411415f61bf3af743bc5b6707747c0891f09f0c88961ee8f79bc544acac\windows-amd64\native-platform.dll
0x00007ffe88010000 - 0x00007ffe88088000 	C:\Users\ishas\.gradle\native\0.2.7\x86_64-windows-gnu\gradle-fileevents.dll
0x00007ffebc890000 - 0x00007ffebc89a000 	C:\Users\ishas\.vscode\extensions\redhat.java-1.56.0-win32-x64\jre\21.0.12.1-win32-x86_64\bin\management.dll
0x00007ffebc430000 - 0x00007ffebc43c000 	C:\Users\ishas\.vscode\extensions\redhat.java-1.56.0-win32-x64\jre\21.0.12.1-win32-x86_64\bin\management_ext.dll
0x00007fff20380000 - 0x00007fff20388000 	C:\Windows\System32\PSAPI.DLL
0x00007fff1df00000 - 0x00007fff1df33000 	C:\Windows\SYSTEM32\IPHLPAPI.DLL
0x00007fff22280000 - 0x00007fff2228a000 	C:\Windows\System32\NSI.dll
0x00007ffeb9d70000 - 0x00007ffeb9d79000 	C:\Users\ishas\.vscode\extensions\redhat.java-1.56.0-win32-x64\jre\21.0.12.1-win32-x86_64\bin\extnet.dll
0x00007fff1ede0000 - 0x00007fff1edfb000 	C:\Windows\SYSTEM32\CRYPTSP.dll
0x00007fff1e490000 - 0x00007fff1e4c9000 	C:\Windows\system32\rsaenh.dll
0x00007fff1eba0000 - 0x00007fff1ebd4000 	C:\Windows\SYSTEM32\USERENV.dll
0x00007fff1f750000 - 0x00007fff1f77a000 	C:\Windows\SYSTEM32\bcrypt.dll
0x00007fff1ee00000 - 0x00007fff1ee0c000 	C:\Windows\SYSTEM32\CRYPTBASE.dll
0x00007ffeb9300000 - 0x00007ffeb930e000 	C:\Users\ishas\.vscode\extensions\redhat.java-1.56.0-win32-x64\jre\21.0.12.1-win32-x86_64\bin\sunmscapi.dll
0x00007fff1f860000 - 0x00007fff1f9de000 	C:\Windows\System32\CRYPT32.dll
0x00007fff1f020000 - 0x00007fff1f050000 	C:\Windows\SYSTEM32\ncrypt.dll
0x00007fff1efd0000 - 0x00007fff1f00f000 	C:\Windows\SYSTEM32\NTASN1.dll
0x00007fff01a10000 - 0x00007fff01a18000 	C:\Windows\system32\wshunix.dll

JVMTI agents:
C:\Users\ishas\.gradle\wrapper\dists\gradle-8.14.3-all\10utluxaxniiv4wxiphsi49nj\gradle-8.14.3\lib\agents\gradle-instrumentation-agent-8.14.3.jar path:C:\Users\ishas\.vscode\extensions\redhat.java-1.56.0-win32-x64\jre\21.0.12.1-win32-x86_64\bin\instrument.dll, loaded, initialized, instrumentlib options:none

dbghelp: loaded successfully - version: 4.0.5 - missing functions: none
symbol engine: initialized successfully - sym options: 0x614 - pdb path: .;C:\Users\ishas\.vscode\extensions\redhat.java-1.56.0-win32-x64\jre\21.0.12.1-win32-x86_64\bin;C:\Windows\SYSTEM32;C:\Windows\WinSxS\amd64_microsoft.windows.common-controls_6595b64144ccf1df_6.0.26100.9278_none_3e0d1ba8e3303201;C:\Users\ishas\.vscode\extensions\redhat.java-1.56.0-win32-x64\jre\21.0.12.1-win32-x86_64\bin\server;C:\Users\ishas\.gradle\native\1def1411415f61bf3af743bc5b6707747c0891f09f0c88961ee8f79bc544acac\windows-amd64;C:\Users\ishas\.gradle\native\0.2.7\x86_64-windows-gnu

VM Arguments:
jvm_args: --add-opens=java.base/java.lang=ALL-UNNAMED --add-opens=java.base/java.lang.invoke=ALL-UNNAMED --add-opens=java.base/java.util=ALL-UNNAMED --add-opens=java.prefs/java.util.prefs=ALL-UNNAMED --add-exports=jdk.compiler/com.sun.tools.javac.api=ALL-UNNAMED --add-exports=jdk.compiler/com.sun.tools.javac.util=ALL-UNNAMED --add-opens=java.base/java.util=ALL-UNNAMED --add-opens=java.prefs/java.util.prefs=ALL-UNNAMED --add-opens=java.base/java.nio.charset=ALL-UNNAMED --add-opens=java.base/java.net=ALL-UNNAMED --add-opens=java.base/java.util.concurrent.atomic=ALL-UNNAMED --add-opens=java.xml/javax.xml.namespace=ALL-UNNAMED -Xmx1536m -Dfile.encoding=UTF-8 -Duser.country=IN -Duser.language=en -Duser.variant -javaagent:C:\Users\ishas\.gradle\wrapper\dists\gradle-8.14.3-all\10utluxaxniiv4wxiphsi49nj\gradle-8.14.3\lib\agents\gradle-instrumentation-agent-8.14.3.jar 
java_command: org.gradle.launcher.daemon.bootstrap.GradleDaemon 8.14.3
java_class_path (initial): C:\Users\ishas\.gradle\wrapper\dists\gradle-8.14.3-all\10utluxaxniiv4wxiphsi49nj\gradle-8.14.3\lib\gradle-daemon-main-8.14.3.jar
Launcher Type: SUN_STANDARD

[Global flags]
     intx CICompilerCount                          = 4                                         {product} {ergonomic}
     uint ConcGCThreads                            = 3                                         {product} {ergonomic}
     uint G1ConcRefinementThreads                  = 10                                        {product} {ergonomic}
   size_t G1HeapRegionSize                         = 1048576                                   {product} {ergonomic}
    uintx GCDrainStackTargetSize                   = 64                                        {product} {ergonomic}
   size_t InitialHeapSize                          = 264241152                                 {product} {ergonomic}
   size_t MarkStackSize                            = 4194304                                   {product} {ergonomic}
   size_t MaxHeapSize                              = 1610612736                                {product} {command line}
   size_t MaxNewSize                               = 965738496                                 {product} {ergonomic}
   size_t MinHeapDeltaBytes                        = 1048576                                   {product} {ergonomic}
   size_t MinHeapSize                              = 8388608                                   {product} {ergonomic}
    uintx NonNMethodCodeHeapSize                   = 5839372                                {pd product} {ergonomic}
    uintx NonProfiledCodeHeapSize                  = 122909434                              {pd product} {ergonomic}
    uintx ProfiledCodeHeapSize                     = 122909434                              {pd product} {ergonomic}
    uintx ReservedCodeCacheSize                    = 251658240                              {pd product} {ergonomic}
     bool SegmentedCodeCache                       = true                                      {product} {ergonomic}
   size_t SoftMaxHeapSize                          = 1610612736                             {manageable} {ergonomic}
     bool UseCompressedOops                        = true                           {product lp64_product} {ergonomic}
     bool UseG1GC                                  = true                                      {product} {ergonomic}
     bool UseLargePagesIndividualAllocation        = false                                  {pd product} {ergonomic}

Logging:
Log output configuration:
 #0: stdout all=warning uptime,level,tags foldmultilines=false
 #1: stderr all=off uptime,level,tags foldmultilines=false

Release file:
JAVA_VERSION="21.0.12.1" 
MODULES="java.base java.compiler java.datatransfer java.xml java.prefs java.desktop java.instrument java.logging java.management java.security.sasl java.naming java.rmi java.management.rmi java.net.http java.scripting java.security.jgss java.transaction.xa java.sql java.sql.rowset java.xml.crypto java.se java.smartcardio jdk.accessibility jdk.internal.jvmstat jdk.attach jdk.charsets jdk.internal.opt jdk.zipfs jdk.compiler jdk.crypto.ec jdk.crypto.cryptoki jdk.crypto.mscapi jdk.dynalink jdk.internal.ed jdk.editpad jdk.hotspot.agent jdk.httpserver jdk.internal.le jdk.internal.vm.ci jdk.internal.vm.compiler jdk.internal.vm.compiler.management jdk.jartool jdk.javadoc jdk.jcmd jdk.management jdk.management.agent jdk.jconsole jdk.jdeps jdk.jdwp.agent jdk.jdi jdk.jfr jdk.jshell jdk.jsobject jdk.jstatd jdk.localedata jdk.management.jfr jdk.naming.dns jdk.naming.rmi jdk.net jdk.nio.mapmode jdk.random jdk.sctp jdk.security.auth jdk.security.jgss jdk.unsupported jdk.unsupported.desktop jdk.xml.dom" 

Environment Variables:
PATH=C:\Program Files\Microsoft\jdk-17.0.12.7-hotspot\bin;C:\Program Files\Eclipse Adoptium\jdk-17.0.17.10-hotspot\bin;C:\Windows\system32;C:\Windows;C:\Windows\System32\Wbem;C:\Windows\System32\WindowsPowerShell\v1.0\;C:\Windows\System32\OpenSSH\;C:\Program Files\nodejs\;C:\Users\ishas\Downloads\apache-maven-3.9.11-bin\apache-maven-3.9.11\bin;C:\Users\ishas\Downloads\apache-maven-3.9.11-bin\apache-maven-3.9.11\bin;C:\Program Files\MySQL\MySQL Server 8.0\bin;C:\Users\ishas\AppData\Local\Programs\Python\Python313;C:\Program Files\Git\cmd;C:\Users\ishas\AppData\Local\Programs\Python\Launcher\;C:\Program Files\MySQL\MySQL Shell 8.0\bin\;C:\Users\ishas\AppData\Local\Microsoft\WindowsApps;C:\Users\ishas\AppData\Local\Programs\Microsoft VS Code\bin;C:\Users\ishas\AppData\Roaming\npm
USERNAME=ishas
OS=Windows_NT
PROCESSOR_IDENTIFIER=Intel64 Family 6 Model 186 Stepping 2, GenuineIntel
TMP=C:\Users\ishas\AppData\Local\Temp
TEMP=C:\Users\ishas\AppData\Local\Temp




Periodic native trim disabled

---------------  S Y S T E M  ---------------

OS:
 Windows 11 , 64 bit Build 26100 (10.0.26100.9444)
OS uptime: 0 days 0:22 hours
Hyper-V role detected

CPU: total 12 (initial active 12) (6 cores per cpu, 2 threads per core) family 6 model 186 stepping 2 microcode 0x4122, cx8, cmov, fxsr, ht, mmx, 3dnowpref, sse, sse2, sse3, ssse3, sse4.1, sse4.2, popcnt, lzcnt, tsc, tscinvbit, avx, avx2, aes, erms, clmul, bmi1, bmi2, adx, sha, fma, vzeroupper, clflush, clflushopt, clwb, hv, serialize, rdtscp, rdpid, fsrm, f16c, cet_ibt, cet_ss
Processor Information for processor 0
  Max Mhz: 2100, Current Mhz: 1453, Mhz Limit: 2100
Processor Information for processor 1
  Max Mhz: 2100, Current Mhz: 2100, Mhz Limit: 2100
Processor Information for processor 2
  Max Mhz: 2100, Current Mhz: 1453, Mhz Limit: 2100
Processor Information for processor 3
  Max Mhz: 2100, Current Mhz: 2100, Mhz Limit: 2100
Processor Information for processor 4
  Max Mhz: 2100, Current Mhz: 1453, Mhz Limit: 2100
Processor Information for processor 5
  Max Mhz: 2100, Current Mhz: 2100, Mhz Limit: 2100
Processor Information for processor 6
  Max Mhz: 2100, Current Mhz: 2100, Mhz Limit: 2100
Processor Information for processor 7
  Max Mhz: 2100, Current Mhz: 2100, Mhz Limit: 2100
Processor Information for processor 8
  Max Mhz: 2100, Current Mhz: 2100, Mhz Limit: 2100
Processor Information for processor 9
  Max Mhz: 2100, Current Mhz: 2100, Mhz Limit: 2100
Processor Information for processor 10
  Max Mhz: 2100, Current Mhz: 1540, Mhz Limit: 2100
Processor Information for processor 11
  Max Mhz: 2100, Current Mhz: 1540, Mhz Limit: 2100

Memory: 4k page, system-wide physical 16076M (98M free)
TotalPageFile size 65228M (AvailPageFile size 13M)
current process WorkingSet (physical memory assigned to process): 32M, peak: 194M
current process commit charge ("private bytes"): 238M, peak: 419M

vm_info: OpenJDK 64-Bit Server VM (21.0.12.1+1-LTS) for windows-amd64 JRE (21.0.12.1+1-LTS), built on 2026-08-18T00:00:00Z by "admin" with MS VC++ 17.12 (VS2022)

END.
