#
# There is insufficient memory for the Java Runtime Environment to continue.
# Native memory allocation (malloc) failed to allocate 32744 bytes. Error detail: Chunk::new
# Possible reasons:
#   The system is out of physical RAM or swap space
#   This process is running with CompressedOops enabled, and the Java Heap may be blocking the growth of the native heap
# Possible solutions:
#   Reduce memory load on the system
#   Increase physical memory or swap space
#   Check if swap backing store is full
#   Decrease Java heap size (-Xmx/-Xms)
#   Decrease number of Java threads
#   Decrease Java thread stack sizes (-Xss)
#   Set larger code cache with -XX:ReservedCodeCacheSize=
#   JVM is running with Unscaled Compressed Oops mode in which the Java heap is
#     placed in the first 4GB address space. The Java Heap base address is the
#     maximum limit for the native heap growth. Please use -XX:HeapBaseMinAddress
#     to set the Java Heap base and to place the Java Heap above 4GB virtual address.
# This output file may be truncated or incomplete.
#
#  Out of Memory Error (arena.cpp:168), pid=32812, tid=64756
#
# JRE version: OpenJDK Runtime Environment Temurin-21.0.12.1+1 (21.0.12.1+1) (build 21.0.12.1+1-LTS)
# Java VM: OpenJDK 64-Bit Server VM Temurin-21.0.12.1+1 (21.0.12.1+1-LTS, mixed mode, sharing, tiered, compressed oops, compressed class ptrs, g1 gc, windows-amd64)
# No core dump will be written. Minidumps are not enabled by default on client versions of Windows
#

---------------  S U M M A R Y ------------

Command Line: --add-opens=java.base/java.lang=ALL-UNNAMED --add-opens=java.base/java.lang.invoke=ALL-UNNAMED --add-opens=java.base/java.util=ALL-UNNAMED --add-opens=java.prefs/java.util.prefs=ALL-UNNAMED --add-exports=jdk.compiler/com.sun.tools.javac.api=ALL-UNNAMED --add-exports=jdk.compiler/com.sun.tools.javac.util=ALL-UNNAMED --add-opens=java.base/java.util=ALL-UNNAMED --add-opens=java.prefs/java.util.prefs=ALL-UNNAMED --add-opens=java.base/java.nio.charset=ALL-UNNAMED --add-opens=java.base/java.net=ALL-UNNAMED --add-opens=java.base/java.util.concurrent.atomic=ALL-UNNAMED --add-opens=java.xml/javax.xml.namespace=ALL-UNNAMED -Xmx1536m -Dfile.encoding=UTF-8 -Duser.country=IN -Duser.language=en -Duser.variant -javaagent:C:\Users\ishas\.gradle\wrapper\dists\gradle-8.14.3-all\10utluxaxniiv4wxiphsi49nj\gradle-8.14.3\lib\agents\gradle-instrumentation-agent-8.14.3.jar org.gradle.launcher.daemon.bootstrap.GradleDaemon 8.14.3

Host: 13th Gen Intel(R) Core(TM) i5-13420H, 12 cores, 15G,  Windows 11 , 64 bit Build 26100 (10.0.26100.9444)
Time: Mon Sep 14 18:23:26 2026 India Standard Time elapsed time: 117.017990 seconds (0d 0h 1m 57s)

---------------  T H R E A D  ---------------

Current thread (0x00000251e002ea50):  JavaThread "C2 CompilerThread0" daemon [_thread_in_native, id=64756, stack(0x0000009a20200000,0x0000009a20300000) (1024K)]


Current CompileTask:
C2:117018 4475       4       java.util.concurrent.locks.AbstractQueuedSynchronizer$ConditionObject::awaitNanos (202 bytes)

Stack: [0x0000009a20200000,0x0000009a20300000]
Native frames: (J=compiled Java code, j=interpreted, Vv=VM code, C=native code)
V  [jvm.dll+0x6d83e9]
V  [jvm.dll+0x8b5736]
V  [jvm.dll+0x8b7cee]
V  [jvm.dll+0x8b83d3]
V  [jvm.dll+0x284596]
V  [jvm.dll+0xc685d]
V  [jvm.dll+0xc6da1]
V  [jvm.dll+0xc6985]
V  [jvm.dll+0x6b45f8]
V  [jvm.dll+0x6ed416]
V  [jvm.dll+0x6ea9d8]
V  [jvm.dll+0x6ea069]
V  [jvm.dll+0x6e80ee]
V  [jvm.dll+0x1ce4fc]
V  [jvm.dll+0x24b919]
V  [jvm.dll+0x1cb4ae]
V  [jvm.dll+0x25baad]
V  [jvm.dll+0x25a03a]
V  [jvm.dll+0x3f8aae]
V  [jvm.dll+0x8600cd]
V  [jvm.dll+0x6d6c1d]
C  [ucrtbase.dll+0x2cd30]
C  [KERNEL32.DLL+0x2cd87]
C  [ntdll.dll+0xacaec]


---------------  P R O C E S S  ---------------

Threads class SMR info:
_java_thread_list=0x00000251e6d1df40, length=28, elements={
0x0000025187dcdc30, 0x00000251e0023400, 0x00000251e0025290, 0x00000251e002bda0,
0x00000251e002c800, 0x00000251e002d260, 0x00000251e002dcc0, 0x00000251e002ea50,
0x00000251e0030bd0, 0x00000251e02cee90, 0x00000251e0295be0, 0x00000251e50e29f0,
0x00000251e51882f0, 0x00000251e54324a0, 0x00000251e01511b0, 0x00000251e041f4c0,
0x00000251e555e510, 0x00000251e555d7f0, 0x00000251e555bdb0, 0x00000251e555d160,
0x00000251e555c440, 0x00000251e555cad0, 0x00000251e555de80, 0x00000251e555eba0,
0x00000251e7de1050, 0x00000251e7de16e0, 0x00000251e7de1d70, 0x00000251e7de0330
}

Java Threads: ( => current thread )
  0x0000025187dcdc30 JavaThread "main"                              [_thread_blocked, id=38784, stack(0x0000009a1f400000,0x0000009a1f500000) (1024K)]
  0x00000251e0023400 JavaThread "Reference Handler"          daemon [_thread_blocked, id=37124, stack(0x0000009a1fc00000,0x0000009a1fd00000) (1024K)]
  0x00000251e0025290 JavaThread "Finalizer"                  daemon [_thread_blocked, id=42484, stack(0x0000009a1fd00000,0x0000009a1fe00000) (1024K)]
  0x00000251e002bda0 JavaThread "Signal Dispatcher"          daemon [_thread_blocked, id=61344, stack(0x0000009a1fe00000,0x0000009a1ff00000) (1024K)]
  0x00000251e002c800 JavaThread "Attach Listener"            daemon [_thread_blocked, id=64576, stack(0x0000009a1ff00000,0x0000009a20000000) (1024K)]
  0x00000251e002d260 JavaThread "Service Thread"             daemon [_thread_blocked, id=41796, stack(0x0000009a20000000,0x0000009a20100000) (1024K)]
  0x00000251e002dcc0 JavaThread "Monitor Deflation Thread"   daemon [_thread_blocked, id=40076, stack(0x0000009a20100000,0x0000009a20200000) (1024K)]
=>0x00000251e002ea50 JavaThread "C2 CompilerThread0"         daemon [_thread_in_native, id=64756, stack(0x0000009a20200000,0x0000009a20300000) (1024K)]
  0x00000251e0030bd0 JavaThread "C1 CompilerThread0"         daemon [_thread_blocked, id=64888, stack(0x0000009a20300000,0x0000009a20400000) (1024K)]
  0x00000251e02cee90 JavaThread "Common-Cleaner"             daemon [_thread_blocked, id=64532, stack(0x0000009a20400000,0x0000009a20500000) (1024K)]
  0x00000251e0295be0 JavaThread "Notification Thread"        daemon [_thread_blocked, id=63980, stack(0x0000009a20500000,0x0000009a20600000) (1024K)]
  0x00000251e50e29f0 JavaThread "Daemon health stats"               [_thread_blocked, id=64284, stack(0x0000009a20b00000,0x0000009a20c00000) (1024K)]
  0x00000251e51882f0 JavaThread "Incoming local TCP Connector on port 62451"        [_thread_in_native, id=32428, stack(0x0000009a20c00000,0x0000009a20d00000) (1024K)]
  0x00000251e54324a0 JavaThread "Daemon periodic checks"            [_thread_blocked, id=28896, stack(0x0000009a20d00000,0x0000009a20e00000) (1024K)]
  0x00000251e01511b0 JavaThread "Daemon"                            [_thread_blocked, id=64132, stack(0x0000009a20e00000,0x0000009a20f00000) (1024K)]
  0x00000251e041f4c0 JavaThread "Handler for socket connection from /127.0.0.1:62451 to /127.0.0.1:62454"        [_thread_in_native, id=61280, stack(0x0000009a20f00000,0x0000009a21000000) (1024K)]
  0x00000251e555e510 JavaThread "Cancel handler"                    [_thread_blocked, id=57180, stack(0x0000009a21000000,0x0000009a21100000) (1024K)]
  0x00000251e555d7f0 JavaThread "Daemon worker"                     [_thread_blocked, id=4500, stack(0x0000009a21200000,0x0000009a21300000) (1024K)]
  0x00000251e555bdb0 JavaThread "Asynchronous log dispatcher for DefaultDaemonConnection: socket connection from /127.0.0.1:62451 to /127.0.0.1:62454"        [_thread_blocked, id=4080, stack(0x0000009a21300000,0x0000009a21400000) (1024K)]
  0x00000251e555d160 JavaThread "Stdin handler"                     [_thread_blocked, id=3564, stack(0x0000009a21400000,0x0000009a21500000) (1024K)]
  0x00000251e555c440 JavaThread "Daemon client event forwarder"        [_thread_blocked, id=63108, stack(0x0000009a21500000,0x0000009a21600000) (1024K)]
  0x00000251e555cad0 JavaThread "Cache worker for journal cache (C:\Users\ishas\.gradle\caches\journal-1)"        [_thread_blocked, id=64208, stack(0x0000009a21100000,0x0000009a21200000) (1024K)]
  0x00000251e555de80 JavaThread "File lock request listener"        [_thread_in_native, id=64696, stack(0x0000009a21600000,0x0000009a21700000) (1024K)]
  0x00000251e555eba0 JavaThread "Cache worker for file hash cache (C:\Users\ishas\.gradle\caches\8.14.3\fileHashes)"        [_thread_blocked, id=36772, stack(0x0000009a21700000,0x0000009a21800000) (1024K)]
  0x00000251e7de1050 JavaThread "Cache worker for file hash cache (C:\Users\ishas\Downloads\ai-yoga-assistant-razorpay-v9\yoga3\android\.gradle\8.14.3\fileHashes)"        [_thread_blocked, id=29488, stack(0x0000009a21f00000,0x0000009a22000000) (1024K)]
  0x00000251e7de16e0 JavaThread "Cache worker for Build Output Cleanup Cache (C:\Users\ishas\Downloads\ai-yoga-assistant-razorpay-v9\yoga3\android\.gradle\buildOutputCleanup)"        [_thread_blocked, id=36768, stack(0x0000009a22000000,0x0000009a22100000) (1024K)]
  0x00000251e7de1d70 JavaThread "File watcher server"        daemon [_thread_in_native, id=63584, stack(0x0000009a22100000,0x0000009a22200000) (1024K)]
  0x00000251e7de0330 JavaThread "File watcher consumer"      daemon [_thread_blocked, id=64544, stack(0x0000009a22200000,0x0000009a22300000) (1024K)]
Total: 28

Other Threads:
  0x00000251e0004470 VMThread "VM Thread"                           [id=56112, stack(0x0000009a1fb00000,0x0000009a1fc00000) (1024K)]
  0x000002519efb4310 WatcherThread "VM Periodic Task Thread"        [id=61392, stack(0x0000009a1fa00000,0x0000009a1fb00000) (1024K)]
  0x0000025187e15780 WorkerThread "GC Thread#0"                     [id=39768, stack(0x0000009a1f500000,0x0000009a1f600000) (1024K)]
  0x00000251e0329340 WorkerThread "GC Thread#1"                     [id=48376, stack(0x0000009a20600000,0x0000009a20700000) (1024K)]
  0x00000251e03a6a00 WorkerThread "GC Thread#2"                     [id=65336, stack(0x0000009a20700000,0x0000009a20800000) (1024K)]
  0x00000251e0544240 WorkerThread "GC Thread#3"                     [id=64884, stack(0x0000009a20800000,0x0000009a20900000) (1024K)]
  0x00000251e05445f0 WorkerThread "GC Thread#4"                     [id=65228, stack(0x0000009a20900000,0x0000009a20a00000) (1024K)]
  0x00000251e05449a0 WorkerThread "GC Thread#5"                     [id=65000, stack(0x0000009a20a00000,0x0000009a20b00000) (1024K)]
  0x00000251e6c4cbb0 WorkerThread "GC Thread#6"                     [id=31104, stack(0x0000009a21900000,0x0000009a21a00000) (1024K)]
  0x00000251e6c4c800 WorkerThread "GC Thread#7"                     [id=64252, stack(0x0000009a21a00000,0x0000009a21b00000) (1024K)]
  0x00000251e6c4e1d0 WorkerThread "GC Thread#8"                     [id=35736, stack(0x0000009a21b00000,0x0000009a21c00000) (1024K)]
  0x00000251e6c4ece0 WorkerThread "GC Thread#9"                     [id=29828, stack(0x0000009a21c00000,0x0000009a21d00000) (1024K)]
  0x0000025187e23690 ConcurrentGCThread "G1 Main Marker"            [id=48728, stack(0x0000009a1f600000,0x0000009a1f700000) (1024K)]
  0x0000025187e240b0 WorkerThread "G1 Conc#0"                       [id=52144, stack(0x0000009a1f700000,0x0000009a1f800000) (1024K)]
  0x00000251e6c4d310 WorkerThread "G1 Conc#1"                       [id=30372, stack(0x0000009a21d00000,0x0000009a21e00000) (1024K)]
  0x00000251e6c4f090 WorkerThread "G1 Conc#2"                       [id=36596, stack(0x0000009a21e00000,0x0000009a21f00000) (1024K)]
  0x000002519ee7f270 ConcurrentGCThread "G1 Refine#0"               [id=64860, stack(0x0000009a1f800000,0x0000009a1f900000) (1024K)]
  0x000002519ee80c10 ConcurrentGCThread "G1 Service"                [id=58976, stack(0x0000009a1f900000,0x0000009a1fa00000) (1024K)]
Total: 18

Threads with active compile tasks:
C2 CompilerThread0  117151 4475       4       java.util.concurrent.locks.AbstractQueuedSynchronizer$ConditionObject::awaitNanos (202 bytes)
Total: 1

VM state: not at safepoint (normal execution)

VM Mutex/Monitor currently owned by a thread: None

Heap address: 0x00000000a0000000, size: 1536 MB, Compressed Oops mode: 32-bit

CDS archive(s) mapped at: [0x000002519f000000-0x000002519fba0000-0x000002519fba0000), size 12189696, SharedBaseAddress: 0x000002519f000000, ArchiveRelocationMode: 1.
Compressed class space mapped at: 0x00000251a0000000-0x00000251e0000000, reserved size: 1073741824
Narrow klass base: 0x000002519f000000, Narrow klass shift: 0, Narrow klass range: 0x100000000

GC Precious Log:
 CardTable entry size: 512
 Card Set container configuration: InlinePtr #cards 5 size 8 Array Of Cards #cards 12 size 40 Howl #buckets 4 coarsen threshold 1843 Howl Bitmap #cards 512 size 80 coarsen threshold 460 Card regions per heap region 1 cards per card region 2048
 CPUs: 12 total, 12 available
 Memory: 16076M
 Large Page Support: Disabled
 NUMA Support: Disabled
 Compressed Oops: Enabled (32-bit)
 Heap Region Size: 1M
 Heap Min Capacity: 8M
 Heap Initial Capacity: 252M
 Heap Max Capacity: 1536M
 Pre-touch: Disabled
 Parallel Workers: 10
 Concurrent Workers: 3
 Concurrent Refinement Workers: 10
 Periodic GC: Disabled

Heap:
 garbage-first heap   total 99328K, used 37336K [0x00000000a0000000, 0x0000000100000000)
  region size 1024K, 14 young (14336K), 8 survivors (8192K)
 Metaspace       used 33712K, committed 34752K, reserved 1114112K
  class space    used 4839K, committed 5312K, reserved 1048576K

Heap Regions: E=young(eden), S=young(survivor), O=old, HS=humongous(starts), HC=humongous(continues), CS=collection set, F=free, TAMS=top-at-mark-start, PB=parsable bottom
|   0|0x00000000a0000000, 0x00000000a0100000, 0x00000000a0100000|100%|HS|  |TAMS 0x00000000a0000000| PB 0x00000000a0000000| Complete 
|   1|0x00000000a0100000, 0x00000000a0200000, 0x00000000a0200000|100%|HC|  |TAMS 0x00000000a0100000| PB 0x00000000a0100000| Complete 
|   2|0x00000000a0200000, 0x00000000a0300000, 0x00000000a0300000|100%|HC|  |TAMS 0x00000000a0200000| PB 0x00000000a0200000| Complete 
|   3|0x00000000a0300000, 0x00000000a0400000, 0x00000000a0400000|100%| O|  |TAMS 0x00000000a0300000| PB 0x00000000a0300000| Untracked 
|   4|0x00000000a0400000, 0x00000000a0500000, 0x00000000a0500000|100%| O|  |TAMS 0x00000000a0400000| PB 0x00000000a0400000| Untracked 
|   5|0x00000000a0500000, 0x00000000a0600000, 0x00000000a0600000|100%| O|  |TAMS 0x00000000a0500000| PB 0x00000000a0500000| Untracked 
|   6|0x00000000a0600000, 0x00000000a0700000, 0x00000000a0700000|100%|HS|  |TAMS 0x00000000a0600000| PB 0x00000000a0600000| Complete 
|   7|0x00000000a0700000, 0x00000000a0800000, 0x00000000a0800000|100%| O|  |TAMS 0x00000000a0700000| PB 0x00000000a0700000| Untracked 
|   8|0x00000000a0800000, 0x00000000a0900000, 0x00000000a0900000|100%| O|  |TAMS 0x00000000a0800000| PB 0x00000000a0800000| Untracked 
|   9|0x00000000a0900000, 0x00000000a0a00000, 0x00000000a0a00000|100%| O|  |TAMS 0x00000000a0900000| PB 0x00000000a0900000| Untracked 
|  10|0x00000000a0a00000, 0x00000000a0b00000, 0x00000000a0b00000|100%| O|  |TAMS 0x00000000a0a00000| PB 0x00000000a0a00000| Untracked 
|  11|0x00000000a0b00000, 0x00000000a0c00000, 0x00000000a0c00000|100%| O|  |TAMS 0x00000000a0b00000| PB 0x00000000a0b00000| Untracked 
|  12|0x00000000a0c00000, 0x00000000a0c00000, 0x00000000a0d00000|  0%| F|  |TAMS 0x00000000a0c00000| PB 0x00000000a0c00000| Untracked 
|  13|0x00000000a0d00000, 0x00000000a0e00000, 0x00000000a0e00000|100%| O|  |TAMS 0x00000000a0d00000| PB 0x00000000a0d00000| Untracked 
|  14|0x00000000a0e00000, 0x00000000a0f00000, 0x00000000a0f00000|100%| O|  |TAMS 0x00000000a0e00000| PB 0x00000000a0e00000| Untracked 
|  15|0x00000000a0f00000, 0x00000000a1000000, 0x00000000a1000000|100%| O|  |TAMS 0x00000000a0f00000| PB 0x00000000a0f00000| Untracked 
|  16|0x00000000a1000000, 0x00000000a1100000, 0x00000000a1100000|100%| O|  |TAMS 0x00000000a1000000| PB 0x00000000a1000000| Untracked 
|  17|0x00000000a1100000, 0x00000000a1200000, 0x00000000a1200000|100%| O|  |TAMS 0x00000000a1100000| PB 0x00000000a1100000| Untracked 
|  18|0x00000000a1200000, 0x00000000a1300000, 0x00000000a1300000|100%| O|  |TAMS 0x00000000a1200000| PB 0x00000000a1200000| Untracked 
|  19|0x00000000a1300000, 0x00000000a1376190, 0x00000000a1400000| 46%| O|  |TAMS 0x00000000a1300000| PB 0x00000000a1300000| Untracked 
|  20|0x00000000a1400000, 0x00000000a1400000, 0x00000000a1500000|  0%| F|  |TAMS 0x00000000a1400000| PB 0x00000000a1400000| Untracked 
|  21|0x00000000a1500000, 0x00000000a1500000, 0x00000000a1600000|  0%| F|  |TAMS 0x00000000a1500000| PB 0x00000000a1500000| Untracked 
|  22|0x00000000a1600000, 0x00000000a1600000, 0x00000000a1700000|  0%| F|  |TAMS 0x00000000a1600000| PB 0x00000000a1600000| Untracked 
|  23|0x00000000a1700000, 0x00000000a1700000, 0x00000000a1800000|  0%| F|  |TAMS 0x00000000a1700000| PB 0x00000000a1700000| Untracked 
|  24|0x00000000a1800000, 0x00000000a1800000, 0x00000000a1900000|  0%| F|  |TAMS 0x00000000a1800000| PB 0x00000000a1800000| Untracked 
|  25|0x00000000a1900000, 0x00000000a1900000, 0x00000000a1a00000|  0%| F|  |TAMS 0x00000000a1900000| PB 0x00000000a1900000| Untracked 
|  26|0x00000000a1a00000, 0x00000000a1b00000, 0x00000000a1b00000|100%| S|CS|TAMS 0x00000000a1a00000| PB 0x00000000a1a00000| Complete 
|  27|0x00000000a1b00000, 0x00000000a1c00000, 0x00000000a1c00000|100%| S|CS|TAMS 0x00000000a1b00000| PB 0x00000000a1b00000| Complete 
|  28|0x00000000a1c00000, 0x00000000a1d00000, 0x00000000a1d00000|100%| S|CS|TAMS 0x00000000a1c00000| PB 0x00000000a1c00000| Complete 
|  29|0x00000000a1d00000, 0x00000000a1e00000, 0x00000000a1e00000|100%| S|CS|TAMS 0x00000000a1d00000| PB 0x00000000a1d00000| Complete 
|  30|0x00000000a1e00000, 0x00000000a1f00000, 0x00000000a1f00000|100%| S|CS|TAMS 0x00000000a1e00000| PB 0x00000000a1e00000| Complete 
|  31|0x00000000a1f00000, 0x00000000a2000000, 0x00000000a2000000|100%| S|CS|TAMS 0x00000000a1f00000| PB 0x00000000a1f00000| Complete 
|  32|0x00000000a2000000, 0x00000000a2100000, 0x00000000a2100000|100%| S|CS|TAMS 0x00000000a2000000| PB 0x00000000a2000000| Complete 
|  33|0x00000000a2100000, 0x00000000a2200000, 0x00000000a2200000|100%| S|CS|TAMS 0x00000000a2100000| PB 0x00000000a2100000| Complete 
|  34|0x00000000a2200000, 0x00000000a2200000, 0x00000000a2300000|  0%| F|  |TAMS 0x00000000a2200000| PB 0x00000000a2200000| Untracked 
|  35|0x00000000a2300000, 0x00000000a2300000, 0x00000000a2400000|  0%| F|  |TAMS 0x00000000a2300000| PB 0x00000000a2300000| Untracked 
|  36|0x00000000a2400000, 0x00000000a2400000, 0x00000000a2500000|  0%| F|  |TAMS 0x00000000a2400000| PB 0x00000000a2400000| Untracked 
|  37|0x00000000a2500000, 0x00000000a2500000, 0x00000000a2600000|  0%| F|  |TAMS 0x00000000a2500000| PB 0x00000000a2500000| Untracked 
|  38|0x00000000a2600000, 0x00000000a2600000, 0x00000000a2700000|  0%| F|  |TAMS 0x00000000a2600000| PB 0x00000000a2600000| Untracked 
|  39|0x00000000a2700000, 0x00000000a2700000, 0x00000000a2800000|  0%| F|  |TAMS 0x00000000a2700000| PB 0x00000000a2700000| Untracked 
|  40|0x00000000a2800000, 0x00000000a2800000, 0x00000000a2900000|  0%| F|  |TAMS 0x00000000a2800000| PB 0x00000000a2800000| Untracked 
|  41|0x00000000a2900000, 0x00000000a2900000, 0x00000000a2a00000|  0%| F|  |TAMS 0x00000000a2900000| PB 0x00000000a2900000| Untracked 
|  42|0x00000000a2a00000, 0x00000000a2a00000, 0x00000000a2b00000|  0%| F|  |TAMS 0x00000000a2a00000| PB 0x00000000a2a00000| Untracked 
|  43|0x00000000a2b00000, 0x00000000a2b00000, 0x00000000a2c00000|  0%| F|  |TAMS 0x00000000a2b00000| PB 0x00000000a2b00000| Untracked 
|  44|0x00000000a2c00000, 0x00000000a2c00000, 0x00000000a2d00000|  0%| F|  |TAMS 0x00000000a2c00000| PB 0x00000000a2c00000| Untracked 
|  45|0x00000000a2d00000, 0x00000000a2d00000, 0x00000000a2e00000|  0%| F|  |TAMS 0x00000000a2d00000| PB 0x00000000a2d00000| Untracked 
|  46|0x00000000a2e00000, 0x00000000a2e00000, 0x00000000a2f00000|  0%| F|  |TAMS 0x00000000a2e00000| PB 0x00000000a2e00000| Untracked 
|  47|0x00000000a2f00000, 0x00000000a2f00000, 0x00000000a3000000|  0%| F|  |TAMS 0x00000000a2f00000| PB 0x00000000a2f00000| Untracked 
|  48|0x00000000a3000000, 0x00000000a3000000, 0x00000000a3100000|  0%| F|  |TAMS 0x00000000a3000000| PB 0x00000000a3000000| Untracked 
|  49|0x00000000a3100000, 0x00000000a3100000, 0x00000000a3200000|  0%| F|  |TAMS 0x00000000a3100000| PB 0x00000000a3100000| Untracked 
|  50|0x00000000a3200000, 0x00000000a3200000, 0x00000000a3300000|  0%| F|  |TAMS 0x00000000a3200000| PB 0x00000000a3200000| Untracked 
|  51|0x00000000a3300000, 0x00000000a3300000, 0x00000000a3400000|  0%| F|  |TAMS 0x00000000a3300000| PB 0x00000000a3300000| Untracked 
|  52|0x00000000a3400000, 0x00000000a3400000, 0x00000000a3500000|  0%| F|  |TAMS 0x00000000a3400000| PB 0x00000000a3400000| Untracked 
|  53|0x00000000a3500000, 0x00000000a3500000, 0x00000000a3600000|  0%| F|  |TAMS 0x00000000a3500000| PB 0x00000000a3500000| Untracked 
|  54|0x00000000a3600000, 0x00000000a3600000, 0x00000000a3700000|  0%| F|  |TAMS 0x00000000a3600000| PB 0x00000000a3600000| Untracked 
|  55|0x00000000a3700000, 0x00000000a3700000, 0x00000000a3800000|  0%| F|  |TAMS 0x00000000a3700000| PB 0x00000000a3700000| Untracked 
|  56|0x00000000a3800000, 0x00000000a3800000, 0x00000000a3900000|  0%| F|  |TAMS 0x00000000a3800000| PB 0x00000000a3800000| Untracked 
|  57|0x00000000a3900000, 0x00000000a3900000, 0x00000000a3a00000|  0%| F|  |TAMS 0x00000000a3900000| PB 0x00000000a3900000| Untracked 
|  58|0x00000000a3a00000, 0x00000000a3a00000, 0x00000000a3b00000|  0%| F|  |TAMS 0x00000000a3a00000| PB 0x00000000a3a00000| Untracked 
|  59|0x00000000a3b00000, 0x00000000a3b00000, 0x00000000a3c00000|  0%| F|  |TAMS 0x00000000a3b00000| PB 0x00000000a3b00000| Untracked 
|  60|0x00000000a3c00000, 0x00000000a3c00000, 0x00000000a3d00000|  0%| F|  |TAMS 0x00000000a3c00000| PB 0x00000000a3c00000| Untracked 
|  61|0x00000000a3d00000, 0x00000000a3d00000, 0x00000000a3e00000|  0%| F|  |TAMS 0x00000000a3d00000| PB 0x00000000a3d00000| Untracked 
|  62|0x00000000a3e00000, 0x00000000a3e00000, 0x00000000a3f00000|  0%| F|  |TAMS 0x00000000a3e00000| PB 0x00000000a3e00000| Untracked 
|  63|0x00000000a3f00000, 0x00000000a3f00000, 0x00000000a4000000|  0%| F|  |TAMS 0x00000000a3f00000| PB 0x00000000a3f00000| Untracked 
|  64|0x00000000a4000000, 0x00000000a4000000, 0x00000000a4100000|  0%| F|  |TAMS 0x00000000a4000000| PB 0x00000000a4000000| Untracked 
|  65|0x00000000a4100000, 0x00000000a4100000, 0x00000000a4200000|  0%| F|  |TAMS 0x00000000a4100000| PB 0x00000000a4100000| Untracked 
|  66|0x00000000a4200000, 0x00000000a4200000, 0x00000000a4300000|  0%| F|  |TAMS 0x00000000a4200000| PB 0x00000000a4200000| Untracked 
|  67|0x00000000a4300000, 0x00000000a4300000, 0x00000000a4400000|  0%| F|  |TAMS 0x00000000a4300000| PB 0x00000000a4300000| Untracked 
|  68|0x00000000a4400000, 0x00000000a4400000, 0x00000000a4500000|  0%| F|  |TAMS 0x00000000a4400000| PB 0x00000000a4400000| Untracked 
|  69|0x00000000a4500000, 0x00000000a4500000, 0x00000000a4600000|  0%| F|  |TAMS 0x00000000a4500000| PB 0x00000000a4500000| Untracked 
|  70|0x00000000a4600000, 0x00000000a4600000, 0x00000000a4700000|  0%| F|  |TAMS 0x00000000a4600000| PB 0x00000000a4600000| Untracked 
|  71|0x00000000a4700000, 0x00000000a4700000, 0x00000000a4800000|  0%| F|  |TAMS 0x00000000a4700000| PB 0x00000000a4700000| Untracked 
|  72|0x00000000a4800000, 0x00000000a4800000, 0x00000000a4900000|  0%| F|  |TAMS 0x00000000a4800000| PB 0x00000000a4800000| Untracked 
|  73|0x00000000a4900000, 0x00000000a4900000, 0x00000000a4a00000|  0%| F|  |TAMS 0x00000000a4900000| PB 0x00000000a4900000| Untracked 
|  74|0x00000000a4a00000, 0x00000000a4a00000, 0x00000000a4b00000|  0%| F|  |TAMS 0x00000000a4a00000| PB 0x00000000a4a00000| Untracked 
|  75|0x00000000a4b00000, 0x00000000a4b00000, 0x00000000a4c00000|  0%| F|  |TAMS 0x00000000a4b00000| PB 0x00000000a4b00000| Untracked 
|  76|0x00000000a4c00000, 0x00000000a4c00000, 0x00000000a4d00000|  0%| F|  |TAMS 0x00000000a4c00000| PB 0x00000000a4c00000| Untracked 
|  77|0x00000000a4d00000, 0x00000000a4d00000, 0x00000000a4e00000|  0%| F|  |TAMS 0x00000000a4d00000| PB 0x00000000a4d00000| Untracked 
|  78|0x00000000a4e00000, 0x00000000a4e00000, 0x00000000a4f00000|  0%| F|  |TAMS 0x00000000a4e00000| PB 0x00000000a4e00000| Untracked 
| 138|0x00000000a8a00000, 0x00000000a8a00000, 0x00000000a8b00000|  0%| F|  |TAMS 0x00000000a8a00000| PB 0x00000000a8a00000| Untracked 
| 139|0x00000000a8b00000, 0x00000000a8b00000, 0x00000000a8c00000|  0%| F|  |TAMS 0x00000000a8b00000| PB 0x00000000a8b00000| Untracked 
| 140|0x00000000a8c00000, 0x00000000a8c00000, 0x00000000a8d00000|  0%| F|  |TAMS 0x00000000a8c00000| PB 0x00000000a8c00000| Untracked 
| 141|0x00000000a8d00000, 0x00000000a8d00000, 0x00000000a8e00000|  0%| F|  |TAMS 0x00000000a8d00000| PB 0x00000000a8d00000| Untracked 
| 142|0x00000000a8e00000, 0x00000000a8e00000, 0x00000000a8f00000|  0%| F|  |TAMS 0x00000000a8e00000| PB 0x00000000a8e00000| Untracked 
| 143|0x00000000a8f00000, 0x00000000a8f00000, 0x00000000a9000000|  0%| F|  |TAMS 0x00000000a8f00000| PB 0x00000000a8f00000| Untracked 
| 144|0x00000000a9000000, 0x00000000a9000000, 0x00000000a9100000|  0%| F|  |TAMS 0x00000000a9000000| PB 0x00000000a9000000| Untracked 
| 145|0x00000000a9100000, 0x00000000a9200000, 0x00000000a9200000|100%| E|  |TAMS 0x00000000a9100000| PB 0x00000000a9100000| Complete 
| 146|0x00000000a9200000, 0x00000000a9300000, 0x00000000a9300000|100%| E|CS|TAMS 0x00000000a9200000| PB 0x00000000a9200000| Complete 
| 147|0x00000000a9300000, 0x00000000a9400000, 0x00000000a9400000|100%| E|CS|TAMS 0x00000000a9300000| PB 0x00000000a9300000| Complete 
| 148|0x00000000a9400000, 0x00000000a9500000, 0x00000000a9500000|100%| E|CS|TAMS 0x00000000a9400000| PB 0x00000000a9400000| Complete 
| 149|0x00000000a9500000, 0x00000000a9600000, 0x00000000a9600000|100%| E|CS|TAMS 0x00000000a9500000| PB 0x00000000a9500000| Complete 
| 251|0x00000000afb00000, 0x00000000afc00000, 0x00000000afc00000|100%| E|CS|TAMS 0x00000000afb00000| PB 0x00000000afb00000| Complete 
|1531|0x00000000ffb00000, 0x00000000ffc00000, 0x00000000ffc00000|100%| O|  |TAMS 0x00000000ffb00000| PB 0x00000000ffb00000| Untracked 
|1532|0x00000000ffc00000, 0x00000000ffd00000, 0x00000000ffd00000|100%| O|  |TAMS 0x00000000ffc00000| PB 0x00000000ffc00000| Untracked 
|1533|0x00000000ffd00000, 0x00000000ffe00000, 0x00000000ffe00000|100%| O|  |TAMS 0x00000000ffd00000| PB 0x00000000ffd00000| Untracked 
|1534|0x00000000ffe00000, 0x00000000fff00000, 0x00000000fff00000|100%| O|  |TAMS 0x00000000ffe00000| PB 0x00000000ffe00000| Untracked 
|1535|0x00000000fff00000, 0x0000000100000000, 0x0000000100000000|100%| O|  |TAMS 0x00000000fff00000| PB 0x00000000fff00000| Untracked 

Card table byte_map: [0x000002519a820000,0x000002519ab20000] _byte_map_base: 0x000002519a320000

Marking Bits: (CMBitMap*) 0x0000025187e15da0
 Bits: [0x000002519ab20000, 0x000002519c320000)

Polling page: 0x0000025185be0000

Metaspace:

Usage:
  Non-class:     28.20 MB used.
      Class:      4.73 MB used.
       Both:     32.92 MB used.

Virtual space:
  Non-class space:       64.00 MB reserved,      28.75 MB ( 45%) committed,  1 nodes.
      Class space:        1.00 GB reserved,       5.19 MB ( <1%) committed,  1 nodes.
             Both:        1.06 GB reserved,      33.94 MB (  3%) committed. 

Chunk freelists:
   Non-Class:  3.27 MB
       Class:  10.77 MB
        Both:  14.03 MB

MaxMetaspaceSize: unlimited
CompressedClassSpaceSize: 1.00 GB
Initial GC threshold: 21.00 MB
Current GC threshold: 35.12 MB
CDS: on
 - commit_granule_bytes: 65536.
 - commit_granule_words: 8192.
 - virtual_space_node_default_size: 8388608.
 - enlarge_chunks_in_place: 1.
 - use_allocation_guard: 0.


Internal statistics:

num_allocs_failed_limit: 3.
num_arena_births: 1640.
num_arena_deaths: 0.
num_vsnodes_births: 2.
num_vsnodes_deaths: 0.
num_space_committed: 543.
num_space_uncommitted: 0.
num_chunks_returned_to_freelist: 3.
num_chunks_taken_from_freelist: 3030.
num_chunk_merges: 3.
num_chunk_splits: 1978.
num_chunks_enlarged: 1273.
num_inconsistent_stats: 0.

CodeHeap 'non-profiled nmethods': size=120000Kb used=2380Kb max_used=2380Kb free=117619Kb
 bounds [0x0000025192aa0000, 0x0000025192d10000, 0x0000025199fd0000]
CodeHeap 'profiled nmethods': size=120000Kb used=8821Kb max_used=8821Kb free=111178Kb
 bounds [0x000002518afd0000, 0x000002518b870000, 0x0000025192500000]
CodeHeap 'non-nmethods': size=5760Kb used=1808Kb max_used=1856Kb free=3951Kb
 bounds [0x0000025192500000, 0x0000025192770000, 0x0000025192aa0000]
CodeCache: size=245760Kb, used=13009Kb, max_used=13057Kb, free=232748Kb
 total_blobs=5160, nmethods=4474, adapters=591, full_count=0
Compilation: enabled, stopped_count=0, restarted_count=0

Compilation events (20 events):
Event: 108.571 Thread 0x00000251e0030bd0 nmethod 4465 0x000002518b86b710 code [0x000002518b86b8a0, 0x000002518b86b998]
Event: 108.755 Thread 0x00000251e002ea50 4466   !   4       java.util.concurrent.locks.AbstractQueuedSynchronizer::acquire (424 bytes)
Event: 108.775 Thread 0x00000251e002ea50 nmethod 4466 0x0000025192ce8b10 code [0x0000025192ce8d00, 0x0000025192ce9518]
Event: 109.568 Thread 0x00000251e0030bd0 4467       3       org.gradle.internal.time.DefaultCountdownTimer::hasExpired (15 bytes)
Event: 109.568 Thread 0x00000251e0030bd0 nmethod 4467 0x000002518b86ba10 code [0x000002518b86bbe0, 0x000002518b86bf20]
Event: 109.568 Thread 0x00000251e0030bd0 4468       3       org.gradle.internal.time.DefaultCountdownTimer::getRemainingMillis (14 bytes)
Event: 109.569 Thread 0x00000251e0030bd0 nmethod 4468 0x000002518b86c010 code [0x000002518b86c1c0, 0x000002518b86c440]
Event: 109.569 Thread 0x00000251e0030bd0 4469       3       org.gradle.internal.time.ExponentialBackoff::backoffPeriodFor (20 bytes)
Event: 109.569 Thread 0x00000251e0030bd0 nmethod 4469 0x000002518b86c510 code [0x000002518b86c6c0, 0x000002518b86c958]
Event: 109.653 Thread 0x00000251e002ea50 4470       4       javax.management.ObjectName::construct (1135 bytes)
Event: 109.993 Thread 0x00000251e002ea50 nmethod 4470 0x0000025192ce9990 code [0x0000025192ce9f40, 0x0000025192cefc68]
Event: 112.628 Thread 0x00000251e0030bd0 4471       1       org.gradle.cache.internal.locklistener.DefaultFileLockContentionHandler::access$300 (5 bytes)
Event: 112.629 Thread 0x00000251e0030bd0 nmethod 4471 0x0000025192cf2d10 code [0x0000025192cf2ea0, 0x0000025192cf2f50]
Event: 114.570 Thread 0x00000251e0030bd0 4472       1       org.gradle.internal.concurrent.AbstractManagedExecutor::access$100 (5 bytes)
Event: 114.571 Thread 0x00000251e0030bd0 nmethod 4472 0x0000025192cf3010 code [0x0000025192cf31a0, 0x0000025192cf3250]
Event: 115.586 Thread 0x00000251e0030bd0 4473       3       org.gradle.internal.time.MonotonicClock::getCurrentTime (70 bytes)
Event: 115.588 Thread 0x00000251e0030bd0 nmethod 4473 0x000002518b86ca90 code [0x000002518b86cca0, 0x000002518b86d078]
Event: 115.588 Thread 0x00000251e0030bd0 4474       3       org.gradle.internal.time.MonotonicClock::syncIsDue (28 bytes)
Event: 115.588 Thread 0x00000251e0030bd0 nmethod 4474 0x000002518b86d290 code [0x000002518b86d440, 0x000002518b86d618]
Event: 117.002 Thread 0x00000251e002ea50 4475       4       java.util.concurrent.locks.AbstractQueuedSynchronizer$ConditionObject::awaitNanos (202 bytes)

GC Heap History (12 events):
Event: 2.712 GC heap before
{Heap before GC invocations=0 (full 0):
 garbage-first heap   total 258048K, used 23552K [0x00000000a0000000, 0x0000000100000000)
  region size 1024K, 23 young (23552K), 0 survivors (0K)
 Metaspace       used 1041K, committed 1152K, reserved 1114112K
  class space    used 81K, committed 128K, reserved 1048576K
}
Event: 2.867 GC heap after
{Heap after GC invocations=1 (full 0):
 garbage-first heap   total 258048K, used 1877K [0x00000000a0000000, 0x0000000100000000)
  region size 1024K, 2 young (2048K), 2 survivors (2048K)
 Metaspace       used 1041K, committed 1152K, reserved 1114112K
  class space    used 81K, committed 128K, reserved 1048576K
}
Event: 7.486 GC heap before
{Heap before GC invocations=1 (full 0):
 garbage-first heap   total 258048K, used 37717K [0x00000000a0000000, 0x0000000100000000)
  region size 1024K, 35 young (35840K), 2 survivors (2048K)
 Metaspace       used 4374K, committed 4544K, reserved 1114112K
  class space    used 557K, committed 640K, reserved 1048576K
}
Event: 7.493 GC heap after
{Heap after GC invocations=2 (full 0):
 garbage-first heap   total 258048K, used 10616K [0x00000000a0000000, 0x0000000100000000)
  region size 1024K, 5 young (5120K), 5 survivors (5120K)
 Metaspace       used 4374K, committed 4544K, reserved 1114112K
  class space    used 557K, committed 640K, reserved 1048576K
}
Event: 11.139 GC heap before
{Heap before GC invocations=2 (full 0):
 garbage-first heap   total 258048K, used 60792K [0x00000000a0000000, 0x0000000100000000)
  region size 1024K, 52 young (53248K), 5 survivors (5120K)
 Metaspace       used 4742K, committed 4928K, reserved 1114112K
  class space    used 612K, committed 704K, reserved 1048576K
}
Event: 11.148 GC heap after
{Heap after GC invocations=3 (full 0):
 garbage-first heap   total 258048K, used 16218K [0x00000000a0000000, 0x0000000100000000)
  region size 1024K, 5 young (5120K), 5 survivors (5120K)
 Metaspace       used 4742K, committed 4928K, reserved 1114112K
  class space    used 612K, committed 704K, reserved 1048576K
}
Event: 23.401 GC heap before
{Heap before GC invocations=3 (full 0):
 garbage-first heap   total 258048K, used 114522K [0x00000000a0000000, 0x0000000100000000)
  region size 1024K, 102 young (104448K), 5 survivors (5120K)
 Metaspace       used 20779K, committed 21504K, reserved 1114112K
  class space    used 3067K, committed 3456K, reserved 1048576K
}
Event: 23.502 GC heap after
{Heap after GC invocations=4 (full 0):
 garbage-first heap   total 258048K, used 24159K [0x00000000a0000000, 0x0000000100000000)
  region size 1024K, 12 young (12288K), 12 survivors (12288K)
 Metaspace       used 20779K, committed 21504K, reserved 1114112K
  class space    used 3067K, committed 3456K, reserved 1048576K
}
Event: 25.492 GC heap before
{Heap before GC invocations=5 (full 0):
 garbage-first heap   total 81920K, used 80479K [0x00000000a0000000, 0x0000000100000000)
  region size 1024K, 68 young (69632K), 12 survivors (12288K)
 Metaspace       used 28801K, committed 29760K, reserved 1114112K
  class space    used 4238K, committed 4672K, reserved 1048576K
}
Event: 25.502 GC heap after
{Heap after GC invocations=6 (full 0):
 garbage-first heap   total 99328K, used 27537K [0x00000000a0000000, 0x0000000100000000)
  region size 1024K, 12 young (12288K), 12 survivors (12288K)
 Metaspace       used 28801K, committed 29760K, reserved 1114112K
  class space    used 4238K, committed 4672K, reserved 1048576K
}
Event: 68.196 GC heap before
{Heap before GC invocations=6 (full 0):
 garbage-first heap   total 99328K, used 73617K [0x00000000a0000000, 0x0000000100000000)
  region size 1024K, 58 young (59392K), 12 survivors (12288K)
 Metaspace       used 33681K, committed 34688K, reserved 1114112K
  class space    used 4838K, committed 5312K, reserved 1048576K
}
Event: 68.249 GC heap after
{Heap after GC invocations=7 (full 0):
 garbage-first heap   total 99328K, used 32216K [0x00000000a0000000, 0x0000000100000000)
  region size 1024K, 8 young (8192K), 8 survivors (8192K)
 Metaspace       used 33681K, committed 34688K, reserved 1114112K
  class space    used 4838K, committed 5312K, reserved 1048576K
}

Dll operation events (20 events):
Event: 1.129 Attempting to load shared library C:\Users\ishas\.vscode\extensions\redhat.java-1.56.0-win32-x64\jre\21.0.12.1-win32-x86_64\bin\nio.dll
Event: 1.130 Loaded shared library C:\Users\ishas\.vscode\extensions\redhat.java-1.56.0-win32-x64\jre\21.0.12.1-win32-x86_64\bin\nio.dll
Event: 1.141 Attempting to load shared library C:\Users\ishas\.vscode\extensions\redhat.java-1.56.0-win32-x64\jre\21.0.12.1-win32-x86_64\bin\zip.dll
Event: 1.141 Loaded shared library C:\Users\ishas\.vscode\extensions\redhat.java-1.56.0-win32-x64\jre\21.0.12.1-win32-x86_64\bin\zip.dll
Event: 2.569 Attempting to load shared library C:\Users\ishas\.vscode\extensions\redhat.java-1.56.0-win32-x64\jre\21.0.12.1-win32-x86_64\bin\jimage.dll
Event: 2.569 Loaded shared library C:\Users\ishas\.vscode\extensions\redhat.java-1.56.0-win32-x64\jre\21.0.12.1-win32-x86_64\bin\jimage.dll
Event: 4.369 Attempting to load shared library C:\Users\ishas\.vscode\extensions\redhat.java-1.56.0-win32-x64\jre\21.0.12.1-win32-x86_64\bin\verify.dll
Event: 4.369 Loaded shared library C:\Users\ishas\.vscode\extensions\redhat.java-1.56.0-win32-x64\jre\21.0.12.1-win32-x86_64\bin\verify.dll
Event: 4.804 Attempting to load shared library C:\Users\ishas\.gradle\native\1def1411415f61bf3af743bc5b6707747c0891f09f0c88961ee8f79bc544acac\windows-amd64\native-platform.dll
Event: 4.806 Loaded shared library C:\Users\ishas\.gradle\native\1def1411415f61bf3af743bc5b6707747c0891f09f0c88961ee8f79bc544acac\windows-amd64\native-platform.dll
Event: 4.880 Attempting to load shared library C:\Users\ishas\.gradle\native\0.2.7\x86_64-windows-gnu\gradle-fileevents.dll
Event: 4.880 Loaded shared library C:\Users\ishas\.gradle\native\0.2.7\x86_64-windows-gnu\gradle-fileevents.dll
Event: 12.390 Attempting to load shared library C:\Users\ishas\.vscode\extensions\redhat.java-1.56.0-win32-x64\jre\21.0.12.1-win32-x86_64\bin\management.dll
Event: 12.391 Loaded shared library C:\Users\ishas\.vscode\extensions\redhat.java-1.56.0-win32-x64\jre\21.0.12.1-win32-x86_64\bin\management.dll
Event: 12.394 Attempting to load shared library C:\Users\ishas\.vscode\extensions\redhat.java-1.56.0-win32-x64\jre\21.0.12.1-win32-x86_64\bin\management_ext.dll
Event: 12.395 Loaded shared library C:\Users\ishas\.vscode\extensions\redhat.java-1.56.0-win32-x64\jre\21.0.12.1-win32-x86_64\bin\management_ext.dll
Event: 15.506 Attempting to load shared library C:\Users\ishas\.vscode\extensions\redhat.java-1.56.0-win32-x64\jre\21.0.12.1-win32-x86_64\bin\extnet.dll
Event: 15.507 Loaded shared library C:\Users\ishas\.vscode\extensions\redhat.java-1.56.0-win32-x64\jre\21.0.12.1-win32-x86_64\bin\extnet.dll
Event: 19.748 Attempting to load shared library C:\Users\ishas\.vscode\extensions\redhat.java-1.56.0-win32-x64\jre\21.0.12.1-win32-x86_64\bin\sunmscapi.dll
Event: 19.751 Loaded shared library C:\Users\ishas\.vscode\extensions\redhat.java-1.56.0-win32-x64\jre\21.0.12.1-win32-x86_64\bin\sunmscapi.dll

Deoptimization events (20 events):
Event: 26.572 Thread 0x00000251e555cad0 Uncommon trap: trap_request=0xffffffc6 fr.pc=0x0000025192c4e034 relative=0x00000000000008f4
Event: 26.572 Thread 0x00000251e555cad0 Uncommon trap: reason=bimorphic_or_optimized_type_check action=maybe_recompile pc=0x0000025192c4e034 method=java.io.DataInputStream.readFully([BII)V @ 30 c2
Event: 26.572 Thread 0x00000251e555cad0 DEOPT PACKING pc=0x0000025192c4e034 sp=0x0000009a211fe420
Event: 26.572 Thread 0x00000251e555cad0 DEOPT UNPACKING pc=0x0000025192554422 sp=0x0000009a211fe3e8 mode 2
Event: 26.572 Thread 0x00000251e555cad0 Uncommon trap: trap_request=0xffffffc6 fr.pc=0x0000025192c4e034 relative=0x00000000000008f4
Event: 26.572 Thread 0x00000251e555cad0 Uncommon trap: reason=bimorphic_or_optimized_type_check action=maybe_recompile pc=0x0000025192c4e034 method=java.io.DataInputStream.readFully([BII)V @ 30 c2
Event: 26.572 Thread 0x00000251e555cad0 DEOPT PACKING pc=0x0000025192c4e034 sp=0x0000009a211fe4e0
Event: 26.572 Thread 0x00000251e555cad0 DEOPT UNPACKING pc=0x0000025192554422 sp=0x0000009a211fe4a8 mode 2
Event: 26.572 Thread 0x00000251e555cad0 Uncommon trap: trap_request=0xffffffc6 fr.pc=0x0000025192c4e034 relative=0x00000000000008f4
Event: 26.572 Thread 0x00000251e555cad0 Uncommon trap: reason=bimorphic_or_optimized_type_check action=maybe_recompile pc=0x0000025192c4e034 method=java.io.DataInputStream.readFully([BII)V @ 30 c2
Event: 26.572 Thread 0x00000251e555cad0 DEOPT PACKING pc=0x0000025192c4e034 sp=0x0000009a211fe4f0
Event: 26.572 Thread 0x00000251e555cad0 DEOPT UNPACKING pc=0x0000025192554422 sp=0x0000009a211fe4b8 mode 2
Event: 26.580 Thread 0x00000251e555cad0 Uncommon trap: trap_request=0xffffffc6 fr.pc=0x0000025192c7dbb0 relative=0x0000000000000bb0
Event: 26.580 Thread 0x00000251e555cad0 Uncommon trap: reason=bimorphic_or_optimized_type_check action=maybe_recompile pc=0x0000025192c7dbb0 method=java.io.BufferedInputStream.implRead([BII)I @ 100 c2
Event: 26.580 Thread 0x00000251e555cad0 DEOPT PACKING pc=0x0000025192c7dbb0 sp=0x0000009a211fe3d0
Event: 26.580 Thread 0x00000251e555cad0 DEOPT UNPACKING pc=0x0000025192554422 sp=0x0000009a211fe3b8 mode 2
Event: 78.920 Thread 0x00000251e54324a0 Uncommon trap: trap_request=0xffffff45 fr.pc=0x0000025192ccbb3c relative=0x000000000000065c
Event: 78.920 Thread 0x00000251e54324a0 Uncommon trap: reason=unstable_if action=reinterpret pc=0x0000025192ccbb3c method=java.io.DataInputStream.readBoolean()Z @ 4 c2
Event: 78.920 Thread 0x00000251e54324a0 DEOPT PACKING pc=0x0000025192ccbb3c sp=0x0000009a20dfe9c0
Event: 78.920 Thread 0x00000251e54324a0 DEOPT UNPACKING pc=0x0000025192554422 sp=0x0000009a20dfe930 mode 2

Classes loaded (20 events):
Event: 26.258 Loading class java/util/WeakHashMap$KeyIterator
Event: 26.258 Loading class java/util/WeakHashMap$HashIterator
Event: 26.259 Loading class java/util/WeakHashMap$HashIterator done
Event: 26.259 Loading class java/util/WeakHashMap$KeyIterator done
Event: 26.312 Loading class sun/nio/fs/WindowsPath$1
Event: 26.312 Loading class sun/nio/fs/WindowsPath$1 done
Event: 26.313 Loading class sun/nio/fs/WindowsException
Event: 26.313 Loading class sun/nio/fs/WindowsException done
Event: 26.335 Loading class java/io/StringReader
Event: 26.335 Loading class java/io/StringReader done
Event: 26.348 Loading class java/math/MutableBigInteger
Event: 26.349 Loading class java/math/MutableBigInteger done
Event: 26.586 Loading class java/nio/charset/CharacterCodingException
Event: 26.586 Loading class java/nio/charset/CharacterCodingException done
Event: 26.885 Loading class java/util/stream/Streams$RangeIntSpliterator
Event: 26.886 Loading class java/util/stream/Streams$RangeIntSpliterator done
Event: 28.803 Loading class java/util/concurrent/LinkedBlockingDeque$Itr
Event: 28.803 Loading class java/util/concurrent/LinkedBlockingDeque$AbstractItr
Event: 28.803 Loading class java/util/concurrent/LinkedBlockingDeque$AbstractItr done
Event: 28.803 Loading class java/util/concurrent/LinkedBlockingDeque$Itr done

Classes unloaded (0 events):
No events

Classes redefined (0 events):
No events

Internal exceptions (20 events):
Event: 25.799 Thread 0x00000251e555d7f0 Exception <a 'java/lang/ClassNotFoundException'{0x00000000a9092340}: groovy/lang/MetaClassImplBeanInfo> (0x00000000a9092340) 
thrown [s\src\hotspot\share\classfile\systemDictionary.cpp, line 313]
Event: 25.799 Thread 0x00000251e555d7f0 Exception <a 'java/lang/ClassNotFoundException'{0x00000000a9096f28}: java/lang/ObjectBeanInfo> (0x00000000a9096f28) 
thrown [s\src\hotspot\share\classfile\systemDictionary.cpp, line 313]
Event: 25.800 Thread 0x00000251e555d7f0 Exception <a 'java/lang/ClassNotFoundException'{0x00000000a909cb20}: java/lang/ObjectCustomizer> (0x00000000a909cb20) 
thrown [s\src\hotspot\share\classfile\systemDictionary.cpp, line 313]
Event: 25.804 Thread 0x00000251e555d7f0 Exception <a 'java/lang/IncompatibleClassChangeError'{0x00000000a90ad468}: Found class java.lang.Object, but interface was expected> (0x00000000a90ad468) 
thrown [s\src\hotspot\share\interpreter\linkResolver.cpp, line 840]
Event: 25.817 Thread 0x00000251e555d7f0 Exception <a 'java/lang/ClassNotFoundException'{0x00000000a90c7b48}: groovy/lang/MetaClassImplCustomizer> (0x00000000a90c7b48) 
thrown [s\src\hotspot\share\classfile\systemDictionary.cpp, line 313]
Event: 25.820 Thread 0x00000251e555d7f0 Exception <a 'java/lang/ClassNotFoundException'{0x00000000a90f18d8}: groovy/lang/ExpandoMetaClassCustomizer> (0x00000000a90f18d8) 
thrown [s\src\hotspot\share\classfile\systemDictionary.cpp, line 313]
Event: 26.266 Thread 0x00000251e555d7f0 Exception <a 'java/lang/ClassNotFoundException'{0x00000000a2fdc0d0}: org/gradle/internal/extensibility/DefaultExtraPropertiesExtensionBeanInfo> (0x00000000a2fdc0d0) 
thrown [s\src\hotspot\share\classfile\systemDictionary.cpp, line 313]
Event: 26.267 Thread 0x00000251e555d7f0 Exception <a 'java/lang/ClassNotFoundException'{0x00000000a2fe4a78}: groovy/lang/GroovyObjectSupportBeanInfo> (0x00000000a2fe4a78) 
thrown [s\src\hotspot\share\classfile\systemDictionary.cpp, line 313]
Event: 26.268 Thread 0x00000251e555d7f0 Exception <a 'java/lang/ClassNotFoundException'{0x00000000a2fed428}: groovy/lang/GroovyObjectSupportCustomizer> (0x00000000a2fed428) 
thrown [s\src\hotspot\share\classfile\systemDictionary.cpp, line 313]
Event: 26.270 Thread 0x00000251e555d7f0 Exception <a 'java/lang/ClassNotFoundException'{0x00000000a2e07d88}: org/gradle/internal/extensibility/DefaultExtraPropertiesExtensionCustomizer> (0x00000000a2e07d88) 
thrown [s\src\hotspot\share\classfile\systemDictionary.cpp, line 313]
Event: 26.276 Thread 0x00000251e555d7f0 Exception <a 'java/lang/IncompatibleClassChangeError'{0x00000000a2e2aba8}: Found class java.lang.Object, but interface was expected> (0x00000000a2e2aba8) 
thrown [s\src\hotspot\share\interpreter\linkResolver.cpp, line 840]
Event: 26.313 Thread 0x00000251e555d7f0 Exception <a 'sun/nio/fs/WindowsException'{0x00000000a2d25f00}> (0x00000000a2d25f00) 
thrown [s\src\hotspot\share\prims\jni.cpp, line 520]
Event: 26.314 Thread 0x00000251e555d7f0 Exception <a 'sun/nio/fs/WindowsException'{0x00000000a2d27428}> (0x00000000a2d27428) 
thrown [s\src\hotspot\share\prims\jni.cpp, line 520]
Event: 26.314 Thread 0x00000251e555d7f0 Exception <a 'sun/nio/fs/WindowsException'{0x00000000a2d288f8}> (0x00000000a2d288f8) 
thrown [s\src\hotspot\share\prims\jni.cpp, line 520]
Event: 26.315 Thread 0x00000251e555d7f0 Exception <a 'sun/nio/fs/WindowsException'{0x00000000a2d299f0}> (0x00000000a2d299f0) 
thrown [s\src\hotspot\share\prims\jni.cpp, line 520]
Event: 26.387 Thread 0x00000251e555d7f0 Exception <a 'java/lang/IncompatibleClassChangeError'{0x00000000a2c7ebf0}: Found class java.lang.Object, but interface was expected> (0x00000000a2c7ebf0) 
thrown [s\src\hotspot\share\interpreter\linkResolver.cpp, line 840]
Event: 26.535 Thread 0x00000251e555d7f0 Exception <a 'java/lang/NoSuchMethodError'{0x00000000a2bbc5d8}: 'java.lang.Object java.lang.invoke.DirectMethodHandle$Holder.newInvokeSpecial(java.lang.Object, java.lang.Object, long)'> (0x00000000a2bbc5d8) 
thrown [s\src\hotspot\share\interpreter\linkResolver.cpp, line 773]
Event: 26.535 Thread 0x00000251e555d7f0 Exception <a 'java/lang/NoSuchMethodError'{0x00000000a2bc0c20}: 'java.lang.Object java.lang.invoke.Invokers$Holder.linkToTargetMethod(java.lang.Object, long, java.lang.Object)'> (0x00000000a2bc0c20) 
thrown [s\src\hotspot\share\interpreter\linkResolver.cpp, line 773]
Event: 26.844 Thread 0x00000251e555d7f0 Exception <a 'java/lang/NoSuchMethodError'{0x00000000a2823568}: 'int java.lang.invoke.DirectMethodHandle$Holder.invokeInterface(java.lang.Object, java.lang.Object)'> (0x00000000a2823568) 
thrown [s\src\hotspot\share\interpreter\linkResolver.cpp, line 773]
Event: 26.883 Thread 0x00000251e555d7f0 Exception <a 'java/lang/NoSuchMethodError'{0x00000000a28ae290}: 'java.lang.Object java.lang.invoke.DirectMethodHandle$Holder.invokeVirtual(java.lang.Object, java.lang.Object, int)'> (0x00000000a28ae290) 
thrown [s\src\hotspot\share\interpreter\linkResolver.cpp, line 773]

ZGC Phase Switch (0 events):
No events

VM Operations (20 events):
Event: 60.179 Executing non-safepoint VM operation: RendezvousGCThreads
Event: 60.179 Executing non-safepoint VM operation: RendezvousGCThreads done
Event: 61.191 Executing safepoint VM operation: Cleanup
Event: 61.191 Executing safepoint VM operation: Cleanup done
Event: 68.196 Executing safepoint VM operation: G1CollectForAllocation (G1 Evacuation Pause)
Event: 68.249 Executing safepoint VM operation: G1CollectForAllocation (G1 Evacuation Pause) done
Event: 69.256 Executing safepoint VM operation: Cleanup
Event: 69.257 Executing safepoint VM operation: Cleanup done
Event: 70.261 Executing safepoint VM operation: Cleanup
Event: 70.261 Executing safepoint VM operation: Cleanup done
Event: 72.278 Executing safepoint VM operation: Cleanup
Event: 72.278 Executing safepoint VM operation: Cleanup done
Event: 79.337 Executing safepoint VM operation: Cleanup
Event: 79.337 Executing safepoint VM operation: Cleanup done
Event: 81.362 Executing safepoint VM operation: Cleanup
Event: 81.362 Executing safepoint VM operation: Cleanup done
Event: 89.424 Executing safepoint VM operation: Cleanup
Event: 89.440 Executing safepoint VM operation: Cleanup done
Event: 90.441 Executing safepoint VM operation: Cleanup
Event: 90.441 Executing safepoint VM operation: Cleanup done

Memory protections (0 events):
No events

Nmethod flushes (0 events):
No events

Events (20 events):
Event: 19.716 Thread 0x00000251e0030bd0 Thread added: 0x00000251e041f4c0
Event: 19.862 Thread 0x00000251e041f4c0 Thread exited: 0x00000251e041f4c0
Event: 19.864 Thread 0x00000251e51882f0 Thread added: 0x00000251e01511b0
Event: 19.930 Thread 0x00000251e01511b0 Thread added: 0x00000251e041f4c0
Event: 20.061 Thread 0x00000251e01511b0 Thread added: 0x00000251e555e510
Event: 20.280 Thread 0x00000251e002ea50 Thread added: 0x00000251e53742e0
Event: 20.293 Thread 0x00000251e01511b0 Thread added: 0x00000251e555d7f0
Event: 20.314 Thread 0x00000251e555d7f0 Thread added: 0x00000251e555bdb0
Event: 20.322 Thread 0x00000251e555d7f0 Thread added: 0x00000251e555d160
Event: 20.328 Thread 0x00000251e555d7f0 Thread added: 0x00000251e555c440
Event: 20.902 Thread 0x00000251e53742e0 Thread exited: 0x00000251e53742e0
Event: 21.241 Thread 0x00000251e555d7f0 Thread added: 0x00000251e555cad0
Event: 21.470 Thread 0x00000251e555d7f0 Thread added: 0x00000251e555de80
Event: 21.549 Thread 0x00000251e555d7f0 Thread added: 0x00000251e555eba0
Event: 22.088 Thread 0x00000251e555de80 Thread added: 0x00000251e555f230
Event: 23.775 Thread 0x00000251e555d7f0 Thread added: 0x00000251e7de1050
Event: 23.822 Thread 0x00000251e555d7f0 Thread added: 0x00000251e7de16e0
Event: 24.365 Thread 0x00000251e555d7f0 Thread added: 0x00000251e7de1d70
Event: 24.379 Thread 0x00000251e555d7f0 Thread added: 0x00000251e7de0330
Event: 87.211 Thread 0x00000251e555f230 Thread exited: 0x00000251e555f230


Dynamic libraries:
0x00007ff6906c0000 - 0x00007ff6906ce000 	C:\Users\ishas\.vscode\extensions\redhat.java-1.56.0-win32-x64\jre\21.0.12.1-win32-x86_64\bin\java.exe
0x00007fff22660000 - 0x00007fff228c7000 	C:\Windows\SYSTEM32\ntdll.dll
0x00007fff21bc0000 - 0x00007fff21c8b000 	C:\Windows\System32\KERNEL32.DLL
0x00007fff1fcd0000 - 0x00007fff200d2000 	C:\Windows\System32\KERNELBASE.dll
0x00007fff1fb70000 - 0x00007fff1fcbc000 	C:\Windows\System32\ucrtbase.dll
0x00007ffeb4c70000 - 0x00007ffeb4c88000 	C:\Users\ishas\.vscode\extensions\redhat.java-1.56.0-win32-x64\jre\21.0.12.1-win32-x86_64\bin\jli.dll
0x00007fff222b0000 - 0x00007fff2247f000 	C:\Windows\System32\USER32.dll
0x00007fff20220000 - 0x00007fff20247000 	C:\Windows\System32\win32u.dll
0x00007fff21d20000 - 0x00007fff21d4b000 	C:\Windows\System32\GDI32.dll
0x00007fff20250000 - 0x00007fff20379000 	C:\Windows\System32\gdi32full.dll
0x00007fff200e0000 - 0x00007fff20183000 	C:\Windows\System32\msvcp_win.dll
0x00007ffee06c0000 - 0x00007ffee06de000 	C:\Users\ishas\.vscode\extensions\redhat.java-1.56.0-win32-x64\jre\21.0.12.1-win32-x86_64\bin\VCRUNTIME140.dll
0x00007fff08e50000 - 0x00007fff090e0000 	C:\Windows\WinSxS\amd64_microsoft.windows.common-controls_6595b64144ccf1df_6.0.26100.9278_none_3e0d1ba8e3303201\COMCTL32.dll
0x00007fff20460000 - 0x00007fff20509000 	C:\Windows\System32\msvcrt.dll
0x00007fff21eb0000 - 0x00007fff21ee1000 	C:\Windows\System32\IMM32.DLL
0x00007fff1bf50000 - 0x00007fff1bf5c000 	C:\Users\ishas\.vscode\extensions\redhat.java-1.56.0-win32-x64\jre\21.0.12.1-win32-x86_64\bin\vcruntime140_1.dll
0x00007ffeac2d0000 - 0x00007ffeac35d000 	C:\Users\ishas\.vscode\extensions\redhat.java-1.56.0-win32-x64\jre\21.0.12.1-win32-x86_64\bin\msvcp140.dll
0x00007ffe828b0000 - 0x00007ffe83652000 	C:\Users\ishas\.vscode\extensions\redhat.java-1.56.0-win32-x64\jre\21.0.12.1-win32-x86_64\bin\server\jvm.dll
0x00007fff21ef0000 - 0x00007fff21fac000 	C:\Windows\System32\ADVAPI32.dll
0x00007fff21e00000 - 0x00007fff21ea9000 	C:\Windows\System32\sechost.dll
0x00007fff22500000 - 0x00007fff22618000 	C:\Windows\System32\RPCRT4.dll
0x00007fff21c90000 - 0x00007fff21d10000 	C:\Windows\System32\WS2_32.dll
0x00007fff1f6c0000 - 0x00007fff1f71e000 	C:\Windows\SYSTEM32\POWRPROF.dll
0x00007fff17580000 - 0x00007fff175b6000 	C:\Windows\SYSTEM32\WINMM.dll
0x00007fff0cde0000 - 0x00007fff0cdeb000 	C:\Windows\SYSTEM32\VERSION.dll
0x00007fff1f6a0000 - 0x00007fff1f6b5000 	C:\Windows\SYSTEM32\UMPDC.dll
0x00007fff1e530000 - 0x00007fff1e54b000 	C:\Windows\SYSTEM32\kernel.appcore.dll
0x00007fff17090000 - 0x00007fff1709a000 	C:\Users\ishas\.vscode\extensions\redhat.java-1.56.0-win32-x64\jre\21.0.12.1-win32-x86_64\bin\jimage.dll
0x00007fff1ce70000 - 0x00007fff1d0bc000 	C:\Windows\SYSTEM32\DBGHELP.DLL
0x00007fff20ed0000 - 0x00007fff21255000 	C:\Windows\System32\combase.dll
0x00007fff21a50000 - 0x00007fff21b29000 	C:\Windows\System32\OLEAUT32.dll
0x00007fff17540000 - 0x00007fff1757b000 	C:\Windows\SYSTEM32\dbgcore.DLL
0x00007fff1fab0000 - 0x00007fff1fb5c000 	C:\Windows\System32\bcryptPrimitives.dll
0x00007ffebe020000 - 0x00007ffebe02f000 	C:\Users\ishas\.vscode\extensions\redhat.java-1.56.0-win32-x64\jre\21.0.12.1-win32-x86_64\bin\instrument.dll
0x00007ffedcd90000 - 0x00007ffedcdb0000 	C:\Users\ishas\.vscode\extensions\redhat.java-1.56.0-win32-x64\jre\21.0.12.1-win32-x86_64\bin\java.dll
0x00007fff20510000 - 0x00007fff20ca8000 	C:\Windows\System32\SHELL32.dll
0x00007fff1d290000 - 0x00007fff1db3e000 	C:\Windows\SYSTEM32\windows.storage.dll
0x00007fff21fc0000 - 0x00007fff220bb000 	C:\Windows\System32\SHCORE.dll
0x00007fff22490000 - 0x00007fff224f6000 	C:\Windows\System32\shlwapi.dll
0x00007fff1f780000 - 0x00007fff1f7a9000 	C:\Windows\SYSTEM32\profapi.dll
0x00007ffedcd70000 - 0x00007ffedcd88000 	C:\Users\ishas\.vscode\extensions\redhat.java-1.56.0-win32-x64\jre\21.0.12.1-win32-x86_64\bin\zip.dll
0x00007ffee04e0000 - 0x00007ffee04f0000 	C:\Users\ishas\.vscode\extensions\redhat.java-1.56.0-win32-x64\jre\21.0.12.1-win32-x86_64\bin\net.dll
0x00007fff0dc00000 - 0x00007fff0dd2a000 	C:\Windows\SYSTEM32\WINHTTP.dll
0x00007fff1eaf0000 - 0x00007fff1eb5c000 	C:\Windows\system32\mswsock.dll
0x00007ffedcd50000 - 0x00007ffedcd66000 	C:\Users\ishas\.vscode\extensions\redhat.java-1.56.0-win32-x64\jre\21.0.12.1-win32-x86_64\bin\nio.dll
0x00007ffebc9a0000 - 0x00007ffebc9b0000 	C:\Users\ishas\.vscode\extensions\redhat.java-1.56.0-win32-x64\jre\21.0.12.1-win32-x86_64\bin\verify.dll
0x00007ffeac360000 - 0x00007ffeac387000 	C:\Users\ishas\.gradle\native\1def1411415f61bf3af743bc5b6707747c0891f09f0c88961ee8f79bc544acac\windows-amd64\native-platform.dll
0x00007ffe88010000 - 0x00007ffe88088000 	C:\Users\ishas\.gradle\native\0.2.7\x86_64-windows-gnu\gradle-fileevents.dll
0x00007ffebc890000 - 0x00007ffebc89a000 	C:\Users\ishas\.vscode\extensions\redhat.java-1.56.0-win32-x64\jre\21.0.12.1-win32-x86_64\bin\management.dll
0x00007ffebc430000 - 0x00007ffebc43c000 	C:\Users\ishas\.vscode\extensions\redhat.java-1.56.0-win32-x64\jre\21.0.12.1-win32-x86_64\bin\management_ext.dll
0x00007fff20380000 - 0x00007fff20388000 	C:\Windows\System32\PSAPI.DLL
0x00007fff1df00000 - 0x00007fff1df33000 	C:\Windows\SYSTEM32\IPHLPAPI.DLL
0x00007fff22280000 - 0x00007fff2228a000 	C:\Windows\System32\NSI.dll
0x00007ffeb9d70000 - 0x00007ffeb9d79000 	C:\Users\ishas\.vscode\extensions\redhat.java-1.56.0-win32-x64\jre\21.0.12.1-win32-x86_64\bin\extnet.dll
0x00007fff1ede0000 - 0x00007fff1edfb000 	C:\Windows\SYSTEM32\CRYPTSP.dll
0x00007fff1e490000 - 0x00007fff1e4c9000 	C:\Windows\system32\rsaenh.dll
0x00007fff1eba0000 - 0x00007fff1ebd4000 	C:\Windows\SYSTEM32\USERENV.dll
0x00007fff1f750000 - 0x00007fff1f77a000 	C:\Windows\SYSTEM32\bcrypt.dll
0x00007fff1ee00000 - 0x00007fff1ee0c000 	C:\Windows\SYSTEM32\CRYPTBASE.dll
0x00007ffeb9300000 - 0x00007ffeb930e000 	C:\Users\ishas\.vscode\extensions\redhat.java-1.56.0-win32-x64\jre\21.0.12.1-win32-x86_64\bin\sunmscapi.dll
0x00007fff1f860000 - 0x00007fff1f9de000 	C:\Windows\System32\CRYPT32.dll
0x00007fff1f020000 - 0x00007fff1f050000 	C:\Windows\SYSTEM32\ncrypt.dll
0x00007fff1efd0000 - 0x00007fff1f00f000 	C:\Windows\SYSTEM32\NTASN1.dll
0x00007fff01a10000 - 0x00007fff01a18000 	C:\Windows\system32\wshunix.dll

JVMTI agents:
C:\Users\ishas\.gradle\wrapper\dists\gradle-8.14.3-all\10utluxaxniiv4wxiphsi49nj\gradle-8.14.3\lib\agents\gradle-instrumentation-agent-8.14.3.jar path:C:\Users\ishas\.vscode\extensions\redhat.java-1.56.0-win32-x64\jre\21.0.12.1-win32-x86_64\bin\instrument.dll, loaded, initialized, instrumentlib options:none

dbghelp: loaded successfully - version: 4.0.5 - missing functions: none
symbol engine: initialized successfully - sym options: 0x614 - pdb path: .;C:\Users\ishas\.vscode\extensions\redhat.java-1.56.0-win32-x64\jre\21.0.12.1-win32-x86_64\bin;C:\Windows\SYSTEM32;C:\Windows\WinSxS\amd64_microsoft.windows.common-controls_6595b64144ccf1df_6.0.26100.9278_none_3e0d1ba8e3303201;C:\Users\ishas\.vscode\extensions\redhat.java-1.56.0-win32-x64\jre\21.0.12.1-win32-x86_64\bin\server;C:\Users\ishas\.gradle\native\1def1411415f61bf3af743bc5b6707747c0891f09f0c88961ee8f79bc544acac\windows-amd64;C:\Users\ishas\.gradle\native\0.2.7\x86_64-windows-gnu

VM Arguments:
jvm_args: --add-opens=java.base/java.lang=ALL-UNNAMED --add-opens=java.base/java.lang.invoke=ALL-UNNAMED --add-opens=java.base/java.util=ALL-UNNAMED --add-opens=java.prefs/java.util.prefs=ALL-UNNAMED --add-exports=jdk.compiler/com.sun.tools.javac.api=ALL-UNNAMED --add-exports=jdk.compiler/com.sun.tools.javac.util=ALL-UNNAMED --add-opens=java.base/java.util=ALL-UNNAMED --add-opens=java.prefs/java.util.prefs=ALL-UNNAMED --add-opens=java.base/java.nio.charset=ALL-UNNAMED --add-opens=java.base/java.net=ALL-UNNAMED --add-opens=java.base/java.util.concurrent.atomic=ALL-UNNAMED --add-opens=java.xml/javax.xml.namespace=ALL-UNNAMED -Xmx1536m -Dfile.encoding=UTF-8 -Duser.country=IN -Duser.language=en -Duser.variant -javaagent:C:\Users\ishas\.gradle\wrapper\dists\gradle-8.14.3-all\10utluxaxniiv4wxiphsi49nj\gradle-8.14.3\lib\agents\gradle-instrumentation-agent-8.14.3.jar 
java_command: org.gradle.launcher.daemon.bootstrap.GradleDaemon 8.14.3
java_class_path (initial): C:\Users\ishas\.gradle\wrapper\dists\gradle-8.14.3-all\10utluxaxniiv4wxiphsi49nj\gradle-8.14.3\lib\gradle-daemon-main-8.14.3.jar
Launcher Type: SUN_STANDARD

[Global flags]
     intx CICompilerCount                          = 4                                         {product} {ergonomic}
     uint ConcGCThreads                            = 3                                         {product} {ergonomic}
     uint G1ConcRefinementThreads                  = 10                                        {product} {ergonomic}
   size_t G1HeapRegionSize                         = 1048576                                   {product} {ergonomic}
    uintx GCDrainStackTargetSize                   = 64                                        {product} {ergonomic}
   size_t InitialHeapSize                          = 264241152                                 {product} {ergonomic}
   size_t MarkStackSize                            = 4194304                                   {product} {ergonomic}
   size_t MaxHeapSize                              = 1610612736                                {product} {command line}
   size_t MaxNewSize                               = 965738496                                 {product} {ergonomic}
   size_t MinHeapDeltaBytes                        = 1048576                                   {product} {ergonomic}
   size_t MinHeapSize                              = 8388608                                   {product} {ergonomic}
    uintx NonNMethodCodeHeapSize                   = 5839372                                {pd product} {ergonomic}
    uintx NonProfiledCodeHeapSize                  = 122909434                              {pd product} {ergonomic}
    uintx ProfiledCodeHeapSize                     = 122909434                              {pd product} {ergonomic}
    uintx ReservedCodeCacheSize                    = 251658240                              {pd product} {ergonomic}
     bool SegmentedCodeCache                       = true                                      {product} {ergonomic}
   size_t SoftMaxHeapSize                          = 1610612736                             {manageable} {ergonomic}
     bool UseCompressedOops                        = true                           {product lp64_product} {ergonomic}
     bool UseG1GC                                  = true                                      {product} {ergonomic}
     bool UseLargePagesIndividualAllocation        = false                                  {pd product} {ergonomic}

Logging:
Log output configuration:
 #0: stdout all=warning uptime,level,tags foldmultilines=false
 #1: stderr all=off uptime,level,tags foldmultilines=false

Release file:
JAVA_VERSION="21.0.12.1" 
MODULES="java.base java.compiler java.datatransfer java.xml java.prefs java.desktop java.instrument java.logging java.management java.security.sasl java.naming java.rmi java.management.rmi java.net.http java.scripting java.security.jgss java.transaction.xa java.sql java.sql.rowset java.xml.crypto java.se java.smartcardio jdk.accessibility jdk.internal.jvmstat jdk.attach jdk.charsets jdk.internal.opt jdk.zipfs jdk.compiler jdk.crypto.ec jdk.crypto.cryptoki jdk.crypto.mscapi jdk.dynalink jdk.internal.ed jdk.editpad jdk.hotspot.agent jdk.httpserver jdk.internal.le jdk.internal.vm.ci jdk.internal.vm.compiler jdk.internal.vm.compiler.management jdk.jartool jdk.javadoc jdk.jcmd jdk.management jdk.management.agent jdk.jconsole jdk.jdeps jdk.jdwp.agent jdk.jdi jdk.jfr jdk.jshell jdk.jsobject jdk.jstatd jdk.localedata jdk.management.jfr jdk.naming.dns jdk.naming.rmi jdk.net jdk.nio.mapmode jdk.random jdk.sctp jdk.security.auth jdk.security.jgss jdk.unsupported jdk.unsupported.desktop jdk.xml.dom" 

Environment Variables:
PATH=C:\Program Files\Microsoft\jdk-17.0.12.7-hotspot\bin;C:\Program Files\Eclipse Adoptium\jdk-17.0.17.10-hotspot\bin;C:\Windows\system32;C:\Windows;C:\Windows\System32\Wbem;C:\Windows\System32\WindowsPowerShell\v1.0\;C:\Windows\System32\OpenSSH\;C:\Program Files\nodejs\;C:\Users\ishas\Downloads\apache-maven-3.9.11-bin\apache-maven-3.9.11\bin;C:\Users\ishas\Downloads\apache-maven-3.9.11-bin\apache-maven-3.9.11\bin;C:\Program Files\MySQL\MySQL Server 8.0\bin;C:\Users\ishas\AppData\Local\Programs\Python\Python313;C:\Program Files\Git\cmd;C:\Users\ishas\AppData\Local\Programs\Python\Launcher\;C:\Program Files\MySQL\MySQL Shell 8.0\bin\;C:\Users\ishas\AppData\Local\Microsoft\WindowsApps;C:\Users\ishas\AppData\Local\Programs\Microsoft VS Code\bin;C:\Users\ishas\AppData\Roaming\npm
USERNAME=ishas
OS=Windows_NT
PROCESSOR_IDENTIFIER=Intel64 Family 6 Model 186 Stepping 2, GenuineIntel
TMP=C:\Users\ishas\AppData\Local\Temp
TEMP=C:\Users\ishas\AppData\Local\Temp




Periodic native trim disabled

---------------  S Y S T E M  ---------------

OS:
 Windows 11 , 64 bit Build 26100 (10.0.26100.9444)
OS uptime: 0 days 0:24 hours
Hyper-V role detected

CPU: total 12 (initial active 12) (6 cores per cpu, 2 threads per core) family 6 model 186 stepping 2 microcode 0x4122, cx8, cmov, fxsr, ht, mmx, 3dnowpref, sse, sse2, sse3, ssse3, sse4.1, sse4.2, popcnt, lzcnt, tsc, tscinvbit, avx, avx2, aes, erms, clmul, bmi1, bmi2, adx, sha, fma, vzeroupper, clflush, clflushopt, clwb, hv, serialize, rdtscp, rdpid, fsrm, f16c, cet_ibt, cet_ss
Processor Information for processor 0
  Max Mhz: 2100, Current Mhz: 2100, Mhz Limit: 2100
Processor Information for processor 1
  Max Mhz: 2100, Current Mhz: 1453, Mhz Limit: 2100
Processor Information for processor 2
  Max Mhz: 2100, Current Mhz: 2100, Mhz Limit: 2100
Processor Information for processor 3
  Max Mhz: 2100, Current Mhz: 1453, Mhz Limit: 2100
Processor Information for processor 4
  Max Mhz: 2100, Current Mhz: 2100, Mhz Limit: 2100
Processor Information for processor 5
  Max Mhz: 2100, Current Mhz: 1453, Mhz Limit: 2100
Processor Information for processor 6
  Max Mhz: 2100, Current Mhz: 2100, Mhz Limit: 2100
Processor Information for processor 7
  Max Mhz: 2100, Current Mhz: 1453, Mhz Limit: 2100
Processor Information for processor 8
  Max Mhz: 2100, Current Mhz: 1540, Mhz Limit: 2100
Processor Information for processor 9
  Max Mhz: 2100, Current Mhz: 1540, Mhz Limit: 2100
Processor Information for processor 10
  Max Mhz: 2100, Current Mhz: 1540, Mhz Limit: 2100
Processor Information for processor 11
  Max Mhz: 2100, Current Mhz: 2100, Mhz Limit: 2100

Memory: 4k page, system-wide physical 16076M (885M free)
TotalPageFile size 65228M (AvailPageFile size 56M)
current process WorkingSet (physical memory assigned to process): 35M, peak: 244M
current process commit charge ("private bytes"): 265M, peak: 422M

vm_info: OpenJDK 64-Bit Server VM (21.0.12.1+1-LTS) for windows-amd64 JRE (21.0.12.1+1-LTS), built on 2026-08-18T00:00:00Z by "admin" with MS VC++ 17.12 (VS2022)

END.
