#
# There is insufficient memory for the Java Runtime Environment to continue.
# Native memory allocation (malloc) failed to allocate 32744 bytes. Error detail: Chunk::new
# Possible reasons:
#   The system is out of physical RAM or swap space
#   This process is running with CompressedOops enabled, and the Java Heap may be blocking the growth of the native heap
# Possible solutions:
#   Reduce memory load on the system
#   Increase physical memory or swap space
#   Check if swap backing store is full
#   Decrease Java heap size (-Xmx/-Xms)
#   Decrease number of Java threads
#   Decrease Java thread stack sizes (-Xss)
#   Set larger code cache with -XX:ReservedCodeCacheSize=
#   JVM is running with Unscaled Compressed Oops mode in which the Java heap is
#     placed in the first 4GB address space. The Java Heap base address is the
#     maximum limit for the native heap growth. Please use -XX:HeapBaseMinAddress
#     to set the Java Heap base and to place the Java Heap above 4GB virtual address.
# This output file may be truncated or incomplete.
#
#  Out of Memory Error (arena.cpp:168), pid=27736, tid=28384
#
# JRE version: OpenJDK Runtime Environment Temurin-21.0.12.1+1 (21.0.12.1+1) (build 21.0.12.1+1-LTS)
# Java VM: OpenJDK 64-Bit Server VM Temurin-21.0.12.1+1 (21.0.12.1+1-LTS, mixed mode, sharing, tiered, compressed oops, compressed class ptrs, g1 gc, windows-amd64)
# No core dump will be written. Minidumps are not enabled by default on client versions of Windows
#

---------------  S U M M A R Y ------------

Command Line: --add-opens=java.base/java.lang=ALL-UNNAMED --add-opens=java.base/java.lang.invoke=ALL-UNNAMED --add-opens=java.base/java.util=ALL-UNNAMED --add-opens=java.prefs/java.util.prefs=ALL-UNNAMED --add-exports=jdk.compiler/com.sun.tools.javac.api=ALL-UNNAMED --add-exports=jdk.compiler/com.sun.tools.javac.util=ALL-UNNAMED --add-opens=java.base/java.util=ALL-UNNAMED --add-opens=java.prefs/java.util.prefs=ALL-UNNAMED --add-opens=java.base/java.nio.charset=ALL-UNNAMED --add-opens=java.base/java.net=ALL-UNNAMED --add-opens=java.base/java.util.concurrent.atomic=ALL-UNNAMED --add-opens=java.xml/javax.xml.namespace=ALL-UNNAMED -Xmx1536m -Dfile.encoding=UTF-8 -Duser.country=IN -Duser.language=en -Duser.variant -javaagent:C:\Users\ishas\.gradle\wrapper\dists\gradle-8.14.3-all\10utluxaxniiv4wxiphsi49nj\gradle-8.14.3\lib\agents\gradle-instrumentation-agent-8.14.3.jar org.gradle.launcher.daemon.bootstrap.GradleDaemon 8.14.3

Host: 13th Gen Intel(R) Core(TM) i5-13420H, 12 cores, 15G,  Windows 11 , 64 bit Build 26100 (10.0.26100.9444)
Time: Mon Sep 14 18:20:33 2026 India Standard Time elapsed time: 841.358871 seconds (0d 0h 14m 1s)

---------------  T H R E A D  ---------------

Current thread (0x000001f9f7c962c0):  JavaThread "C2 CompilerThread0" daemon [_thread_in_native, id=28384, stack(0x000000f2d2a00000,0x000000f2d2b00000) (1024K)]


Current CompileTask:
C2:841360 5318       4       org.gradle.internal.time.ExponentialBackoff::retryUntil (65 bytes)

Stack: [0x000000f2d2a00000,0x000000f2d2b00000]
Native frames: (J=compiled Java code, j=interpreted, Vv=VM code, C=native code)
V  [jvm.dll+0x6d83e9]
V  [jvm.dll+0x8b5736]
V  [jvm.dll+0x8b7cee]
V  [jvm.dll+0x8b83d3]
V  [jvm.dll+0x284596]
V  [jvm.dll+0xc685d]
V  [jvm.dll+0xc6da1]
V  [jvm.dll+0xc6985]
V  [jvm.dll+0x89f18c]
V  [jvm.dll+0x60502c]
V  [jvm.dll+0x600238]
V  [jvm.dll+0x5ffffd]
V  [jvm.dll+0x5ff168]
V  [jvm.dll+0x255d67]
V  [jvm.dll+0x24ddab]
V  [jvm.dll+0x24bbe6]
V  [jvm.dll+0x1cb4ae]
V  [jvm.dll+0x25baad]
V  [jvm.dll+0x25a03a]
V  [jvm.dll+0x3f8aae]
V  [jvm.dll+0x8600cd]
V  [jvm.dll+0x6d6c1d]
C  [ucrtbase.dll+0x2cd30]
C  [KERNEL32.DLL+0x2cd87]
C  [ntdll.dll+0xacaec]


---------------  P R O C E S S  ---------------

Threads class SMR info:
_java_thread_list=0x000001f9c1a762e0, length=36, elements={
0x000001f9de637d20, 0x000001f9f7c84890, 0x000001f9f7c87500, 0x000001f9f7c93610,
0x000001f9f7c94070, 0x000001f9f7c94ad0, 0x000001f9f7c95530, 0x000001f9f7c962c0,
0x000001f9f7c98d70, 0x000001f9f7f00ad0, 0x000001f9f7effb80, 0x000001f9fd25aea0,
0x000001f9fe016620, 0x000001f9f7ebd890, 0x000001f9fd531000, 0x000001f9fd5cc1a0,
0x000001f9f7de5280, 0x000001f9f7de3ed0, 0x000001f9f7de6630, 0x000001f9f7de31b0,
0x000001f9f7de4bf0, 0x000001f9f7de5910, 0x000001f9f7de5fa0, 0x000001f9f7de4560,
0x000001f9fe140380, 0x000001f9fe13e2b0, 0x000001f9fe1410a0, 0x000001f9fe140a10,
0x000001f9fe141dc0, 0x000001f9fe13e940, 0x000001f9fe13efd0, 0x000001f9fe142ae0,
0x000001f9fe144bb0, 0x000001f9fe145240, 0x000001f9fe144520, 0x000001f9fe143170
}

Java Threads: ( => current thread )
  0x000001f9de637d20 JavaThread "main"                              [_thread_blocked, id=28020, stack(0x000000f2d1c00000,0x000000f2d1d00000) (1024K)]
  0x000001f9f7c84890 JavaThread "Reference Handler"          daemon [_thread_blocked, id=28360, stack(0x000000f2d2400000,0x000000f2d2500000) (1024K)]
  0x000001f9f7c87500 JavaThread "Finalizer"                  daemon [_thread_blocked, id=28364, stack(0x000000f2d2500000,0x000000f2d2600000) (1024K)]
  0x000001f9f7c93610 JavaThread "Signal Dispatcher"          daemon [_thread_blocked, id=28368, stack(0x000000f2d2600000,0x000000f2d2700000) (1024K)]
  0x000001f9f7c94070 JavaThread "Attach Listener"            daemon [_thread_blocked, id=28372, stack(0x000000f2d2700000,0x000000f2d2800000) (1024K)]
  0x000001f9f7c94ad0 JavaThread "Service Thread"             daemon [_thread_blocked, id=28376, stack(0x000000f2d2800000,0x000000f2d2900000) (1024K)]
  0x000001f9f7c95530 JavaThread "Monitor Deflation Thread"   daemon [_thread_blocked, id=28380, stack(0x000000f2d2900000,0x000000f2d2a00000) (1024K)]
=>0x000001f9f7c962c0 JavaThread "C2 CompilerThread0"         daemon [_thread_in_native, id=28384, stack(0x000000f2d2a00000,0x000000f2d2b00000) (1024K)]
  0x000001f9f7c98d70 JavaThread "C1 CompilerThread0"         daemon [_thread_blocked, id=28388, stack(0x000000f2d2b00000,0x000000f2d2c00000) (1024K)]
  0x000001f9f7f00ad0 JavaThread "Common-Cleaner"             daemon [_thread_blocked, id=28644, stack(0x000000f2d2c00000,0x000000f2d2d00000) (1024K)]
  0x000001f9f7effb80 JavaThread "Notification Thread"        daemon [_thread_blocked, id=9708, stack(0x000000f2d2d00000,0x000000f2d2e00000) (1024K)]
  0x000001f9fd25aea0 JavaThread "Daemon health stats"               [_thread_blocked, id=30148, stack(0x000000f2d3300000,0x000000f2d3400000) (1024K)]
  0x000001f9fe016620 JavaThread "Incoming local TCP Connector on port 54974"        [_thread_in_native, id=31000, stack(0x000000f2d3400000,0x000000f2d3500000) (1024K)]
  0x000001f9f7ebd890 JavaThread "Daemon periodic checks"            [_thread_blocked, id=31724, stack(0x000000f2d3500000,0x000000f2d3600000) (1024K)]
  0x000001f9fd531000 JavaThread "Daemon"                            [_thread_blocked, id=27424, stack(0x000000f2d3600000,0x000000f2d3700000) (1024K)]
  0x000001f9fd5cc1a0 JavaThread "Handler for socket connection from /127.0.0.1:54974 to /127.0.0.1:54987"        [_thread_in_native, id=19896, stack(0x000000f2d3700000,0x000000f2d3800000) (1024K)]
  0x000001f9f7de5280 JavaThread "Cancel handler"                    [_thread_blocked, id=27332, stack(0x000000f2d3800000,0x000000f2d3900000) (1024K)]
  0x000001f9f7de3ed0 JavaThread "Daemon worker"                     [_thread_blocked, id=31616, stack(0x000000f2d3900000,0x000000f2d3a00000) (1024K)]
  0x000001f9f7de6630 JavaThread "Asynchronous log dispatcher for DefaultDaemonConnection: socket connection from /127.0.0.1:54974 to /127.0.0.1:54987"        [_thread_blocked, id=18448, stack(0x000000f2d3a00000,0x000000f2d3b00000) (1024K)]
  0x000001f9f7de31b0 JavaThread "Stdin handler"                     [_thread_blocked, id=31764, stack(0x000000f2d3b00000,0x000000f2d3c00000) (1024K)]
  0x000001f9f7de4bf0 JavaThread "Daemon client event forwarder"        [_thread_blocked, id=31056, stack(0x000000f2d3c00000,0x000000f2d3d00000) (1024K)]
  0x000001f9f7de5910 JavaThread "Cache worker for journal cache (C:\Users\ishas\.gradle\caches\journal-1)"        [_thread_blocked, id=11524, stack(0x000000f2d3d00000,0x000000f2d3e00000) (1024K)]
  0x000001f9f7de5fa0 JavaThread "File lock request listener"        [_thread_in_native, id=18544, stack(0x000000f2d3e00000,0x000000f2d3f00000) (1024K)]
  0x000001f9f7de4560 JavaThread "Cache worker for file hash cache (C:\Users\ishas\.gradle\caches\8.14.3\fileHashes)"        [_thread_blocked, id=26520, stack(0x000000f2d4100000,0x000000f2d4200000) (1024K)]
  0x000001f9fe140380 JavaThread "Cache worker for file hash cache (C:\Users\ishas\Downloads\ai-yoga-assistant-razorpay-v9\yoga3\android\.gradle\8.14.3\fileHashes)"        [_thread_blocked, id=29300, stack(0x000000f2d4800000,0x000000f2d4900000) (1024K)]
  0x000001f9fe13e2b0 JavaThread "Cache worker for Build Output Cleanup Cache (C:\Users\ishas\Downloads\ai-yoga-assistant-razorpay-v9\yoga3\android\.gradle\buildOutputCleanup)"        [_thread_blocked, id=26360, stack(0x000000f2d4900000,0x000000f2d4a00000) (1024K)]
  0x000001f9fe1410a0 JavaThread "File watcher server"        daemon [_thread_in_native, id=28004, stack(0x000000f2d4a00000,0x000000f2d4b00000) (1024K)]
  0x000001f9fe140a10 JavaThread "File watcher consumer"      daemon [_thread_blocked, id=32692, stack(0x000000f2d4b00000,0x000000f2d4c00000) (1024K)]
  0x000001f9fe141dc0 JavaThread "jar transforms"                    [_thread_blocked, id=33344, stack(0x000000f2d4700000,0x000000f2d4800000) (1024K)]
  0x000001f9fe13e940 JavaThread "jar transforms Thread 2"           [_thread_blocked, id=35360, stack(0x000000f2d1a00000,0x000000f2d1b00000) (1024K)]
  0x000001f9fe13efd0 JavaThread "Cache worker for checksums cache (C:\Users\ishas\Downloads\ai-yoga-assistant-razorpay-v9\yoga3\android\.gradle\8.14.3\checksums)"        [_thread_blocked, id=36496, stack(0x000000f2d1b00000,0x000000f2d1c00000) (1024K)]
  0x000001f9fe142ae0 JavaThread "Cache worker for file content cache (C:\Users\ishas\.gradle\caches\8.14.3\fileContent)"        [_thread_blocked, id=36524, stack(0x000000f2d4c00000,0x000000f2d4d00000) (1024K)]
  0x000001f9fe144bb0 JavaThread "jar transforms Thread 3"           [_thread_blocked, id=37124, stack(0x000000f2d4d00000,0x000000f2d4e00000) (1024K)]
  0x000001f9fe145240 JavaThread "jar transforms Thread 4"           [_thread_blocked, id=42360, stack(0x000000f2d4e00000,0x000000f2d4f00000) (1024K)]
  0x000001f9fe144520 JavaThread "File lock release action executor Thread 2"        [_thread_blocked, id=59836, stack(0x000000f2d3f00000,0x000000f2d4000000) (1024K)]
  0x000001f9fe143170 JavaThread "jar transforms Thread 5"           [_thread_blocked, id=10300, stack(0x000000f2d4f00000,0x000000f2d5000000) (1024K)]
Total: 36

Other Threads:
  0x000001f9f7c5eb20 VMThread "VM Thread"                           [id=28216, stack(0x000000f2d2300000,0x000000f2d2400000) (1024K)]
  0x000001f9f7c50cd0 WatcherThread "VM Periodic Task Thread"        [id=28212, stack(0x000000f2d2200000,0x000000f2d2300000) (1024K)]
  0x000001f9e0aa7eb0 WorkerThread "GC Thread#0"                     [id=28176, stack(0x000000f2d1d00000,0x000000f2d1e00000) (1024K)]
  0x000001f9f8155620 WorkerThread "GC Thread#1"                     [id=26484, stack(0x000000f2d2e00000,0x000000f2d2f00000) (1024K)]
  0x000001f9f80e7190 WorkerThread "GC Thread#2"                     [id=23948, stack(0x000000f2d2f00000,0x000000f2d3000000) (1024K)]
  0x000001f9f80e7540 WorkerThread "GC Thread#3"                     [id=28488, stack(0x000000f2d3000000,0x000000f2d3100000) (1024K)]
  0x000001f9f80e78f0 WorkerThread "GC Thread#4"                     [id=28484, stack(0x000000f2d3100000,0x000000f2d3200000) (1024K)]
  0x000001f9f80010c0 WorkerThread "GC Thread#5"                     [id=28600, stack(0x000000f2d3200000,0x000000f2d3300000) (1024K)]
  0x000001f9fe5567b0 WorkerThread "GC Thread#6"                     [id=32432, stack(0x000000f2d4000000,0x000000f2d4100000) (1024K)]
  0x000001f9fe555ca0 WorkerThread "GC Thread#7"                     [id=32440, stack(0x000000f2d4200000,0x000000f2d4300000) (1024K)]
  0x000001f9fe554de0 WorkerThread "GC Thread#8"                     [id=32444, stack(0x000000f2d4300000,0x000000f2d4400000) (1024K)]
  0x000001f9fe555540 WorkerThread "GC Thread#9"                     [id=32556, stack(0x000000f2d4400000,0x000000f2d4500000) (1024K)]
  0x000001f9e0ab4db0 ConcurrentGCThread "G1 Main Marker"            [id=28180, stack(0x000000f2d1e00000,0x000000f2d1f00000) (1024K)]
  0x000001f9e0ab57d0 WorkerThread "G1 Conc#0"                       [id=28184, stack(0x000000f2d1f00000,0x000000f2d2000000) (1024K)]
  0x000001f9fe553b70 WorkerThread "G1 Conc#1"                       [id=28464, stack(0x000000f2d4500000,0x000000f2d4600000) (1024K)]
  0x000001f9fe553410 WorkerThread "G1 Conc#2"                       [id=28396, stack(0x000000f2d4600000,0x000000f2d4700000) (1024K)]
  0x000001f9f7b21680 ConcurrentGCThread "G1 Refine#0"               [id=28188, stack(0x000000f2d2000000,0x000000f2d2100000) (1024K)]
  0x000001f9f7b23fd0 ConcurrentGCThread "G1 Service"                [id=28192, stack(0x000000f2d2100000,0x000000f2d2200000) (1024K)]
Total: 18

Threads with active compile tasks:
C2 CompilerThread0  841519 5318       4       org.gradle.internal.time.ExponentialBackoff::retryUntil (65 bytes)
Total: 1

VM state: not at safepoint (normal execution)

VM Mutex/Monitor currently owned by a thread: None

Heap address: 0x00000000a0000000, size: 1536 MB, Compressed Oops mode: 32-bit

CDS archive(s) mapped at: [0x000001f980000000-0x000001f980ba0000-0x000001f980ba0000), size 12189696, SharedBaseAddress: 0x000001f980000000, ArchiveRelocationMode: 1.
Compressed class space mapped at: 0x000001f981000000-0x000001f9c1000000, reserved size: 1073741824
Narrow klass base: 0x000001f980000000, Narrow klass shift: 0, Narrow klass range: 0x100000000

GC Precious Log:
 CardTable entry size: 512
 Card Set container configuration: InlinePtr #cards 5 size 8 Array Of Cards #cards 12 size 40 Howl #buckets 4 coarsen threshold 1843 Howl Bitmap #cards 512 size 80 coarsen threshold 460 Card regions per heap region 1 cards per card region 2048
 CPUs: 12 total, 12 available
 Memory: 16076M
 Large Page Support: Disabled
 NUMA Support: Disabled
 Compressed Oops: Enabled (32-bit)
 Heap Region Size: 1M
 Heap Min Capacity: 8M
 Heap Initial Capacity: 252M
 Heap Max Capacity: 1536M
 Pre-touch: Disabled
 Parallel Workers: 10
 Concurrent Workers: 3
 Concurrent Refinement Workers: 10
 Periodic GC: Disabled

Heap:
 garbage-first heap   total 98304K, used 83420K [0x00000000a0000000, 0x0000000100000000)
  region size 1024K, 53 young (54272K), 3 survivors (3072K)
 Metaspace       used 36789K, committed 37888K, reserved 1114112K
  class space    used 5217K, committed 5760K, reserved 1048576K

Heap Regions: E=young(eden), S=young(survivor), O=old, HS=humongous(starts), HC=humongous(continues), CS=collection set, F=free, TAMS=top-at-mark-start, PB=parsable bottom
|   0|0x00000000a0000000, 0x00000000a0100000, 0x00000000a0100000|100%|HS|  |TAMS 0x00000000a0000000| PB 0x00000000a0000000| Complete 
|   1|0x00000000a0100000, 0x00000000a0200000, 0x00000000a0200000|100%|HC|  |TAMS 0x00000000a0100000| PB 0x00000000a0100000| Complete 
|   2|0x00000000a0200000, 0x00000000a0300000, 0x00000000a0300000|100%|HC|  |TAMS 0x00000000a0200000| PB 0x00000000a0200000| Complete 
|   3|0x00000000a0300000, 0x00000000a0400000, 0x00000000a0400000|100%| O|  |TAMS 0x00000000a0300000| PB 0x00000000a0300000| Untracked 
|   4|0x00000000a0400000, 0x00000000a0500000, 0x00000000a0500000|100%| O|  |TAMS 0x00000000a0400000| PB 0x00000000a0400000| Untracked 
|   5|0x00000000a0500000, 0x00000000a0600000, 0x00000000a0600000|100%| O|  |TAMS 0x00000000a0500000| PB 0x00000000a0500000| Untracked 
|   6|0x00000000a0600000, 0x00000000a0700000, 0x00000000a0700000|100%|HS|  |TAMS 0x00000000a0600000| PB 0x00000000a0600000| Complete 
|   7|0x00000000a0700000, 0x00000000a0800000, 0x00000000a0800000|100%| O|  |TAMS 0x00000000a0700000| PB 0x00000000a0700000| Untracked 
|   8|0x00000000a0800000, 0x00000000a0900000, 0x00000000a0900000|100%| O|  |TAMS 0x00000000a0800000| PB 0x00000000a0800000| Untracked 
|   9|0x00000000a0900000, 0x00000000a0a00000, 0x00000000a0a00000|100%| O|  |TAMS 0x00000000a0900000| PB 0x00000000a0900000| Untracked 
|  10|0x00000000a0a00000, 0x00000000a0b00000, 0x00000000a0b00000|100%| O|  |TAMS 0x00000000a0a00000| PB 0x00000000a0a00000| Untracked 
|  11|0x00000000a0b00000, 0x00000000a0c00000, 0x00000000a0c00000|100%| O|  |TAMS 0x00000000a0b00000| PB 0x00000000a0b00000| Untracked 
|  12|0x00000000a0c00000, 0x00000000a0c00000, 0x00000000a0d00000|  0%| F|  |TAMS 0x00000000a0c00000| PB 0x00000000a0c00000| Untracked 
|  13|0x00000000a0d00000, 0x00000000a0e00000, 0x00000000a0e00000|100%| O|  |TAMS 0x00000000a0d00000| PB 0x00000000a0d00000| Untracked 
|  14|0x00000000a0e00000, 0x00000000a0f00000, 0x00000000a0f00000|100%| O|  |TAMS 0x00000000a0e00000| PB 0x00000000a0e00000| Untracked 
|  15|0x00000000a0f00000, 0x00000000a1000000, 0x00000000a1000000|100%| O|  |TAMS 0x00000000a0f00000| PB 0x00000000a0f00000| Untracked 
|  16|0x00000000a1000000, 0x00000000a1100000, 0x00000000a1100000|100%| O|  |TAMS 0x00000000a1000000| PB 0x00000000a1000000| Untracked 
|  17|0x00000000a1100000, 0x00000000a1200000, 0x00000000a1200000|100%| O|  |TAMS 0x00000000a1100000| PB 0x00000000a1100000| Untracked 
|  18|0x00000000a1200000, 0x00000000a1300000, 0x00000000a1300000|100%| O|Cm|TAMS 0x00000000a1200000| PB 0x00000000a1200000| Complete 
|  19|0x00000000a1300000, 0x00000000a1400000, 0x00000000a1400000|100%| O|  |TAMS 0x00000000a1300000| PB 0x00000000a1300000| Untracked 
|  20|0x00000000a1400000, 0x00000000a1400000, 0x00000000a1500000|  0%| F|  |TAMS 0x00000000a1400000| PB 0x00000000a1400000| Untracked 
|  21|0x00000000a1500000, 0x00000000a1500000, 0x00000000a1600000|  0%| F|  |TAMS 0x00000000a1500000| PB 0x00000000a1500000| Untracked 
|  22|0x00000000a1600000, 0x00000000a1600000, 0x00000000a1700000|  0%| F|  |TAMS 0x00000000a1600000| PB 0x00000000a1600000| Untracked 
|  23|0x00000000a1700000, 0x00000000a1700000, 0x00000000a1800000|  0%| F|  |TAMS 0x00000000a1700000| PB 0x00000000a1700000| Untracked 
|  24|0x00000000a1800000, 0x00000000a1900000, 0x00000000a1900000|100%| O|  |TAMS 0x00000000a1800000| PB 0x00000000a1800000| Untracked 
|  25|0x00000000a1900000, 0x00000000a1a00000, 0x00000000a1a00000|100%| O|  |TAMS 0x00000000a1900000| PB 0x00000000a1900000| Untracked 
|  26|0x00000000a1a00000, 0x00000000a1a00000, 0x00000000a1b00000|  0%| F|  |TAMS 0x00000000a1a00000| PB 0x00000000a1a00000| Untracked 
|  27|0x00000000a1b00000, 0x00000000a1b00000, 0x00000000a1c00000|  0%| F|  |TAMS 0x00000000a1b00000| PB 0x00000000a1b00000| Untracked 
|  28|0x00000000a1c00000, 0x00000000a1c00000, 0x00000000a1d00000|  0%| F|  |TAMS 0x00000000a1c00000| PB 0x00000000a1c00000| Untracked 
|  29|0x00000000a1d00000, 0x00000000a1d00000, 0x00000000a1e00000|  0%| F|  |TAMS 0x00000000a1d00000| PB 0x00000000a1d00000| Untracked 
|  30|0x00000000a1e00000, 0x00000000a1e00000, 0x00000000a1f00000|  0%| F|  |TAMS 0x00000000a1e00000| PB 0x00000000a1e00000| Untracked 
|  31|0x00000000a1f00000, 0x00000000a1f00000, 0x00000000a2000000|  0%| F|  |TAMS 0x00000000a1f00000| PB 0x00000000a1f00000| Untracked 
|  32|0x00000000a2000000, 0x00000000a2059518, 0x00000000a2100000| 34%| S|CS|TAMS 0x00000000a2000000| PB 0x00000000a2000000| Complete 
|  33|0x00000000a2100000, 0x00000000a2200000, 0x00000000a2200000|100%| S|CS|TAMS 0x00000000a2100000| PB 0x00000000a2100000| Complete 
|  34|0x00000000a2200000, 0x00000000a2300000, 0x00000000a2300000|100%| O|  |TAMS 0x00000000a2200000| PB 0x00000000a2200000| Untracked 
|  35|0x00000000a2300000, 0x00000000a2400000, 0x00000000a2400000|100%| O|  |TAMS 0x00000000a2300000| PB 0x00000000a2300000| Untracked 
|  36|0x00000000a2400000, 0x00000000a2500000, 0x00000000a2500000|100%| O|  |TAMS 0x00000000a2400000| PB 0x00000000a2400000| Untracked 
|  37|0x00000000a2500000, 0x00000000a2600000, 0x00000000a2600000|100%| O|  |TAMS 0x00000000a2500000| PB 0x00000000a2500000| Untracked 
|  38|0x00000000a2600000, 0x00000000a261db98, 0x00000000a2700000| 11%| O|  |TAMS 0x00000000a2600000| PB 0x00000000a2600000| Untracked 
|  39|0x00000000a2700000, 0x00000000a2800000, 0x00000000a2800000|100%| S|CS|TAMS 0x00000000a2700000| PB 0x00000000a2700000| Complete 
|  40|0x00000000a2800000, 0x00000000a2800000, 0x00000000a2900000|  0%| F|  |TAMS 0x00000000a2800000| PB 0x00000000a2800000| Untracked 
|  41|0x00000000a2900000, 0x00000000a2941ee8, 0x00000000a2a00000| 25%| E|  |TAMS 0x00000000a2900000| PB 0x00000000a2900000| Complete 
|  42|0x00000000a2a00000, 0x00000000a2b00000, 0x00000000a2b00000|100%| E|CS|TAMS 0x00000000a2a00000| PB 0x00000000a2a00000| Complete 
|  43|0x00000000a2b00000, 0x00000000a2c00000, 0x00000000a2c00000|100%| E|CS|TAMS 0x00000000a2b00000| PB 0x00000000a2b00000| Complete 
|  44|0x00000000a2c00000, 0x00000000a2d00000, 0x00000000a2d00000|100%| E|CS|TAMS 0x00000000a2c00000| PB 0x00000000a2c00000| Complete 
|  45|0x00000000a2d00000, 0x00000000a2e00000, 0x00000000a2e00000|100%| E|CS|TAMS 0x00000000a2d00000| PB 0x00000000a2d00000| Complete 
|  46|0x00000000a2e00000, 0x00000000a2f00000, 0x00000000a2f00000|100%| E|CS|TAMS 0x00000000a2e00000| PB 0x00000000a2e00000| Complete 
|  47|0x00000000a2f00000, 0x00000000a3000000, 0x00000000a3000000|100%| E|CS|TAMS 0x00000000a2f00000| PB 0x00000000a2f00000| Complete 
|  48|0x00000000a3000000, 0x00000000a3100000, 0x00000000a3100000|100%| E|CS|TAMS 0x00000000a3000000| PB 0x00000000a3000000| Complete 
|  49|0x00000000a3100000, 0x00000000a3200000, 0x00000000a3200000|100%| E|CS|TAMS 0x00000000a3100000| PB 0x00000000a3100000| Complete 
|  50|0x00000000a3200000, 0x00000000a3300000, 0x00000000a3300000|100%| E|CS|TAMS 0x00000000a3200000| PB 0x00000000a3200000| Complete 
|  51|0x00000000a3300000, 0x00000000a3400000, 0x00000000a3400000|100%| E|CS|TAMS 0x00000000a3300000| PB 0x00000000a3300000| Complete 
|  52|0x00000000a3400000, 0x00000000a3500000, 0x00000000a3500000|100%| E|CS|TAMS 0x00000000a3400000| PB 0x00000000a3400000| Complete 
|  53|0x00000000a3500000, 0x00000000a3600000, 0x00000000a3600000|100%| E|CS|TAMS 0x00000000a3500000| PB 0x00000000a3500000| Complete 
|  54|0x00000000a3600000, 0x00000000a3700000, 0x00000000a3700000|100%| E|CS|TAMS 0x00000000a3600000| PB 0x00000000a3600000| Complete 
|  55|0x00000000a3700000, 0x00000000a3800000, 0x00000000a3800000|100%| E|CS|TAMS 0x00000000a3700000| PB 0x00000000a3700000| Complete 
|  56|0x00000000a3800000, 0x00000000a3900000, 0x00000000a3900000|100%| E|CS|TAMS 0x00000000a3800000| PB 0x00000000a3800000| Complete 
|  57|0x00000000a3900000, 0x00000000a3a00000, 0x00000000a3a00000|100%| E|CS|TAMS 0x00000000a3900000| PB 0x00000000a3900000| Complete 
|  58|0x00000000a3a00000, 0x00000000a3b00000, 0x00000000a3b00000|100%| E|CS|TAMS 0x00000000a3a00000| PB 0x00000000a3a00000| Complete 
|  59|0x00000000a3b00000, 0x00000000a3c00000, 0x00000000a3c00000|100%| E|CS|TAMS 0x00000000a3b00000| PB 0x00000000a3b00000| Complete 
|  60|0x00000000a3c00000, 0x00000000a3d00000, 0x00000000a3d00000|100%| E|CS|TAMS 0x00000000a3c00000| PB 0x00000000a3c00000| Complete 
|  61|0x00000000a3d00000, 0x00000000a3e00000, 0x00000000a3e00000|100%| E|CS|TAMS 0x00000000a3d00000| PB 0x00000000a3d00000| Complete 
|  62|0x00000000a3e00000, 0x00000000a3f00000, 0x00000000a3f00000|100%| E|CS|TAMS 0x00000000a3e00000| PB 0x00000000a3e00000| Complete 
|  63|0x00000000a3f00000, 0x00000000a4000000, 0x00000000a4000000|100%| E|CS|TAMS 0x00000000a3f00000| PB 0x00000000a3f00000| Complete 
|  64|0x00000000a4000000, 0x00000000a4100000, 0x00000000a4100000|100%| E|CS|TAMS 0x00000000a4000000| PB 0x00000000a4000000| Complete 
|  65|0x00000000a4100000, 0x00000000a4200000, 0x00000000a4200000|100%| E|CS|TAMS 0x00000000a4100000| PB 0x00000000a4100000| Complete 
|  66|0x00000000a4200000, 0x00000000a4300000, 0x00000000a4300000|100%| E|CS|TAMS 0x00000000a4200000| PB 0x00000000a4200000| Complete 
|  67|0x00000000a4300000, 0x00000000a4400000, 0x00000000a4400000|100%| E|CS|TAMS 0x00000000a4300000| PB 0x00000000a4300000| Complete 
|  68|0x00000000a4400000, 0x00000000a4500000, 0x00000000a4500000|100%| E|CS|TAMS 0x00000000a4400000| PB 0x00000000a4400000| Complete 
|  69|0x00000000a4500000, 0x00000000a4600000, 0x00000000a4600000|100%| E|CS|TAMS 0x00000000a4500000| PB 0x00000000a4500000| Complete 
|  70|0x00000000a4600000, 0x00000000a4700000, 0x00000000a4700000|100%| E|CS|TAMS 0x00000000a4600000| PB 0x00000000a4600000| Complete 
|  71|0x00000000a4700000, 0x00000000a4800000, 0x00000000a4800000|100%| E|CS|TAMS 0x00000000a4700000| PB 0x00000000a4700000| Complete 
|  72|0x00000000a4800000, 0x00000000a4900000, 0x00000000a4900000|100%| E|CS|TAMS 0x00000000a4800000| PB 0x00000000a4800000| Complete 
|  73|0x00000000a4900000, 0x00000000a4a00000, 0x00000000a4a00000|100%| E|CS|TAMS 0x00000000a4900000| PB 0x00000000a4900000| Complete 
|  74|0x00000000a4a00000, 0x00000000a4b00000, 0x00000000a4b00000|100%| E|CS|TAMS 0x00000000a4a00000| PB 0x00000000a4a00000| Complete 
|  75|0x00000000a4b00000, 0x00000000a4c00000, 0x00000000a4c00000|100%| E|CS|TAMS 0x00000000a4b00000| PB 0x00000000a4b00000| Complete 
|  76|0x00000000a4c00000, 0x00000000a4d00000, 0x00000000a4d00000|100%| E|CS|TAMS 0x00000000a4c00000| PB 0x00000000a4c00000| Complete 
|  77|0x00000000a4d00000, 0x00000000a4e00000, 0x00000000a4e00000|100%| E|CS|TAMS 0x00000000a4d00000| PB 0x00000000a4d00000| Complete 
| 139|0x00000000a8b00000, 0x00000000a8c00000, 0x00000000a8c00000|100%| E|CS|TAMS 0x00000000a8b00000| PB 0x00000000a8b00000| Complete 
| 140|0x00000000a8c00000, 0x00000000a8d00000, 0x00000000a8d00000|100%| E|CS|TAMS 0x00000000a8c00000| PB 0x00000000a8c00000| Complete 
| 141|0x00000000a8d00000, 0x00000000a8e00000, 0x00000000a8e00000|100%| E|CS|TAMS 0x00000000a8d00000| PB 0x00000000a8d00000| Complete 
| 142|0x00000000a8e00000, 0x00000000a8f00000, 0x00000000a8f00000|100%| E|CS|TAMS 0x00000000a8e00000| PB 0x00000000a8e00000| Complete 
| 143|0x00000000a8f00000, 0x00000000a9000000, 0x00000000a9000000|100%| E|CS|TAMS 0x00000000a8f00000| PB 0x00000000a8f00000| Complete 
| 144|0x00000000a9000000, 0x00000000a9100000, 0x00000000a9100000|100%| E|CS|TAMS 0x00000000a9000000| PB 0x00000000a9000000| Complete 
| 145|0x00000000a9100000, 0x00000000a9200000, 0x00000000a9200000|100%| E|CS|TAMS 0x00000000a9100000| PB 0x00000000a9100000| Complete 
| 146|0x00000000a9200000, 0x00000000a9300000, 0x00000000a9300000|100%| E|CS|TAMS 0x00000000a9200000| PB 0x00000000a9200000| Complete 
| 147|0x00000000a9300000, 0x00000000a9400000, 0x00000000a9400000|100%| E|CS|TAMS 0x00000000a9300000| PB 0x00000000a9300000| Complete 
| 148|0x00000000a9400000, 0x00000000a9500000, 0x00000000a9500000|100%| E|CS|TAMS 0x00000000a9400000| PB 0x00000000a9400000| Complete 
| 149|0x00000000a9500000, 0x00000000a9600000, 0x00000000a9600000|100%| E|CS|TAMS 0x00000000a9500000| PB 0x00000000a9500000| Complete 
| 150|0x00000000a9600000, 0x00000000a9700000, 0x00000000a9700000|100%| E|CS|TAMS 0x00000000a9600000| PB 0x00000000a9600000| Complete 
| 251|0x00000000afb00000, 0x00000000afc00000, 0x00000000afc00000|100%| E|CS|TAMS 0x00000000afb00000| PB 0x00000000afb00000| Complete 
|1531|0x00000000ffb00000, 0x00000000ffc00000, 0x00000000ffc00000|100%| O|  |TAMS 0x00000000ffb00000| PB 0x00000000ffb00000| Untracked 
|1532|0x00000000ffc00000, 0x00000000ffd00000, 0x00000000ffd00000|100%| O|  |TAMS 0x00000000ffc00000| PB 0x00000000ffc00000| Untracked 
|1533|0x00000000ffd00000, 0x00000000ffe00000, 0x00000000ffe00000|100%| O|  |TAMS 0x00000000ffd00000| PB 0x00000000ffd00000| Untracked 
|1534|0x00000000ffe00000, 0x00000000fff00000, 0x00000000fff00000|100%| O|  |TAMS 0x00000000ffe00000| PB 0x00000000ffe00000| Untracked 
|1535|0x00000000fff00000, 0x0000000100000000, 0x0000000100000000|100%| O|  |TAMS 0x00000000fff00000| PB 0x00000000fff00000| Untracked 

Card table byte_map: [0x000001f9f34b0000,0x000001f9f37b0000] _byte_map_base: 0x000001f9f2fb0000

Marking Bits: (CMBitMap*) 0x000001f9e0aa84d0
 Bits: [0x000001f9f37b0000, 0x000001f9f4fb0000)

Polling page: 0x000001f9de870000

Metaspace:

Usage:
  Non-class:     30.83 MB used.
      Class:      5.10 MB used.
       Both:     35.93 MB used.

Virtual space:
  Non-class space:       64.00 MB reserved,      31.38 MB ( 49%) committed,  1 nodes.
      Class space:        1.00 GB reserved,       5.62 MB ( <1%) committed,  1 nodes.
             Both:        1.06 GB reserved,      37.00 MB (  3%) committed. 

Chunk freelists:
   Non-Class:  400.00 KB
       Class:  10.20 MB
        Both:  10.59 MB

MaxMetaspaceSize: unlimited
CompressedClassSpaceSize: 1.00 GB
Initial GC threshold: 21.00 MB
Current GC threshold: 58.69 MB
CDS: on
 - commit_granule_bytes: 65536.
 - commit_granule_words: 8192.
 - virtual_space_node_default_size: 8388608.
 - enlarge_chunks_in_place: 1.
 - use_allocation_guard: 0.


Internal statistics:

num_allocs_failed_limit: 6.
num_arena_births: 1816.
num_arena_deaths: 0.
num_vsnodes_births: 2.
num_vsnodes_deaths: 0.
num_space_committed: 592.
num_space_uncommitted: 0.
num_chunks_returned_to_freelist: 6.
num_chunks_taken_from_freelist: 3342.
num_chunk_merges: 6.
num_chunk_splits: 2193.
num_chunks_enlarged: 1405.
num_inconsistent_stats: 0.

CodeHeap 'non-profiled nmethods': size=120000Kb used=2845Kb max_used=2845Kb free=117154Kb
 bounds [0x000001f9eb730000, 0x000001f9eba00000, 0x000001f9f2c60000]
CodeHeap 'profiled nmethods': size=120000Kb used=8903Kb max_used=9076Kb free=111096Kb
 bounds [0x000001f9e3c60000, 0x000001f9e4540000, 0x000001f9eb190000]
CodeHeap 'non-nmethods': size=5760Kb used=2554Kb max_used=2599Kb free=3205Kb
 bounds [0x000001f9eb190000, 0x000001f9eb430000, 0x000001f9eb730000]
CodeCache: size=245760Kb, used=14302Kb, max_used=14520Kb, free=231455Kb
 total_blobs=5624, nmethods=4796, adapters=732, full_count=0
Compilation: enabled, stopped_count=0, restarted_count=0

Compilation events (20 events):
Event: 786.519 Thread 0x000001f9f7c98d70 nmethod 5307 0x000001f9e3c8ad90 code [0x000001f9e3c8af80, 0x000001f9e3c8b4c8]
Event: 786.540 Thread 0x000001f9f7c962c0 5308       4       java.util.stream.AbstractPipeline::close (48 bytes)
Event: 786.544 Thread 0x000001f9f7c962c0 nmethod 5308 0x000001f9eb9f2510 code [0x000001f9eb9f26a0, 0x000001f9eb9f2818]
Event: 789.109 Thread 0x000001f9f7c962c0 5310   !   4       org.gradle.cache.internal.DefaultFileLockManager$AwaitableFileLockReleasedSignal::await (78 bytes)
Event: 789.270 Thread 0x000001f9f7c962c0 nmethod 5310 0x000001f9eb9f2d10 code [0x000001f9eb9f3060, 0x000001f9eb9f4b40]
Event: 790.436 Thread 0x000001f9f7c962c0 5311       4       java.util.Random::nextInt (74 bytes)
Event: 790.441 Thread 0x000001f9f7c962c0 nmethod 5311 0x000001f9eb9f5b10 code [0x000001f9eb9f5ca0, 0x000001f9eb9f5e78]
Event: 797.943 Thread 0x000001f9f7c962c0 5312       4       com.google.common.collect.Iterators$ArrayItr::get (7 bytes)
Event: 797.947 Thread 0x000001f9f7c962c0 nmethod 5312 0x000001f9eb9f6010 code [0x000001f9eb9f61a0, 0x000001f9eb9f6270]
Event: 798.913 Thread 0x000001f9f7c962c0 5313   !   4       java.io.RandomAccessFile::length (24 bytes)
Event: 798.954 Thread 0x000001f9f7c962c0 nmethod 5313 0x000001f9eb9f6310 code [0x000001f9eb9f64c0, 0x000001f9eb9f6608]
Event: 817.872 Thread 0x000001f9f7c962c0 5314       4       java.io.DataInputStream::<init> (28 bytes)
Event: 817.888 Thread 0x000001f9f7c962c0 nmethod 5314 0x000001f9eb9f6790 code [0x000001f9eb9f6940, 0x000001f9eb9f6df8]
Event: 831.606 Thread 0x000001f9f7c962c0 5315       4       jdk.internal.misc.Unsafe::checkNativeAddress (28 bytes)
Event: 831.607 Thread 0x000001f9f7c962c0 nmethod 5315 0x000001f9eb9f6f10 code [0x000001f9eb9f70a0, 0x000001f9eb9f7128]
Event: 837.889 Thread 0x000001f9f7c98d70 5316       3       java.util.concurrent.atomic.AtomicLong::<init> (10 bytes)
Event: 837.891 Thread 0x000001f9f7c98d70 nmethod 5316 0x000001f9e3c8a790 code [0x000001f9e3c8a940, 0x000001f9e3c8ab20]
Event: 840.477 Thread 0x000001f9f7c962c0 5317       4       sun.nio.ch.FileDispatcherImpl::release (8 bytes)
Event: 840.478 Thread 0x000001f9f7c962c0 nmethod 5317 0x000001f9eb9f7210 code [0x000001f9eb9f73a0, 0x000001f9eb9f7458]
Event: 840.816 Thread 0x000001f9f7c962c0 5318       4       org.gradle.internal.time.ExponentialBackoff::retryUntil (65 bytes)

GC Heap History (16 events):
Event: 10.704 GC heap before
{Heap before GC invocations=0 (full 0):
 garbage-first heap   total 258048K, used 23552K [0x00000000a0000000, 0x0000000100000000)
  region size 1024K, 23 young (23552K), 0 survivors (0K)
 Metaspace       used 1048K, committed 1152K, reserved 1114112K
  class space    used 81K, committed 128K, reserved 1048576K
}
Event: 10.708 GC heap after
{Heap after GC invocations=1 (full 0):
 garbage-first heap   total 258048K, used 2207K [0x00000000a0000000, 0x0000000100000000)
  region size 1024K, 3 young (3072K), 3 survivors (3072K)
 Metaspace       used 1048K, committed 1152K, reserved 1114112K
  class space    used 81K, committed 128K, reserved 1048576K
}
Event: 17.217 GC heap before
{Heap before GC invocations=1 (full 0):
 garbage-first heap   total 258048K, used 39071K [0x00000000a0000000, 0x0000000100000000)
  region size 1024K, 37 young (37888K), 3 survivors (3072K)
 Metaspace       used 4348K, committed 4544K, reserved 1114112K
  class space    used 558K, committed 640K, reserved 1048576K
}
Event: 17.226 GC heap after
{Heap after GC invocations=2 (full 0):
 garbage-first heap   total 258048K, used 10991K [0x00000000a0000000, 0x0000000100000000)
  region size 1024K, 5 young (5120K), 5 survivors (5120K)
 Metaspace       used 4348K, committed 4544K, reserved 1114112K
  class space    used 558K, committed 640K, reserved 1048576K
}
Event: 31.953 GC heap before
{Heap before GC invocations=2 (full 0):
 garbage-first heap   total 258048K, used 60143K [0x00000000a0000000, 0x0000000100000000)
  region size 1024K, 51 young (52224K), 5 survivors (5120K)
 Metaspace       used 4741K, committed 4928K, reserved 1114112K
  class space    used 615K, committed 704K, reserved 1048576K
}
Event: 31.981 GC heap after
{Heap after GC invocations=3 (full 0):
 garbage-first heap   total 258048K, used 16322K [0x00000000a0000000, 0x0000000100000000)
  region size 1024K, 5 young (5120K), 5 survivors (5120K)
 Metaspace       used 4741K, committed 4928K, reserved 1114112K
  class space    used 615K, committed 704K, reserved 1048576K
}
Event: 64.042 GC heap before
{Heap before GC invocations=3 (full 0):
 garbage-first heap   total 258048K, used 113602K [0x00000000a0000000, 0x0000000100000000)
  region size 1024K, 101 young (103424K), 5 survivors (5120K)
 Metaspace       used 20819K, committed 21504K, reserved 1114112K
  class space    used 3072K, committed 3456K, reserved 1048576K
}
Event: 64.313 GC heap after
{Heap after GC invocations=4 (full 0):
 garbage-first heap   total 258048K, used 23885K [0x00000000a0000000, 0x0000000100000000)
  region size 1024K, 12 young (12288K), 12 survivors (12288K)
 Metaspace       used 20819K, committed 21504K, reserved 1114112K
  class space    used 3072K, committed 3456K, reserved 1048576K
}
Event: 102.106 GC heap before
{Heap before GC invocations=5 (full 0):
 garbage-first heap   total 81920K, used 81229K [0x00000000a0000000, 0x0000000100000000)
  region size 1024K, 68 young (69632K), 12 survivors (12288K)
 Metaspace       used 27881K, committed 28864K, reserved 1114112K
  class space    used 4221K, committed 4672K, reserved 1048576K
}
Event: 102.118 GC heap after
{Heap after GC invocations=6 (full 0):
 garbage-first heap   total 98304K, used 27358K [0x00000000a0000000, 0x0000000100000000)
  region size 1024K, 11 young (11264K), 11 survivors (11264K)
 Metaspace       used 27881K, committed 28864K, reserved 1114112K
  class space    used 4221K, committed 4672K, reserved 1048576K
}
Event: 103.768 GC heap before
{Heap before GC invocations=6 (full 0):
 garbage-first heap   total 98304K, used 74462K [0x00000000a0000000, 0x0000000100000000)
  region size 1024K, 57 young (58368K), 11 survivors (11264K)
 Metaspace       used 33263K, committed 34240K, reserved 1114112K
  class space    used 4792K, committed 5248K, reserved 1048576K
}
Event: 103.780 GC heap after
{Heap after GC invocations=7 (full 0):
 garbage-first heap   total 98304K, used 31738K [0x00000000a0000000, 0x0000000100000000)
  region size 1024K, 8 young (8192K), 8 survivors (8192K)
 Metaspace       used 33263K, committed 34240K, reserved 1114112K
  class space    used 4792K, committed 5248K, reserved 1048576K
}
Event: 104.383 GC heap before
{Heap before GC invocations=7 (full 0):
 garbage-first heap   total 98304K, used 46074K [0x00000000a0000000, 0x0000000100000000)
  region size 1024K, 18 young (18432K), 8 survivors (8192K)
 Metaspace       used 34906K, committed 35968K, reserved 1114112K
  class space    used 4945K, committed 5504K, reserved 1048576K
}
Event: 104.390 GC heap after
{Heap after GC invocations=8 (full 0):
 garbage-first heap   total 98304K, used 32737K [0x00000000a0000000, 0x0000000100000000)
  region size 1024K, 2 young (2048K), 2 survivors (2048K)
 Metaspace       used 34906K, committed 35968K, reserved 1114112K
  class space    used 4945K, committed 5504K, reserved 1048576K
}
Event: 435.346 GC heap before
{Heap before GC invocations=9 (full 0):
 garbage-first heap   total 98304K, used 81889K [0x00000000a0000000, 0x0000000100000000)
  region size 1024K, 51 young (52224K), 2 survivors (2048K)
 Metaspace       used 36759K, committed 37888K, reserved 1114112K
  class space    used 5216K, committed 5760K, reserved 1048576K
}
Event: 435.435 GC heap after
{Heap after GC invocations=10 (full 0):
 garbage-first heap   total 98304K, used 33244K [0x00000000a0000000, 0x0000000100000000)
  region size 1024K, 3 young (3072K), 3 survivors (3072K)
 Metaspace       used 36759K, committed 37888K, reserved 1114112K
  class space    used 5216K, committed 5760K, reserved 1048576K
}

Dll operation events (20 events):
Event: 2.091 Attempting to load shared library C:\Users\ishas\.vscode\extensions\redhat.java-1.56.0-win32-x64\jre\21.0.12.1-win32-x86_64\bin\nio.dll
Event: 2.091 Loaded shared library C:\Users\ishas\.vscode\extensions\redhat.java-1.56.0-win32-x64\jre\21.0.12.1-win32-x86_64\bin\nio.dll
Event: 2.100 Attempting to load shared library C:\Users\ishas\.vscode\extensions\redhat.java-1.56.0-win32-x64\jre\21.0.12.1-win32-x86_64\bin\zip.dll
Event: 2.100 Loaded shared library C:\Users\ishas\.vscode\extensions\redhat.java-1.56.0-win32-x64\jre\21.0.12.1-win32-x86_64\bin\zip.dll
Event: 10.464 Attempting to load shared library C:\Users\ishas\.vscode\extensions\redhat.java-1.56.0-win32-x64\jre\21.0.12.1-win32-x86_64\bin\jimage.dll
Event: 10.464 Loaded shared library C:\Users\ishas\.vscode\extensions\redhat.java-1.56.0-win32-x64\jre\21.0.12.1-win32-x86_64\bin\jimage.dll
Event: 11.033 Attempting to load shared library C:\Users\ishas\.vscode\extensions\redhat.java-1.56.0-win32-x64\jre\21.0.12.1-win32-x86_64\bin\verify.dll
Event: 11.043 Loaded shared library C:\Users\ishas\.vscode\extensions\redhat.java-1.56.0-win32-x64\jre\21.0.12.1-win32-x86_64\bin\verify.dll
Event: 11.247 Attempting to load shared library C:\Users\ishas\.gradle\native\1def1411415f61bf3af743bc5b6707747c0891f09f0c88961ee8f79bc544acac\windows-amd64\native-platform.dll
Event: 11.253 Loaded shared library C:\Users\ishas\.gradle\native\1def1411415f61bf3af743bc5b6707747c0891f09f0c88961ee8f79bc544acac\windows-amd64\native-platform.dll
Event: 11.424 Attempting to load shared library C:\Users\ishas\.gradle\native\0.2.7\x86_64-windows-gnu\gradle-fileevents.dll
Event: 11.533 Loaded shared library C:\Users\ishas\.gradle\native\0.2.7\x86_64-windows-gnu\gradle-fileevents.dll
Event: 33.161 Attempting to load shared library C:\Users\ishas\.vscode\extensions\redhat.java-1.56.0-win32-x64\jre\21.0.12.1-win32-x86_64\bin\management.dll
Event: 33.162 Loaded shared library C:\Users\ishas\.vscode\extensions\redhat.java-1.56.0-win32-x64\jre\21.0.12.1-win32-x86_64\bin\management.dll
Event: 33.165 Attempting to load shared library C:\Users\ishas\.vscode\extensions\redhat.java-1.56.0-win32-x64\jre\21.0.12.1-win32-x86_64\bin\management_ext.dll
Event: 33.166 Loaded shared library C:\Users\ishas\.vscode\extensions\redhat.java-1.56.0-win32-x64\jre\21.0.12.1-win32-x86_64\bin\management_ext.dll
Event: 38.412 Attempting to load shared library C:\Users\ishas\.vscode\extensions\redhat.java-1.56.0-win32-x64\jre\21.0.12.1-win32-x86_64\bin\extnet.dll
Event: 38.412 Loaded shared library C:\Users\ishas\.vscode\extensions\redhat.java-1.56.0-win32-x64\jre\21.0.12.1-win32-x86_64\bin\extnet.dll
Event: 51.631 Attempting to load shared library C:\Users\ishas\.vscode\extensions\redhat.java-1.56.0-win32-x64\jre\21.0.12.1-win32-x86_64\bin\sunmscapi.dll
Event: 51.633 Loaded shared library C:\Users\ishas\.vscode\extensions\redhat.java-1.56.0-win32-x64\jre\21.0.12.1-win32-x86_64\bin\sunmscapi.dll

Deoptimization events (20 events):
Event: 661.347 Thread 0x000001f9fd25aea0 Uncommon trap: trap_request=0xffffffbe fr.pc=0x000001f9eb9dfc84 relative=0x0000000000001624
Event: 661.347 Thread 0x000001f9fd25aea0 Uncommon trap: reason=profile_predicate action=maybe_recompile pc=0x000001f9eb9dfc84 method=java.util.ComparableTimSort.reverseRange([Ljava/lang/Object;II)V @ 5 c2
Event: 661.347 Thread 0x000001f9fd25aea0 DEOPT PACKING pc=0x000001f9eb9dfc84 sp=0x000000f2d33fe470
Event: 661.347 Thread 0x000001f9fd25aea0 DEOPT UNPACKING pc=0x000001f9eb1e4422 sp=0x000000f2d33fe3e8 mode 2
Event: 661.347 Thread 0x000001f9fd25aea0 Uncommon trap: trap_request=0xffffffbe fr.pc=0x000001f9eb9dfc84 relative=0x0000000000001624
Event: 661.347 Thread 0x000001f9fd25aea0 Uncommon trap: reason=profile_predicate action=maybe_recompile pc=0x000001f9eb9dfc84 method=java.util.ComparableTimSort.reverseRange([Ljava/lang/Object;II)V @ 5 c2
Event: 661.347 Thread 0x000001f9fd25aea0 DEOPT PACKING pc=0x000001f9eb9dfc84 sp=0x000000f2d33fe470
Event: 661.347 Thread 0x000001f9fd25aea0 DEOPT UNPACKING pc=0x000001f9eb1e4422 sp=0x000000f2d33fe3e8 mode 2
Event: 661.347 Thread 0x000001f9fd25aea0 Uncommon trap: trap_request=0xffffffbe fr.pc=0x000001f9eb9dfc84 relative=0x0000000000001624
Event: 661.347 Thread 0x000001f9fd25aea0 Uncommon trap: reason=profile_predicate action=maybe_recompile pc=0x000001f9eb9dfc84 method=java.util.ComparableTimSort.reverseRange([Ljava/lang/Object;II)V @ 5 c2
Event: 661.347 Thread 0x000001f9fd25aea0 DEOPT PACKING pc=0x000001f9eb9dfc84 sp=0x000000f2d33fe470
Event: 661.347 Thread 0x000001f9fd25aea0 DEOPT UNPACKING pc=0x000001f9eb1e4422 sp=0x000000f2d33fe3e8 mode 2
Event: 674.356 Thread 0x000001f9fd25aea0 Uncommon trap: trap_request=0xffffffd6 fr.pc=0x000001f9eb9e49e4 relative=0x0000000000002244
Event: 674.356 Thread 0x000001f9fd25aea0 Uncommon trap: reason=array_check action=maybe_recompile pc=0x000001f9eb9e49e4 method=java.util.ComparableTimSort.reverseRange([Ljava/lang/Object;II)V @ 27 c2
Event: 674.356 Thread 0x000001f9fd25aea0 DEOPT PACKING pc=0x000001f9eb9e49e4 sp=0x000000f2d33fe520
Event: 674.357 Thread 0x000001f9fd25aea0 DEOPT UNPACKING pc=0x000001f9eb1e4422 sp=0x000000f2d33fe3e8 mode 2
Event: 674.357 Thread 0x000001f9fd25aea0 Uncommon trap: trap_request=0xffffffd6 fr.pc=0x000001f9eb9e49e4 relative=0x0000000000002244
Event: 674.357 Thread 0x000001f9fd25aea0 Uncommon trap: reason=array_check action=maybe_recompile pc=0x000001f9eb9e49e4 method=java.util.ComparableTimSort.reverseRange([Ljava/lang/Object;II)V @ 27 c2
Event: 674.357 Thread 0x000001f9fd25aea0 DEOPT PACKING pc=0x000001f9eb9e49e4 sp=0x000000f2d33fe520
Event: 674.357 Thread 0x000001f9fd25aea0 DEOPT UNPACKING pc=0x000001f9eb1e4422 sp=0x000000f2d33fe3e8 mode 2

Classes loaded (20 events):
Event: 182.184 Loading class java/lang/invoke/BoundMethodHandle$Species_LI
Event: 182.184 Loading class java/lang/invoke/BoundMethodHandle$Species_LI done
Event: 182.205 Loading class javax/net/ssl/HostnameVerifier
Event: 182.205 Loading class javax/net/ssl/HostnameVerifier done
Event: 182.220 Loading class javax/net/ssl/TrustManager
Event: 182.220 Loading class javax/net/ssl/TrustManager done
Event: 182.220 Loading class javax/net/ssl/X509TrustManager
Event: 182.221 Loading class javax/net/ssl/X509TrustManager done
Event: 182.228 Loading class javax/net/ssl/SSLException
Event: 182.228 Loading class javax/net/ssl/SSLException done
Event: 182.230 Loading class javax/net/ssl/SSLPeerUnverifiedException
Event: 182.230 Loading class javax/net/ssl/SSLPeerUnverifiedException done
Event: 182.230 Loading class java/security/cert/CertificateParsingException
Event: 182.230 Loading class java/security/cert/CertificateException
Event: 182.230 Loading class java/security/cert/CertificateException done
Event: 182.230 Loading class java/security/cert/CertificateParsingException done
Event: 182.231 Loading class javax/naming/NamingException
Event: 182.232 Loading class javax/naming/NamingException done
Event: 182.232 Loading class javax/naming/InvalidNameException
Event: 182.233 Loading class javax/naming/InvalidNameException done

Classes unloaded (0 events):
No events

Classes redefined (0 events):
No events

Internal exceptions (20 events):
Event: 181.609 Thread 0x000001f9f7de3ed0 Exception <a 'java/lang/ClassNotFoundException'{0x00000000a462f1d0}: org/gradle/plugin/use/internal/PluginsAwareScriptBeanInfo> (0x00000000a462f1d0) 
thrown [s\src\hotspot\share\classfile\systemDictionary.cpp, line 313]
Event: 181.611 Thread 0x000001f9f7de3ed0 Exception <a 'java/lang/ClassNotFoundException'{0x00000000a4639170}: org/gradle/plugin/use/internal/PluginsAwareScriptCustomizer> (0x00000000a4639170) 
thrown [s\src\hotspot\share\classfile\systemDictionary.cpp, line 313]
Event: 181.639 Thread 0x000001f9f7de3ed0 Exception <a 'java/lang/ClassNotFoundException'{0x00000000a464b000}: org/gradle/initialization/SettingsScriptCustomizer> (0x00000000a464b000) 
thrown [s\src\hotspot\share\classfile\systemDictionary.cpp, line 313]
Event: 181.643 Thread 0x000001f9f7de3ed0 Exception <a 'java/lang/ClassNotFoundException'{0x00000000a46586b0}: settings_2zabgoovknjgk2el2xwot6bjcCustomizer> (0x00000000a46586b0) 
thrown [s\src\hotspot\share\classfile\systemDictionary.cpp, line 313]
Event: 181.695 Thread 0x000001f9f7de3ed0 Exception <a 'java/lang/ClassNotFoundException'{0x00000000a46f6bc8}: org/gradle/initialization/DefaultSettings_DecoratedBeanInfo> (0x00000000a46f6bc8) 
thrown [s\src\hotspot\share\classfile\systemDictionary.cpp, line 313]
Event: 181.698 Thread 0x000001f9f7de3ed0 Exception <a 'java/lang/ClassNotFoundException'{0x00000000a451e060}: org/gradle/initialization/DefaultSettingsBeanInfo> (0x00000000a451e060) 
thrown [s\src\hotspot\share\classfile\systemDictionary.cpp, line 313]
Event: 181.699 Thread 0x000001f9f7de3ed0 Exception <a 'java/lang/ClassNotFoundException'{0x00000000a452c890}: org/gradle/initialization/DefaultSettingsCustomizer> (0x00000000a452c890) 
thrown [s\src\hotspot\share\classfile\systemDictionary.cpp, line 313]
Event: 181.715 Thread 0x000001f9f7de3ed0 Exception <a 'java/lang/ClassNotFoundException'{0x00000000a457a400}: org/gradle/initialization/DefaultSettings_DecoratedCustomizer> (0x00000000a457a400) 
thrown [s\src\hotspot\share\classfile\systemDictionary.cpp, line 313]
Event: 181.732 Thread 0x000001f9f7de3ed0 Exception <a 'java/lang/IncompatibleClassChangeError'{0x00000000a45f4418}: Found class java.lang.Object, but interface was expected> (0x00000000a45f4418) 
thrown [s\src\hotspot\share\interpreter\linkResolver.cpp, line 840]
Event: 181.774 Thread 0x000001f9f7de3ed0 Implicit null exception at 0x000001f9eb98a87c to 0x000001f9eb98a934
Event: 181.799 Thread 0x000001f9f7de3ed0 Exception <a 'java/lang/ClassNotFoundException'{0x00000000a4458eb8}: java/io/FileBeanInfo> (0x00000000a4458eb8) 
thrown [s\src\hotspot\share\classfile\systemDictionary.cpp, line 313]
Event: 181.801 Thread 0x000001f9f7de3ed0 Exception <a 'java/lang/ClassNotFoundException'{0x00000000a445d298}: java/io/FileCustomizer> (0x00000000a445d298) 
thrown [s\src\hotspot\share\classfile\systemDictionary.cpp, line 313]
Event: 181.870 Thread 0x000001f9f7de3ed0 Exception <a 'java/lang/ClassNotFoundException'{0x00000000a44dc298}: org/gradle/initialization/DefaultProjectDescriptorBeanInfo> (0x00000000a44dc298) 
thrown [s\src\hotspot\share\classfile\systemDictionary.cpp, line 313]
Event: 181.871 Thread 0x000001f9f7de3ed0 Exception <a 'java/lang/ClassNotFoundException'{0x00000000a44e9d08}: org/gradle/initialization/DefaultProjectDescriptorCustomizer> (0x00000000a44e9d08) 
thrown [s\src\hotspot\share\classfile\systemDictionary.cpp, line 313]
Event: 182.177 Thread 0x000001f9f7de3ed0 Exception <a 'java/lang/ClassNotFoundException'{0x00000000a42cd518}: org/gradle/api/internal/plugins/DefaultObjectConfigurationActionBeanInfo> (0x00000000a42cd518) 
thrown [s\src\hotspot\share\classfile\systemDictionary.cpp, line 313]
Event: 182.179 Thread 0x000001f9f7de3ed0 Exception <a 'java/lang/ClassNotFoundException'{0x00000000a42db410}: org/gradle/api/internal/plugins/DefaultObjectConfigurationActionCustomizer> (0x00000000a42db410) 
thrown [s\src\hotspot\share\classfile\systemDictionary.cpp, line 313]
Event: 182.181 Thread 0x000001f9f7de3ed0 Implicit null exception at 0x000001f9eb894172 to 0x000001f9eb8943f0
Event: 182.183 Thread 0x000001f9f7de3ed0 Exception <a 'java/lang/NoSuchMethodError'{0x00000000a42e8ae0}: 'int java.lang.invoke.DirectMethodHandle$Holder.invokeSpecial(java.lang.Object, java.lang.Object, java.lang.Object, int)'> (0x00000000a42e8ae0) 
thrown [s\src\hotspot\share\interpreter\linkResolver.cpp, line 773]
Event: 182.187 Thread 0x000001f9f7de3ed0 Exception <a 'java/lang/NoSuchMethodError'{0x00000000a42f9e00}: 'java.lang.Object java.lang.invoke.DirectMethodHandle$Holder.invokeStatic(java.lang.Object, java.lang.Object, java.lang.Object, java.lang.Object, int)'> (0x00000000a42f9e00) 
thrown [s\src\hotspot\share\interpreter\linkResolver.cpp, line 773]
Event: 182.189 Thread 0x000001f9f7de3ed0 Exception <a 'java/lang/NoSuchMethodError'{0x00000000a4102508}: 'java.lang.Object java.lang.invoke.DirectMethodHandle$Holder.invokeSpecial(java.lang.Object, java.lang.Object, java.lang.Object, java.lang.Object, int)'> (0x00000000a4102508) 
thrown [s\src\hotspot\share\interpreter\linkResolver.cpp, line 773]

ZGC Phase Switch (0 events):
No events

VM Operations (20 events):
Event: 718.669 Executing safepoint VM operation: Cleanup
Event: 718.670 Executing safepoint VM operation: Cleanup done
Event: 721.694 Executing safepoint VM operation: Cleanup
Event: 721.694 Executing safepoint VM operation: Cleanup done
Event: 729.756 Executing safepoint VM operation: Cleanup
Event: 729.760 Executing safepoint VM operation: Cleanup done
Event: 754.909 Executing safepoint VM operation: Cleanup
Event: 754.910 Executing safepoint VM operation: Cleanup done
Event: 783.114 Executing safepoint VM operation: Cleanup
Event: 783.254 Executing safepoint VM operation: Cleanup done
Event: 784.267 Executing safepoint VM operation: Cleanup
Event: 784.267 Executing safepoint VM operation: Cleanup done
Event: 786.282 Executing safepoint VM operation: Cleanup
Event: 786.294 Executing safepoint VM operation: Cleanup done
Event: 787.298 Executing safepoint VM operation: Cleanup
Event: 787.298 Executing safepoint VM operation: Cleanup done
Event: 791.333 Executing safepoint VM operation: Cleanup
Event: 791.333 Executing safepoint VM operation: Cleanup done
Event: 808.488 Executing safepoint VM operation: Cleanup
Event: 808.688 Executing safepoint VM operation: Cleanup done

Memory protections (0 events):
No events

Nmethod flushes (20 events):
Event: 104.417 Thread 0x000001f9f7c5eb20 flushing  nmethod 0x000001f9e3f54a90
Event: 104.417 Thread 0x000001f9f7c5eb20 flushing  nmethod 0x000001f9e3fb6690
Event: 104.417 Thread 0x000001f9f7c5eb20 flushing  nmethod 0x000001f9e3ff0710
Event: 104.417 Thread 0x000001f9f7c5eb20 flushing  nmethod 0x000001f9e3ff4a90
Event: 104.417 Thread 0x000001f9f7c5eb20 flushing  nmethod 0x000001f9e3ff6790
Event: 104.417 Thread 0x000001f9f7c5eb20 flushing  nmethod 0x000001f9e402d610
Event: 104.417 Thread 0x000001f9f7c5eb20 flushing  nmethod 0x000001f9e4031c10
Event: 104.417 Thread 0x000001f9f7c5eb20 flushing  nmethod 0x000001f9e4032110
Event: 104.417 Thread 0x000001f9f7c5eb20 flushing  nmethod 0x000001f9e4069210
Event: 104.417 Thread 0x000001f9f7c5eb20 flushing  nmethod 0x000001f9e4081b10
Event: 104.417 Thread 0x000001f9f7c5eb20 flushing  nmethod 0x000001f9e4082290
Event: 104.417 Thread 0x000001f9f7c5eb20 flushing  nmethod 0x000001f9e40c9b10
Event: 104.417 Thread 0x000001f9f7c5eb20 flushing  nmethod 0x000001f9e3de5090
Event: 104.417 Thread 0x000001f9f7c5eb20 flushing  nmethod 0x000001f9e3e7e910
Event: 104.417 Thread 0x000001f9f7c5eb20 flushing  nmethod 0x000001f9e3e7fc90
Event: 104.417 Thread 0x000001f9f7c5eb20 flushing  nmethod 0x000001f9e3e82b90
Event: 104.417 Thread 0x000001f9f7c5eb20 flushing  nmethod 0x000001f9e3e88490
Event: 104.417 Thread 0x000001f9f7c5eb20 flushing  nmethod 0x000001f9e3f31090
Event: 104.417 Thread 0x000001f9f7c5eb20 flushing  nmethod 0x000001f9e40a4d90
Event: 104.417 Thread 0x000001f9f7c5eb20 flushing  nmethod 0x000001f9e40a6d90

Events (20 events):
Event: 60.884 Thread 0x000001f9f7de3ed0 Thread added: 0x000001f9f7de5fa0
Event: 61.397 Thread 0x000001f9f7de5fa0 Thread added: 0x000001f9f7de3840
Event: 61.446 Thread 0x000001f9f7c98d70 Thread added: 0x000001f9f8036d10
Event: 61.471 Thread 0x000001f9f7de3ed0 Thread added: 0x000001f9f7de4560
Event: 61.688 Thread 0x000001f9f8036d10 Thread exited: 0x000001f9f8036d10
Event: 64.342 Thread 0x000001f9f7c98d70 Thread added: 0x000001f9f8027890
Event: 64.515 Thread 0x000001f9f7de3ed0 Thread added: 0x000001f9fe140380
Event: 64.592 Thread 0x000001f9f7de3ed0 Thread added: 0x000001f9fe13e2b0
Event: 65.014 Thread 0x000001f9f7de3ed0 Thread added: 0x000001f9fe1410a0
Event: 65.028 Thread 0x000001f9f7de3ed0 Thread added: 0x000001f9fe140a10
Event: 66.474 Thread 0x000001f9f8027890 Thread exited: 0x000001f9f8027890
Event: 73.226 Thread 0x000001f9f7de3ed0 Thread added: 0x000001f9fe141dc0
Event: 97.297 Thread 0x000001f9f7de3ed0 Thread added: 0x000001f9fe13e940
Event: 103.416 Thread 0x000001f9f7de3ed0 Thread added: 0x000001f9fe13efd0
Event: 103.657 Thread 0x000001f9f7de3ed0 Thread added: 0x000001f9fe142ae0
Event: 124.891 Thread 0x000001f9f7de3ed0 Thread added: 0x000001f9fe144bb0
Event: 180.372 Thread 0x000001f9f7de3ed0 Thread added: 0x000001f9fe145240
Event: 245.721 Thread 0x000001f9f7de3840 Thread exited: 0x000001f9f7de3840
Event: 782.875 Thread 0x000001f9f7de5fa0 Thread added: 0x000001f9fe144520
Event: 783.266 Thread 0x000001f9f7de3ed0 Thread added: 0x000001f9fe143170


Dynamic libraries:
0x00007ff6906c0000 - 0x00007ff6906ce000 	C:\Users\ishas\.vscode\extensions\redhat.java-1.56.0-win32-x64\jre\21.0.12.1-win32-x86_64\bin\java.exe
0x00007fff22660000 - 0x00007fff228c7000 	C:\Windows\SYSTEM32\ntdll.dll
0x00007fff21bc0000 - 0x00007fff21c8b000 	C:\Windows\System32\KERNEL32.DLL
0x00007fff1fcd0000 - 0x00007fff200d2000 	C:\Windows\System32\KERNELBASE.dll
0x00007fff1fb70000 - 0x00007fff1fcbc000 	C:\Windows\System32\ucrtbase.dll
0x00007ffeb4c70000 - 0x00007ffeb4c88000 	C:\Users\ishas\.vscode\extensions\redhat.java-1.56.0-win32-x64\jre\21.0.12.1-win32-x86_64\bin\jli.dll
0x00007fff222b0000 - 0x00007fff2247f000 	C:\Windows\System32\USER32.dll
0x00007ffee06c0000 - 0x00007ffee06de000 	C:\Users\ishas\.vscode\extensions\redhat.java-1.56.0-win32-x64\jre\21.0.12.1-win32-x86_64\bin\VCRUNTIME140.dll
0x00007fff20220000 - 0x00007fff20247000 	C:\Windows\System32\win32u.dll
0x00007fff21d20000 - 0x00007fff21d4b000 	C:\Windows\System32\GDI32.dll
0x00007fff20250000 - 0x00007fff20379000 	C:\Windows\System32\gdi32full.dll
0x00007fff08e50000 - 0x00007fff090e0000 	C:\Windows\WinSxS\amd64_microsoft.windows.common-controls_6595b64144ccf1df_6.0.26100.9278_none_3e0d1ba8e3303201\COMCTL32.dll
0x00007fff200e0000 - 0x00007fff20183000 	C:\Windows\System32\msvcp_win.dll
0x00007fff20460000 - 0x00007fff20509000 	C:\Windows\System32\msvcrt.dll
0x00007fff21eb0000 - 0x00007fff21ee1000 	C:\Windows\System32\IMM32.DLL
0x00007fff1bf50000 - 0x00007fff1bf5c000 	C:\Users\ishas\.vscode\extensions\redhat.java-1.56.0-win32-x64\jre\21.0.12.1-win32-x86_64\bin\vcruntime140_1.dll
0x00007ffeac2d0000 - 0x00007ffeac35d000 	C:\Users\ishas\.vscode\extensions\redhat.java-1.56.0-win32-x64\jre\21.0.12.1-win32-x86_64\bin\msvcp140.dll
0x00007ffe828b0000 - 0x00007ffe83652000 	C:\Users\ishas\.vscode\extensions\redhat.java-1.56.0-win32-x64\jre\21.0.12.1-win32-x86_64\bin\server\jvm.dll
0x00007fff21ef0000 - 0x00007fff21fac000 	C:\Windows\System32\ADVAPI32.dll
0x00007fff21e00000 - 0x00007fff21ea9000 	C:\Windows\System32\sechost.dll
0x00007fff22500000 - 0x00007fff22618000 	C:\Windows\System32\RPCRT4.dll
0x00007fff21c90000 - 0x00007fff21d10000 	C:\Windows\System32\WS2_32.dll
0x00007fff1f6c0000 - 0x00007fff1f71e000 	C:\Windows\SYSTEM32\POWRPROF.dll
0x00007fff17580000 - 0x00007fff175b6000 	C:\Windows\SYSTEM32\WINMM.dll
0x00007fff0cde0000 - 0x00007fff0cdeb000 	C:\Windows\SYSTEM32\VERSION.dll
0x00007fff1f6a0000 - 0x00007fff1f6b5000 	C:\Windows\SYSTEM32\UMPDC.dll
0x00007fff1e530000 - 0x00007fff1e54b000 	C:\Windows\SYSTEM32\kernel.appcore.dll
0x00007fff17090000 - 0x00007fff1709a000 	C:\Users\ishas\.vscode\extensions\redhat.java-1.56.0-win32-x64\jre\21.0.12.1-win32-x86_64\bin\jimage.dll
0x00007fff1ce70000 - 0x00007fff1d0bc000 	C:\Windows\SYSTEM32\DBGHELP.DLL
0x00007fff20ed0000 - 0x00007fff21255000 	C:\Windows\System32\combase.dll
0x00007fff21a50000 - 0x00007fff21b29000 	C:\Windows\System32\OLEAUT32.dll
0x00007fff17540000 - 0x00007fff1757b000 	C:\Windows\SYSTEM32\dbgcore.DLL
0x00007fff1fab0000 - 0x00007fff1fb5c000 	C:\Windows\System32\bcryptPrimitives.dll
0x00007ffebe020000 - 0x00007ffebe02f000 	C:\Users\ishas\.vscode\extensions\redhat.java-1.56.0-win32-x64\jre\21.0.12.1-win32-x86_64\bin\instrument.dll
0x00007ffedcd90000 - 0x00007ffedcdb0000 	C:\Users\ishas\.vscode\extensions\redhat.java-1.56.0-win32-x64\jre\21.0.12.1-win32-x86_64\bin\java.dll
0x00007fff20510000 - 0x00007fff20ca8000 	C:\Windows\System32\SHELL32.dll
0x00007fff1d290000 - 0x00007fff1db3e000 	C:\Windows\SYSTEM32\windows.storage.dll
0x00007fff21fc0000 - 0x00007fff220bb000 	C:\Windows\System32\SHCORE.dll
0x00007fff22490000 - 0x00007fff224f6000 	C:\Windows\System32\shlwapi.dll
0x00007fff1f780000 - 0x00007fff1f7a9000 	C:\Windows\SYSTEM32\profapi.dll
0x00007ffedcd70000 - 0x00007ffedcd88000 	C:\Users\ishas\.vscode\extensions\redhat.java-1.56.0-win32-x64\jre\21.0.12.1-win32-x86_64\bin\zip.dll
0x00007ffee04e0000 - 0x00007ffee04f0000 	C:\Users\ishas\.vscode\extensions\redhat.java-1.56.0-win32-x64\jre\21.0.12.1-win32-x86_64\bin\net.dll
0x00007fff0dc00000 - 0x00007fff0dd2a000 	C:\Windows\SYSTEM32\WINHTTP.dll
0x00007fff1eaf0000 - 0x00007fff1eb5c000 	C:\Windows\system32\mswsock.dll
0x00007ffedcd50000 - 0x00007ffedcd66000 	C:\Users\ishas\.vscode\extensions\redhat.java-1.56.0-win32-x64\jre\21.0.12.1-win32-x86_64\bin\nio.dll
0x00007ffebc9a0000 - 0x00007ffebc9b0000 	C:\Users\ishas\.vscode\extensions\redhat.java-1.56.0-win32-x64\jre\21.0.12.1-win32-x86_64\bin\verify.dll
0x00007ffeac360000 - 0x00007ffeac387000 	C:\Users\ishas\.gradle\native\1def1411415f61bf3af743bc5b6707747c0891f09f0c88961ee8f79bc544acac\windows-amd64\native-platform.dll
0x00007ffe88010000 - 0x00007ffe88088000 	C:\Users\ishas\.gradle\native\0.2.7\x86_64-windows-gnu\gradle-fileevents.dll
0x00007ffebc890000 - 0x00007ffebc89a000 	C:\Users\ishas\.vscode\extensions\redhat.java-1.56.0-win32-x64\jre\21.0.12.1-win32-x86_64\bin\management.dll
0x00007ffebc430000 - 0x00007ffebc43c000 	C:\Users\ishas\.vscode\extensions\redhat.java-1.56.0-win32-x64\jre\21.0.12.1-win32-x86_64\bin\management_ext.dll
0x00007fff20380000 - 0x00007fff20388000 	C:\Windows\System32\PSAPI.DLL
0x00007fff1df00000 - 0x00007fff1df33000 	C:\Windows\SYSTEM32\IPHLPAPI.DLL
0x00007fff22280000 - 0x00007fff2228a000 	C:\Windows\System32\NSI.dll
0x00007ffeb9d70000 - 0x00007ffeb9d79000 	C:\Users\ishas\.vscode\extensions\redhat.java-1.56.0-win32-x64\jre\21.0.12.1-win32-x86_64\bin\extnet.dll
0x00007fff1ede0000 - 0x00007fff1edfb000 	C:\Windows\SYSTEM32\CRYPTSP.dll
0x00007fff1e490000 - 0x00007fff1e4c9000 	C:\Windows\system32\rsaenh.dll
0x00007fff1eba0000 - 0x00007fff1ebd4000 	C:\Windows\SYSTEM32\USERENV.dll
0x00007fff1f750000 - 0x00007fff1f77a000 	C:\Windows\SYSTEM32\bcrypt.dll
0x00007fff1ee00000 - 0x00007fff1ee0c000 	C:\Windows\SYSTEM32\CRYPTBASE.dll
0x00007ffeb9300000 - 0x00007ffeb930e000 	C:\Users\ishas\.vscode\extensions\redhat.java-1.56.0-win32-x64\jre\21.0.12.1-win32-x86_64\bin\sunmscapi.dll
0x00007fff1f860000 - 0x00007fff1f9de000 	C:\Windows\System32\CRYPT32.dll
0x00007fff1f020000 - 0x00007fff1f050000 	C:\Windows\SYSTEM32\ncrypt.dll
0x00007fff1efd0000 - 0x00007fff1f00f000 	C:\Windows\SYSTEM32\NTASN1.dll
0x00007fff01a10000 - 0x00007fff01a18000 	C:\Windows\system32\wshunix.dll

JVMTI agents:
C:\Users\ishas\.gradle\wrapper\dists\gradle-8.14.3-all\10utluxaxniiv4wxiphsi49nj\gradle-8.14.3\lib\agents\gradle-instrumentation-agent-8.14.3.jar path:C:\Users\ishas\.vscode\extensions\redhat.java-1.56.0-win32-x64\jre\21.0.12.1-win32-x86_64\bin\instrument.dll, loaded, initialized, instrumentlib options:none

dbghelp: loaded successfully - version: 4.0.5 - missing functions: none
symbol engine: initialized successfully - sym options: 0x614 - pdb path: .;C:\Users\ishas\.vscode\extensions\redhat.java-1.56.0-win32-x64\jre\21.0.12.1-win32-x86_64\bin;C:\Windows\SYSTEM32;C:\Windows\WinSxS\amd64_microsoft.windows.common-controls_6595b64144ccf1df_6.0.26100.9278_none_3e0d1ba8e3303201;C:\Users\ishas\.vscode\extensions\redhat.java-1.56.0-win32-x64\jre\21.0.12.1-win32-x86_64\bin\server;C:\Users\ishas\.gradle\native\1def1411415f61bf3af743bc5b6707747c0891f09f0c88961ee8f79bc544acac\windows-amd64;C:\Users\ishas\.gradle\native\0.2.7\x86_64-windows-gnu

VM Arguments:
jvm_args: --add-opens=java.base/java.lang=ALL-UNNAMED --add-opens=java.base/java.lang.invoke=ALL-UNNAMED --add-opens=java.base/java.util=ALL-UNNAMED --add-opens=java.prefs/java.util.prefs=ALL-UNNAMED --add-exports=jdk.compiler/com.sun.tools.javac.api=ALL-UNNAMED --add-exports=jdk.compiler/com.sun.tools.javac.util=ALL-UNNAMED --add-opens=java.base/java.util=ALL-UNNAMED --add-opens=java.prefs/java.util.prefs=ALL-UNNAMED --add-opens=java.base/java.nio.charset=ALL-UNNAMED --add-opens=java.base/java.net=ALL-UNNAMED --add-opens=java.base/java.util.concurrent.atomic=ALL-UNNAMED --add-opens=java.xml/javax.xml.namespace=ALL-UNNAMED -Xmx1536m -Dfile.encoding=UTF-8 -Duser.country=IN -Duser.language=en -Duser.variant -javaagent:C:\Users\ishas\.gradle\wrapper\dists\gradle-8.14.3-all\10utluxaxniiv4wxiphsi49nj\gradle-8.14.3\lib\agents\gradle-instrumentation-agent-8.14.3.jar 
java_command: org.gradle.launcher.daemon.bootstrap.GradleDaemon 8.14.3
java_class_path (initial): C:\Users\ishas\.gradle\wrapper\dists\gradle-8.14.3-all\10utluxaxniiv4wxiphsi49nj\gradle-8.14.3\lib\gradle-daemon-main-8.14.3.jar
Launcher Type: SUN_STANDARD

[Global flags]
     intx CICompilerCount                          = 4                                         {product} {ergonomic}
     uint ConcGCThreads                            = 3                                         {product} {ergonomic}
     uint G1ConcRefinementThreads                  = 10                                        {product} {ergonomic}
   size_t G1HeapRegionSize                         = 1048576                                   {product} {ergonomic}
    uintx GCDrainStackTargetSize                   = 64                                        {product} {ergonomic}
   size_t InitialHeapSize                          = 264241152                                 {product} {ergonomic}
   size_t MarkStackSize                            = 4194304                                   {product} {ergonomic}
   size_t MaxHeapSize                              = 1610612736                                {product} {command line}
   size_t MaxNewSize                               = 965738496                                 {product} {ergonomic}
   size_t MinHeapDeltaBytes                        = 1048576                                   {product} {ergonomic}
   size_t MinHeapSize                              = 8388608                                   {product} {ergonomic}
    uintx NonNMethodCodeHeapSize                   = 5839372                                {pd product} {ergonomic}
    uintx NonProfiledCodeHeapSize                  = 122909434                              {pd product} {ergonomic}
    uintx ProfiledCodeHeapSize                     = 122909434                              {pd product} {ergonomic}
    uintx ReservedCodeCacheSize                    = 251658240                              {pd product} {ergonomic}
     bool SegmentedCodeCache                       = true                                      {product} {ergonomic}
   size_t SoftMaxHeapSize                          = 1610612736                             {manageable} {ergonomic}
     bool UseCompressedOops                        = true                           {product lp64_product} {ergonomic}
     bool UseG1GC                                  = true                                      {product} {ergonomic}
     bool UseLargePagesIndividualAllocation        = false                                  {pd product} {ergonomic}

Logging:
Log output configuration:
 #0: stdout all=warning uptime,level,tags foldmultilines=false
 #1: stderr all=off uptime,level,tags foldmultilines=false

Release file:
JAVA_VERSION="21.0.12.1" 
MODULES="java.base java.compiler java.datatransfer java.xml java.prefs java.desktop java.instrument java.logging java.management java.security.sasl java.naming java.rmi java.management.rmi java.net.http java.scripting java.security.jgss java.transaction.xa java.sql java.sql.rowset java.xml.crypto java.se java.smartcardio jdk.accessibility jdk.internal.jvmstat jdk.attach jdk.charsets jdk.internal.opt jdk.zipfs jdk.compiler jdk.crypto.ec jdk.crypto.cryptoki jdk.crypto.mscapi jdk.dynalink jdk.internal.ed jdk.editpad jdk.hotspot.agent jdk.httpserver jdk.internal.le jdk.internal.vm.ci jdk.internal.vm.compiler jdk.internal.vm.compiler.management jdk.jartool jdk.javadoc jdk.jcmd jdk.management jdk.management.agent jdk.jconsole jdk.jdeps jdk.jdwp.agent jdk.jdi jdk.jfr jdk.jshell jdk.jsobject jdk.jstatd jdk.localedata jdk.management.jfr jdk.naming.dns jdk.naming.rmi jdk.net jdk.nio.mapmode jdk.random jdk.sctp jdk.security.auth jdk.security.jgss jdk.unsupported jdk.unsupported.desktop jdk.xml.dom" 

Environment Variables:
PATH=C:\Program Files\Microsoft\jdk-17.0.12.7-hotspot\bin;C:\Program Files\Eclipse Adoptium\jdk-17.0.17.10-hotspot\bin;C:\Windows\system32;C:\Windows;C:\Windows\System32\Wbem;C:\Windows\System32\WindowsPowerShell\v1.0\;C:\Windows\System32\OpenSSH\;C:\Program Files\nodejs\;C:\Users\ishas\Downloads\apache-maven-3.9.11-bin\apache-maven-3.9.11\bin;C:\Users\ishas\Downloads\apache-maven-3.9.11-bin\apache-maven-3.9.11\bin;C:\Program Files\MySQL\MySQL Server 8.0\bin;C:\Users\ishas\AppData\Local\Programs\Python\Python313;C:\Program Files\Git\cmd;C:\Users\ishas\AppData\Local\Programs\Python\Launcher\;C:\Program Files\MySQL\MySQL Shell 8.0\bin\;C:\Users\ishas\AppData\Local\Microsoft\WindowsApps;C:\Users\ishas\AppData\Local\Programs\Microsoft VS Code\bin;C:\Users\ishas\AppData\Roaming\npm
USERNAME=ishas
OS=Windows_NT
PROCESSOR_IDENTIFIER=Intel64 Family 6 Model 186 Stepping 2, GenuineIntel
TMP=C:\Users\ishas\AppData\Local\Temp
TEMP=C:\Users\ishas\AppData\Local\Temp




Periodic native trim disabled

---------------  S Y S T E M  ---------------

OS:
 Windows 11 , 64 bit Build 26100 (10.0.26100.9444)
OS uptime: 0 days 0:21 hours
Hyper-V role detected

CPU: total 12 (initial active 12) (6 cores per cpu, 2 threads per core) family 6 model 186 stepping 2 microcode 0x4122, cx8, cmov, fxsr, ht, mmx, 3dnowpref, sse, sse2, sse3, ssse3, sse4.1, sse4.2, popcnt, lzcnt, tsc, tscinvbit, avx, avx2, aes, erms, clmul, bmi1, bmi2, adx, sha, fma, vzeroupper, clflush, clflushopt, clwb, hv, serialize, rdtscp, rdpid, fsrm, f16c, cet_ibt, cet_ss
Processor Information for the first 12 processors :
  Max Mhz: 2100, Current Mhz: 2100, Mhz Limit: 2100

Memory: 4k page, system-wide physical 16076M (944M free)
TotalPageFile size 65228M (AvailPageFile size 265M)
current process WorkingSet (physical memory assigned to process): 34M, peak: 235M
current process commit charge ("private bytes"): 276M, peak: 414M

vm_info: OpenJDK 64-Bit Server VM (21.0.12.1+1-LTS) for windows-amd64 JRE (21.0.12.1+1-LTS), built on 2026-08-18T00:00:00Z by "admin" with MS VC++ 17.12 (VS2022)

END.
