#
# There is insufficient memory for the Java Runtime Environment to continue.
# Native memory allocation (malloc) failed to allocate 40976 bytes. Error detail: Chunk::new
# Possible reasons:
#   The system is out of physical RAM or swap space
#   This process is running with CompressedOops enabled, and the Java Heap may be blocking the growth of the native heap
# Possible solutions:
#   Reduce memory load on the system
#   Increase physical memory or swap space
#   Check if swap backing store is full
#   Decrease Java heap size (-Xmx/-Xms)
#   Decrease number of Java threads
#   Decrease Java thread stack sizes (-Xss)
#   Set larger code cache with -XX:ReservedCodeCacheSize=
#   JVM is running with Unscaled Compressed Oops mode in which the Java heap is
#     placed in the first 4GB address space. The Java Heap base address is the
#     maximum limit for the native heap growth. Please use -XX:HeapBaseMinAddress
#     to set the Java Heap base and to place the Java Heap above 4GB virtual address.
# This output file may be truncated or incomplete.
#
#  Out of Memory Error (arena.cpp:168), pid=28768, tid=30716
#
# JRE version: OpenJDK Runtime Environment Temurin-21.0.12.1+1 (21.0.12.1+1) (build 21.0.12.1+1-LTS)
# Java VM: OpenJDK 64-Bit Server VM Temurin-21.0.12.1+1 (21.0.12.1+1-LTS, mixed mode, sharing, tiered, compressed oops, compressed class ptrs, g1 gc, windows-amd64)
# No core dump will be written. Minidumps are not enabled by default on client versions of Windows
#

---------------  S U M M A R Y ------------

Command Line: --add-opens=java.base/java.lang=ALL-UNNAMED --add-opens=java.base/java.lang.invoke=ALL-UNNAMED --add-opens=java.base/java.util=ALL-UNNAMED --add-opens=java.prefs/java.util.prefs=ALL-UNNAMED --add-exports=jdk.compiler/com.sun.tools.javac.api=ALL-UNNAMED --add-exports=jdk.compiler/com.sun.tools.javac.util=ALL-UNNAMED --add-opens=java.base/java.util=ALL-UNNAMED --add-opens=java.prefs/java.util.prefs=ALL-UNNAMED --add-opens=java.base/java.nio.charset=ALL-UNNAMED --add-opens=java.base/java.net=ALL-UNNAMED --add-opens=java.base/java.util.concurrent.atomic=ALL-UNNAMED --add-opens=java.xml/javax.xml.namespace=ALL-UNNAMED -Xmx1536m -Dfile.encoding=UTF-8 -Duser.country=IN -Duser.language=en -Duser.variant -javaagent:C:\Users\ishas\.gradle\wrapper\dists\gradle-8.14.3-all\10utluxaxniiv4wxiphsi49nj\gradle-8.14.3\lib\agents\gradle-instrumentation-agent-8.14.3.jar org.gradle.launcher.daemon.bootstrap.GradleDaemon 8.14.3

Host: 13th Gen Intel(R) Core(TM) i5-13420H, 12 cores, 15G,  Windows 11 , 64 bit Build 26100 (10.0.26100.9444)
Time: Mon Sep 14 17:51:44 2026 India Standard Time elapsed time: 520.925193 seconds (0d 0h 8m 40s)

---------------  T H R E A D  ---------------

Current thread (0x000001f717a6e6d0):  JavaThread "C2 CompilerThread0" daemon [_thread_in_native, id=30716, stack(0x0000008da8500000,0x0000008da8600000) (1024K)]


Current CompileTask:
C2:520927 4265   !   4       sun.nio.ch.FileLockTable::remove (162 bytes)

Stack: [0x0000008da8500000,0x0000008da8600000]
Native frames: (J=compiled Java code, j=interpreted, Vv=VM code, C=native code)
V  [jvm.dll+0x6d83e9]
V  [jvm.dll+0x8b5736]
V  [jvm.dll+0x8b7cee]
V  [jvm.dll+0x8b83d3]
V  [jvm.dll+0x284596]
V  [jvm.dll+0xc685d]
V  [jvm.dll+0xc6da1]
V  [jvm.dll+0x1422bf]
V  [jvm.dll+0x660ae2]
V  [jvm.dll+0x664fd6]
V  [jvm.dll+0x24c57b]
V  [jvm.dll+0x24bce0]
V  [jvm.dll+0x1cb4ae]
V  [jvm.dll+0x25baad]
V  [jvm.dll+0x25a03a]
V  [jvm.dll+0x3f8aae]
V  [jvm.dll+0x8600cd]
V  [jvm.dll+0x6d6c1d]
C  [ucrtbase.dll+0x2cd30]
C  [KERNEL32.DLL+0x2cd87]
C  [ntdll.dll+0xacaec]


---------------  P R O C E S S  ---------------

Threads class SMR info:
_java_thread_list=0x000001f75f5019c0, length=29, elements={
0x000001f70083e7a0, 0x000001f717a63be0, 0x000001f717a65460, 0x000001f717a6ad00,
0x000001f717a6b760, 0x000001f717a6cee0, 0x000001f717a6d940, 0x000001f717a6e6d0,
0x000001f717a6f170, 0x000001f717caa5f0, 0x000001f717d2cb60, 0x000001f75e7d6250,
0x000001f75dbcbf80, 0x000001f75db49860, 0x000001f75d985640, 0x000001f717e19ef0,
0x000001f75e7e7b60, 0x000001f75e7e95a0, 0x000001f75e7e6120, 0x000001f75e7e6e40,
0x000001f75e7e67b0, 0x000001f75e7e81f0, 0x000001f75e7e74d0, 0x000001f75e7e8880,
0x000001f75ee7e8d0, 0x000001f75ee7ef60, 0x000001f75ee7fc80, 0x000001f75ee7f5f0,
0x000001f75ee80310
}

Java Threads: ( => current thread )
  0x000001f70083e7a0 JavaThread "main"                              [_thread_blocked, id=13020, stack(0x0000008da7700000,0x0000008da7800000) (1024K)]
  0x000001f717a63be0 JavaThread "Reference Handler"          daemon [_thread_blocked, id=26176, stack(0x0000008da7f00000,0x0000008da8000000) (1024K)]
  0x000001f717a65460 JavaThread "Finalizer"                  daemon [_thread_blocked, id=26160, stack(0x0000008da8000000,0x0000008da8100000) (1024K)]
  0x000001f717a6ad00 JavaThread "Signal Dispatcher"          daemon [_thread_blocked, id=25792, stack(0x0000008da8100000,0x0000008da8200000) (1024K)]
  0x000001f717a6b760 JavaThread "Attach Listener"            daemon [_thread_blocked, id=11284, stack(0x0000008da8200000,0x0000008da8300000) (1024K)]
  0x000001f717a6cee0 JavaThread "Service Thread"             daemon [_thread_blocked, id=7852, stack(0x0000008da8300000,0x0000008da8400000) (1024K)]
  0x000001f717a6d940 JavaThread "Monitor Deflation Thread"   daemon [_thread_blocked, id=28068, stack(0x0000008da8400000,0x0000008da8500000) (1024K)]
=>0x000001f717a6e6d0 JavaThread "C2 CompilerThread0"         daemon [_thread_in_native, id=30716, stack(0x0000008da8500000,0x0000008da8600000) (1024K)]
  0x000001f717a6f170 JavaThread "C1 CompilerThread0"         daemon [_thread_blocked, id=22804, stack(0x0000008da8600000,0x0000008da8700000) (1024K)]
  0x000001f717caa5f0 JavaThread "Common-Cleaner"             daemon [_thread_blocked, id=32420, stack(0x0000008da8700000,0x0000008da8800000) (1024K)]
  0x000001f717d2cb60 JavaThread "Notification Thread"        daemon [_thread_blocked, id=9688, stack(0x0000008da8800000,0x0000008da8900000) (1024K)]
  0x000001f75e7d6250 JavaThread "Daemon health stats"               [_thread_blocked, id=34460, stack(0x0000008da9100000,0x0000008da9200000) (1024K)]
  0x000001f75dbcbf80 JavaThread "Incoming local TCP Connector on port 58085"        [_thread_in_native, id=33196, stack(0x0000008da9200000,0x0000008da9300000) (1024K)]
  0x000001f75db49860 JavaThread "Daemon periodic checks"            [_thread_blocked, id=35560, stack(0x0000008da7500000,0x0000008da7600000) (1024K)]
  0x000001f75d985640 JavaThread "Daemon"                            [_thread_blocked, id=38904, stack(0x0000008da9300000,0x0000008da9400000) (1024K)]
  0x000001f717e19ef0 JavaThread "Handler for socket connection from /127.0.0.1:58085 to /127.0.0.1:54559"        [_thread_in_native, id=24884, stack(0x0000008da9400000,0x0000008da9500000) (1024K)]
  0x000001f75e7e7b60 JavaThread "Cancel handler"                    [_thread_blocked, id=34980, stack(0x0000008da9500000,0x0000008da9600000) (1024K)]
  0x000001f75e7e95a0 JavaThread "Daemon worker"                     [_thread_blocked, id=35688, stack(0x0000008da9600000,0x0000008da9700000) (1024K)]
  0x000001f75e7e6120 JavaThread "Asynchronous log dispatcher for DefaultDaemonConnection: socket connection from /127.0.0.1:58085 to /127.0.0.1:54559"        [_thread_blocked, id=22996, stack(0x0000008da9700000,0x0000008da9800000) (1024K)]
  0x000001f75e7e6e40 JavaThread "Stdin handler"                     [_thread_blocked, id=18864, stack(0x0000008da9800000,0x0000008da9900000) (1024K)]
  0x000001f75e7e67b0 JavaThread "Daemon client event forwarder"        [_thread_blocked, id=37416, stack(0x0000008da9900000,0x0000008da9a00000) (1024K)]
  0x000001f75e7e81f0 JavaThread "Cache worker for journal cache (C:\Users\ishas\.gradle\caches\journal-1)"        [_thread_blocked, id=41576, stack(0x0000008da9a00000,0x0000008da9b00000) (1024K)]
  0x000001f75e7e74d0 JavaThread "File lock request listener"        [_thread_in_native, id=41580, stack(0x0000008da9b00000,0x0000008da9c00000) (1024K)]
  0x000001f75e7e8880 JavaThread "Cache worker for file hash cache (C:\Users\ishas\.gradle\caches\8.14.3\fileHashes)"        [_thread_blocked, id=41612, stack(0x0000008da9c00000,0x0000008da9d00000) (1024K)]
  0x000001f75ee7e8d0 JavaThread "Cache worker for file hash cache (C:\Users\ishas\Downloads\ai-yoga-assistant-razorpay-v9\yoga3\android\.gradle\8.14.3\fileHashes)"        [_thread_blocked, id=41056, stack(0x0000008daa100000,0x0000008daa200000) (1024K)]
  0x000001f75ee7ef60 JavaThread "Cache worker for Build Output Cleanup Cache (C:\Users\ishas\Downloads\ai-yoga-assistant-razorpay-v9\yoga3\android\.gradle\buildOutputCleanup)"        [_thread_blocked, id=26368, stack(0x0000008daa200000,0x0000008daa300000) (1024K)]
  0x000001f75ee7fc80 JavaThread "File watcher server"        daemon [_thread_in_native, id=37716, stack(0x0000008daa300000,0x0000008daa400000) (1024K)]
  0x000001f75ee7f5f0 JavaThread "File watcher consumer"      daemon [_thread_blocked, id=31660, stack(0x0000008daa400000,0x0000008daa500000) (1024K)]
  0x000001f75ee80310 JavaThread "jar transforms"                    [_thread_blocked, id=4140, stack(0x0000008da7400000,0x0000008da7500000) (1024K)]
Total: 29

Other Threads:
  0x000001f717a3ea00 VMThread "VM Thread"                           [id=31824, stack(0x0000008da7e00000,0x0000008da7f00000) (1024K)]
  0x000001f717a30640 WatcherThread "VM Periodic Task Thread"        [id=25008, stack(0x0000008da7d00000,0x0000008da7e00000) (1024K)]
  0x000001f7008860d0 WorkerThread "GC Thread#0"                     [id=4788, stack(0x0000008da7800000,0x0000008da7900000) (1024K)]
  0x000001f75d01bd50 WorkerThread "GC Thread#1"                     [id=32964, stack(0x0000008da8a00000,0x0000008da8b00000) (1024K)]
  0x000001f75d01c100 WorkerThread "GC Thread#2"                     [id=32968, stack(0x0000008da8b00000,0x0000008da8c00000) (1024K)]
  0x000001f75d01c4b0 WorkerThread "GC Thread#3"                     [id=32972, stack(0x0000008da8c00000,0x0000008da8d00000) (1024K)]
  0x000001f75d01c860 WorkerThread "GC Thread#4"                     [id=32976, stack(0x0000008da8d00000,0x0000008da8e00000) (1024K)]
  0x000001f717e30c20 WorkerThread "GC Thread#5"                     [id=32980, stack(0x0000008da8e00000,0x0000008da8f00000) (1024K)]
  0x000001f717ccd200 WorkerThread "GC Thread#6"                     [id=34332, stack(0x0000008da8900000,0x0000008da8a00000) (1024K)]
  0x000001f717ccb830 WorkerThread "GC Thread#7"                     [id=34336, stack(0x0000008da8f00000,0x0000008da9000000) (1024K)]
  0x000001f717ccbf90 WorkerThread "GC Thread#8"                     [id=34340, stack(0x0000008da9000000,0x0000008da9100000) (1024K)]
  0x000001f75dde9060 WorkerThread "GC Thread#9"                     [id=41756, stack(0x0000008da9e00000,0x0000008da9f00000) (1024K)]
  0x000001f700892fd0 ConcurrentGCThread "G1 Main Marker"            [id=26380, stack(0x0000008da7900000,0x0000008da7a00000) (1024K)]
  0x000001f7008939f0 WorkerThread "G1 Conc#0"                       [id=28576, stack(0x0000008da7a00000,0x0000008da7b00000) (1024K)]
  0x000001f75dde9b70 WorkerThread "G1 Conc#1"                       [id=41752, stack(0x0000008da9f00000,0x0000008daa000000) (1024K)]
  0x000001f75ddea2d0 WorkerThread "G1 Conc#2"                       [id=41764, stack(0x0000008daa000000,0x0000008daa100000) (1024K)]
  0x000001f7178ffa70 ConcurrentGCThread "G1 Refine#0"               [id=21764, stack(0x0000008da7b00000,0x0000008da7c00000) (1024K)]
  0x000001f717900400 ConcurrentGCThread "G1 Service"                [id=16768, stack(0x0000008da7c00000,0x0000008da7d00000) (1024K)]
Total: 18

Threads with active compile tasks:
C2 CompilerThread0  521236 4265   !   4       sun.nio.ch.FileLockTable::remove (162 bytes)
Total: 1

VM state: not at safepoint (normal execution)

VM Mutex/Monitor currently owned by a thread: None

Heap address: 0x00000000a0000000, size: 1536 MB, Compressed Oops mode: 32-bit

CDS archive(s) mapped at: [0x000001f718000000-0x000001f718ba0000-0x000001f718ba0000), size 12189696, SharedBaseAddress: 0x000001f718000000, ArchiveRelocationMode: 1.
Compressed class space mapped at: 0x000001f719000000-0x000001f759000000, reserved size: 1073741824
Narrow klass base: 0x000001f718000000, Narrow klass shift: 0, Narrow klass range: 0x100000000

GC Precious Log:
 CardTable entry size: 512
 Card Set container configuration: InlinePtr #cards 5 size 8 Array Of Cards #cards 12 size 40 Howl #buckets 4 coarsen threshold 1843 Howl Bitmap #cards 512 size 80 coarsen threshold 460 Card regions per heap region 1 cards per card region 2048
 CPUs: 12 total, 12 available
 Memory: 16076M
 Large Page Support: Disabled
 NUMA Support: Disabled
 Compressed Oops: Enabled (32-bit)
 Heap Region Size: 1M
 Heap Min Capacity: 8M
 Heap Initial Capacity: 252M
 Heap Max Capacity: 1536M
 Pre-touch: Disabled
 Parallel Workers: 10
 Concurrent Workers: 3
 Concurrent Refinement Workers: 10
 Periodic GC: Disabled

Heap:
 garbage-first heap   total 97280K, used 63575K [0x00000000a0000000, 0x0000000100000000)
  region size 1024K, 46 young (47104K), 9 survivors (9216K)
 Metaspace       used 26976K, committed 27904K, reserved 1114112K
  class space    used 4040K, committed 4480K, reserved 1048576K

Heap Regions: E=young(eden), S=young(survivor), O=old, HS=humongous(starts), HC=humongous(continues), CS=collection set, F=free, TAMS=top-at-mark-start, PB=parsable bottom
|   0|0x00000000a0000000, 0x00000000a0100000, 0x00000000a0100000|100%|HS|  |TAMS 0x00000000a0000000| PB 0x00000000a0000000| Complete 
|   1|0x00000000a0100000, 0x00000000a0200000, 0x00000000a0200000|100%|HC|  |TAMS 0x00000000a0100000| PB 0x00000000a0100000| Complete 
|   2|0x00000000a0200000, 0x00000000a0300000, 0x00000000a0300000|100%|HC|  |TAMS 0x00000000a0200000| PB 0x00000000a0200000| Complete 
|   3|0x00000000a0300000, 0x00000000a0400000, 0x00000000a0400000|100%| O|  |TAMS 0x00000000a0300000| PB 0x00000000a0300000| Untracked 
|   4|0x00000000a0400000, 0x00000000a0500000, 0x00000000a0500000|100%| O|  |TAMS 0x00000000a0400000| PB 0x00000000a0400000| Untracked 
|   5|0x00000000a0500000, 0x00000000a0600000, 0x00000000a0600000|100%| O|  |TAMS 0x00000000a0500000| PB 0x00000000a0500000| Untracked 
|   6|0x00000000a0600000, 0x00000000a0700000, 0x00000000a0700000|100%|HS|  |TAMS 0x00000000a0600000| PB 0x00000000a0600000| Complete 
|   7|0x00000000a0700000, 0x00000000a0700000, 0x00000000a0800000|  0%| F|  |TAMS 0x00000000a0700000| PB 0x00000000a0700000| Untracked 
|   8|0x00000000a0800000, 0x00000000a0900000, 0x00000000a0900000|100%| O|  |TAMS 0x00000000a0800000| PB 0x00000000a0800000| Untracked 
|   9|0x00000000a0900000, 0x00000000a0a00000, 0x00000000a0a00000|100%| O|  |TAMS 0x00000000a0900000| PB 0x00000000a0900000| Untracked 
|  10|0x00000000a0a00000, 0x00000000a0b00000, 0x00000000a0b00000|100%| O|  |TAMS 0x00000000a0a00000| PB 0x00000000a0a00000| Untracked 
|  11|0x00000000a0b00000, 0x00000000a0c00000, 0x00000000a0c00000|100%| O|  |TAMS 0x00000000a0b00000| PB 0x00000000a0b00000| Untracked 
|  12|0x00000000a0c00000, 0x00000000a0c8abc0, 0x00000000a0d00000| 54%| O|Cm|TAMS 0x00000000a0c00000| PB 0x00000000a0c00000| Complete 
|  13|0x00000000a0d00000, 0x00000000a0d00000, 0x00000000a0e00000|  0%| F|  |TAMS 0x00000000a0d00000| PB 0x00000000a0d00000| Untracked 
|  14|0x00000000a0e00000, 0x00000000a0e00000, 0x00000000a0f00000|  0%| F|  |TAMS 0x00000000a0e00000| PB 0x00000000a0e00000| Untracked 
|  15|0x00000000a0f00000, 0x00000000a0f00000, 0x00000000a1000000|  0%| F|  |TAMS 0x00000000a0f00000| PB 0x00000000a0f00000| Untracked 
|  16|0x00000000a1000000, 0x00000000a1000000, 0x00000000a1100000|  0%| F|  |TAMS 0x00000000a1000000| PB 0x00000000a1000000| Untracked 
|  17|0x00000000a1100000, 0x00000000a1100000, 0x00000000a1200000|  0%| F|  |TAMS 0x00000000a1100000| PB 0x00000000a1100000| Untracked 
|  18|0x00000000a1200000, 0x00000000a1200000, 0x00000000a1300000|  0%| F|  |TAMS 0x00000000a1200000| PB 0x00000000a1200000| Untracked 
|  19|0x00000000a1300000, 0x00000000a1300000, 0x00000000a1400000|  0%| F|  |TAMS 0x00000000a1300000| PB 0x00000000a1300000| Untracked 
|  20|0x00000000a1400000, 0x00000000a1400000, 0x00000000a1500000|  0%| F|  |TAMS 0x00000000a1400000| PB 0x00000000a1400000| Untracked 
|  21|0x00000000a1500000, 0x00000000a1500000, 0x00000000a1600000|  0%| F|  |TAMS 0x00000000a1500000| PB 0x00000000a1500000| Untracked 
|  22|0x00000000a1600000, 0x00000000a1600000, 0x00000000a1700000|  0%| F|  |TAMS 0x00000000a1600000| PB 0x00000000a1600000| Untracked 
|  23|0x00000000a1700000, 0x00000000a1700000, 0x00000000a1800000|  0%| F|  |TAMS 0x00000000a1700000| PB 0x00000000a1700000| Untracked 
|  24|0x00000000a1800000, 0x00000000a1800000, 0x00000000a1900000|  0%| F|  |TAMS 0x00000000a1800000| PB 0x00000000a1800000| Untracked 
|  25|0x00000000a1900000, 0x00000000a1900000, 0x00000000a1a00000|  0%| F|  |TAMS 0x00000000a1900000| PB 0x00000000a1900000| Untracked 
|  26|0x00000000a1a00000, 0x00000000a1a00000, 0x00000000a1b00000|  0%| F|  |TAMS 0x00000000a1a00000| PB 0x00000000a1a00000| Untracked 
|  27|0x00000000a1b00000, 0x00000000a1b00000, 0x00000000a1c00000|  0%| F|  |TAMS 0x00000000a1b00000| PB 0x00000000a1b00000| Untracked 
|  28|0x00000000a1c00000, 0x00000000a1c00000, 0x00000000a1d00000|  0%| F|  |TAMS 0x00000000a1c00000| PB 0x00000000a1c00000| Untracked 
|  29|0x00000000a1d00000, 0x00000000a1d00000, 0x00000000a1e00000|  0%| F|  |TAMS 0x00000000a1d00000| PB 0x00000000a1d00000| Untracked 
|  30|0x00000000a1e00000, 0x00000000a1e00000, 0x00000000a1f00000|  0%| F|  |TAMS 0x00000000a1e00000| PB 0x00000000a1e00000| Untracked 
|  31|0x00000000a1f00000, 0x00000000a1f00000, 0x00000000a2000000|  0%| F|  |TAMS 0x00000000a1f00000| PB 0x00000000a1f00000| Untracked 
|  32|0x00000000a2000000, 0x00000000a2000000, 0x00000000a2100000|  0%| F|  |TAMS 0x00000000a2000000| PB 0x00000000a2000000| Untracked 
|  33|0x00000000a2100000, 0x00000000a2100000, 0x00000000a2200000|  0%| F|  |TAMS 0x00000000a2100000| PB 0x00000000a2100000| Untracked 
|  34|0x00000000a2200000, 0x00000000a2200000, 0x00000000a2300000|  0%| F|  |TAMS 0x00000000a2200000| PB 0x00000000a2200000| Untracked 
|  35|0x00000000a2300000, 0x00000000a2300000, 0x00000000a2400000|  0%| F|  |TAMS 0x00000000a2300000| PB 0x00000000a2300000| Untracked 
|  36|0x00000000a2400000, 0x00000000a2400000, 0x00000000a2500000|  0%| F|  |TAMS 0x00000000a2400000| PB 0x00000000a2400000| Untracked 
|  37|0x00000000a2500000, 0x00000000a2500000, 0x00000000a2600000|  0%| F|  |TAMS 0x00000000a2500000| PB 0x00000000a2500000| Untracked 
|  38|0x00000000a2600000, 0x00000000a2600000, 0x00000000a2700000|  0%| F|  |TAMS 0x00000000a2600000| PB 0x00000000a2600000| Untracked 
|  39|0x00000000a2700000, 0x00000000a2700000, 0x00000000a2800000|  0%| F|  |TAMS 0x00000000a2700000| PB 0x00000000a2700000| Untracked 
|  40|0x00000000a2800000, 0x00000000a2800000, 0x00000000a2900000|  0%| F|  |TAMS 0x00000000a2800000| PB 0x00000000a2800000| Untracked 
|  41|0x00000000a2900000, 0x00000000a2900000, 0x00000000a2a00000|  0%| F|  |TAMS 0x00000000a2900000| PB 0x00000000a2900000| Untracked 
|  42|0x00000000a2a00000, 0x00000000a2a00000, 0x00000000a2b00000|  0%| F|  |TAMS 0x00000000a2a00000| PB 0x00000000a2a00000| Untracked 
|  43|0x00000000a2b00000, 0x00000000a2bcc590, 0x00000000a2c00000| 79%| E|  |TAMS 0x00000000a2b00000| PB 0x00000000a2b00000| Complete 
|  44|0x00000000a2c00000, 0x00000000a2d00000, 0x00000000a2d00000|100%| E|CS|TAMS 0x00000000a2c00000| PB 0x00000000a2c00000| Complete 
|  45|0x00000000a2d00000, 0x00000000a2e00000, 0x00000000a2e00000|100%| E|CS|TAMS 0x00000000a2d00000| PB 0x00000000a2d00000| Complete 
|  46|0x00000000a2e00000, 0x00000000a2f00000, 0x00000000a2f00000|100%| E|CS|TAMS 0x00000000a2e00000| PB 0x00000000a2e00000| Complete 
|  47|0x00000000a2f00000, 0x00000000a3000000, 0x00000000a3000000|100%| E|CS|TAMS 0x00000000a2f00000| PB 0x00000000a2f00000| Complete 
|  48|0x00000000a3000000, 0x00000000a3100000, 0x00000000a3100000|100%| E|CS|TAMS 0x00000000a3000000| PB 0x00000000a3000000| Complete 
|  49|0x00000000a3100000, 0x00000000a3200000, 0x00000000a3200000|100%| E|CS|TAMS 0x00000000a3100000| PB 0x00000000a3100000| Complete 
|  50|0x00000000a3200000, 0x00000000a3300000, 0x00000000a3300000|100%| E|CS|TAMS 0x00000000a3200000| PB 0x00000000a3200000| Complete 
|  51|0x00000000a3300000, 0x00000000a3400000, 0x00000000a3400000|100%| E|CS|TAMS 0x00000000a3300000| PB 0x00000000a3300000| Complete 
|  52|0x00000000a3400000, 0x00000000a3500000, 0x00000000a3500000|100%| E|CS|TAMS 0x00000000a3400000| PB 0x00000000a3400000| Complete 
|  53|0x00000000a3500000, 0x00000000a3600000, 0x00000000a3600000|100%| E|CS|TAMS 0x00000000a3500000| PB 0x00000000a3500000| Complete 
|  54|0x00000000a3600000, 0x00000000a3700000, 0x00000000a3700000|100%| E|CS|TAMS 0x00000000a3600000| PB 0x00000000a3600000| Complete 
|  55|0x00000000a3700000, 0x00000000a3800000, 0x00000000a3800000|100%| E|CS|TAMS 0x00000000a3700000| PB 0x00000000a3700000| Complete 
|  56|0x00000000a3800000, 0x00000000a3900000, 0x00000000a3900000|100%| E|CS|TAMS 0x00000000a3800000| PB 0x00000000a3800000| Complete 
|  57|0x00000000a3900000, 0x00000000a3a00000, 0x00000000a3a00000|100%| E|CS|TAMS 0x00000000a3900000| PB 0x00000000a3900000| Complete 
|  58|0x00000000a3a00000, 0x00000000a3b00000, 0x00000000a3b00000|100%| E|CS|TAMS 0x00000000a3a00000| PB 0x00000000a3a00000| Complete 
|  59|0x00000000a3b00000, 0x00000000a3c00000, 0x00000000a3c00000|100%| E|CS|TAMS 0x00000000a3b00000| PB 0x00000000a3b00000| Complete 
|  60|0x00000000a3c00000, 0x00000000a3d00000, 0x00000000a3d00000|100%| E|CS|TAMS 0x00000000a3c00000| PB 0x00000000a3c00000| Complete 
|  61|0x00000000a3d00000, 0x00000000a3e00000, 0x00000000a3e00000|100%| E|CS|TAMS 0x00000000a3d00000| PB 0x00000000a3d00000| Complete 
|  62|0x00000000a3e00000, 0x00000000a3f00000, 0x00000000a3f00000|100%| E|CS|TAMS 0x00000000a3e00000| PB 0x00000000a3e00000| Complete 
|  63|0x00000000a3f00000, 0x00000000a4000000, 0x00000000a4000000|100%| E|CS|TAMS 0x00000000a3f00000| PB 0x00000000a3f00000| Complete 
|  64|0x00000000a4000000, 0x00000000a4100000, 0x00000000a4100000|100%| E|CS|TAMS 0x00000000a4000000| PB 0x00000000a4000000| Complete 
|  65|0x00000000a4100000, 0x00000000a4200000, 0x00000000a4200000|100%| E|CS|TAMS 0x00000000a4100000| PB 0x00000000a4100000| Complete 
|  66|0x00000000a4200000, 0x00000000a4300000, 0x00000000a4300000|100%| E|CS|TAMS 0x00000000a4200000| PB 0x00000000a4200000| Complete 
|  67|0x00000000a4300000, 0x00000000a4400000, 0x00000000a4400000|100%| S|CS|TAMS 0x00000000a4300000| PB 0x00000000a4300000| Complete 
|  68|0x00000000a4400000, 0x00000000a4500000, 0x00000000a4500000|100%| S|CS|TAMS 0x00000000a4400000| PB 0x00000000a4400000| Complete 
|  69|0x00000000a4500000, 0x00000000a4600000, 0x00000000a4600000|100%| S|CS|TAMS 0x00000000a4500000| PB 0x00000000a4500000| Complete 
|  70|0x00000000a4600000, 0x00000000a4700000, 0x00000000a4700000|100%| S|CS|TAMS 0x00000000a4600000| PB 0x00000000a4600000| Complete 
|  71|0x00000000a4700000, 0x00000000a4800000, 0x00000000a4800000|100%| S|CS|TAMS 0x00000000a4700000| PB 0x00000000a4700000| Complete 
|  72|0x00000000a4800000, 0x00000000a4900000, 0x00000000a4900000|100%| S|CS|TAMS 0x00000000a4800000| PB 0x00000000a4800000| Complete 
|  73|0x00000000a4900000, 0x00000000a4a00000, 0x00000000a4a00000|100%| S|CS|TAMS 0x00000000a4900000| PB 0x00000000a4900000| Complete 
|  74|0x00000000a4a00000, 0x00000000a4b00000, 0x00000000a4b00000|100%| S|CS|TAMS 0x00000000a4a00000| PB 0x00000000a4a00000| Complete 
|  75|0x00000000a4b00000, 0x00000000a4bf6240, 0x00000000a4c00000| 96%| S|CS|TAMS 0x00000000a4b00000| PB 0x00000000a4b00000| Complete 
| 141|0x00000000a8d00000, 0x00000000a8e00000, 0x00000000a8e00000|100%| E|CS|TAMS 0x00000000a8d00000| PB 0x00000000a8d00000| Complete 
| 142|0x00000000a8e00000, 0x00000000a8f00000, 0x00000000a8f00000|100%| E|CS|TAMS 0x00000000a8e00000| PB 0x00000000a8e00000| Complete 
| 143|0x00000000a8f00000, 0x00000000a9000000, 0x00000000a9000000|100%| E|CS|TAMS 0x00000000a8f00000| PB 0x00000000a8f00000| Complete 
| 144|0x00000000a9000000, 0x00000000a9100000, 0x00000000a9100000|100%| E|CS|TAMS 0x00000000a9000000| PB 0x00000000a9000000| Complete 
| 145|0x00000000a9100000, 0x00000000a9200000, 0x00000000a9200000|100%| E|CS|TAMS 0x00000000a9100000| PB 0x00000000a9100000| Complete 
| 146|0x00000000a9200000, 0x00000000a9300000, 0x00000000a9300000|100%| E|CS|TAMS 0x00000000a9200000| PB 0x00000000a9200000| Complete 
| 147|0x00000000a9300000, 0x00000000a9400000, 0x00000000a9400000|100%| E|CS|TAMS 0x00000000a9300000| PB 0x00000000a9300000| Complete 
| 148|0x00000000a9400000, 0x00000000a9500000, 0x00000000a9500000|100%| E|CS|TAMS 0x00000000a9400000| PB 0x00000000a9400000| Complete 
| 149|0x00000000a9500000, 0x00000000a9600000, 0x00000000a9600000|100%| E|CS|TAMS 0x00000000a9500000| PB 0x00000000a9500000| Complete 
| 150|0x00000000a9600000, 0x00000000a9700000, 0x00000000a9700000|100%| E|CS|TAMS 0x00000000a9600000| PB 0x00000000a9600000| Complete 
| 151|0x00000000a9700000, 0x00000000a9800000, 0x00000000a9800000|100%| E|CS|TAMS 0x00000000a9700000| PB 0x00000000a9700000| Complete 
| 152|0x00000000a9800000, 0x00000000a9900000, 0x00000000a9900000|100%| E|CS|TAMS 0x00000000a9800000| PB 0x00000000a9800000| Complete 
| 251|0x00000000afb00000, 0x00000000afc00000, 0x00000000afc00000|100%| E|CS|TAMS 0x00000000afb00000| PB 0x00000000afb00000| Complete 
|1530|0x00000000ffa00000, 0x00000000ffa951b8, 0x00000000ffb00000| 58%| O|  |TAMS 0x00000000ffa00000| PB 0x00000000ffa00000| Untracked 
|1531|0x00000000ffb00000, 0x00000000ffc00000, 0x00000000ffc00000|100%| O|  |TAMS 0x00000000ffb00000| PB 0x00000000ffb00000| Untracked 
|1532|0x00000000ffc00000, 0x00000000ffd00000, 0x00000000ffd00000|100%| O|  |TAMS 0x00000000ffc00000| PB 0x00000000ffc00000| Untracked 
|1533|0x00000000ffd00000, 0x00000000ffe00000, 0x00000000ffe00000|100%| O|  |TAMS 0x00000000ffd00000| PB 0x00000000ffd00000| Untracked 
|1534|0x00000000ffe00000, 0x00000000fff00000, 0x00000000fff00000|100%| O|  |TAMS 0x00000000ffe00000| PB 0x00000000ffe00000| Untracked 
|1535|0x00000000fff00000, 0x0000000100000000, 0x0000000100000000|100%| O|  |TAMS 0x00000000fff00000| PB 0x00000000fff00000| Untracked 

Card table byte_map: [0x000001f713290000,0x000001f713590000] _byte_map_base: 0x000001f712d90000

Marking Bits: (CMBitMap*) 0x000001f7008866f0
 Bits: [0x000001f713590000, 0x000001f714d90000)

Polling page: 0x000001f700000000

Metaspace:

Usage:
  Non-class:     22.40 MB used.
      Class:      3.95 MB used.
       Both:     26.34 MB used.

Virtual space:
  Non-class space:       64.00 MB reserved,      22.88 MB ( 36%) committed,  1 nodes.
      Class space:        1.00 GB reserved,       4.38 MB ( <1%) committed,  1 nodes.
             Both:        1.06 GB reserved,      27.25 MB (  3%) committed. 

Chunk freelists:
   Non-Class:  8.56 MB
       Class:  11.44 MB
        Both:  20.01 MB

MaxMetaspaceSize: unlimited
CompressedClassSpaceSize: 1.00 GB
Initial GC threshold: 21.00 MB
Current GC threshold: 35.12 MB
CDS: on
 - commit_granule_bytes: 65536.
 - commit_granule_words: 8192.
 - virtual_space_node_default_size: 8388608.
 - enlarge_chunks_in_place: 1.
 - use_allocation_guard: 0.


Internal statistics:

num_allocs_failed_limit: 3.
num_arena_births: 1504.
num_arena_deaths: 0.
num_vsnodes_births: 2.
num_vsnodes_deaths: 0.
num_space_committed: 436.
num_space_uncommitted: 0.
num_chunks_returned_to_freelist: 3.
num_chunks_taken_from_freelist: 2660.
num_chunk_merges: 3.
num_chunk_splits: 1756.
num_chunks_enlarged: 1134.
num_inconsistent_stats: 0.

CodeHeap 'non-profiled nmethods': size=120000Kb used=2489Kb max_used=2489Kb free=117510Kb
 bounds [0x000001f70b510000, 0x000001f70b780000, 0x000001f712a40000]
CodeHeap 'profiled nmethods': size=120000Kb used=8466Kb max_used=8466Kb free=111533Kb
 bounds [0x000001f703a40000, 0x000001f704290000, 0x000001f70af70000]
CodeHeap 'non-nmethods': size=5760Kb used=1434Kb max_used=1476Kb free=4325Kb
 bounds [0x000001f70af70000, 0x000001f70b1e0000, 0x000001f70b510000]
CodeCache: size=245760Kb, used=12389Kb, max_used=12431Kb, free=233368Kb
 total_blobs=4848, nmethods=4262, adapters=490, full_count=0
Compilation: enabled, stopped_count=0, restarted_count=0

Compilation events (20 events):
Event: 499.014 Thread 0x000001f717a6e6d0 nmethod 4255 0x000001f70b77b310 code [0x000001f70b77b520, 0x000001f70b77bdc8]
Event: 500.925 Thread 0x000001f717a6e6d0 4256       4       org.gradle.internal.time.DefaultTimer::getElapsedMillis (29 bytes)
Event: 500.934 Thread 0x000001f717a6e6d0 nmethod 4256 0x000001f70b77c110 code [0x000001f70b77c2a0, 0x000001f70b77c418]
Event: 501.998 Thread 0x000001f717a6f170 4257       3       java.util.LinkedHashMap::valuesToArray (80 bytes)
Event: 502.000 Thread 0x000001f717a6f170 nmethod 4257 0x000001f704281f90 code [0x000001f704282180, 0x000001f704282790]
Event: 513.610 Thread 0x000001f717a6e6d0 4258       4       java.util.HashSet::remove (20 bytes)
Event: 513.629 Thread 0x000001f717a6e6d0 nmethod 4258 0x000001f70b77c510 code [0x000001f70b77c700, 0x000001f70b77ce10]
Event: 513.989 Thread 0x000001f717a6f170 4259       3       com.google.common.base.Joiner::toString (24 bytes)
Event: 513.992 Thread 0x000001f717a6f170 nmethod 4259 0x000001f704282990 code [0x000001f704282b80, 0x000001f704283120]
Event: 516.911 Thread 0x000001f717a6f170 4260       3       sun.net.util.IPAddressUtil::isIPv4MappedAddress (93 bytes)
Event: 516.911 Thread 0x000001f717a6f170 nmethod 4260 0x000001f704283290 code [0x000001f704283460, 0x000001f704283990]
Event: 517.384 Thread 0x000001f717a6e6d0 4261   !   4       java.io.RandomAccessFile::getChannel (84 bytes)
Event: 517.414 Thread 0x000001f717a6e6d0 nmethod 4261 0x000001f70b77d190 code [0x000001f70b77d380, 0x000001f70b77e220]
Event: 520.040 Thread 0x000001f717a6f170 4262       3       sun.nio.ch.NativeSocketAddress::family (54 bytes)
Event: 520.042 Thread 0x000001f717a6f170 nmethod 4262 0x000001f704283b90 code [0x000001f704283d40, 0x000001f704283ee8]
Event: 520.043 Thread 0x000001f717a6f170 4264       3       sun.net.util.IPAddressUtil::convertFromIPv4MappedAddress (24 bytes)
Event: 520.044 Thread 0x000001f717a6f170 nmethod 4264 0x000001f704283f90 code [0x000001f704284160, 0x000001f704284438]
Event: 520.044 Thread 0x000001f717a6f170 4263       3       jdk.internal.misc.Unsafe::getShort (7 bytes)
Event: 520.044 Thread 0x000001f717a6f170 nmethod 4263 0x000001f704284510 code [0x000001f7042846a0, 0x000001f7042847c0]
Event: 520.785 Thread 0x000001f717a6e6d0 4265   !   4       sun.nio.ch.FileLockTable::remove (162 bytes)

GC Heap History (10 events):
Event: 1.226 GC heap before
{Heap before GC invocations=0 (full 0):
 garbage-first heap   total 258048K, used 23552K [0x00000000a0000000, 0x0000000100000000)
  region size 1024K, 23 young (23552K), 0 survivors (0K)
 Metaspace       used 927K, committed 1088K, reserved 1114112K
  class space    used 73K, committed 128K, reserved 1048576K
}
Event: 1.432 GC heap after
{Heap after GC invocations=1 (full 0):
 garbage-first heap   total 258048K, used 1450K [0x00000000a0000000, 0x0000000100000000)
  region size 1024K, 2 young (2048K), 2 survivors (2048K)
 Metaspace       used 927K, committed 1088K, reserved 1114112K
  class space    used 73K, committed 128K, reserved 1048576K
}
Event: 7.918 GC heap before
{Heap before GC invocations=1 (full 0):
 garbage-first heap   total 258048K, used 40362K [0x00000000a0000000, 0x0000000100000000)
  region size 1024K, 38 young (38912K), 2 survivors (2048K)
 Metaspace       used 4376K, committed 4544K, reserved 1114112K
  class space    used 559K, committed 640K, reserved 1048576K
}
Event: 7.926 GC heap after
{Heap after GC invocations=2 (full 0):
 garbage-first heap   total 258048K, used 10639K [0x00000000a0000000, 0x0000000100000000)
  region size 1024K, 5 young (5120K), 5 survivors (5120K)
 Metaspace       used 4376K, committed 4544K, reserved 1114112K
  class space    used 559K, committed 640K, reserved 1048576K
}
Event: 14.095 GC heap before
{Heap before GC invocations=2 (full 0):
 garbage-first heap   total 258048K, used 64911K [0x00000000a0000000, 0x0000000100000000)
  region size 1024K, 57 young (58368K), 5 survivors (5120K)
 Metaspace       used 6041K, committed 6272K, reserved 1114112K
  class space    used 811K, committed 896K, reserved 1048576K
}
Event: 14.106 GC heap after
{Heap after GC invocations=3 (full 0):
 garbage-first heap   total 258048K, used 17845K [0x00000000a0000000, 0x0000000100000000)
  region size 1024K, 6 young (6144K), 6 survivors (6144K)
 Metaspace       used 6041K, committed 6272K, reserved 1114112K
  class space    used 811K, committed 896K, reserved 1048576K
}
Event: 113.046 GC heap before
{Heap before GC invocations=3 (full 0):
 garbage-first heap   total 258048K, used 112053K [0x00000000a0000000, 0x0000000100000000)
  region size 1024K, 99 young (101376K), 6 survivors (6144K)
 Metaspace       used 20824K, committed 21504K, reserved 1114112K
  class space    used 3054K, committed 3392K, reserved 1048576K
}
Event: 113.074 GC heap after
{Heap after GC invocations=4 (full 0):
 garbage-first heap   total 258048K, used 24106K [0x00000000a0000000, 0x0000000100000000)
  region size 1024K, 12 young (12288K), 12 survivors (12288K)
 Metaspace       used 20824K, committed 21504K, reserved 1114112K
  class space    used 3054K, committed 3392K, reserved 1048576K
}
Event: 196.868 GC heap before
{Heap before GC invocations=5 (full 0):
 garbage-first heap   total 81920K, used 81450K [0x00000000a0000000, 0x0000000100000000)
  region size 1024K, 68 young (69632K), 12 survivors (12288K)
 Metaspace       used 26868K, committed 27776K, reserved 1114112K
  class space    used 4039K, committed 4480K, reserved 1048576K
}
Event: 196.920 GC heap after
{Heap after GC invocations=6 (full 0):
 garbage-first heap   total 97280K, used 26711K [0x00000000a0000000, 0x0000000100000000)
  region size 1024K, 9 young (9216K), 9 survivors (9216K)
 Metaspace       used 26868K, committed 27776K, reserved 1114112K
  class space    used 4039K, committed 4480K, reserved 1048576K
}

Dll operation events (20 events):
Event: 0.262 Attempting to load shared library C:\Users\ishas\.vscode\extensions\redhat.java-1.56.0-win32-x64\jre\21.0.12.1-win32-x86_64\bin\nio.dll
Event: 0.263 Loaded shared library C:\Users\ishas\.vscode\extensions\redhat.java-1.56.0-win32-x64\jre\21.0.12.1-win32-x86_64\bin\nio.dll
Event: 0.267 Attempting to load shared library C:\Users\ishas\.vscode\extensions\redhat.java-1.56.0-win32-x64\jre\21.0.12.1-win32-x86_64\bin\zip.dll
Event: 0.267 Loaded shared library C:\Users\ishas\.vscode\extensions\redhat.java-1.56.0-win32-x64\jre\21.0.12.1-win32-x86_64\bin\zip.dll
Event: 1.009 Attempting to load shared library C:\Users\ishas\.vscode\extensions\redhat.java-1.56.0-win32-x64\jre\21.0.12.1-win32-x86_64\bin\jimage.dll
Event: 1.009 Loaded shared library C:\Users\ishas\.vscode\extensions\redhat.java-1.56.0-win32-x64\jre\21.0.12.1-win32-x86_64\bin\jimage.dll
Event: 2.857 Attempting to load shared library C:\Users\ishas\.vscode\extensions\redhat.java-1.56.0-win32-x64\jre\21.0.12.1-win32-x86_64\bin\verify.dll
Event: 2.858 Loaded shared library C:\Users\ishas\.vscode\extensions\redhat.java-1.56.0-win32-x64\jre\21.0.12.1-win32-x86_64\bin\verify.dll
Event: 5.493 Attempting to load shared library C:\Users\ishas\.gradle\native\1def1411415f61bf3af743bc5b6707747c0891f09f0c88961ee8f79bc544acac\windows-amd64\native-platform.dll
Event: 5.494 Loaded shared library C:\Users\ishas\.gradle\native\1def1411415f61bf3af743bc5b6707747c0891f09f0c88961ee8f79bc544acac\windows-amd64\native-platform.dll
Event: 5.514 Attempting to load shared library C:\Users\ishas\.gradle\native\0.2.7\x86_64-windows-gnu\gradle-fileevents.dll
Event: 5.515 Loaded shared library C:\Users\ishas\.gradle\native\0.2.7\x86_64-windows-gnu\gradle-fileevents.dll
Event: 14.264 Attempting to load shared library C:\Users\ishas\.vscode\extensions\redhat.java-1.56.0-win32-x64\jre\21.0.12.1-win32-x86_64\bin\management.dll
Event: 14.266 Loaded shared library C:\Users\ishas\.vscode\extensions\redhat.java-1.56.0-win32-x64\jre\21.0.12.1-win32-x86_64\bin\management.dll
Event: 14.270 Attempting to load shared library C:\Users\ishas\.vscode\extensions\redhat.java-1.56.0-win32-x64\jre\21.0.12.1-win32-x86_64\bin\management_ext.dll
Event: 14.275 Loaded shared library C:\Users\ishas\.vscode\extensions\redhat.java-1.56.0-win32-x64\jre\21.0.12.1-win32-x86_64\bin\management_ext.dll
Event: 22.998 Attempting to load shared library C:\Users\ishas\.vscode\extensions\redhat.java-1.56.0-win32-x64\jre\21.0.12.1-win32-x86_64\bin\extnet.dll
Event: 22.999 Loaded shared library C:\Users\ishas\.vscode\extensions\redhat.java-1.56.0-win32-x64\jre\21.0.12.1-win32-x86_64\bin\extnet.dll
Event: 61.359 Attempting to load shared library C:\Users\ishas\.vscode\extensions\redhat.java-1.56.0-win32-x64\jre\21.0.12.1-win32-x86_64\bin\sunmscapi.dll
Event: 61.363 Loaded shared library C:\Users\ishas\.vscode\extensions\redhat.java-1.56.0-win32-x64\jre\21.0.12.1-win32-x86_64\bin\sunmscapi.dll

Deoptimization events (20 events):
Event: 118.533 Thread 0x000001f75e7e81f0 DEOPT PACKING pc=0x000001f70b69c288 sp=0x0000008da9afdec0
Event: 118.533 Thread 0x000001f75e7e81f0 DEOPT UNPACKING pc=0x000001f70afc4422 sp=0x0000008da9afdea8 mode 2
Event: 118.533 Thread 0x000001f75e7e81f0 Uncommon trap: trap_request=0xffffffc6 fr.pc=0x000001f70b69c288 relative=0x00000000000014e8
Event: 118.533 Thread 0x000001f75e7e81f0 Uncommon trap: reason=bimorphic_or_optimized_type_check action=maybe_recompile pc=0x000001f70b69c288 method=java.io.DataInputStream.readFully([BII)V @ 30 c2
Event: 118.533 Thread 0x000001f75e7e81f0 DEOPT PACKING pc=0x000001f70b69c288 sp=0x0000008da9afde30
Event: 118.533 Thread 0x000001f75e7e81f0 DEOPT UNPACKING pc=0x000001f70afc4422 sp=0x0000008da9afde18 mode 2
Event: 118.533 Thread 0x000001f75e7e81f0 Uncommon trap: trap_request=0xffffffc6 fr.pc=0x000001f70b69c288 relative=0x00000000000014e8
Event: 118.533 Thread 0x000001f75e7e81f0 Uncommon trap: reason=bimorphic_or_optimized_type_check action=maybe_recompile pc=0x000001f70b69c288 method=java.io.DataInputStream.readFully([BII)V @ 30 c2
Event: 118.533 Thread 0x000001f75e7e81f0 DEOPT PACKING pc=0x000001f70b69c288 sp=0x0000008da9afde30
Event: 118.533 Thread 0x000001f75e7e81f0 DEOPT UNPACKING pc=0x000001f70afc4422 sp=0x0000008da9afde18 mode 2
Event: 118.533 Thread 0x000001f75e7e81f0 Uncommon trap: trap_request=0xffffffc6 fr.pc=0x000001f70b69c288 relative=0x00000000000014e8
Event: 118.533 Thread 0x000001f75e7e81f0 Uncommon trap: reason=bimorphic_or_optimized_type_check action=maybe_recompile pc=0x000001f70b69c288 method=java.io.DataInputStream.readFully([BII)V @ 30 c2
Event: 118.533 Thread 0x000001f75e7e81f0 DEOPT PACKING pc=0x000001f70b69c288 sp=0x0000008da9afde40
Event: 118.533 Thread 0x000001f75e7e81f0 DEOPT UNPACKING pc=0x000001f70afc4422 sp=0x0000008da9afde28 mode 2
Event: 133.139 Thread 0x000001f75e7e95a0 Uncommon trap: trap_request=0xffffff3d fr.pc=0x000001f70b6332b0 relative=0x00000000000002f0
Event: 133.139 Thread 0x000001f75e7e95a0 Uncommon trap: reason=unstable_fused_if action=reinterpret pc=0x000001f70b6332b0 method=java.lang.CharacterDataLatin1.equalsIgnoreCase(BB)Z @ 16 c2
Event: 133.140 Thread 0x000001f75e7e95a0 DEOPT PACKING pc=0x000001f70b6332b0 sp=0x0000008da96fa080
Event: 133.140 Thread 0x000001f75e7e95a0 DEOPT UNPACKING pc=0x000001f70afc4422 sp=0x0000008da96f9ed8 mode 2
Event: 373.194 Thread 0x000001f75db49860 DEOPT PACKING pc=0x000001f703f19339 sp=0x0000008da75fe150
Event: 373.196 Thread 0x000001f75db49860 DEOPT UNPACKING pc=0x000001f70afc4bc2 sp=0x0000008da75fd650 mode 0

Classes loaded (20 events):
Event: 118.524 Loading class java/nio/file/FileTreeWalker$DirectoryNode
Event: 118.525 Loading class java/nio/file/FileTreeWalker$DirectoryNode done
Event: 118.525 Loading class java/nio/file/FileTreeWalker$Event
Event: 118.525 Loading class java/nio/file/FileTreeWalker$Event done
Event: 118.525 Loading class java/nio/file/FileTreeWalker$EventType
Event: 118.525 Loading class java/nio/file/FileTreeWalker$EventType done
Event: 118.525 Loading class java/nio/file/Files$3
Event: 118.526 Loading class java/nio/file/Files$3 done
Event: 118.533 Loading class java/nio/file/FileVisitResult
Event: 118.533 Loading class java/nio/file/FileVisitResult done
Event: 118.541 Loading class java/nio/charset/CharacterCodingException
Event: 118.542 Loading class java/nio/charset/CharacterCodingException done
Event: 119.024 Loading class java/util/stream/IntStream
Event: 119.024 Loading class java/util/stream/IntStream done
Event: 119.025 Loading class java/util/stream/Streams$RangeIntSpliterator
Event: 119.025 Loading class java/util/stream/Streams$RangeIntSpliterator done
Event: 119.025 Loading class java/util/stream/IntPipeline$Head
Event: 119.029 Loading class java/util/stream/IntPipeline
Event: 119.030 Loading class java/util/stream/IntPipeline done
Event: 119.030 Loading class java/util/stream/IntPipeline$Head done

Classes unloaded (0 events):
No events

Classes redefined (0 events):
No events

Internal exceptions (20 events):
Event: 115.999 Thread 0x000001f75e7e95a0 Exception <a 'java/lang/NoSuchMethodError'{0x00000000a3653210}: 'java.lang.Object java.lang.invoke.DirectMethodHandle$Holder.invokeStaticInit(java.lang.Object, java.lang.Object, java.lang.Object, java.lang.Object)'> (0x00000000a3653210) 
thrown [s\src\hotspot\share\interpreter\linkResolver.cpp, line 773]
Event: 116.057 Thread 0x000001f75e7e95a0 Exception <a 'java/lang/NoSuchMethodError'{0x00000000a3412838}: 'java.lang.Object java.lang.invoke.DirectMethodHandle$Holder.newInvokeSpecial(java.lang.Object, java.lang.Object, java.lang.Object, java.lang.Object, java.lang.Object, java.lang.Object, java.lang.Object, java.lang.Object)'> (0x00000000a3412838) 
thrown [s\src\hotspot\share\interpreter\linkResolver.cpp, line 773]
Event: 116.137 Thread 0x000001f75e7e95a0 Exception <a 'java/lang/IncompatibleClassChangeError'{0x00000000a3355460}: Found class java.lang.Object, but interface was expected> (0x00000000a3355460) 
thrown [s\src\hotspot\share\interpreter\linkResolver.cpp, line 840]
Event: 116.163 Thread 0x000001f75e7e95a0 Exception <a 'java/lang/NoSuchMethodError'{0x00000000a33cfa38}: 'java.lang.Object java.lang.invoke.DirectMethodHandle$Holder.invokeVirtual(java.lang.Object, java.lang.Object, java.lang.Object, java.lang.Object, java.lang.Object, java.lang.Object, java.lang.Object, java.lang.Object, java.lang.Object, java.lang.Object, java.lang.Object, java.lang.Object, java.lang.Object)'> (0x00000000a33cfa38) 
thrown [s\src\hotspot\share\interpreter\linkResolver.cpp, line 773]
Event: 116.201 Thread 0x000001f75e7e95a0 Exception <a 'java/lang/NoSuchMethodError'{0x00000000a33d4c70}: 'java.lang.Object java.lang.invoke.DirectMethodHandle$Holder.invokeSpecial(java.lang.Object, java.lang.Object, java.lang.Object, java.lang.Object, java.lang.Object, java.lang.Object, java.lang.Object, java.lang.Object, java.lang.Object, java.lang.Object, java.lang.Object, java.lang.Object, java.lang.Object, java.lang.Object)'> (0x00000000a33d4c70) 
thrown [s\src\hotspot\share\interpreter\linkResolver.cpp, line 773]
Event: 116.201 Thread 0x000001f75e7e95a0 Exception <a 'java/lang/NoSuchMethodError'{0x00000000a33d99c0}: 'java.lang.Object java.lang.invoke.DelegatingMethodHandle$Holder.reinvoke_L(java.lang.Object, java.lang.Object, java.lang.Object, java.lang.Object, java.lang.Object, java.lang.Object, java.lang.Object, java.lang.Object, java.lang.Object, java.lang.Object, java.lang.Object, java.lang.Object, java.lang.Object)'> (0x00000000a33d99c0) 
thrown [s\src\hotspot\share\interpreter\linkResolver.cpp, line 773]
Event: 116.309 Thread 0x000001f75e7e95a0 Exception <a 'java/lang/NoSuchMethodError'{0x00000000a318f678}: 'void java.lang.invoke.DirectMethodHandle$Holder.invokeStaticInit(java.lang.Object, java.lang.Object)'> (0x00000000a318f678) 
thrown [s\src\hotspot\share\interpreter\linkResolver.cpp, line 773]
Event: 116.576 Thread 0x000001f75e7e95a0 Exception <a 'java/lang/NoSuchMethodError'{0x00000000a2d98918}: 'java.lang.Object java.lang.invoke.DirectMethodHandle$Holder.newInvokeSpecial(java.lang.Object, java.lang.Object, java.lang.Object, java.lang.Object, java.lang.Object, java.lang.Object, java.lang.Object, java.lang.Object, java.lang.Object)'> (0x00000000a2d98918) 
thrown [s\src\hotspot\share\interpreter\linkResolver.cpp, line 773]
Event: 116.821 Thread 0x000001f75e7e95a0 Exception <a 'java/lang/NoSuchMethodError'{0x00000000a2a7d5f8}: 'int java.lang.invoke.DirectMethodHandle$Holder.invokeVirtual(java.lang.Object, java.lang.Object)'> (0x00000000a2a7d5f8) 
thrown [s\src\hotspot\share\interpreter\linkResolver.cpp, line 773]
Event: 117.091 Thread 0x000001f75e7e95a0 Exception <a 'java/lang/NoSuchMethodError'{0x00000000a27c01d8}: 'void java.lang.invoke.DirectMethodHandle$Holder.invokeInterface(java.lang.Object, java.lang.Object, java.lang.Object, java.lang.Object, java.lang.Object)'> (0x00000000a27c01d8) 
thrown [s\src\hotspot\share\interpreter\linkResolver.cpp, line 773]
Event: 117.111 Thread 0x000001f75e7e95a0 Exception <a 'java/lang/NoSuchMethodError'{0x00000000a27ff7a0}: 'void java.lang.invoke.DirectMethodHandle$Holder.invokeStatic(java.lang.Object, java.lang.Object, java.lang.Object, java.lang.Object, java.lang.Object, java.lang.Object)'> (0x00000000a27ff7a0) 
thrown [s\src\hotspot\share\interpreter\linkResolver.cpp, line 773]
Event: 117.731 Thread 0x000001f75e7e95a0 Exception <a 'java/lang/IncompatibleClassChangeError'{0x00000000a1e425f0}: Found class java.lang.Object, but interface was expected> (0x00000000a1e425f0) 
thrown [s\src\hotspot\share\interpreter\linkResolver.cpp, line 840]
Event: 118.475 Thread 0x000001f75e7e95a0 Exception <a 'java/lang/NoSuchMethodError'{0x00000000a1d9ce08}: 'java.lang.Object java.lang.invoke.DirectMethodHandle$Holder.newInvokeSpecial(java.lang.Object, java.lang.Object, long)'> (0x00000000a1d9ce08) 
thrown [s\src\hotspot\share\interpreter\linkResolver.cpp, line 773]
Event: 118.476 Thread 0x000001f75e7e95a0 Exception <a 'java/lang/NoSuchMethodError'{0x00000000a1da11b0}: 'java.lang.Object java.lang.invoke.Invokers$Holder.linkToTargetMethod(java.lang.Object, long, java.lang.Object)'> (0x00000000a1da11b0) 
thrown [s\src\hotspot\share\interpreter\linkResolver.cpp, line 773]
Event: 118.533 Thread 0x000001f75e7e81f0 Implicit null exception at 0x000001f70b6c8481 to 0x000001f70b6c8ae4
Event: 118.943 Thread 0x000001f75e7e95a0 Exception <a 'java/lang/NoSuchMethodError'{0x00000000a1bb3580}: 'int java.lang.invoke.DirectMethodHandle$Holder.invokeInterface(java.lang.Object, java.lang.Object)'> (0x00000000a1bb3580) 
thrown [s\src\hotspot\share\interpreter\linkResolver.cpp, line 773]
Event: 119.021 Thread 0x000001f75e7e95a0 Exception <a 'java/lang/NoSuchMethodError'{0x00000000a1a3dc00}: 'java.lang.Object java.lang.invoke.DirectMethodHandle$Holder.invokeVirtual(java.lang.Object, java.lang.Object, int)'> (0x00000000a1a3dc00) 
thrown [s\src\hotspot\share\interpreter\linkResolver.cpp, line 773]
Event: 133.142 Thread 0x000001f75e7e95a0 Exception <a 'java/lang/NoSuchMethodError'{0x00000000a171a4c8}: 'java.lang.Object java.lang.invoke.DirectMethodHandle$Holder.invokeStatic(java.lang.Object, java.lang.Object, int, java.lang.Object)'> (0x00000000a171a4c8) 
thrown [s\src\hotspot\share\interpreter\linkResolver.cpp, line 773]
Event: 133.143 Thread 0x000001f75e7e95a0 Exception <a 'java/lang/NoSuchMethodError'{0x00000000a1721920}: 'java.lang.Object java.lang.invoke.DirectMethodHandle$Holder.newInvokeSpecial(java.lang.Object, java.lang.Object, int, java.lang.Object)'> (0x00000000a1721920) 
thrown [s\src\hotspot\share\interpreter\linkResolver.cpp, line 773]
Event: 133.144 Thread 0x000001f75e7e95a0 Exception <a 'java/lang/NoSuchMethodError'{0x00000000a17260b8}: 'java.lang.Object java.lang.invoke.DirectMethodHandle$Holder.invokeSpecial(java.lang.Object, java.lang.Object, java.lang.Object, int, java.lang.Object)'> (0x00000000a17260b8) 
thrown [s\src\hotspot\share\interpreter\linkResolver.cpp, line 773]

ZGC Phase Switch (0 events):
No events

VM Operations (20 events):
Event: 404.609 Executing safepoint VM operation: Cleanup
Event: 404.609 Executing safepoint VM operation: Cleanup done
Event: 407.626 Executing safepoint VM operation: Cleanup
Event: 407.626 Executing safepoint VM operation: Cleanup done
Event: 410.651 Executing safepoint VM operation: Cleanup
Event: 410.651 Executing safepoint VM operation: Cleanup done
Event: 413.671 Executing safepoint VM operation: Cleanup
Event: 413.671 Executing safepoint VM operation: Cleanup done
Event: 421.751 Executing safepoint VM operation: Cleanup
Event: 421.751 Executing safepoint VM operation: Cleanup done
Event: 436.866 Executing safepoint VM operation: Cleanup
Event: 436.866 Executing safepoint VM operation: Cleanup done
Event: 455.981 Executing safepoint VM operation: Cleanup
Event: 455.981 Executing safepoint VM operation: Cleanup done
Event: 462.026 Executing safepoint VM operation: Cleanup
Event: 462.026 Executing safepoint VM operation: Cleanup done
Event: 498.237 Executing safepoint VM operation: Cleanup
Event: 498.267 Executing safepoint VM operation: Cleanup done
Event: 514.378 Executing safepoint VM operation: Cleanup
Event: 514.378 Executing safepoint VM operation: Cleanup done

Memory protections (0 events):
No events

Nmethod flushes (0 events):
No events

Events (20 events):
Event: 15.214 Thread 0x000001f70083e7a0 Thread added: 0x000001f75e7d6250
Event: 24.325 Thread 0x000001f70083e7a0 Thread added: 0x000001f75dbcbf80
Event: 31.789 Thread 0x000001f70083e7a0 Thread added: 0x000001f75db49860
Event: 61.423 Thread 0x000001f75dbcbf80 Thread added: 0x000001f75d985640
Event: 61.436 Thread 0x000001f75d985640 Thread added: 0x000001f717e19ef0
Event: 61.515 Thread 0x000001f75d985640 Thread added: 0x000001f75e7e7b60
Event: 102.428 Thread 0x000001f75d985640 Thread added: 0x000001f75e7e95a0
Event: 102.702 Thread 0x000001f75e7e95a0 Thread added: 0x000001f75e7e6120
Event: 102.850 Thread 0x000001f75e7e95a0 Thread added: 0x000001f75e7e6e40
Event: 102.858 Thread 0x000001f75e7e95a0 Thread added: 0x000001f75e7e67b0
Event: 106.048 Thread 0x000001f75e7e95a0 Thread added: 0x000001f75e7e81f0
Event: 106.088 Thread 0x000001f75e7e95a0 Thread added: 0x000001f75e7e74d0
Event: 106.441 Thread 0x000001f75e7e95a0 Thread added: 0x000001f75e7e8880
Event: 107.647 Thread 0x000001f75e7e74d0 Thread added: 0x000001f75e7e8f10
Event: 113.620 Thread 0x000001f75e7e95a0 Thread added: 0x000001f75ee7e8d0
Event: 115.664 Thread 0x000001f75e7e95a0 Thread added: 0x000001f75ee7ef60
Event: 116.777 Thread 0x000001f75e7e95a0 Thread added: 0x000001f75ee7fc80
Event: 116.819 Thread 0x000001f75e7e95a0 Thread added: 0x000001f75ee7f5f0
Event: 133.146 Thread 0x000001f75e7e95a0 Thread added: 0x000001f75ee80310
Event: 196.302 Thread 0x000001f75e7e8f10 Thread exited: 0x000001f75e7e8f10


Dynamic libraries:
0x00007ff7bb1c0000 - 0x00007ff7bb1ce000 	C:\Users\ishas\.vscode\extensions\redhat.java-1.56.0-win32-x64\jre\21.0.12.1-win32-x86_64\bin\java.exe
0x00007ffc1f9e0000 - 0x00007ffc1fc47000 	C:\Windows\SYSTEM32\ntdll.dll
0x00007ffc1edb0000 - 0x00007ffc1ee7b000 	C:\Windows\System32\KERNEL32.DLL
0x00007ffc1d2f0000 - 0x00007ffc1d6f2000 	C:\Windows\System32\KERNELBASE.dll
0x00007ffc1d190000 - 0x00007ffc1d2dc000 	C:\Windows\System32\ucrtbase.dll
0x00007ffb883c0000 - 0x00007ffb883de000 	C:\Users\ishas\.vscode\extensions\redhat.java-1.56.0-win32-x64\jre\21.0.12.1-win32-x86_64\bin\VCRUNTIME140.dll
0x00007ffb853f0000 - 0x00007ffb85408000 	C:\Users\ishas\.vscode\extensions\redhat.java-1.56.0-win32-x64\jre\21.0.12.1-win32-x86_64\bin\jli.dll
0x00007ffc1e120000 - 0x00007ffc1e2ef000 	C:\Windows\System32\USER32.dll
0x00007ffc1d0a0000 - 0x00007ffc1d0c7000 	C:\Windows\System32\win32u.dll
0x00007ffc05f40000 - 0x00007ffc061d0000 	C:\Windows\WinSxS\amd64_microsoft.windows.common-controls_6595b64144ccf1df_6.0.26100.9278_none_3e0d1ba8e3303201\COMCTL32.dll
0x00007ffc1e0f0000 - 0x00007ffc1e11b000 	C:\Windows\System32\GDI32.dll
0x00007ffc1f160000 - 0x00007ffc1f209000 	C:\Windows\System32\msvcrt.dll
0x00007ffc1cd50000 - 0x00007ffc1ce79000 	C:\Windows\System32\gdi32full.dll
0x00007ffc1cca0000 - 0x00007ffc1cd43000 	C:\Windows\System32\msvcp_win.dll
0x00007ffc1ee80000 - 0x00007ffc1eeb1000 	C:\Windows\System32\IMM32.DLL
0x00007ffbdb670000 - 0x00007ffbdb67c000 	C:\Users\ishas\.vscode\extensions\redhat.java-1.56.0-win32-x64\jre\21.0.12.1-win32-x86_64\bin\vcruntime140_1.dll
0x00007ffb7ce90000 - 0x00007ffb7cf1d000 	C:\Users\ishas\.vscode\extensions\redhat.java-1.56.0-win32-x64\jre\21.0.12.1-win32-x86_64\bin\msvcp140.dll
0x00007ffb2d4f0000 - 0x00007ffb2e292000 	C:\Users\ishas\.vscode\extensions\redhat.java-1.56.0-win32-x64\jre\21.0.12.1-win32-x86_64\bin\server\jvm.dll
0x00007ffc1dc40000 - 0x00007ffc1dcfc000 	C:\Windows\System32\ADVAPI32.dll
0x00007ffc1ef50000 - 0x00007ffc1eff9000 	C:\Windows\System32\sechost.dll
0x00007ffc1db20000 - 0x00007ffc1dc38000 	C:\Windows\System32\RPCRT4.dll
0x00007ffc1da10000 - 0x00007ffc1da90000 	C:\Windows\System32\WS2_32.dll
0x00007ffc1ca40000 - 0x00007ffc1ca9e000 	C:\Windows\SYSTEM32\POWRPROF.dll
0x00007ffc14900000 - 0x00007ffc14936000 	C:\Windows\SYSTEM32\WINMM.dll
0x00007ffc07f70000 - 0x00007ffc07f7b000 	C:\Windows\SYSTEM32\VERSION.dll
0x00007ffc1ca20000 - 0x00007ffc1ca35000 	C:\Windows\SYSTEM32\UMPDC.dll
0x00007ffc1b8b0000 - 0x00007ffc1b8cb000 	C:\Windows\SYSTEM32\kernel.appcore.dll
0x00007ffbdb520000 - 0x00007ffbdb52a000 	C:\Users\ishas\.vscode\extensions\redhat.java-1.56.0-win32-x64\jre\21.0.12.1-win32-x86_64\bin\jimage.dll
0x00007ffc1a1f0000 - 0x00007ffc1a43c000 	C:\Windows\SYSTEM32\DBGHELP.DLL
0x00007ffc1dd60000 - 0x00007ffc1e0e5000 	C:\Windows\System32\combase.dll
0x00007ffc1e310000 - 0x00007ffc1e3e9000 	C:\Windows\System32\OLEAUT32.dll
0x00007ffc148c0000 - 0x00007ffc148fb000 	C:\Windows\SYSTEM32\dbgcore.DLL
0x00007ffc1d0d0000 - 0x00007ffc1d17c000 	C:\Windows\System32\bcryptPrimitives.dll
0x00007ffbda4a0000 - 0x00007ffbda4af000 	C:\Users\ishas\.vscode\extensions\redhat.java-1.56.0-win32-x64\jre\21.0.12.1-win32-x86_64\bin\instrument.dll
0x00007ffba78c0000 - 0x00007ffba78e0000 	C:\Users\ishas\.vscode\extensions\redhat.java-1.56.0-win32-x64\jre\21.0.12.1-win32-x86_64\bin\java.dll
0x00007ffc1e3f0000 - 0x00007ffc1eb88000 	C:\Windows\System32\SHELL32.dll
0x00007ffc1a610000 - 0x00007ffc1aebe000 	C:\Windows\SYSTEM32\windows.storage.dll
0x00007ffc1d910000 - 0x00007ffc1da0b000 	C:\Windows\System32\SHCORE.dll
0x00007ffc1f440000 - 0x00007ffc1f4a6000 	C:\Windows\System32\shlwapi.dll
0x00007ffc1cb00000 - 0x00007ffc1cb29000 	C:\Windows\SYSTEM32\profapi.dll
0x00007ffb849f0000 - 0x00007ffb84a08000 	C:\Users\ishas\.vscode\extensions\redhat.java-1.56.0-win32-x64\jre\21.0.12.1-win32-x86_64\bin\zip.dll
0x00007ffbdad80000 - 0x00007ffbdad90000 	C:\Users\ishas\.vscode\extensions\redhat.java-1.56.0-win32-x64\jre\21.0.12.1-win32-x86_64\bin\net.dll
0x00007ffc0b510000 - 0x00007ffc0b63a000 	C:\Windows\SYSTEM32\WINHTTP.dll
0x00007ffc1be70000 - 0x00007ffc1bedc000 	C:\Windows\system32\mswsock.dll
0x00007ffb833b0000 - 0x00007ffb833c6000 	C:\Users\ishas\.vscode\extensions\redhat.java-1.56.0-win32-x64\jre\21.0.12.1-win32-x86_64\bin\nio.dll
0x00007ffbd33f0000 - 0x00007ffbd3400000 	C:\Users\ishas\.vscode\extensions\redhat.java-1.56.0-win32-x64\jre\21.0.12.1-win32-x86_64\bin\verify.dll
0x00007ffc06640000 - 0x00007ffc06667000 	C:\Users\ishas\.gradle\native\1def1411415f61bf3af743bc5b6707747c0891f09f0c88961ee8f79bc544acac\windows-amd64\native-platform.dll
0x00007ffbe8340000 - 0x00007ffbe83b8000 	C:\Users\ishas\.gradle\native\0.2.7\x86_64-windows-gnu\gradle-fileevents.dll
0x00007ffc08f90000 - 0x00007ffc08f9a000 	C:\Users\ishas\.vscode\extensions\redhat.java-1.56.0-win32-x64\jre\21.0.12.1-win32-x86_64\bin\management.dll
0x00007ffc06630000 - 0x00007ffc0663c000 	C:\Users\ishas\.vscode\extensions\redhat.java-1.56.0-win32-x64\jre\21.0.12.1-win32-x86_64\bin\management_ext.dll
0x00007ffc1e300000 - 0x00007ffc1e308000 	C:\Windows\System32\PSAPI.DLL
0x00007ffc1b2e0000 - 0x00007ffc1b313000 	C:\Windows\SYSTEM32\IPHLPAPI.DLL
0x00007ffc1d700000 - 0x00007ffc1d70a000 	C:\Windows\System32\NSI.dll
0x00007ffbfeb60000 - 0x00007ffbfeb69000 	C:\Users\ishas\.vscode\extensions\redhat.java-1.56.0-win32-x64\jre\21.0.12.1-win32-x86_64\bin\extnet.dll
0x00007ffc1c160000 - 0x00007ffc1c17b000 	C:\Windows\SYSTEM32\CRYPTSP.dll
0x00007ffc1b810000 - 0x00007ffc1b849000 	C:\Windows\system32\rsaenh.dll
0x00007ffc1bf20000 - 0x00007ffc1bf54000 	C:\Windows\SYSTEM32\USERENV.dll
0x00007ffc1cad0000 - 0x00007ffc1cafa000 	C:\Windows\SYSTEM32\bcrypt.dll
0x00007ffc1c180000 - 0x00007ffc1c18c000 	C:\Windows\SYSTEM32\CRYPTBASE.dll
0x00007ffc01000000 - 0x00007ffc0100e000 	C:\Users\ishas\.vscode\extensions\redhat.java-1.56.0-win32-x64\jre\21.0.12.1-win32-x86_64\bin\sunmscapi.dll
0x00007ffc1ce80000 - 0x00007ffc1cffe000 	C:\Windows\System32\CRYPT32.dll
0x00007ffc1c3a0000 - 0x00007ffc1c3d0000 	C:\Windows\SYSTEM32\ncrypt.dll
0x00007ffc1c350000 - 0x00007ffc1c38f000 	C:\Windows\SYSTEM32\NTASN1.dll
0x00007ffc00f20000 - 0x00007ffc00f28000 	C:\Windows\system32\wshunix.dll

JVMTI agents:
C:\Users\ishas\.gradle\wrapper\dists\gradle-8.14.3-all\10utluxaxniiv4wxiphsi49nj\gradle-8.14.3\lib\agents\gradle-instrumentation-agent-8.14.3.jar path:C:\Users\ishas\.vscode\extensions\redhat.java-1.56.0-win32-x64\jre\21.0.12.1-win32-x86_64\bin\instrument.dll, loaded, initialized, instrumentlib options:none

dbghelp: loaded successfully - version: 4.0.5 - missing functions: none
symbol engine: initialized successfully - sym options: 0x614 - pdb path: .;C:\Users\ishas\.vscode\extensions\redhat.java-1.56.0-win32-x64\jre\21.0.12.1-win32-x86_64\bin;C:\Windows\SYSTEM32;C:\Windows\WinSxS\amd64_microsoft.windows.common-controls_6595b64144ccf1df_6.0.26100.9278_none_3e0d1ba8e3303201;C:\Users\ishas\.vscode\extensions\redhat.java-1.56.0-win32-x64\jre\21.0.12.1-win32-x86_64\bin\server;C:\Users\ishas\.gradle\native\1def1411415f61bf3af743bc5b6707747c0891f09f0c88961ee8f79bc544acac\windows-amd64;C:\Users\ishas\.gradle\native\0.2.7\x86_64-windows-gnu

VM Arguments:
jvm_args: --add-opens=java.base/java.lang=ALL-UNNAMED --add-opens=java.base/java.lang.invoke=ALL-UNNAMED --add-opens=java.base/java.util=ALL-UNNAMED --add-opens=java.prefs/java.util.prefs=ALL-UNNAMED --add-exports=jdk.compiler/com.sun.tools.javac.api=ALL-UNNAMED --add-exports=jdk.compiler/com.sun.tools.javac.util=ALL-UNNAMED --add-opens=java.base/java.util=ALL-UNNAMED --add-opens=java.prefs/java.util.prefs=ALL-UNNAMED --add-opens=java.base/java.nio.charset=ALL-UNNAMED --add-opens=java.base/java.net=ALL-UNNAMED --add-opens=java.base/java.util.concurrent.atomic=ALL-UNNAMED --add-opens=java.xml/javax.xml.namespace=ALL-UNNAMED -Xmx1536m -Dfile.encoding=UTF-8 -Duser.country=IN -Duser.language=en -Duser.variant -javaagent:C:\Users\ishas\.gradle\wrapper\dists\gradle-8.14.3-all\10utluxaxniiv4wxiphsi49nj\gradle-8.14.3\lib\agents\gradle-instrumentation-agent-8.14.3.jar 
java_command: org.gradle.launcher.daemon.bootstrap.GradleDaemon 8.14.3
java_class_path (initial): C:\Users\ishas\.gradle\wrapper\dists\gradle-8.14.3-all\10utluxaxniiv4wxiphsi49nj\gradle-8.14.3\lib\gradle-daemon-main-8.14.3.jar
Launcher Type: SUN_STANDARD

[Global flags]
     intx CICompilerCount                          = 4                                         {product} {ergonomic}
     uint ConcGCThreads                            = 3                                         {product} {ergonomic}
     uint G1ConcRefinementThreads                  = 10                                        {product} {ergonomic}
   size_t G1HeapRegionSize                         = 1048576                                   {product} {ergonomic}
    uintx GCDrainStackTargetSize                   = 64                                        {product} {ergonomic}
   size_t InitialHeapSize                          = 264241152                                 {product} {ergonomic}
   size_t MarkStackSize                            = 4194304                                   {product} {ergonomic}
   size_t MaxHeapSize                              = 1610612736                                {product} {command line}
   size_t MaxNewSize                               = 965738496                                 {product} {ergonomic}
   size_t MinHeapDeltaBytes                        = 1048576                                   {product} {ergonomic}
   size_t MinHeapSize                              = 8388608                                   {product} {ergonomic}
    uintx NonNMethodCodeHeapSize                   = 5839372                                {pd product} {ergonomic}
    uintx NonProfiledCodeHeapSize                  = 122909434                              {pd product} {ergonomic}
    uintx ProfiledCodeHeapSize                     = 122909434                              {pd product} {ergonomic}
    uintx ReservedCodeCacheSize                    = 251658240                              {pd product} {ergonomic}
     bool SegmentedCodeCache                       = true                                      {product} {ergonomic}
   size_t SoftMaxHeapSize                          = 1610612736                             {manageable} {ergonomic}
     bool UseCompressedOops                        = true                           {product lp64_product} {ergonomic}
     bool UseG1GC                                  = true                                      {product} {ergonomic}
     bool UseLargePagesIndividualAllocation        = false                                  {pd product} {ergonomic}

Logging:
Log output configuration:
 #0: stdout all=warning uptime,level,tags foldmultilines=false
 #1: stderr all=off uptime,level,tags foldmultilines=false

Release file:
JAVA_VERSION="21.0.12.1" 
MODULES="java.base java.compiler java.datatransfer java.xml java.prefs java.desktop java.instrument java.logging java.management java.security.sasl java.naming java.rmi java.management.rmi java.net.http java.scripting java.security.jgss java.transaction.xa java.sql java.sql.rowset java.xml.crypto java.se java.smartcardio jdk.accessibility jdk.internal.jvmstat jdk.attach jdk.charsets jdk.internal.opt jdk.zipfs jdk.compiler jdk.crypto.ec jdk.crypto.cryptoki jdk.crypto.mscapi jdk.dynalink jdk.internal.ed jdk.editpad jdk.hotspot.agent jdk.httpserver jdk.internal.le jdk.internal.vm.ci jdk.internal.vm.compiler jdk.internal.vm.compiler.management jdk.jartool jdk.javadoc jdk.jcmd jdk.management jdk.management.agent jdk.jconsole jdk.jdeps jdk.jdwp.agent jdk.jdi jdk.jfr jdk.jshell jdk.jsobject jdk.jstatd jdk.localedata jdk.management.jfr jdk.naming.dns jdk.naming.rmi jdk.net jdk.nio.mapmode jdk.random jdk.sctp jdk.security.auth jdk.security.jgss jdk.unsupported jdk.unsupported.desktop jdk.xml.dom" 

Environment Variables:
PATH=C:\Program Files\Microsoft\jdk-17.0.12.7-hotspot\bin;C:\Program Files\Eclipse Adoptium\jdk-17.0.17.10-hotspot\bin;C:\Windows\system32;C:\Windows;C:\Windows\System32\Wbem;C:\Windows\System32\WindowsPowerShell\v1.0\;C:\Windows\System32\OpenSSH\;C:\Program Files\nodejs\;C:\Users\ishas\Downloads\apache-maven-3.9.11-bin\apache-maven-3.9.11\bin;C:\Users\ishas\Downloads\apache-maven-3.9.11-bin\apache-maven-3.9.11\bin;C:\Program Files\MySQL\MySQL Server 8.0\bin;C:\Users\ishas\AppData\Local\Programs\Python\Python313;C:\Program Files\Git\cmd;C:\Users\ishas\AppData\Local\Programs\Python\Launcher\;C:\Program Files\MySQL\MySQL Shell 8.0\bin\;C:\Users\ishas\AppData\Local\Microsoft\WindowsApps;C:\Users\ishas\AppData\Local\Programs\Microsoft VS Code\bin;C:\Users\ishas\AppData\Roaming\npm
USERNAME=ishas
OS=Windows_NT
PROCESSOR_IDENTIFIER=Intel64 Family 6 Model 186 Stepping 2, GenuineIntel
TMP=C:\Users\ishas\AppData\Local\Temp
TEMP=C:\Users\ishas\AppData\Local\Temp




Periodic native trim disabled

---------------  S Y S T E M  ---------------

OS:
 Windows 11 , 64 bit Build 26100 (10.0.26100.9444)
OS uptime: 0 days 0:20 hours
Hyper-V role detected

CPU: total 12 (initial active 12) (6 cores per cpu, 2 threads per core) family 6 model 186 stepping 2 microcode 0x4122, cx8, cmov, fxsr, ht, mmx, 3dnowpref, sse, sse2, sse3, ssse3, sse4.1, sse4.2, popcnt, lzcnt, tsc, tscinvbit, avx, avx2, aes, erms, clmul, bmi1, bmi2, adx, sha, fma, vzeroupper, clflush, clflushopt, clwb, hv, serialize, rdtscp, rdpid, fsrm, f16c, cet_ibt, cet_ss
Processor Information for processor 0
  Max Mhz: 2100, Current Mhz: 2100, Mhz Limit: 2100
Processor Information for processor 1
  Max Mhz: 2100, Current Mhz: 2100, Mhz Limit: 2100
Processor Information for processor 2
  Max Mhz: 2100, Current Mhz: 2100, Mhz Limit: 2100
Processor Information for processor 3
  Max Mhz: 2100, Current Mhz: 2100, Mhz Limit: 2100
Processor Information for processor 4
  Max Mhz: 2100, Current Mhz: 2100, Mhz Limit: 2100
Processor Information for processor 5
  Max Mhz: 2100, Current Mhz: 2100, Mhz Limit: 2100
Processor Information for processor 6
  Max Mhz: 2100, Current Mhz: 1453, Mhz Limit: 2100
Processor Information for processor 7
  Max Mhz: 2100, Current Mhz: 2100, Mhz Limit: 2100
Processor Information for processor 8
  Max Mhz: 2100, Current Mhz: 2100, Mhz Limit: 2100
Processor Information for processor 9
  Max Mhz: 2100, Current Mhz: 2100, Mhz Limit: 2100
Processor Information for processor 10
  Max Mhz: 2100, Current Mhz: 2100, Mhz Limit: 2100
Processor Information for processor 11
  Max Mhz: 2100, Current Mhz: 2100, Mhz Limit: 2100

Memory: 4k page, system-wide physical 16076M (436M free)
TotalPageFile size 65228M (AvailPageFile size 4M)
current process WorkingSet (physical memory assigned to process): 28M, peak: 182M
current process commit charge ("private bytes"): 251M, peak: 419M

vm_info: OpenJDK 64-Bit Server VM (21.0.12.1+1-LTS) for windows-amd64 JRE (21.0.12.1+1-LTS), built on 2026-08-18T00:00:00Z by "admin" with MS VC++ 17.12 (VS2022)

END.
