#
# There is insufficient memory for the Java Runtime Environment to continue.
# Native memory allocation (malloc) failed to allocate 684816 bytes. Error detail: Chunk::new
# Possible reasons:
#   The system is out of physical RAM or swap space
#   This process is running with CompressedOops enabled, and the Java Heap may be blocking the growth of the native heap
# Possible solutions:
#   Reduce memory load on the system
#   Increase physical memory or swap space
#   Check if swap backing store is full
#   Decrease Java heap size (-Xmx/-Xms)
#   Decrease number of Java threads
#   Decrease Java thread stack sizes (-Xss)
#   Set larger code cache with -XX:ReservedCodeCacheSize=
#   JVM is running with Unscaled Compressed Oops mode in which the Java heap is
#     placed in the first 4GB address space. The Java Heap base address is the
#     maximum limit for the native heap growth. Please use -XX:HeapBaseMinAddress
#     to set the Java Heap base and to place the Java Heap above 4GB virtual address.
# This output file may be truncated or incomplete.
#
#  Out of Memory Error (arena.cpp:168), pid=5332, tid=26652
#
# JRE version: OpenJDK Runtime Environment Temurin-21.0.12.1+1 (21.0.12.1+1) (build 21.0.12.1+1-LTS)
# Java VM: OpenJDK 64-Bit Server VM Temurin-21.0.12.1+1 (21.0.12.1+1-LTS, mixed mode, sharing, tiered, compressed oops, compressed class ptrs, g1 gc, windows-amd64)
# No core dump will be written. Minidumps are not enabled by default on client versions of Windows
#

---------------  S U M M A R Y ------------

Command Line: --add-opens=java.base/java.lang=ALL-UNNAMED --add-opens=java.base/java.lang.invoke=ALL-UNNAMED --add-opens=java.base/java.util=ALL-UNNAMED --add-opens=java.prefs/java.util.prefs=ALL-UNNAMED --add-exports=jdk.compiler/com.sun.tools.javac.api=ALL-UNNAMED --add-exports=jdk.compiler/com.sun.tools.javac.util=ALL-UNNAMED --add-opens=java.base/java.util=ALL-UNNAMED --add-opens=java.prefs/java.util.prefs=ALL-UNNAMED --add-opens=java.base/java.nio.charset=ALL-UNNAMED --add-opens=java.base/java.net=ALL-UNNAMED --add-opens=java.base/java.util.concurrent.atomic=ALL-UNNAMED --add-opens=java.xml/javax.xml.namespace=ALL-UNNAMED -Xmx1536m -Dfile.encoding=UTF-8 -Duser.country=IN -Duser.language=en -Duser.variant -javaagent:C:\Users\ishas\.gradle\wrapper\dists\gradle-8.14.3-all\10utluxaxniiv4wxiphsi49nj\gradle-8.14.3\lib\agents\gradle-instrumentation-agent-8.14.3.jar org.gradle.launcher.daemon.bootstrap.GradleDaemon 8.14.3

Host: 13th Gen Intel(R) Core(TM) i5-13420H, 12 cores, 15G,  Windows 11 , 64 bit Build 26100 (10.0.26100.9444)
Time: Mon Sep 14 17:54:05 2026 India Standard Time elapsed time: 733.347244 seconds (0d 0h 12m 13s)

---------------  T H R E A D  ---------------

Current thread (0x0000016b18030f70):  JavaThread "C2 CompilerThread0" daemon [_thread_in_native, id=26652, stack(0x0000001b7dd00000,0x0000001b7de00000) (1024K)]


Current CompileTask:
C2:733347 4316       4       org.gradle.cache.internal.DefaultFileLockManager$DefaultFileLock$1::run (252 bytes)

Stack: [0x0000001b7dd00000,0x0000001b7de00000]
Native frames: (J=compiled Java code, j=interpreted, Vv=VM code, C=native code)
V  [jvm.dll+0x6d83e9]
V  [jvm.dll+0x8b5736]
V  [jvm.dll+0x8b7cee]
V  [jvm.dll+0x8b83d3]
V  [jvm.dll+0x284596]
V  [jvm.dll+0xc685d]
V  [jvm.dll+0xc6da1]
V  [jvm.dll+0x3bf151]
V  [jvm.dll+0x1e3f42]
V  [jvm.dll+0x24c853]
V  [jvm.dll+0x24bce0]
V  [jvm.dll+0x1cb4ae]
V  [jvm.dll+0x25baad]
V  [jvm.dll+0x25a03a]
V  [jvm.dll+0x3f8aae]
V  [jvm.dll+0x8600cd]
V  [jvm.dll+0x6d6c1d]
C  [ucrtbase.dll+0x2cd30]
C  [KERNEL32.DLL+0x2cd87]
C  [ntdll.dll+0xacaec]


---------------  P R O C E S S  ---------------

Threads class SMR info:
_java_thread_list=0x0000016b1ff245a0, length=30, elements={
0x0000016abfd1f360, 0x0000016b18025850, 0x0000016b180271d0, 0x0000016b1802b590,
0x0000016b1802ed20, 0x0000016b1802f780, 0x0000016b180301e0, 0x0000016b18030f70,
0x0000016b18032730, 0x0000016b1820e4d0, 0x0000016b182efe10, 0x0000016b180fc9d0,
0x0000016b1df87630, 0x0000016b1d553ed0, 0x0000016b1d554bf0, 0x0000016b1d555280,
0x0000016b1d553840, 0x0000016b1d555fa0, 0x0000016b1d554560, 0x0000016b1d555910,
0x0000016b1d552b20, 0x0000016b1e0d29d0, 0x0000016b1e0d1cb0, 0x0000016b1e0d4aa0,
0x0000016b1e0d5130, 0x0000016b1e0d57c0, 0x0000016b1e0d3d80, 0x0000016b1e0d36f0,
0x0000016b1e0d1620, 0x0000016b1e0d2340
}

Java Threads: ( => current thread )
  0x0000016abfd1f360 JavaThread "main"                              [_thread_blocked, id=24820, stack(0x0000001b7cf00000,0x0000001b7d000000) (1024K)]
  0x0000016b18025850 JavaThread "Reference Handler"          daemon [_thread_blocked, id=9604, stack(0x0000001b7d700000,0x0000001b7d800000) (1024K)]
  0x0000016b180271d0 JavaThread "Finalizer"                  daemon [_thread_blocked, id=26392, stack(0x0000001b7d800000,0x0000001b7d900000) (1024K)]
  0x0000016b1802b590 JavaThread "Signal Dispatcher"          daemon [_thread_blocked, id=26636, stack(0x0000001b7d900000,0x0000001b7da00000) (1024K)]
  0x0000016b1802ed20 JavaThread "Attach Listener"            daemon [_thread_blocked, id=26640, stack(0x0000001b7da00000,0x0000001b7db00000) (1024K)]
  0x0000016b1802f780 JavaThread "Service Thread"             daemon [_thread_blocked, id=26644, stack(0x0000001b7db00000,0x0000001b7dc00000) (1024K)]
  0x0000016b180301e0 JavaThread "Monitor Deflation Thread"   daemon [_thread_blocked, id=26648, stack(0x0000001b7dc00000,0x0000001b7dd00000) (1024K)]
=>0x0000016b18030f70 JavaThread "C2 CompilerThread0"         daemon [_thread_in_native, id=26652, stack(0x0000001b7dd00000,0x0000001b7de00000) (1024K)]
  0x0000016b18032730 JavaThread "C1 CompilerThread0"         daemon [_thread_blocked, id=26656, stack(0x0000001b7de00000,0x0000001b7df00000) (1024K)]
  0x0000016b1820e4d0 JavaThread "Common-Cleaner"             daemon [_thread_blocked, id=26784, stack(0x0000001b7df00000,0x0000001b7e000000) (1024K)]
  0x0000016b182efe10 JavaThread "Notification Thread"        daemon [_thread_blocked, id=26976, stack(0x0000001b7e000000,0x0000001b7e100000) (1024K)]
  0x0000016b180fc9d0 JavaThread "Daemon health stats"               [_thread_blocked, id=27028, stack(0x0000001b7e600000,0x0000001b7e700000) (1024K)]
  0x0000016b1df87630 JavaThread "Incoming local TCP Connector on port 57678"        [_thread_in_native, id=28136, stack(0x0000001b7e700000,0x0000001b7e800000) (1024K)]
  0x0000016b1d553ed0 JavaThread "Daemon periodic checks"            [_thread_blocked, id=16548, stack(0x0000001b7e800000,0x0000001b7e900000) (1024K)]
  0x0000016b1d554bf0 JavaThread "Daemon"                            [_thread_blocked, id=30188, stack(0x0000001b7cd00000,0x0000001b7ce00000) (1024K)]
  0x0000016b1d555280 JavaThread "Handler for socket connection from /127.0.0.1:57678 to /127.0.0.1:57697"        [_thread_in_native, id=30192, stack(0x0000001b7e900000,0x0000001b7ea00000) (1024K)]
  0x0000016b1d553840 JavaThread "Cancel handler"                    [_thread_blocked, id=30200, stack(0x0000001b7ea00000,0x0000001b7eb00000) (1024K)]
  0x0000016b1d555fa0 JavaThread "Daemon worker"                     [_thread_blocked, id=10996, stack(0x0000001b7eb00000,0x0000001b7ec00000) (1024K)]
  0x0000016b1d554560 JavaThread "Asynchronous log dispatcher for DefaultDaemonConnection: socket connection from /127.0.0.1:57678 to /127.0.0.1:57697"        [_thread_blocked, id=30736, stack(0x0000001b7ec00000,0x0000001b7ed00000) (1024K)]
  0x0000016b1d555910 JavaThread "Stdin handler"                     [_thread_blocked, id=30740, stack(0x0000001b7ed00000,0x0000001b7ee00000) (1024K)]
  0x0000016b1d552b20 JavaThread "Daemon client event forwarder"        [_thread_blocked, id=30744, stack(0x0000001b7ee00000,0x0000001b7ef00000) (1024K)]
  0x0000016b1e0d29d0 JavaThread "Cache worker for journal cache (C:\Users\ishas\.gradle\caches\journal-1)"        [_thread_blocked, id=30860, stack(0x0000001b7ef00000,0x0000001b7f000000) (1024K)]
  0x0000016b1e0d1cb0 JavaThread "File lock request listener"        [_thread_in_native, id=30952, stack(0x0000001b7f000000,0x0000001b7f100000) (1024K)]
  0x0000016b1e0d4aa0 JavaThread "Cache worker for file hash cache (C:\Users\ishas\.gradle\caches\8.14.3\fileHashes)"        [_thread_blocked, id=30956, stack(0x0000001b7f100000,0x0000001b7f200000) (1024K)]
  0x0000016b1e0d5130 JavaThread "Cache worker for file hash cache (C:\Users\ishas\Downloads\ai-yoga-assistant-razorpay-v9\yoga3\android\.gradle\8.14.3\fileHashes)"        [_thread_blocked, id=31308, stack(0x0000001b7f900000,0x0000001b7fa00000) (1024K)]
  0x0000016b1e0d57c0 JavaThread "Cache worker for Build Output Cleanup Cache (C:\Users\ishas\Downloads\ai-yoga-assistant-razorpay-v9\yoga3\android\.gradle\buildOutputCleanup)"        [_thread_blocked, id=31468, stack(0x0000001b7fa00000,0x0000001b7fb00000) (1024K)]
  0x0000016b1e0d3d80 JavaThread "File watcher server"        daemon [_thread_in_native, id=31488, stack(0x0000001b7fb00000,0x0000001b7fc00000) (1024K)]
  0x0000016b1e0d36f0 JavaThread "File watcher consumer"      daemon [_thread_blocked, id=31496, stack(0x0000001b7fc00000,0x0000001b7fd00000) (1024K)]
  0x0000016b1e0d1620 JavaThread "File lock release action executor Thread 2"        [_thread_blocked, id=51036, stack(0x0000001b7cc00000,0x0000001b7cd00000) (1024K)]
  0x0000016b1e0d2340 JavaThread "jar transforms"                    [_thread_blocked, id=43876, stack(0x0000001b7ce00000,0x0000001b7cf00000) (1024K)]
Total: 30

Other Threads:
  0x0000016b18004840 VMThread "VM Thread"                           [id=24764, stack(0x0000001b7d600000,0x0000001b7d700000) (1024K)]
  0x0000016ad6eff4b0 WatcherThread "VM Periodic Task Thread"        [id=26520, stack(0x0000001b7d500000,0x0000001b7d600000) (1024K)]
  0x0000016abfd66ba0 WorkerThread "GC Thread#0"                     [id=26372, stack(0x0000001b7d000000,0x0000001b7d100000) (1024K)]
  0x0000016b183c5770 WorkerThread "GC Thread#1"                     [id=27624, stack(0x0000001b7e100000,0x0000001b7e200000) (1024K)]
  0x0000016b183c5b20 WorkerThread "GC Thread#2"                     [id=27628, stack(0x0000001b7e200000,0x0000001b7e300000) (1024K)]
  0x0000016b183c5ed0 WorkerThread "GC Thread#3"                     [id=27632, stack(0x0000001b7e300000,0x0000001b7e400000) (1024K)]
  0x0000016b18478820 WorkerThread "GC Thread#4"                     [id=27636, stack(0x0000001b7e400000,0x0000001b7e500000) (1024K)]
  0x0000016b18478bd0 WorkerThread "GC Thread#5"                     [id=27640, stack(0x0000001b7e500000,0x0000001b7e600000) (1024K)]
  0x0000016b180f3290 WorkerThread "GC Thread#6"                     [id=31252, stack(0x0000001b7f300000,0x0000001b7f400000) (1024K)]
  0x0000016b180f1c70 WorkerThread "GC Thread#7"                     [id=31256, stack(0x0000001b7f400000,0x0000001b7f500000) (1024K)]
  0x0000016b180f2b30 WorkerThread "GC Thread#8"                     [id=31260, stack(0x0000001b7f500000,0x0000001b7f600000) (1024K)]
  0x0000016b180f3640 WorkerThread "GC Thread#9"                     [id=31264, stack(0x0000001b7f600000,0x0000001b7f700000) (1024K)]
  0x0000016abfd73aa0 ConcurrentGCThread "G1 Main Marker"            [id=26396, stack(0x0000001b7d100000,0x0000001b7d200000) (1024K)]
  0x0000016abfd744c0 WorkerThread "G1 Conc#0"                       [id=26152, stack(0x0000001b7d200000,0x0000001b7d300000) (1024K)]
  0x0000016b180f4150 WorkerThread "G1 Conc#1"                       [id=31272, stack(0x0000001b7f700000,0x0000001b7f800000) (1024K)]
  0x0000016b180f4500 WorkerThread "G1 Conc#2"                       [id=31276, stack(0x0000001b7f800000,0x0000001b7f900000) (1024K)]
  0x0000016ad6dd2690 ConcurrentGCThread "G1 Refine#0"               [id=11668, stack(0x0000001b7d300000,0x0000001b7d400000) (1024K)]
  0x0000016ad6dd2ec0 ConcurrentGCThread "G1 Service"                [id=17108, stack(0x0000001b7d400000,0x0000001b7d500000) (1024K)]
Total: 18

Threads with active compile tasks:
C2 CompilerThread0  733408 4316       4       org.gradle.cache.internal.DefaultFileLockManager$DefaultFileLock$1::run (252 bytes)
Total: 1

VM state: not at safepoint (normal execution)

VM Mutex/Monitor currently owned by a thread: None

Heap address: 0x00000000a0000000, size: 1536 MB, Compressed Oops mode: 32-bit

CDS archive(s) mapped at: [0x0000016ad7000000-0x0000016ad7ba0000-0x0000016ad7ba0000), size 12189696, SharedBaseAddress: 0x0000016ad7000000, ArchiveRelocationMode: 1.
Compressed class space mapped at: 0x0000016ad8000000-0x0000016b18000000, reserved size: 1073741824
Narrow klass base: 0x0000016ad7000000, Narrow klass shift: 0, Narrow klass range: 0x100000000

GC Precious Log:
 CardTable entry size: 512
 Card Set container configuration: InlinePtr #cards 5 size 8 Array Of Cards #cards 12 size 40 Howl #buckets 4 coarsen threshold 1843 Howl Bitmap #cards 512 size 80 coarsen threshold 460 Card regions per heap region 1 cards per card region 2048
 CPUs: 12 total, 12 available
 Memory: 16076M
 Large Page Support: Disabled
 NUMA Support: Disabled
 Compressed Oops: Enabled (32-bit)
 Heap Region Size: 1M
 Heap Min Capacity: 8M
 Heap Initial Capacity: 252M
 Heap Max Capacity: 1536M
 Pre-touch: Disabled
 Parallel Workers: 10
 Concurrent Workers: 3
 Concurrent Refinement Workers: 10
 Periodic GC: Disabled

Heap:
 garbage-first heap   total 81920K, used 44560K [0x00000000a0000000, 0x0000000100000000)
  region size 1024K, 21 young (21504K), 3 survivors (3072K)
 Metaspace       used 26995K, committed 27968K, reserved 1114112K
  class space    used 4042K, committed 4480K, reserved 1048576K

Heap Regions: E=young(eden), S=young(survivor), O=old, HS=humongous(starts), HC=humongous(continues), CS=collection set, F=free, TAMS=top-at-mark-start, PB=parsable bottom
|   0|0x00000000a0000000, 0x00000000a0100000, 0x00000000a0100000|100%|HS|  |TAMS 0x00000000a0000000| PB 0x00000000a0000000| Complete 
|   1|0x00000000a0100000, 0x00000000a0200000, 0x00000000a0200000|100%|HC|  |TAMS 0x00000000a0100000| PB 0x00000000a0100000| Complete 
|   2|0x00000000a0200000, 0x00000000a0300000, 0x00000000a0300000|100%|HC|  |TAMS 0x00000000a0200000| PB 0x00000000a0200000| Complete 
|   3|0x00000000a0300000, 0x00000000a0400000, 0x00000000a0400000|100%| O|  |TAMS 0x00000000a0300000| PB 0x00000000a0300000| Untracked 
|   4|0x00000000a0400000, 0x00000000a0500000, 0x00000000a0500000|100%| O|  |TAMS 0x00000000a0400000| PB 0x00000000a0400000| Untracked 
|   5|0x00000000a0500000, 0x00000000a0600000, 0x00000000a0600000|100%| O|  |TAMS 0x00000000a0500000| PB 0x00000000a0500000| Untracked 
|   6|0x00000000a0600000, 0x00000000a0700000, 0x00000000a0700000|100%|HS|  |TAMS 0x00000000a0600000| PB 0x00000000a0600000| Complete 
|   7|0x00000000a0700000, 0x00000000a0800000, 0x00000000a0800000|100%| O|  |TAMS 0x00000000a0700000| PB 0x00000000a0700000| Untracked 
|   8|0x00000000a0800000, 0x00000000a0900000, 0x00000000a0900000|100%| O|  |TAMS 0x00000000a0800000| PB 0x00000000a0800000| Untracked 
|   9|0x00000000a0900000, 0x00000000a0900000, 0x00000000a0a00000|  0%| F|  |TAMS 0x00000000a0900000| PB 0x00000000a0900000| Untracked 
|  10|0x00000000a0a00000, 0x00000000a0b00000, 0x00000000a0b00000|100%| O|  |TAMS 0x00000000a0a00000| PB 0x00000000a0a00000| Untracked 
|  11|0x00000000a0b00000, 0x00000000a0c00000, 0x00000000a0c00000|100%| O|  |TAMS 0x00000000a0b00000| PB 0x00000000a0b00000| Untracked 
|  12|0x00000000a0c00000, 0x00000000a0cf5bf0, 0x00000000a0d00000| 95%| O|  |TAMS 0x00000000a0c00000| PB 0x00000000a0c00000| Untracked 
|  13|0x00000000a0d00000, 0x00000000a0e00000, 0x00000000a0e00000|100%| O|  |TAMS 0x00000000a0d00000| PB 0x00000000a0d00000| Untracked 
|  14|0x00000000a0e00000, 0x00000000a0f00000, 0x00000000a0f00000|100%| O|  |TAMS 0x00000000a0e00000| PB 0x00000000a0e00000| Untracked 
|  15|0x00000000a0f00000, 0x00000000a1000000, 0x00000000a1000000|100%| O|  |TAMS 0x00000000a0f00000| PB 0x00000000a0f00000| Untracked 
|  16|0x00000000a1000000, 0x00000000a1100000, 0x00000000a1100000|100%| O|  |TAMS 0x00000000a1000000| PB 0x00000000a1000000| Untracked 
|  17|0x00000000a1100000, 0x00000000a1200000, 0x00000000a1200000|100%| O|  |TAMS 0x00000000a1100000| PB 0x00000000a1100000| Untracked 
|  18|0x00000000a1200000, 0x00000000a1300000, 0x00000000a1300000|100%| O|  |TAMS 0x00000000a1200000| PB 0x00000000a1200000| Untracked 
|  19|0x00000000a1300000, 0x00000000a1400000, 0x00000000a1400000|100%| O|  |TAMS 0x00000000a1300000| PB 0x00000000a1300000| Untracked 
|  20|0x00000000a1400000, 0x00000000a1500000, 0x00000000a1500000|100%| O|  |TAMS 0x00000000a1400000| PB 0x00000000a1400000| Untracked 
|  21|0x00000000a1500000, 0x00000000a1600000, 0x00000000a1600000|100%| O|  |TAMS 0x00000000a1500000| PB 0x00000000a1500000| Untracked 
|  22|0x00000000a1600000, 0x00000000a1700000, 0x00000000a1700000|100%| O|  |TAMS 0x00000000a1600000| PB 0x00000000a1600000| Untracked 
|  23|0x00000000a1700000, 0x00000000a1800000, 0x00000000a1800000|100%| O|  |TAMS 0x00000000a1700000| PB 0x00000000a1700000| Untracked 
|  24|0x00000000a1800000, 0x00000000a1900000, 0x00000000a1900000|100%| O|  |TAMS 0x00000000a1800000| PB 0x00000000a1800000| Untracked 
|  25|0x00000000a1900000, 0x00000000a1938160, 0x00000000a1a00000| 21%| O|  |TAMS 0x00000000a1900000| PB 0x00000000a1900000| Untracked 
|  26|0x00000000a1a00000, 0x00000000a1a00000, 0x00000000a1b00000|  0%| F|  |TAMS 0x00000000a1a00000| PB 0x00000000a1a00000| Untracked 
|  27|0x00000000a1b00000, 0x00000000a1b00000, 0x00000000a1c00000|  0%| F|  |TAMS 0x00000000a1b00000| PB 0x00000000a1b00000| Untracked 
|  28|0x00000000a1c00000, 0x00000000a1c00000, 0x00000000a1d00000|  0%| F|  |TAMS 0x00000000a1c00000| PB 0x00000000a1c00000| Untracked 
|  29|0x00000000a1d00000, 0x00000000a1d00000, 0x00000000a1e00000|  0%| F|  |TAMS 0x00000000a1d00000| PB 0x00000000a1d00000| Untracked 
|  30|0x00000000a1e00000, 0x00000000a1e00000, 0x00000000a1f00000|  0%| F|  |TAMS 0x00000000a1e00000| PB 0x00000000a1e00000| Untracked 
|  31|0x00000000a1f00000, 0x00000000a1f00000, 0x00000000a2000000|  0%| F|  |TAMS 0x00000000a1f00000| PB 0x00000000a1f00000| Untracked 
|  32|0x00000000a2000000, 0x00000000a2000000, 0x00000000a2100000|  0%| F|  |TAMS 0x00000000a2000000| PB 0x00000000a2000000| Untracked 
|  33|0x00000000a2100000, 0x00000000a2100000, 0x00000000a2200000|  0%| F|  |TAMS 0x00000000a2100000| PB 0x00000000a2100000| Untracked 
|  34|0x00000000a2200000, 0x00000000a22565d8, 0x00000000a2300000| 33%| S|CS|TAMS 0x00000000a2200000| PB 0x00000000a2200000| Complete 
|  35|0x00000000a2300000, 0x00000000a2400000, 0x00000000a2400000|100%| S|CS|TAMS 0x00000000a2300000| PB 0x00000000a2300000| Complete 
|  36|0x00000000a2400000, 0x00000000a2500000, 0x00000000a2500000|100%| S|CS|TAMS 0x00000000a2400000| PB 0x00000000a2400000| Complete 
|  37|0x00000000a2500000, 0x00000000a2500000, 0x00000000a2600000|  0%| F|  |TAMS 0x00000000a2500000| PB 0x00000000a2500000| Untracked 
|  38|0x00000000a2600000, 0x00000000a2600000, 0x00000000a2700000|  0%| F|  |TAMS 0x00000000a2600000| PB 0x00000000a2600000| Untracked 
|  39|0x00000000a2700000, 0x00000000a2700000, 0x00000000a2800000|  0%| F|  |TAMS 0x00000000a2700000| PB 0x00000000a2700000| Untracked 
|  40|0x00000000a2800000, 0x00000000a2800000, 0x00000000a2900000|  0%| F|  |TAMS 0x00000000a2800000| PB 0x00000000a2800000| Untracked 
|  41|0x00000000a2900000, 0x00000000a2900000, 0x00000000a2a00000|  0%| F|  |TAMS 0x00000000a2900000| PB 0x00000000a2900000| Untracked 
|  42|0x00000000a2a00000, 0x00000000a2a00000, 0x00000000a2b00000|  0%| F|  |TAMS 0x00000000a2a00000| PB 0x00000000a2a00000| Untracked 
|  43|0x00000000a2b00000, 0x00000000a2b00000, 0x00000000a2c00000|  0%| F|  |TAMS 0x00000000a2b00000| PB 0x00000000a2b00000| Untracked 
|  44|0x00000000a2c00000, 0x00000000a2c00000, 0x00000000a2d00000|  0%| F|  |TAMS 0x00000000a2c00000| PB 0x00000000a2c00000| Untracked 
|  45|0x00000000a2d00000, 0x00000000a2d00000, 0x00000000a2e00000|  0%| F|  |TAMS 0x00000000a2d00000| PB 0x00000000a2d00000| Untracked 
|  46|0x00000000a2e00000, 0x00000000a2e00000, 0x00000000a2f00000|  0%| F|  |TAMS 0x00000000a2e00000| PB 0x00000000a2e00000| Untracked 
|  47|0x00000000a2f00000, 0x00000000a2f00000, 0x00000000a3000000|  0%| F|  |TAMS 0x00000000a2f00000| PB 0x00000000a2f00000| Untracked 
|  48|0x00000000a3000000, 0x00000000a3000000, 0x00000000a3100000|  0%| F|  |TAMS 0x00000000a3000000| PB 0x00000000a3000000| Untracked 
|  49|0x00000000a3100000, 0x00000000a3100000, 0x00000000a3200000|  0%| F|  |TAMS 0x00000000a3100000| PB 0x00000000a3100000| Untracked 
|  50|0x00000000a3200000, 0x00000000a3200000, 0x00000000a3300000|  0%| F|  |TAMS 0x00000000a3200000| PB 0x00000000a3200000| Untracked 
|  51|0x00000000a3300000, 0x00000000a3300000, 0x00000000a3400000|  0%| F|  |TAMS 0x00000000a3300000| PB 0x00000000a3300000| Untracked 
|  52|0x00000000a3400000, 0x00000000a3400000, 0x00000000a3500000|  0%| F|  |TAMS 0x00000000a3400000| PB 0x00000000a3400000| Untracked 
|  53|0x00000000a3500000, 0x00000000a3500000, 0x00000000a3600000|  0%| F|  |TAMS 0x00000000a3500000| PB 0x00000000a3500000| Untracked 
|  54|0x00000000a3600000, 0x00000000a3600000, 0x00000000a3700000|  0%| F|  |TAMS 0x00000000a3600000| PB 0x00000000a3600000| Untracked 
|  55|0x00000000a3700000, 0x00000000a3700000, 0x00000000a3800000|  0%| F|  |TAMS 0x00000000a3700000| PB 0x00000000a3700000| Untracked 
|  56|0x00000000a3800000, 0x00000000a3800000, 0x00000000a3900000|  0%| F|  |TAMS 0x00000000a3800000| PB 0x00000000a3800000| Untracked 
|  57|0x00000000a3900000, 0x00000000a3900000, 0x00000000a3a00000|  0%| F|  |TAMS 0x00000000a3900000| PB 0x00000000a3900000| Untracked 
|  58|0x00000000a3a00000, 0x00000000a3a00000, 0x00000000a3b00000|  0%| F|  |TAMS 0x00000000a3a00000| PB 0x00000000a3a00000| Untracked 
|  59|0x00000000a3b00000, 0x00000000a3b00000, 0x00000000a3c00000|  0%| F|  |TAMS 0x00000000a3b00000| PB 0x00000000a3b00000| Untracked 
|  60|0x00000000a3c00000, 0x00000000a3c00000, 0x00000000a3d00000|  0%| F|  |TAMS 0x00000000a3c00000| PB 0x00000000a3c00000| Untracked 
|  61|0x00000000a3d00000, 0x00000000a3d00000, 0x00000000a3e00000|  0%| F|  |TAMS 0x00000000a3d00000| PB 0x00000000a3d00000| Untracked 
|  62|0x00000000a3e00000, 0x00000000a3e7e2c0, 0x00000000a3f00000| 49%| E|  |TAMS 0x00000000a3e00000| PB 0x00000000a3e00000| Complete 
|  63|0x00000000a3f00000, 0x00000000a4000000, 0x00000000a4000000|100%| E|CS|TAMS 0x00000000a3f00000| PB 0x00000000a3f00000| Complete 
|  64|0x00000000a4000000, 0x00000000a4100000, 0x00000000a4100000|100%| E|CS|TAMS 0x00000000a4000000| PB 0x00000000a4000000| Complete 
|  65|0x00000000a4100000, 0x00000000a4200000, 0x00000000a4200000|100%| E|CS|TAMS 0x00000000a4100000| PB 0x00000000a4100000| Complete 
|  66|0x00000000a4200000, 0x00000000a4300000, 0x00000000a4300000|100%| E|CS|TAMS 0x00000000a4200000| PB 0x00000000a4200000| Complete 
| 144|0x00000000a9000000, 0x00000000a9100000, 0x00000000a9100000|100%| E|CS|TAMS 0x00000000a9000000| PB 0x00000000a9000000| Complete 
| 145|0x00000000a9100000, 0x00000000a9200000, 0x00000000a9200000|100%| E|CS|TAMS 0x00000000a9100000| PB 0x00000000a9100000| Complete 
| 146|0x00000000a9200000, 0x00000000a9300000, 0x00000000a9300000|100%| E|CS|TAMS 0x00000000a9200000| PB 0x00000000a9200000| Complete 
| 147|0x00000000a9300000, 0x00000000a9400000, 0x00000000a9400000|100%| E|CS|TAMS 0x00000000a9300000| PB 0x00000000a9300000| Complete 
| 148|0x00000000a9400000, 0x00000000a9500000, 0x00000000a9500000|100%| E|CS|TAMS 0x00000000a9400000| PB 0x00000000a9400000| Complete 
| 149|0x00000000a9500000, 0x00000000a9600000, 0x00000000a9600000|100%| E|CS|TAMS 0x00000000a9500000| PB 0x00000000a9500000| Complete 
| 150|0x00000000a9600000, 0x00000000a9700000, 0x00000000a9700000|100%| E|CS|TAMS 0x00000000a9600000| PB 0x00000000a9600000| Complete 
| 151|0x00000000a9700000, 0x00000000a9800000, 0x00000000a9800000|100%| E|CS|TAMS 0x00000000a9700000| PB 0x00000000a9700000| Complete 
| 152|0x00000000a9800000, 0x00000000a9900000, 0x00000000a9900000|100%| E|CS|TAMS 0x00000000a9800000| PB 0x00000000a9800000| Complete 
| 153|0x00000000a9900000, 0x00000000a9a00000, 0x00000000a9a00000|100%| E|CS|TAMS 0x00000000a9900000| PB 0x00000000a9900000| Complete 
| 154|0x00000000a9a00000, 0x00000000a9b00000, 0x00000000a9b00000|100%| E|CS|TAMS 0x00000000a9a00000| PB 0x00000000a9a00000| Complete 
| 155|0x00000000a9b00000, 0x00000000a9c00000, 0x00000000a9c00000|100%| E|CS|TAMS 0x00000000a9b00000| PB 0x00000000a9b00000| Complete 
| 251|0x00000000afb00000, 0x00000000afc00000, 0x00000000afc00000|100%| E|CS|TAMS 0x00000000afb00000| PB 0x00000000afb00000| Complete 

Card table byte_map: [0x0000016ad2770000,0x0000016ad2a70000] _byte_map_base: 0x0000016ad2270000

Marking Bits: (CMBitMap*) 0x0000016abfd671c0
 Bits: [0x0000016ad2a70000, 0x0000016ad4270000)

Polling page: 0x0000016abdd70000

Metaspace:

Usage:
  Non-class:     22.42 MB used.
      Class:      3.95 MB used.
       Both:     26.36 MB used.

Virtual space:
  Non-class space:       64.00 MB reserved,      22.94 MB ( 36%) committed,  1 nodes.
      Class space:        1.00 GB reserved,       4.38 MB ( <1%) committed,  1 nodes.
             Both:        1.06 GB reserved,      27.31 MB (  3%) committed. 

Chunk freelists:
   Non-Class:  8.80 MB
       Class:  11.44 MB
        Both:  20.24 MB

MaxMetaspaceSize: unlimited
CompressedClassSpaceSize: 1.00 GB
Initial GC threshold: 21.00 MB
Current GC threshold: 35.12 MB
CDS: on
 - commit_granule_bytes: 65536.
 - commit_granule_words: 8192.
 - virtual_space_node_default_size: 8388608.
 - enlarge_chunks_in_place: 1.
 - use_allocation_guard: 0.


Internal statistics:

num_allocs_failed_limit: 3.
num_arena_births: 1516.
num_arena_deaths: 0.
num_vsnodes_births: 2.
num_vsnodes_deaths: 0.
num_space_committed: 437.
num_space_uncommitted: 0.
num_chunks_returned_to_freelist: 3.
num_chunks_taken_from_freelist: 2723.
num_chunk_merges: 3.
num_chunk_splits: 1761.
num_chunks_enlarged: 1101.
num_inconsistent_stats: 0.

CodeHeap 'non-profiled nmethods': size=120000Kb used=2649Kb max_used=2649Kb free=117350Kb
 bounds [0x0000016aca9f0000, 0x0000016acac90000, 0x0000016ad1f20000]
CodeHeap 'profiled nmethods': size=120000Kb used=8438Kb max_used=8438Kb free=111561Kb
 bounds [0x0000016ac2f20000, 0x0000016ac3760000, 0x0000016aca450000]
CodeHeap 'non-nmethods': size=5760Kb used=1431Kb max_used=1477Kb free=4329Kb
 bounds [0x0000016aca450000, 0x0000016aca6c0000, 0x0000016aca9f0000]
CodeCache: size=245760Kb, used=12518Kb, max_used=12564Kb, free=233240Kb
 total_blobs=4894, nmethods=4308, adapters=490, full_count=0
Compilation: enabled, stopped_count=0, restarted_count=0

Compilation events (20 events):
Event: 730.814 Thread 0x0000016b18030f70 nmethod 4300 0x0000016acac76310 code [0x0000016acac764e0, 0x0000016acac76a28]
Event: 730.827 Thread 0x0000016b18032730 4307       3       com.google.common.collect.ImmutableMap$Builder::put (35 bytes)
Event: 730.827 Thread 0x0000016b18032730 nmethod 4307 0x0000016ac375be90 code [0x0000016ac375c0a0, 0x0000016ac375c720]
Event: 730.828 Thread 0x0000016b18032730 4308       3       com.google.common.collect.ImmutableMap::entryOf (10 bytes)
Event: 730.828 Thread 0x0000016b18032730 nmethod 4308 0x0000016ac375c990 code [0x0000016ac375cb60, 0x0000016ac375cf18]
Event: 730.828 Thread 0x0000016b18032730 4309       3       java.util.Optional::orElseGet (21 bytes)
Event: 730.828 Thread 0x0000016b18032730 nmethod 4309 0x0000016ac375d090 code [0x0000016ac375d240, 0x0000016ac375d460]
Event: 730.838 Thread 0x0000016b18030f70 4310       4       java.util.stream.AbstractPipeline::close (48 bytes)
Event: 730.838 Thread 0x0000016b18032730 4311       3       com.google.common.collect.ImmutableList$Builder::build (17 bytes)
Event: 730.838 Thread 0x0000016b18032730 nmethod 4311 0x0000016ac375d510 code [0x0000016ac375d6c0, 0x0000016ac375d808]
Event: 730.840 Thread 0x0000016b18030f70 nmethod 4310 0x0000016acac76e10 code [0x0000016acac76fa0, 0x0000016acac77118]
Event: 731.271 Thread 0x0000016b18030f70 4312       4       org.gradle.internal.time.ExponentialBackoff::retryUntil (65 bytes)
Event: 731.738 Thread 0x0000016b18030f70 nmethod 4312 0x0000016acac77210 code [0x0000016acac77d40, 0x0000016acac7ff08]
Event: 731.740 Thread 0x0000016b18030f70 4313       4       sun.nio.ch.FileDispatcherImpl::release (8 bytes)
Event: 731.741 Thread 0x0000016b18030f70 nmethod 4313 0x0000016acac85d10 code [0x0000016acac85ea0, 0x0000016acac85f58]
Event: 732.193 Thread 0x0000016b18032730 4314       1       com.google.common.cache.LocalCache$2::poll (2 bytes)
Event: 732.193 Thread 0x0000016b18032730 nmethod 4314 0x0000016acac86010 code [0x0000016acac861a0, 0x0000016acac86270]
Event: 732.194 Thread 0x0000016b18030f70 4315       4       java.lang.Thread::onSpinWait (1 bytes)
Event: 732.194 Thread 0x0000016b18030f70 nmethod 4315 0x0000016acac86310 code [0x0000016acac86480, 0x0000016acac864e8]
Event: 733.185 Thread 0x0000016b18030f70 4316       4       org.gradle.cache.internal.DefaultFileLockManager$DefaultFileLock$1::run (252 bytes)

GC Heap History (14 events):
Event: 3.163 GC heap before
{Heap before GC invocations=0 (full 0):
 garbage-first heap   total 258048K, used 23552K [0x00000000a0000000, 0x0000000100000000)
  region size 1024K, 23 young (23552K), 0 survivors (0K)
 Metaspace       used 935K, committed 1088K, reserved 1114112K
  class space    used 73K, committed 128K, reserved 1048576K
}
Event: 3.420 GC heap after
{Heap after GC invocations=1 (full 0):
 garbage-first heap   total 258048K, used 1450K [0x00000000a0000000, 0x0000000100000000)
  region size 1024K, 2 young (2048K), 2 survivors (2048K)
 Metaspace       used 935K, committed 1088K, reserved 1114112K
  class space    used 73K, committed 128K, reserved 1048576K
}
Event: 5.814 GC heap before
{Heap before GC invocations=1 (full 0):
 garbage-first heap   total 258048K, used 39338K [0x00000000a0000000, 0x0000000100000000)
  region size 1024K, 37 young (37888K), 2 survivors (2048K)
 Metaspace       used 4373K, committed 4544K, reserved 1114112K
  class space    used 555K, committed 640K, reserved 1048576K
}
Event: 5.820 GC heap after
{Heap after GC invocations=2 (full 0):
 garbage-first heap   total 258048K, used 10835K [0x00000000a0000000, 0x0000000100000000)
  region size 1024K, 5 young (5120K), 5 survivors (5120K)
 Metaspace       used 4373K, committed 4544K, reserved 1114112K
  class space    used 555K, committed 640K, reserved 1048576K
}
Event: 7.966 GC heap before
{Heap before GC invocations=2 (full 0):
 garbage-first heap   total 258048K, used 65107K [0x00000000a0000000, 0x0000000100000000)
  region size 1024K, 56 young (57344K), 5 survivors (5120K)
 Metaspace       used 5563K, committed 5824K, reserved 1114112K
  class space    used 752K, committed 896K, reserved 1048576K
}
Event: 7.971 GC heap after
{Heap after GC invocations=3 (full 0):
 garbage-first heap   total 258048K, used 17202K [0x00000000a0000000, 0x0000000100000000)
  region size 1024K, 5 young (5120K), 5 survivors (5120K)
 Metaspace       used 5563K, committed 5824K, reserved 1114112K
  class space    used 752K, committed 896K, reserved 1048576K
}
Event: 44.409 GC heap before
{Heap before GC invocations=3 (full 0):
 garbage-first heap   total 258048K, used 109362K [0x00000000a0000000, 0x0000000100000000)
  region size 1024K, 96 young (98304K), 5 survivors (5120K)
 Metaspace       used 20865K, committed 21504K, reserved 1114112K
  class space    used 3064K, committed 3392K, reserved 1048576K
}
Event: 44.499 GC heap after
{Heap after GC invocations=4 (full 0):
 garbage-first heap   total 258048K, used 24310K [0x00000000a0000000, 0x0000000100000000)
  region size 1024K, 12 young (12288K), 12 survivors (12288K)
 Metaspace       used 20865K, committed 21504K, reserved 1114112K
  class space    used 3064K, committed 3392K, reserved 1048576K
}
Event: 48.137 GC heap before
{Heap before GC invocations=5 (full 0):
 garbage-first heap   total 81920K, used 61174K [0x00000000a0000000, 0x0000000100000000)
  region size 1024K, 48 young (49152K), 12 survivors (12288K)
 Metaspace       used 25596K, committed 26560K, reserved 1114112K
  class space    used 3848K, committed 4288K, reserved 1048576K
}
Event: 48.151 GC heap after
{Heap after GC invocations=6 (full 0):
 garbage-first heap   total 81920K, used 27396K [0x00000000a0000000, 0x0000000100000000)
  region size 1024K, 3 young (3072K), 3 survivors (3072K)
 Metaspace       used 25596K, committed 26560K, reserved 1114112K
  class space    used 3848K, committed 4288K, reserved 1048576K
}
Event: 310.657 GC heap before
{Heap before GC invocations=6 (full 0):
 garbage-first heap   total 81920K, used 67332K [0x00000000a0000000, 0x0000000100000000)
  region size 1024K, 42 young (43008K), 3 survivors (3072K)
 Metaspace       used 26561K, committed 27520K, reserved 1114112K
  class space    used 3978K, committed 4416K, reserved 1048576K
}
Event: 310.701 GC heap after
{Heap after GC invocations=7 (full 0):
 garbage-first heap   total 81920K, used 27282K [0x00000000a0000000, 0x0000000100000000)
  region size 1024K, 3 young (3072K), 3 survivors (3072K)
 Metaspace       used 26561K, committed 27520K, reserved 1114112K
  class space    used 3978K, committed 4416K, reserved 1048576K
}
Event: 640.099 GC heap before
{Heap before GC invocations=7 (full 0):
 garbage-first heap   total 81920K, used 68242K [0x00000000a0000000, 0x0000000100000000)
  region size 1024K, 43 young (44032K), 3 survivors (3072K)
 Metaspace       used 26612K, committed 27520K, reserved 1114112K
  class space    used 3978K, committed 4416K, reserved 1048576K
}
Event: 640.137 GC heap after
{Heap after GC invocations=8 (full 0):
 garbage-first heap   total 81920K, used 27152K [0x00000000a0000000, 0x0000000100000000)
  region size 1024K, 3 young (3072K), 3 survivors (3072K)
 Metaspace       used 26612K, committed 27520K, reserved 1114112K
  class space    used 3978K, committed 4416K, reserved 1048576K
}

Dll operation events (20 events):
Event: 1.262 Attempting to load shared library C:\Users\ishas\.vscode\extensions\redhat.java-1.56.0-win32-x64\jre\21.0.12.1-win32-x86_64\bin\nio.dll
Event: 1.262 Loaded shared library C:\Users\ishas\.vscode\extensions\redhat.java-1.56.0-win32-x64\jre\21.0.12.1-win32-x86_64\bin\nio.dll
Event: 1.267 Attempting to load shared library C:\Users\ishas\.vscode\extensions\redhat.java-1.56.0-win32-x64\jre\21.0.12.1-win32-x86_64\bin\zip.dll
Event: 1.267 Loaded shared library C:\Users\ishas\.vscode\extensions\redhat.java-1.56.0-win32-x64\jre\21.0.12.1-win32-x86_64\bin\zip.dll
Event: 3.133 Attempting to load shared library C:\Users\ishas\.vscode\extensions\redhat.java-1.56.0-win32-x64\jre\21.0.12.1-win32-x86_64\bin\jimage.dll
Event: 3.133 Loaded shared library C:\Users\ishas\.vscode\extensions\redhat.java-1.56.0-win32-x64\jre\21.0.12.1-win32-x86_64\bin\jimage.dll
Event: 3.723 Attempting to load shared library C:\Users\ishas\.vscode\extensions\redhat.java-1.56.0-win32-x64\jre\21.0.12.1-win32-x86_64\bin\verify.dll
Event: 3.724 Loaded shared library C:\Users\ishas\.vscode\extensions\redhat.java-1.56.0-win32-x64\jre\21.0.12.1-win32-x86_64\bin\verify.dll
Event: 4.057 Attempting to load shared library C:\Users\ishas\.gradle\native\1def1411415f61bf3af743bc5b6707747c0891f09f0c88961ee8f79bc544acac\windows-amd64\native-platform.dll
Event: 4.058 Loaded shared library C:\Users\ishas\.gradle\native\1def1411415f61bf3af743bc5b6707747c0891f09f0c88961ee8f79bc544acac\windows-amd64\native-platform.dll
Event: 4.122 Attempting to load shared library C:\Users\ishas\.gradle\native\0.2.7\x86_64-windows-gnu\gradle-fileevents.dll
Event: 4.123 Loaded shared library C:\Users\ishas\.gradle\native\0.2.7\x86_64-windows-gnu\gradle-fileevents.dll
Event: 8.134 Attempting to load shared library C:\Users\ishas\.vscode\extensions\redhat.java-1.56.0-win32-x64\jre\21.0.12.1-win32-x86_64\bin\management.dll
Event: 8.135 Loaded shared library C:\Users\ishas\.vscode\extensions\redhat.java-1.56.0-win32-x64\jre\21.0.12.1-win32-x86_64\bin\management.dll
Event: 8.138 Attempting to load shared library C:\Users\ishas\.vscode\extensions\redhat.java-1.56.0-win32-x64\jre\21.0.12.1-win32-x86_64\bin\management_ext.dll
Event: 8.139 Loaded shared library C:\Users\ishas\.vscode\extensions\redhat.java-1.56.0-win32-x64\jre\21.0.12.1-win32-x86_64\bin\management_ext.dll
Event: 10.957 Attempting to load shared library C:\Users\ishas\.vscode\extensions\redhat.java-1.56.0-win32-x64\jre\21.0.12.1-win32-x86_64\bin\extnet.dll
Event: 10.958 Loaded shared library C:\Users\ishas\.vscode\extensions\redhat.java-1.56.0-win32-x64\jre\21.0.12.1-win32-x86_64\bin\extnet.dll
Event: 30.525 Attempting to load shared library C:\Users\ishas\.vscode\extensions\redhat.java-1.56.0-win32-x64\jre\21.0.12.1-win32-x86_64\bin\sunmscapi.dll
Event: 30.529 Loaded shared library C:\Users\ishas\.vscode\extensions\redhat.java-1.56.0-win32-x64\jre\21.0.12.1-win32-x86_64\bin\sunmscapi.dll

Deoptimization events (20 events):
Event: 727.036 Thread 0x0000016b1d555fa0 Uncommon trap: trap_request=0xffffff3d fr.pc=0x0000016acab275b0 relative=0x00000000000002f0
Event: 727.037 Thread 0x0000016b1d555fa0 Uncommon trap: reason=unstable_fused_if action=reinterpret pc=0x0000016acab275b0 method=java.lang.CharacterDataLatin1.equalsIgnoreCase(BB)Z @ 16 c2
Event: 727.037 Thread 0x0000016b1d555fa0 DEOPT PACKING pc=0x0000016acab275b0 sp=0x0000001b7ebf9e90
Event: 727.037 Thread 0x0000016b1d555fa0 DEOPT UNPACKING pc=0x0000016aca4a4422 sp=0x0000001b7ebf9ce8 mode 2
Event: 729.434 Thread 0x0000016b1e0d29d0 Uncommon trap: trap_request=0xffffffde fr.pc=0x0000016acab50c58 relative=0x0000000000000af8
Event: 729.434 Thread 0x0000016b1e0d29d0 Uncommon trap: reason=class_check action=maybe_recompile pc=0x0000016acab50c58 method=java.io.BufferedInputStream.implRead([BII)I @ 100 c2
Event: 729.434 Thread 0x0000016b1e0d29d0 DEOPT PACKING pc=0x0000016acab50c58 sp=0x0000001b7effe2e0
Event: 729.434 Thread 0x0000016b1e0d29d0 DEOPT UNPACKING pc=0x0000016aca4a4422 sp=0x0000001b7effe2a8 mode 2
Event: 730.541 Thread 0x0000016b1e0d29d0 Uncommon trap: trap_request=0xffffffde fr.pc=0x0000016acab50c58 relative=0x0000000000000af8
Event: 730.541 Thread 0x0000016b1e0d29d0 Uncommon trap: reason=class_check action=maybe_recompile pc=0x0000016acab50c58 method=java.io.BufferedInputStream.implRead([BII)I @ 100 c2
Event: 730.541 Thread 0x0000016b1e0d29d0 DEOPT PACKING pc=0x0000016acab50c58 sp=0x0000001b7effe2e0
Event: 730.541 Thread 0x0000016b1e0d29d0 DEOPT UNPACKING pc=0x0000016aca4a4422 sp=0x0000001b7effe2a8 mode 2
Event: 730.603 Thread 0x0000016b1e0d4aa0 Uncommon trap: trap_request=0xffffffde fr.pc=0x0000016acab50c58 relative=0x0000000000000af8
Event: 730.603 Thread 0x0000016b1e0d4aa0 Uncommon trap: reason=class_check action=maybe_recompile pc=0x0000016acab50c58 method=java.io.BufferedInputStream.implRead([BII)I @ 100 c2
Event: 730.603 Thread 0x0000016b1e0d4aa0 DEOPT PACKING pc=0x0000016acab50c58 sp=0x0000001b7f1fe130
Event: 730.603 Thread 0x0000016b1e0d4aa0 DEOPT UNPACKING pc=0x0000016aca4a4422 sp=0x0000001b7f1fe0f8 mode 2
Event: 731.959 Thread 0x0000016b1d555fa0 Uncommon trap: trap_request=0xffffffbe fr.pc=0x0000016acac7ce28 relative=0x00000000000050e8
Event: 731.959 Thread 0x0000016b1d555fa0 Uncommon trap: reason=profile_predicate action=maybe_recompile pc=0x0000016acac7ce28 method=org.gradle.internal.time.ExponentialBackoff.retryUntil(Lorg/gradle/internal/time/ExponentialBackoff$Query;)Ljava/lang/Object; @ 13 c2
Event: 731.959 Thread 0x0000016b1d555fa0 DEOPT PACKING pc=0x0000016acac7ce28 sp=0x0000001b7ebf9b40
Event: 731.959 Thread 0x0000016b1d555fa0 DEOPT UNPACKING pc=0x0000016aca4a4422 sp=0x0000001b7ebf9b78 mode 2

Classes loaded (20 events):
Event: 67.640 Loading class java/nio/file/FileTreeWalker$DirectoryNode
Event: 67.640 Loading class java/nio/file/FileTreeWalker$DirectoryNode done
Event: 67.640 Loading class java/nio/file/FileTreeWalker$Event
Event: 67.641 Loading class java/nio/file/FileTreeWalker$Event done
Event: 67.641 Loading class java/nio/file/FileTreeWalker$EventType
Event: 67.641 Loading class java/nio/file/FileTreeWalker$EventType done
Event: 67.641 Loading class java/nio/file/Files$3
Event: 67.641 Loading class java/nio/file/Files$3 done
Event: 67.642 Loading class java/nio/file/FileVisitResult
Event: 67.643 Loading class java/nio/file/FileVisitResult done
Event: 67.653 Loading class java/nio/charset/CharacterCodingException
Event: 67.653 Loading class java/nio/charset/CharacterCodingException done
Event: 67.720 Loading class java/util/stream/IntStream
Event: 67.721 Loading class java/util/stream/IntStream done
Event: 67.721 Loading class java/util/stream/Streams$RangeIntSpliterator
Event: 67.721 Loading class java/util/stream/Streams$RangeIntSpliterator done
Event: 67.721 Loading class java/util/stream/IntPipeline$Head
Event: 67.721 Loading class java/util/stream/IntPipeline
Event: 67.722 Loading class java/util/stream/IntPipeline done
Event: 67.722 Loading class java/util/stream/IntPipeline$Head done

Classes unloaded (0 events):
No events

Classes redefined (0 events):
No events

Internal exceptions (20 events):
Event: 46.537 Thread 0x0000016b1d555fa0 Exception <a 'java/lang/NoSuchMethodError'{0x00000000a365a490}: 'java.lang.Object java.lang.invoke.DirectMethodHandle$Holder.newInvokeSpecial(java.lang.Object, java.lang.Object, java.lang.Object, java.lang.Object, java.lang.Object, java.lang.Object, java.lang.Object, java.lang.Object)'> (0x00000000a365a490) 
thrown [s\src\hotspot\share\interpreter\linkResolver.cpp, line 773]
Event: 46.572 Thread 0x0000016b1d555fa0 Exception <a 'java/lang/IncompatibleClassChangeError'{0x00000000a358fb20}: Found class java.lang.Object, but interface was expected> (0x00000000a358fb20) 
thrown [s\src\hotspot\share\interpreter\linkResolver.cpp, line 840]
Event: 46.596 Thread 0x0000016b1d555fa0 Exception <a 'java/lang/NoSuchMethodError'{0x00000000a35f76e8}: 'java.lang.Object java.lang.invoke.DirectMethodHandle$Holder.invokeVirtual(java.lang.Object, java.lang.Object, java.lang.Object, java.lang.Object, java.lang.Object, java.lang.Object, java.lang.Object, java.lang.Object, java.lang.Object, java.lang.Object, java.lang.Object, java.lang.Object, java.lang.Object)'> (0x00000000a35f76e8) 
thrown [s\src\hotspot\share\interpreter\linkResolver.cpp, line 773]
Event: 46.597 Thread 0x0000016b1d555fa0 Exception <a 'java/lang/NoSuchMethodError'{0x00000000a35fc920}: 'java.lang.Object java.lang.invoke.DirectMethodHandle$Holder.invokeSpecial(java.lang.Object, java.lang.Object, java.lang.Object, java.lang.Object, java.lang.Object, java.lang.Object, java.lang.Object, java.lang.Object, java.lang.Object, java.lang.Object, java.lang.Object, java.lang.Object, java.lang.Object, java.lang.Object)'> (0x00000000a35fc920) 
thrown [s\src\hotspot\share\interpreter\linkResolver.cpp, line 773]
Event: 46.598 Thread 0x0000016b1d555fa0 Exception <a 'java/lang/NoSuchMethodError'{0x00000000a34018c0}: 'java.lang.Object java.lang.invoke.DelegatingMethodHandle$Holder.reinvoke_L(java.lang.Object, java.lang.Object, java.lang.Object, java.lang.Object, java.lang.Object, java.lang.Object, java.lang.Object, java.lang.Object, java.lang.Object, java.lang.Object, java.lang.Object, java.lang.Object, java.lang.Object)'> (0x00000000a34018c0) 
thrown [s\src\hotspot\share\interpreter\linkResolver.cpp, line 773]
Event: 46.654 Thread 0x0000016b1d555fa0 Exception <a 'java/lang/NoSuchMethodError'{0x00000000a339cce0}: 'void java.lang.invoke.DirectMethodHandle$Holder.invokeStaticInit(java.lang.Object, java.lang.Object)'> (0x00000000a339cce0) 
thrown [s\src\hotspot\share\interpreter\linkResolver.cpp, line 773]
Event: 46.805 Thread 0x0000016b1d555fa0 Exception <a 'java/lang/NoSuchMethodError'{0x00000000a2fba0d0}: 'java.lang.Object java.lang.invoke.DirectMethodHandle$Holder.newInvokeSpecial(java.lang.Object, java.lang.Object, java.lang.Object, java.lang.Object, java.lang.Object, java.lang.Object, java.lang.Object, java.lang.Object, java.lang.Object)'> (0x00000000a2fba0d0) 
thrown [s\src\hotspot\share\interpreter\linkResolver.cpp, line 773]
Event: 46.933 Thread 0x0000016b1d555fa0 Exception <a 'java/lang/NoSuchMethodError'{0x00000000a2cc7138}: 'int java.lang.invoke.DirectMethodHandle$Holder.invokeVirtual(java.lang.Object, java.lang.Object)'> (0x00000000a2cc7138) 
thrown [s\src\hotspot\share\interpreter\linkResolver.cpp, line 773]
Event: 47.084 Thread 0x0000016b1d555fa0 Exception <a 'java/lang/NoSuchMethodError'{0x00000000a29af028}: 'void java.lang.invoke.DirectMethodHandle$Holder.invokeInterface(java.lang.Object, java.lang.Object, java.lang.Object, java.lang.Object, java.lang.Object)'> (0x00000000a29af028) 
thrown [s\src\hotspot\share\interpreter\linkResolver.cpp, line 773]
Event: 47.095 Thread 0x0000016b1d555fa0 Exception <a 'java/lang/NoSuchMethodError'{0x00000000a29ef8f0}: 'void java.lang.invoke.DirectMethodHandle$Holder.invokeStatic(java.lang.Object, java.lang.Object, java.lang.Object, java.lang.Object, java.lang.Object, java.lang.Object)'> (0x00000000a29ef8f0) 
thrown [s\src\hotspot\share\interpreter\linkResolver.cpp, line 773]
Event: 47.471 Thread 0x0000016b1d555fa0 Exception <a 'java/lang/IncompatibleClassChangeError'{0x00000000a2044330}: Found class java.lang.Object, but interface was expected> (0x00000000a2044330) 
thrown [s\src\hotspot\share\interpreter\linkResolver.cpp, line 840]
Event: 67.626 Thread 0x0000016b1d555fa0 Exception <a 'java/lang/NoSuchMethodError'{0x00000000a99210f8}: 'java.lang.Object java.lang.invoke.DirectMethodHandle$Holder.newInvokeSpecial(java.lang.Object, java.lang.Object, long)'> (0x00000000a99210f8) 
thrown [s\src\hotspot\share\interpreter\linkResolver.cpp, line 773]
Event: 67.626 Thread 0x0000016b1d555fa0 Exception <a 'java/lang/NoSuchMethodError'{0x00000000a99254d8}: 'java.lang.Object java.lang.invoke.Invokers$Holder.linkToTargetMethod(java.lang.Object, long, java.lang.Object)'> (0x00000000a99254d8) 
thrown [s\src\hotspot\share\interpreter\linkResolver.cpp, line 773]
Event: 67.641 Thread 0x0000016b1e0d29d0 Implicit null exception at 0x0000016acabe9981 to 0x0000016acabe9fe4
Event: 67.641 Thread 0x0000016b1e0d29d0 Implicit null exception at 0x0000016acab518cf to 0x0000016acab51c48
Event: 67.701 Thread 0x0000016b1d555fa0 Exception <a 'java/lang/NoSuchMethodError'{0x00000000a9714500}: 'int java.lang.invoke.DirectMethodHandle$Holder.invokeInterface(java.lang.Object, java.lang.Object)'> (0x00000000a9714500) 
thrown [s\src\hotspot\share\interpreter\linkResolver.cpp, line 773]
Event: 67.718 Thread 0x0000016b1d555fa0 Exception <a 'java/lang/NoSuchMethodError'{0x00000000a97a0ff8}: 'java.lang.Object java.lang.invoke.DirectMethodHandle$Holder.invokeVirtual(java.lang.Object, java.lang.Object, int)'> (0x00000000a97a0ff8) 
thrown [s\src\hotspot\share\interpreter\linkResolver.cpp, line 773]
Event: 727.227 Thread 0x0000016b1d555fa0 Exception <a 'java/lang/NoSuchMethodError'{0x00000000a90722f0}: 'java.lang.Object java.lang.invoke.DirectMethodHandle$Holder.invokeStatic(java.lang.Object, java.lang.Object, int, java.lang.Object)'> (0x00000000a90722f0) 
thrown [s\src\hotspot\share\interpreter\linkResolver.cpp, line 773]
Event: 727.288 Thread 0x0000016b1d555fa0 Exception <a 'java/lang/NoSuchMethodError'{0x00000000a9079748}: 'java.lang.Object java.lang.invoke.DirectMethodHandle$Holder.newInvokeSpecial(java.lang.Object, java.lang.Object, int, java.lang.Object)'> (0x00000000a9079748) 
thrown [s\src\hotspot\share\interpreter\linkResolver.cpp, line 773]
Event: 727.300 Thread 0x0000016b1d555fa0 Exception <a 'java/lang/NoSuchMethodError'{0x00000000a907dee0}: 'java.lang.Object java.lang.invoke.DirectMethodHandle$Holder.invokeSpecial(java.lang.Object, java.lang.Object, java.lang.Object, int, java.lang.Object)'> (0x00000000a907dee0) 
thrown [s\src\hotspot\share\interpreter\linkResolver.cpp, line 773]

ZGC Phase Switch (0 events):
No events

VM Operations (20 events):
Event: 640.098 Executing safepoint VM operation: G1CollectForAllocation (G1 Evacuation Pause)
Event: 640.137 Executing safepoint VM operation: G1CollectForAllocation (G1 Evacuation Pause) done
Event: 682.377 Executing safepoint VM operation: Cleanup
Event: 682.378 Executing safepoint VM operation: Cleanup done
Event: 696.473 Executing safepoint VM operation: Cleanup
Event: 696.474 Executing safepoint VM operation: Cleanup done
Event: 705.517 Executing safepoint VM operation: Cleanup
Event: 705.517 Executing safepoint VM operation: Cleanup done
Event: 708.544 Executing safepoint VM operation: Cleanup
Event: 708.544 Executing safepoint VM operation: Cleanup done
Event: 727.718 Executing safepoint VM operation: Cleanup
Event: 727.733 Executing safepoint VM operation: Cleanup done
Event: 728.738 Executing safepoint VM operation: Cleanup
Event: 728.738 Executing safepoint VM operation: Cleanup done
Event: 729.748 Executing safepoint VM operation: Cleanup
Event: 729.762 Executing safepoint VM operation: Cleanup done
Event: 730.765 Executing safepoint VM operation: Cleanup
Event: 730.765 Executing safepoint VM operation: Cleanup done
Event: 731.766 Executing safepoint VM operation: Cleanup
Event: 731.766 Executing safepoint VM operation: Cleanup done

Memory protections (0 events):
No events

Nmethod flushes (0 events):
No events

Events (20 events):
Event: 13.261 Thread 0x0000016abfd1f360 Thread added: 0x0000016b1df87630
Event: 19.340 Thread 0x0000016abfd1f360 Thread added: 0x0000016b1d553ed0
Event: 31.363 Thread 0x0000016b1df87630 Thread added: 0x0000016b1d554bf0
Event: 31.370 Thread 0x0000016b1d554bf0 Thread added: 0x0000016b1d555280
Event: 31.452 Thread 0x0000016b1d554bf0 Thread added: 0x0000016b1d553840
Event: 38.232 Thread 0x0000016b1d554bf0 Thread added: 0x0000016b1d555fa0
Event: 38.375 Thread 0x0000016b1d555fa0 Thread added: 0x0000016b1d554560
Event: 38.383 Thread 0x0000016b1d555fa0 Thread added: 0x0000016b1d555910
Event: 38.388 Thread 0x0000016b1d555fa0 Thread added: 0x0000016b1d552b20
Event: 39.594 Thread 0x0000016b1d555fa0 Thread added: 0x0000016b1e0d29d0
Event: 40.252 Thread 0x0000016b1d555fa0 Thread added: 0x0000016b1e0d1cb0
Event: 40.318 Thread 0x0000016b1d555fa0 Thread added: 0x0000016b1e0d4aa0
Event: 40.539 Thread 0x0000016b1e0d1cb0 Thread added: 0x0000016b1e0d1620
Event: 44.766 Thread 0x0000016b1d555fa0 Thread added: 0x0000016b1e0d5130
Event: 46.376 Thread 0x0000016b1d555fa0 Thread added: 0x0000016b1e0d57c0
Event: 46.912 Thread 0x0000016b1d555fa0 Thread added: 0x0000016b1e0d3d80
Event: 46.931 Thread 0x0000016b1d555fa0 Thread added: 0x0000016b1e0d36f0
Event: 127.808 Thread 0x0000016b1e0d1620 Thread exited: 0x0000016b1e0d1620
Event: 726.892 Thread 0x0000016b1e0d1cb0 Thread added: 0x0000016b1e0d1620
Event: 727.356 Thread 0x0000016b1d555fa0 Thread added: 0x0000016b1e0d2340


Dynamic libraries:
0x00007ff7bb1c0000 - 0x00007ff7bb1ce000 	C:\Users\ishas\.vscode\extensions\redhat.java-1.56.0-win32-x64\jre\21.0.12.1-win32-x86_64\bin\java.exe
0x00007ffc1f9e0000 - 0x00007ffc1fc47000 	C:\Windows\SYSTEM32\ntdll.dll
0x00007ffc1edb0000 - 0x00007ffc1ee7b000 	C:\Windows\System32\KERNEL32.DLL
0x00007ffc1d2f0000 - 0x00007ffc1d6f2000 	C:\Windows\System32\KERNELBASE.dll
0x00007ffc1d190000 - 0x00007ffc1d2dc000 	C:\Windows\System32\ucrtbase.dll
0x00007ffb883c0000 - 0x00007ffb883de000 	C:\Users\ishas\.vscode\extensions\redhat.java-1.56.0-win32-x64\jre\21.0.12.1-win32-x86_64\bin\VCRUNTIME140.dll
0x00007ffb853f0000 - 0x00007ffb85408000 	C:\Users\ishas\.vscode\extensions\redhat.java-1.56.0-win32-x64\jre\21.0.12.1-win32-x86_64\bin\jli.dll
0x00007ffc1e120000 - 0x00007ffc1e2ef000 	C:\Windows\System32\USER32.dll
0x00007ffc05f40000 - 0x00007ffc061d0000 	C:\Windows\WinSxS\amd64_microsoft.windows.common-controls_6595b64144ccf1df_6.0.26100.9278_none_3e0d1ba8e3303201\COMCTL32.dll
0x00007ffc1d0a0000 - 0x00007ffc1d0c7000 	C:\Windows\System32\win32u.dll
0x00007ffc1f160000 - 0x00007ffc1f209000 	C:\Windows\System32\msvcrt.dll
0x00007ffc1e0f0000 - 0x00007ffc1e11b000 	C:\Windows\System32\GDI32.dll
0x00007ffc1cd50000 - 0x00007ffc1ce79000 	C:\Windows\System32\gdi32full.dll
0x00007ffc1cca0000 - 0x00007ffc1cd43000 	C:\Windows\System32\msvcp_win.dll
0x00007ffc1ee80000 - 0x00007ffc1eeb1000 	C:\Windows\System32\IMM32.DLL
0x00007ffbdb670000 - 0x00007ffbdb67c000 	C:\Users\ishas\.vscode\extensions\redhat.java-1.56.0-win32-x64\jre\21.0.12.1-win32-x86_64\bin\vcruntime140_1.dll
0x00007ffb7ce90000 - 0x00007ffb7cf1d000 	C:\Users\ishas\.vscode\extensions\redhat.java-1.56.0-win32-x64\jre\21.0.12.1-win32-x86_64\bin\msvcp140.dll
0x00007ffb2d4f0000 - 0x00007ffb2e292000 	C:\Users\ishas\.vscode\extensions\redhat.java-1.56.0-win32-x64\jre\21.0.12.1-win32-x86_64\bin\server\jvm.dll
0x00007ffc1dc40000 - 0x00007ffc1dcfc000 	C:\Windows\System32\ADVAPI32.dll
0x00007ffc1ef50000 - 0x00007ffc1eff9000 	C:\Windows\System32\sechost.dll
0x00007ffc1db20000 - 0x00007ffc1dc38000 	C:\Windows\System32\RPCRT4.dll
0x00007ffc1da10000 - 0x00007ffc1da90000 	C:\Windows\System32\WS2_32.dll
0x00007ffc1ca40000 - 0x00007ffc1ca9e000 	C:\Windows\SYSTEM32\POWRPROF.dll
0x00007ffc14900000 - 0x00007ffc14936000 	C:\Windows\SYSTEM32\WINMM.dll
0x00007ffc07f70000 - 0x00007ffc07f7b000 	C:\Windows\SYSTEM32\VERSION.dll
0x00007ffc1ca20000 - 0x00007ffc1ca35000 	C:\Windows\SYSTEM32\UMPDC.dll
0x00007ffc1b8b0000 - 0x00007ffc1b8cb000 	C:\Windows\SYSTEM32\kernel.appcore.dll
0x00007ffbdb520000 - 0x00007ffbdb52a000 	C:\Users\ishas\.vscode\extensions\redhat.java-1.56.0-win32-x64\jre\21.0.12.1-win32-x86_64\bin\jimage.dll
0x00007ffc1a1f0000 - 0x00007ffc1a43c000 	C:\Windows\SYSTEM32\DBGHELP.DLL
0x00007ffc1dd60000 - 0x00007ffc1e0e5000 	C:\Windows\System32\combase.dll
0x00007ffc1e310000 - 0x00007ffc1e3e9000 	C:\Windows\System32\OLEAUT32.dll
0x00007ffc148c0000 - 0x00007ffc148fb000 	C:\Windows\SYSTEM32\dbgcore.DLL
0x00007ffc1d0d0000 - 0x00007ffc1d17c000 	C:\Windows\System32\bcryptPrimitives.dll
0x00007ffbda4a0000 - 0x00007ffbda4af000 	C:\Users\ishas\.vscode\extensions\redhat.java-1.56.0-win32-x64\jre\21.0.12.1-win32-x86_64\bin\instrument.dll
0x00007ffba78c0000 - 0x00007ffba78e0000 	C:\Users\ishas\.vscode\extensions\redhat.java-1.56.0-win32-x64\jre\21.0.12.1-win32-x86_64\bin\java.dll
0x00007ffc1e3f0000 - 0x00007ffc1eb88000 	C:\Windows\System32\SHELL32.dll
0x00007ffc1a610000 - 0x00007ffc1aebe000 	C:\Windows\SYSTEM32\windows.storage.dll
0x00007ffc1d910000 - 0x00007ffc1da0b000 	C:\Windows\System32\SHCORE.dll
0x00007ffc1f440000 - 0x00007ffc1f4a6000 	C:\Windows\System32\shlwapi.dll
0x00007ffc1cb00000 - 0x00007ffc1cb29000 	C:\Windows\SYSTEM32\profapi.dll
0x00007ffb849f0000 - 0x00007ffb84a08000 	C:\Users\ishas\.vscode\extensions\redhat.java-1.56.0-win32-x64\jre\21.0.12.1-win32-x86_64\bin\zip.dll
0x00007ffbdad80000 - 0x00007ffbdad90000 	C:\Users\ishas\.vscode\extensions\redhat.java-1.56.0-win32-x64\jre\21.0.12.1-win32-x86_64\bin\net.dll
0x00007ffc0b510000 - 0x00007ffc0b63a000 	C:\Windows\SYSTEM32\WINHTTP.dll
0x00007ffc1be70000 - 0x00007ffc1bedc000 	C:\Windows\system32\mswsock.dll
0x00007ffb833b0000 - 0x00007ffb833c6000 	C:\Users\ishas\.vscode\extensions\redhat.java-1.56.0-win32-x64\jre\21.0.12.1-win32-x86_64\bin\nio.dll
0x00007ffbd33f0000 - 0x00007ffbd3400000 	C:\Users\ishas\.vscode\extensions\redhat.java-1.56.0-win32-x64\jre\21.0.12.1-win32-x86_64\bin\verify.dll
0x00007ffc06640000 - 0x00007ffc06667000 	C:\Users\ishas\.gradle\native\1def1411415f61bf3af743bc5b6707747c0891f09f0c88961ee8f79bc544acac\windows-amd64\native-platform.dll
0x00007ffbe8340000 - 0x00007ffbe83b8000 	C:\Users\ishas\.gradle\native\0.2.7\x86_64-windows-gnu\gradle-fileevents.dll
0x00007ffc08f90000 - 0x00007ffc08f9a000 	C:\Users\ishas\.vscode\extensions\redhat.java-1.56.0-win32-x64\jre\21.0.12.1-win32-x86_64\bin\management.dll
0x00007ffc06630000 - 0x00007ffc0663c000 	C:\Users\ishas\.vscode\extensions\redhat.java-1.56.0-win32-x64\jre\21.0.12.1-win32-x86_64\bin\management_ext.dll
0x00007ffc1e300000 - 0x00007ffc1e308000 	C:\Windows\System32\PSAPI.DLL
0x00007ffc1b2e0000 - 0x00007ffc1b313000 	C:\Windows\SYSTEM32\IPHLPAPI.DLL
0x00007ffc1d700000 - 0x00007ffc1d70a000 	C:\Windows\System32\NSI.dll
0x00007ffbfeb60000 - 0x00007ffbfeb69000 	C:\Users\ishas\.vscode\extensions\redhat.java-1.56.0-win32-x64\jre\21.0.12.1-win32-x86_64\bin\extnet.dll
0x00007ffc1c160000 - 0x00007ffc1c17b000 	C:\Windows\SYSTEM32\CRYPTSP.dll
0x00007ffc1b810000 - 0x00007ffc1b849000 	C:\Windows\system32\rsaenh.dll
0x00007ffc1bf20000 - 0x00007ffc1bf54000 	C:\Windows\SYSTEM32\USERENV.dll
0x00007ffc1cad0000 - 0x00007ffc1cafa000 	C:\Windows\SYSTEM32\bcrypt.dll
0x00007ffc1c180000 - 0x00007ffc1c18c000 	C:\Windows\SYSTEM32\CRYPTBASE.dll
0x00007ffc01000000 - 0x00007ffc0100e000 	C:\Users\ishas\.vscode\extensions\redhat.java-1.56.0-win32-x64\jre\21.0.12.1-win32-x86_64\bin\sunmscapi.dll
0x00007ffc1ce80000 - 0x00007ffc1cffe000 	C:\Windows\System32\CRYPT32.dll
0x00007ffc1c3a0000 - 0x00007ffc1c3d0000 	C:\Windows\SYSTEM32\ncrypt.dll
0x00007ffc1c350000 - 0x00007ffc1c38f000 	C:\Windows\SYSTEM32\NTASN1.dll
0x00007ffc00f20000 - 0x00007ffc00f28000 	C:\Windows\system32\wshunix.dll

JVMTI agents:
C:\Users\ishas\.gradle\wrapper\dists\gradle-8.14.3-all\10utluxaxniiv4wxiphsi49nj\gradle-8.14.3\lib\agents\gradle-instrumentation-agent-8.14.3.jar path:C:\Users\ishas\.vscode\extensions\redhat.java-1.56.0-win32-x64\jre\21.0.12.1-win32-x86_64\bin\instrument.dll, loaded, initialized, instrumentlib options:none

dbghelp: loaded successfully - version: 4.0.5 - missing functions: none
symbol engine: initialized successfully - sym options: 0x614 - pdb path: .;C:\Users\ishas\.vscode\extensions\redhat.java-1.56.0-win32-x64\jre\21.0.12.1-win32-x86_64\bin;C:\Windows\SYSTEM32;C:\Windows\WinSxS\amd64_microsoft.windows.common-controls_6595b64144ccf1df_6.0.26100.9278_none_3e0d1ba8e3303201;C:\Users\ishas\.vscode\extensions\redhat.java-1.56.0-win32-x64\jre\21.0.12.1-win32-x86_64\bin\server;C:\Users\ishas\.gradle\native\1def1411415f61bf3af743bc5b6707747c0891f09f0c88961ee8f79bc544acac\windows-amd64;C:\Users\ishas\.gradle\native\0.2.7\x86_64-windows-gnu

VM Arguments:
jvm_args: --add-opens=java.base/java.lang=ALL-UNNAMED --add-opens=java.base/java.lang.invoke=ALL-UNNAMED --add-opens=java.base/java.util=ALL-UNNAMED --add-opens=java.prefs/java.util.prefs=ALL-UNNAMED --add-exports=jdk.compiler/com.sun.tools.javac.api=ALL-UNNAMED --add-exports=jdk.compiler/com.sun.tools.javac.util=ALL-UNNAMED --add-opens=java.base/java.util=ALL-UNNAMED --add-opens=java.prefs/java.util.prefs=ALL-UNNAMED --add-opens=java.base/java.nio.charset=ALL-UNNAMED --add-opens=java.base/java.net=ALL-UNNAMED --add-opens=java.base/java.util.concurrent.atomic=ALL-UNNAMED --add-opens=java.xml/javax.xml.namespace=ALL-UNNAMED -Xmx1536m -Dfile.encoding=UTF-8 -Duser.country=IN -Duser.language=en -Duser.variant -javaagent:C:\Users\ishas\.gradle\wrapper\dists\gradle-8.14.3-all\10utluxaxniiv4wxiphsi49nj\gradle-8.14.3\lib\agents\gradle-instrumentation-agent-8.14.3.jar 
java_command: org.gradle.launcher.daemon.bootstrap.GradleDaemon 8.14.3
java_class_path (initial): C:\Users\ishas\.gradle\wrapper\dists\gradle-8.14.3-all\10utluxaxniiv4wxiphsi49nj\gradle-8.14.3\lib\gradle-daemon-main-8.14.3.jar
Launcher Type: SUN_STANDARD

[Global flags]
     intx CICompilerCount                          = 4                                         {product} {ergonomic}
     uint ConcGCThreads                            = 3                                         {product} {ergonomic}
     uint G1ConcRefinementThreads                  = 10                                        {product} {ergonomic}
   size_t G1HeapRegionSize                         = 1048576                                   {product} {ergonomic}
    uintx GCDrainStackTargetSize                   = 64                                        {product} {ergonomic}
   size_t InitialHeapSize                          = 264241152                                 {product} {ergonomic}
   size_t MarkStackSize                            = 4194304                                   {product} {ergonomic}
   size_t MaxHeapSize                              = 1610612736                                {product} {command line}
   size_t MaxNewSize                               = 965738496                                 {product} {ergonomic}
   size_t MinHeapDeltaBytes                        = 1048576                                   {product} {ergonomic}
   size_t MinHeapSize                              = 8388608                                   {product} {ergonomic}
    uintx NonNMethodCodeHeapSize                   = 5839372                                {pd product} {ergonomic}
    uintx NonProfiledCodeHeapSize                  = 122909434                              {pd product} {ergonomic}
    uintx ProfiledCodeHeapSize                     = 122909434                              {pd product} {ergonomic}
    uintx ReservedCodeCacheSize                    = 251658240                              {pd product} {ergonomic}
     bool SegmentedCodeCache                       = true                                      {product} {ergonomic}
   size_t SoftMaxHeapSize                          = 1610612736                             {manageable} {ergonomic}
     bool UseCompressedOops                        = true                           {product lp64_product} {ergonomic}
     bool UseG1GC                                  = true                                      {product} {ergonomic}
     bool UseLargePagesIndividualAllocation        = false                                  {pd product} {ergonomic}

Logging:
Log output configuration:
 #0: stdout all=warning uptime,level,tags foldmultilines=false
 #1: stderr all=off uptime,level,tags foldmultilines=false

Release file:
JAVA_VERSION="21.0.12.1" 
MODULES="java.base java.compiler java.datatransfer java.xml java.prefs java.desktop java.instrument java.logging java.management java.security.sasl java.naming java.rmi java.management.rmi java.net.http java.scripting java.security.jgss java.transaction.xa java.sql java.sql.rowset java.xml.crypto java.se java.smartcardio jdk.accessibility jdk.internal.jvmstat jdk.attach jdk.charsets jdk.internal.opt jdk.zipfs jdk.compiler jdk.crypto.ec jdk.crypto.cryptoki jdk.crypto.mscapi jdk.dynalink jdk.internal.ed jdk.editpad jdk.hotspot.agent jdk.httpserver jdk.internal.le jdk.internal.vm.ci jdk.internal.vm.compiler jdk.internal.vm.compiler.management jdk.jartool jdk.javadoc jdk.jcmd jdk.management jdk.management.agent jdk.jconsole jdk.jdeps jdk.jdwp.agent jdk.jdi jdk.jfr jdk.jshell jdk.jsobject jdk.jstatd jdk.localedata jdk.management.jfr jdk.naming.dns jdk.naming.rmi jdk.net jdk.nio.mapmode jdk.random jdk.sctp jdk.security.auth jdk.security.jgss jdk.unsupported jdk.unsupported.desktop jdk.xml.dom" 

Environment Variables:
PATH=C:\Program Files\Microsoft\jdk-17.0.12.7-hotspot\bin;C:\Program Files\Eclipse Adoptium\jdk-17.0.17.10-hotspot\bin;C:\Windows\system32;C:\Windows;C:\Windows\System32\Wbem;C:\Windows\System32\WindowsPowerShell\v1.0\;C:\Windows\System32\OpenSSH\;C:\Program Files\nodejs\;C:\Users\ishas\Downloads\apache-maven-3.9.11-bin\apache-maven-3.9.11\bin;C:\Users\ishas\Downloads\apache-maven-3.9.11-bin\apache-maven-3.9.11\bin;C:\Program Files\MySQL\MySQL Server 8.0\bin;C:\Users\ishas\AppData\Local\Programs\Python\Python313;C:\Program Files\Git\cmd;C:\Users\ishas\AppData\Local\Programs\Python\Launcher\;C:\Program Files\MySQL\MySQL Shell 8.0\bin\;C:\Users\ishas\AppData\Local\Microsoft\WindowsApps;C:\Users\ishas\AppData\Local\Programs\Microsoft VS Code\bin;C:\Users\ishas\AppData\Roaming\npm
USERNAME=ishas
OS=Windows_NT
PROCESSOR_IDENTIFIER=Intel64 Family 6 Model 186 Stepping 2, GenuineIntel
TMP=C:\Users\ishas\AppData\Local\Temp
TEMP=C:\Users\ishas\AppData\Local\Temp




Periodic native trim disabled

---------------  S Y S T E M  ---------------

OS:
 Windows 11 , 64 bit Build 26100 (10.0.26100.9444)
OS uptime: 0 days 0:22 hours
Hyper-V role detected

CPU: total 12 (initial active 12) (6 cores per cpu, 2 threads per core) family 6 model 186 stepping 2 microcode 0x4122, cx8, cmov, fxsr, ht, mmx, 3dnowpref, sse, sse2, sse3, ssse3, sse4.1, sse4.2, popcnt, lzcnt, tsc, tscinvbit, avx, avx2, aes, erms, clmul, bmi1, bmi2, adx, sha, fma, vzeroupper, clflush, clflushopt, clwb, hv, serialize, rdtscp, rdpid, fsrm, f16c, cet_ibt, cet_ss
Processor Information for the first 12 processors :
  Max Mhz: 2100, Current Mhz: 2100, Mhz Limit: 2100

Memory: 4k page, system-wide physical 16076M (558M free)
TotalPageFile size 65228M (AvailPageFile size 87M)
current process WorkingSet (physical memory assigned to process): 85M, peak: 234M
current process commit charge ("private bytes"): 253M, peak: 415M

vm_info: OpenJDK 64-Bit Server VM (21.0.12.1+1-LTS) for windows-amd64 JRE (21.0.12.1+1-LTS), built on 2026-08-18T00:00:00Z by "admin" with MS VC++ 17.12 (VS2022)

END.
