#
# There is insufficient memory for the Java Runtime Environment to continue.
# Native memory allocation (malloc) failed to allocate 32744 bytes. Error detail: Chunk::new
# Possible reasons:
#   The system is out of physical RAM or swap space
#   This process is running with CompressedOops enabled, and the Java Heap may be blocking the growth of the native heap
# Possible solutions:
#   Reduce memory load on the system
#   Increase physical memory or swap space
#   Check if swap backing store is full
#   Decrease Java heap size (-Xmx/-Xms)
#   Decrease number of Java threads
#   Decrease Java thread stack sizes (-Xss)
#   Set larger code cache with -XX:ReservedCodeCacheSize=
#   JVM is running with Unscaled Compressed Oops mode in which the Java heap is
#     placed in the first 4GB address space. The Java Heap base address is the
#     maximum limit for the native heap growth. Please use -XX:HeapBaseMinAddress
#     to set the Java Heap base and to place the Java Heap above 4GB virtual address.
# This output file may be truncated or incomplete.
#
#  Out of Memory Error (arena.cpp:168), pid=45276, tid=45980
#
# JRE version: OpenJDK Runtime Environment Temurin-21.0.12.1+1 (21.0.12.1+1) (build 21.0.12.1+1-LTS)
# Java VM: OpenJDK 64-Bit Server VM Temurin-21.0.12.1+1 (21.0.12.1+1-LTS, mixed mode, sharing, tiered, compressed oops, compressed class ptrs, g1 gc, windows-amd64)
# No core dump will be written. Minidumps are not enabled by default on client versions of Windows
#

---------------  S U M M A R Y ------------

Command Line: --add-opens=java.base/java.lang=ALL-UNNAMED --add-opens=java.base/java.lang.invoke=ALL-UNNAMED --add-opens=java.base/java.util=ALL-UNNAMED --add-opens=java.prefs/java.util.prefs=ALL-UNNAMED --add-exports=jdk.compiler/com.sun.tools.javac.api=ALL-UNNAMED --add-exports=jdk.compiler/com.sun.tools.javac.util=ALL-UNNAMED --add-opens=java.base/java.util=ALL-UNNAMED --add-opens=java.prefs/java.util.prefs=ALL-UNNAMED --add-opens=java.base/java.nio.charset=ALL-UNNAMED --add-opens=java.base/java.net=ALL-UNNAMED --add-opens=java.base/java.util.concurrent.atomic=ALL-UNNAMED --add-opens=java.xml/javax.xml.namespace=ALL-UNNAMED -Xmx1536m -Dfile.encoding=UTF-8 -Duser.country=IN -Duser.language=en -Duser.variant -javaagent:C:\Users\ishas\.gradle\wrapper\dists\gradle-8.14.3-all\10utluxaxniiv4wxiphsi49nj\gradle-8.14.3\lib\agents\gradle-instrumentation-agent-8.14.3.jar org.gradle.launcher.daemon.bootstrap.GradleDaemon 8.14.3

Host: 13th Gen Intel(R) Core(TM) i5-13420H, 12 cores, 15G,  Windows 11 , 64 bit Build 26100 (10.0.26100.9444)
Time: Mon Sep 14 18:23:58 2026 India Standard Time elapsed time: 813.929521 seconds (0d 0h 13m 33s)

---------------  T H R E A D  ---------------

Current thread (0x0000013c230cf5c0):  JavaThread "C2 CompilerThread0" daemon [_thread_in_native, id=45980, stack(0x0000001f13f00000,0x0000001f14000000) (1024K)]


Current CompileTask:
C2:813929 4382   !   4       java.lang.ClassLoader::loadClass (121 bytes)

Stack: [0x0000001f13f00000,0x0000001f14000000]
Native frames: (J=compiled Java code, j=interpreted, Vv=VM code, C=native code)
V  [jvm.dll+0x6d83e9]
V  [jvm.dll+0x8b5736]
V  [jvm.dll+0x8b7cee]
V  [jvm.dll+0x8b83d3]
V  [jvm.dll+0x284596]
V  [jvm.dll+0xc685d]
V  [jvm.dll+0xc6da1]
V  [jvm.dll+0x9ea6]
V  [jvm.dll+0x3042e6]
V  [jvm.dll+0x30535b]
V  [jvm.dll+0x30628c]
V  [jvm.dll+0x306e2c]
V  [jvm.dll+0x24deaf]
V  [jvm.dll+0x24bbe6]
V  [jvm.dll+0x1cb4ae]
V  [jvm.dll+0x25baad]
V  [jvm.dll+0x25a03a]
V  [jvm.dll+0x3f8aae]
V  [jvm.dll+0x8600cd]
V  [jvm.dll+0x6d6c1d]
C  [ucrtbase.dll+0x2cd30]
C  [KERNEL32.DLL+0x2cd87]
C  [ntdll.dll+0xacaec]


---------------  P R O C E S S  ---------------

Threads class SMR info:
_java_thread_list=0x0000013c692a54e0, length=31, elements={
0x0000013c09b683e0, 0x0000013c230c4740, 0x0000013c230c5fc0, 0x0000013c230cbbf0,
0x0000013c230cc650, 0x0000013c230cddd0, 0x0000013c230ce830, 0x0000013c230cf5c0,
0x0000013c230d0060, 0x0000013c232e7590, 0x0000013c232c0db0, 0x0000013c691ccf30,
0x0000013c69e91090, 0x0000013c69fa5720, 0x0000013c69161940, 0x0000013c696238a0,
0x0000013c6926c3d0, 0x0000013c6926a300, 0x0000013c69269c70, 0x0000013c6926b020,
0x0000013c69268f50, 0x0000013c6926a990, 0x0000013c692695e0, 0x0000013c6926b6b0,
0x0000013c6951a8c0, 0x0000013c6951af50, 0x0000013c6951c300, 0x0000013c69518e80,
0x0000013c69519510, 0x0000013c6951c990, 0x0000013c69519ba0
}

Java Threads: ( => current thread )
  0x0000013c09b683e0 JavaThread "main"                              [_thread_blocked, id=45572, stack(0x0000001f13100000,0x0000001f13200000) (1024K)]
  0x0000013c230c4740 JavaThread "Reference Handler"          daemon [_thread_blocked, id=45940, stack(0x0000001f13900000,0x0000001f13a00000) (1024K)]
  0x0000013c230c5fc0 JavaThread "Finalizer"                  daemon [_thread_blocked, id=45944, stack(0x0000001f13a00000,0x0000001f13b00000) (1024K)]
  0x0000013c230cbbf0 JavaThread "Signal Dispatcher"          daemon [_thread_blocked, id=45964, stack(0x0000001f13b00000,0x0000001f13c00000) (1024K)]
  0x0000013c230cc650 JavaThread "Attach Listener"            daemon [_thread_blocked, id=45968, stack(0x0000001f13c00000,0x0000001f13d00000) (1024K)]
  0x0000013c230cddd0 JavaThread "Service Thread"             daemon [_thread_blocked, id=45972, stack(0x0000001f13d00000,0x0000001f13e00000) (1024K)]
  0x0000013c230ce830 JavaThread "Monitor Deflation Thread"   daemon [_thread_blocked, id=45976, stack(0x0000001f13e00000,0x0000001f13f00000) (1024K)]
=>0x0000013c230cf5c0 JavaThread "C2 CompilerThread0"         daemon [_thread_in_native, id=45980, stack(0x0000001f13f00000,0x0000001f14000000) (1024K)]
  0x0000013c230d0060 JavaThread "C1 CompilerThread0"         daemon [_thread_blocked, id=45984, stack(0x0000001f14000000,0x0000001f14100000) (1024K)]
  0x0000013c232e7590 JavaThread "Common-Cleaner"             daemon [_thread_blocked, id=10328, stack(0x0000001f14100000,0x0000001f14200000) (1024K)]
  0x0000013c232c0db0 JavaThread "Notification Thread"        daemon [_thread_blocked, id=45688, stack(0x0000001f14200000,0x0000001f14300000) (1024K)]
  0x0000013c691ccf30 JavaThread "Daemon health stats"               [_thread_blocked, id=48388, stack(0x0000001f12f00000,0x0000001f13000000) (1024K)]
  0x0000013c69e91090 JavaThread "Incoming local TCP Connector on port 52834"        [_thread_in_native, id=44456, stack(0x0000001f14900000,0x0000001f14a00000) (1024K)]
  0x0000013c69fa5720 JavaThread "Daemon periodic checks"            [_thread_blocked, id=49264, stack(0x0000001f14a00000,0x0000001f14b00000) (1024K)]
  0x0000013c69161940 JavaThread "Daemon"                            [_thread_blocked, id=54188, stack(0x0000001f14b00000,0x0000001f14c00000) (1024K)]
  0x0000013c696238a0 JavaThread "Handler for socket connection from /127.0.0.1:52834 to /127.0.0.1:62209"        [_thread_in_native, id=42988, stack(0x0000001f14c00000,0x0000001f14d00000) (1024K)]
  0x0000013c6926c3d0 JavaThread "Cancel handler"                    [_thread_blocked, id=3716, stack(0x0000001f14d00000,0x0000001f14e00000) (1024K)]
  0x0000013c6926a300 JavaThread "Daemon worker"                     [_thread_in_vm, id=51832, stack(0x0000001f14e00000,0x0000001f14f00000) (1024K)]
  0x0000013c69269c70 JavaThread "Asynchronous log dispatcher for DefaultDaemonConnection: socket connection from /127.0.0.1:52834 to /127.0.0.1:62209"        [_thread_blocked, id=53268, stack(0x0000001f14f00000,0x0000001f15000000) (1024K)]
  0x0000013c6926b020 JavaThread "Stdin handler"                     [_thread_blocked, id=42136, stack(0x0000001f15000000,0x0000001f15100000) (1024K)]
  0x0000013c69268f50 JavaThread "Daemon client event forwarder"        [_thread_blocked, id=53260, stack(0x0000001f15100000,0x0000001f15200000) (1024K)]
  0x0000013c6926a990 JavaThread "Cache worker for journal cache (C:\Users\ishas\.gradle\caches\journal-1)"        [_thread_blocked, id=55104, stack(0x0000001f15200000,0x0000001f15300000) (1024K)]
  0x0000013c692695e0 JavaThread "File lock request listener"        [_thread_in_native, id=47084, stack(0x0000001f15300000,0x0000001f15400000) (1024K)]
  0x0000013c6926b6b0 JavaThread "Cache worker for file hash cache (C:\Users\ishas\.gradle\caches\8.14.3\fileHashes)"        [_thread_blocked, id=55304, stack(0x0000001f15400000,0x0000001f15500000) (1024K)]
  0x0000013c6951a8c0 JavaThread "Cache worker for file hash cache (C:\Users\ishas\Downloads\ai-yoga-assistant-razorpay-v9\yoga3\android\.gradle\8.14.3\fileHashes)"        [_thread_blocked, id=57136, stack(0x0000001f15900000,0x0000001f15a00000) (1024K)]
  0x0000013c6951af50 JavaThread "Cache worker for Build Output Cleanup Cache (C:\Users\ishas\Downloads\ai-yoga-assistant-razorpay-v9\yoga3\android\.gradle\buildOutputCleanup)"        [_thread_blocked, id=57200, stack(0x0000001f15a00000,0x0000001f15b00000) (1024K)]
  0x0000013c6951c300 JavaThread "File watcher server"        daemon [_thread_in_native, id=24284, stack(0x0000001f15b00000,0x0000001f15c00000) (1024K)]
  0x0000013c69518e80 JavaThread "File watcher consumer"      daemon [_thread_blocked, id=48500, stack(0x0000001f15c00000,0x0000001f15d00000) (1024K)]
  0x0000013c69519510 JavaThread "jar transforms"                    [_thread_blocked, id=61676, stack(0x0000001f15e00000,0x0000001f15f00000) (1024K)]
  0x0000013c6951c990 JavaThread "File lock release action executor Thread 3"        [_thread_blocked, id=9752, stack(0x0000001f15500000,0x0000001f15600000) (1024K)]
  0x0000013c69519ba0 JavaThread "jar transforms Thread 2"           [_thread_blocked, id=16260, stack(0x0000001f15d00000,0x0000001f15e00000) (1024K)]
Total: 31

Other Threads:
  0x0000013c230a96c0 VMThread "VM Thread"                           [id=45796, stack(0x0000001f13800000,0x0000001f13900000) (1024K)]
  0x0000013c230974c0 WatcherThread "VM Periodic Task Thread"        [id=45792, stack(0x0000001f13700000,0x0000001f13800000) (1024K)]
  0x0000013c0bef74b0 WorkerThread "GC Thread#0"                     [id=45636, stack(0x0000001f13200000,0x0000001f13300000) (1024K)]
  0x0000013c2349ea30 WorkerThread "GC Thread#1"                     [id=46056, stack(0x0000001f14300000,0x0000001f14400000) (1024K)]
  0x0000013c2316dcf0 WorkerThread "GC Thread#2"                     [id=47048, stack(0x0000001f14400000,0x0000001f14500000) (1024K)]
  0x0000013c231ef920 WorkerThread "GC Thread#3"                     [id=46868, stack(0x0000001f14500000,0x0000001f14600000) (1024K)]
  0x0000013c231efcd0 WorkerThread "GC Thread#4"                     [id=38988, stack(0x0000001f14600000,0x0000001f14700000) (1024K)]
  0x0000013c231f0080 WorkerThread "GC Thread#5"                     [id=8560, stack(0x0000001f14700000,0x0000001f14800000) (1024K)]
  0x0000013c2330eec0 WorkerThread "GC Thread#6"                     [id=45516, stack(0x0000001f12e00000,0x0000001f12f00000) (1024K)]
  0x0000013c69629d70 WorkerThread "GC Thread#7"                     [id=56544, stack(0x0000001f13000000,0x0000001f13100000) (1024K)]
  0x0000013c69629610 WorkerThread "GC Thread#8"                     [id=56548, stack(0x0000001f14800000,0x0000001f14900000) (1024K)]
  0x0000013c69628b00 WorkerThread "GC Thread#9"                     [id=56552, stack(0x0000001f15600000,0x0000001f15700000) (1024K)]
  0x0000013c0bf043b0 ConcurrentGCThread "G1 Main Marker"            [id=45640, stack(0x0000001f13300000,0x0000001f13400000) (1024K)]
  0x0000013c0bf04dd0 WorkerThread "G1 Conc#0"                       [id=45644, stack(0x0000001f13400000,0x0000001f13500000) (1024K)]
  0x0000013c6962a120 WorkerThread "G1 Conc#1"                       [id=56556, stack(0x0000001f15700000,0x0000001f15800000) (1024K)]
  0x0000013c6962a880 WorkerThread "G1 Conc#2"                       [id=56560, stack(0x0000001f15800000,0x0000001f15900000) (1024K)]
  0x0000013c22f66ab0 ConcurrentGCThread "G1 Refine#0"               [id=45776, stack(0x0000001f13500000,0x0000001f13600000) (1024K)]
  0x0000013c22f682f0 ConcurrentGCThread "G1 Service"                [id=45780, stack(0x0000001f13600000,0x0000001f13700000) (1024K)]
Total: 18

Threads with active compile tasks:
C2 CompilerThread0  814022 4382   !   4       java.lang.ClassLoader::loadClass (121 bytes)
Total: 1

VM state: not at safepoint (normal execution)

VM Mutex/Monitor currently owned by a thread: None

Heap address: 0x00000000a0000000, size: 1536 MB, Compressed Oops mode: 32-bit

CDS archive(s) mapped at: [0x0000013c24000000-0x0000013c24ba0000-0x0000013c24ba0000), size 12189696, SharedBaseAddress: 0x0000013c24000000, ArchiveRelocationMode: 1.
Compressed class space mapped at: 0x0000013c25000000-0x0000013c65000000, reserved size: 1073741824
Narrow klass base: 0x0000013c24000000, Narrow klass shift: 0, Narrow klass range: 0x100000000

GC Precious Log:
 CardTable entry size: 512
 Card Set container configuration: InlinePtr #cards 5 size 8 Array Of Cards #cards 12 size 40 Howl #buckets 4 coarsen threshold 1843 Howl Bitmap #cards 512 size 80 coarsen threshold 460 Card regions per heap region 1 cards per card region 2048
 CPUs: 12 total, 12 available
 Memory: 16076M
 Large Page Support: Disabled
 NUMA Support: Disabled
 Compressed Oops: Enabled (32-bit)
 Heap Region Size: 1M
 Heap Min Capacity: 8M
 Heap Initial Capacity: 252M
 Heap Max Capacity: 1536M
 Pre-touch: Disabled
 Parallel Workers: 10
 Concurrent Workers: 3
 Concurrent Refinement Workers: 10
 Periodic GC: Disabled

Heap:
 garbage-first heap   total 81920K, used 63275K [0x00000000a0000000, 0x0000000100000000)
  region size 1024K, 40 young (40960K), 3 survivors (3072K)
 Metaspace       used 27287K, committed 28288K, reserved 1114112K
  class space    used 4075K, committed 4544K, reserved 1048576K

Heap Regions: E=young(eden), S=young(survivor), O=old, HS=humongous(starts), HC=humongous(continues), CS=collection set, F=free, TAMS=top-at-mark-start, PB=parsable bottom
|   0|0x00000000a0000000, 0x00000000a0100000, 0x00000000a0100000|100%|HS|  |TAMS 0x00000000a0000000| PB 0x00000000a0000000| Complete 
|   1|0x00000000a0100000, 0x00000000a0200000, 0x00000000a0200000|100%|HC|  |TAMS 0x00000000a0100000| PB 0x00000000a0100000| Complete 
|   2|0x00000000a0200000, 0x00000000a0300000, 0x00000000a0300000|100%|HC|  |TAMS 0x00000000a0200000| PB 0x00000000a0200000| Complete 
|   3|0x00000000a0300000, 0x00000000a0400000, 0x00000000a0400000|100%| O|  |TAMS 0x00000000a0300000| PB 0x00000000a0300000| Untracked 
|   4|0x00000000a0400000, 0x00000000a0500000, 0x00000000a0500000|100%| O|  |TAMS 0x00000000a0400000| PB 0x00000000a0400000| Untracked 
|   5|0x00000000a0500000, 0x00000000a0600000, 0x00000000a0600000|100%| O|  |TAMS 0x00000000a0500000| PB 0x00000000a0500000| Untracked 
|   6|0x00000000a0600000, 0x00000000a0700000, 0x00000000a0700000|100%|HS|  |TAMS 0x00000000a0600000| PB 0x00000000a0600000| Complete 
|   7|0x00000000a0700000, 0x00000000a0800000, 0x00000000a0800000|100%| O|  |TAMS 0x00000000a0700000| PB 0x00000000a0700000| Untracked 
|   8|0x00000000a0800000, 0x00000000a0900000, 0x00000000a0900000|100%| O|  |TAMS 0x00000000a0800000| PB 0x00000000a0800000| Untracked 
|   9|0x00000000a0900000, 0x00000000a0a00000, 0x00000000a0a00000|100%| O|  |TAMS 0x00000000a0900000| PB 0x00000000a0900000| Untracked 
|  10|0x00000000a0a00000, 0x00000000a0b00000, 0x00000000a0b00000|100%| O|  |TAMS 0x00000000a0a00000| PB 0x00000000a0a00000| Untracked 
|  11|0x00000000a0b00000, 0x00000000a0b00000, 0x00000000a0c00000|  0%| F|  |TAMS 0x00000000a0b00000| PB 0x00000000a0b00000| Untracked 
|  12|0x00000000a0c00000, 0x00000000a0ce5f20, 0x00000000a0d00000| 89%| O|  |TAMS 0x00000000a0c00000| PB 0x00000000a0c00000| Untracked 
|  13|0x00000000a0d00000, 0x00000000a0e00000, 0x00000000a0e00000|100%| O|  |TAMS 0x00000000a0d00000| PB 0x00000000a0d00000| Untracked 
|  14|0x00000000a0e00000, 0x00000000a0f00000, 0x00000000a0f00000|100%| O|  |TAMS 0x00000000a0e00000| PB 0x00000000a0e00000| Untracked 
|  15|0x00000000a0f00000, 0x00000000a1000000, 0x00000000a1000000|100%| O|  |TAMS 0x00000000a0f00000| PB 0x00000000a0f00000| Untracked 
|  16|0x00000000a1000000, 0x00000000a1100000, 0x00000000a1100000|100%| O|  |TAMS 0x00000000a1000000| PB 0x00000000a1000000| Untracked 
|  17|0x00000000a1100000, 0x00000000a1200000, 0x00000000a1200000|100%| O|  |TAMS 0x00000000a1100000| PB 0x00000000a1100000| Untracked 
|  18|0x00000000a1200000, 0x00000000a1300000, 0x00000000a1300000|100%| O|  |TAMS 0x00000000a1200000| PB 0x00000000a1200000| Untracked 
|  19|0x00000000a1300000, 0x00000000a1400000, 0x00000000a1400000|100%| O|  |TAMS 0x00000000a1300000| PB 0x00000000a1300000| Untracked 
|  20|0x00000000a1400000, 0x00000000a1500000, 0x00000000a1500000|100%| O|  |TAMS 0x00000000a1400000| PB 0x00000000a1400000| Untracked 
|  21|0x00000000a1500000, 0x00000000a1600000, 0x00000000a1600000|100%| O|  |TAMS 0x00000000a1500000| PB 0x00000000a1500000| Untracked 
|  22|0x00000000a1600000, 0x00000000a1700000, 0x00000000a1700000|100%| O|  |TAMS 0x00000000a1600000| PB 0x00000000a1600000| Untracked 
|  23|0x00000000a1700000, 0x00000000a1800000, 0x00000000a1800000|100%| O|  |TAMS 0x00000000a1700000| PB 0x00000000a1700000| Untracked 
|  24|0x00000000a1800000, 0x00000000a189e718, 0x00000000a1900000| 61%| O|  |TAMS 0x00000000a1800000| PB 0x00000000a1800000| Untracked 
|  25|0x00000000a1900000, 0x00000000a1900000, 0x00000000a1a00000|  0%| F|  |TAMS 0x00000000a1900000| PB 0x00000000a1900000| Untracked 
|  26|0x00000000a1a00000, 0x00000000a1a00000, 0x00000000a1b00000|  0%| F|  |TAMS 0x00000000a1a00000| PB 0x00000000a1a00000| Untracked 
|  27|0x00000000a1b00000, 0x00000000a1b00000, 0x00000000a1c00000|  0%| F|  |TAMS 0x00000000a1b00000| PB 0x00000000a1b00000| Untracked 
|  28|0x00000000a1c00000, 0x00000000a1c00000, 0x00000000a1d00000|  0%| F|  |TAMS 0x00000000a1c00000| PB 0x00000000a1c00000| Untracked 
|  29|0x00000000a1d00000, 0x00000000a1d00000, 0x00000000a1e00000|  0%| F|  |TAMS 0x00000000a1d00000| PB 0x00000000a1d00000| Untracked 
|  30|0x00000000a1e00000, 0x00000000a1e00000, 0x00000000a1f00000|  0%| F|  |TAMS 0x00000000a1e00000| PB 0x00000000a1e00000| Untracked 
|  31|0x00000000a1f00000, 0x00000000a1f00000, 0x00000000a2000000|  0%| F|  |TAMS 0x00000000a1f00000| PB 0x00000000a1f00000| Untracked 
|  32|0x00000000a2000000, 0x00000000a2000000, 0x00000000a2100000|  0%| F|  |TAMS 0x00000000a2000000| PB 0x00000000a2000000| Untracked 
|  33|0x00000000a2100000, 0x00000000a2100000, 0x00000000a2200000|  0%| F|  |TAMS 0x00000000a2100000| PB 0x00000000a2100000| Untracked 
|  34|0x00000000a2200000, 0x00000000a2200000, 0x00000000a2300000|  0%| F|  |TAMS 0x00000000a2200000| PB 0x00000000a2200000| Untracked 
|  35|0x00000000a2300000, 0x00000000a2300000, 0x00000000a2400000|  0%| F|  |TAMS 0x00000000a2300000| PB 0x00000000a2300000| Untracked 
|  36|0x00000000a2400000, 0x00000000a2400000, 0x00000000a2500000|  0%| F|  |TAMS 0x00000000a2400000| PB 0x00000000a2400000| Untracked 
|  37|0x00000000a2500000, 0x00000000a2500000, 0x00000000a2600000|  0%| F|  |TAMS 0x00000000a2500000| PB 0x00000000a2500000| Untracked 
|  38|0x00000000a2600000, 0x00000000a2646650, 0x00000000a2700000| 27%| S|CS|TAMS 0x00000000a2600000| PB 0x00000000a2600000| Complete 
|  39|0x00000000a2700000, 0x00000000a2800000, 0x00000000a2800000|100%| S|CS|TAMS 0x00000000a2700000| PB 0x00000000a2700000| Complete 
|  40|0x00000000a2800000, 0x00000000a2900000, 0x00000000a2900000|100%| S|CS|TAMS 0x00000000a2800000| PB 0x00000000a2800000| Complete 
|  41|0x00000000a2900000, 0x00000000a2900000, 0x00000000a2a00000|  0%| F|  |TAMS 0x00000000a2900000| PB 0x00000000a2900000| Untracked 
|  42|0x00000000a2a00000, 0x00000000a2a00000, 0x00000000a2b00000|  0%| F|  |TAMS 0x00000000a2a00000| PB 0x00000000a2a00000| Untracked 
|  43|0x00000000a2b00000, 0x00000000a2be8570, 0x00000000a2c00000| 90%| E|  |TAMS 0x00000000a2b00000| PB 0x00000000a2b00000| Complete 
|  44|0x00000000a2c00000, 0x00000000a2d00000, 0x00000000a2d00000|100%| E|CS|TAMS 0x00000000a2c00000| PB 0x00000000a2c00000| Complete 
|  45|0x00000000a2d00000, 0x00000000a2e00000, 0x00000000a2e00000|100%| E|CS|TAMS 0x00000000a2d00000| PB 0x00000000a2d00000| Complete 
|  46|0x00000000a2e00000, 0x00000000a2f00000, 0x00000000a2f00000|100%| E|CS|TAMS 0x00000000a2e00000| PB 0x00000000a2e00000| Complete 
|  47|0x00000000a2f00000, 0x00000000a3000000, 0x00000000a3000000|100%| E|CS|TAMS 0x00000000a2f00000| PB 0x00000000a2f00000| Complete 
|  48|0x00000000a3000000, 0x00000000a3100000, 0x00000000a3100000|100%| E|CS|TAMS 0x00000000a3000000| PB 0x00000000a3000000| Complete 
|  49|0x00000000a3100000, 0x00000000a3200000, 0x00000000a3200000|100%| E|CS|TAMS 0x00000000a3100000| PB 0x00000000a3100000| Complete 
|  50|0x00000000a3200000, 0x00000000a3300000, 0x00000000a3300000|100%| E|CS|TAMS 0x00000000a3200000| PB 0x00000000a3200000| Complete 
|  51|0x00000000a3300000, 0x00000000a3400000, 0x00000000a3400000|100%| E|CS|TAMS 0x00000000a3300000| PB 0x00000000a3300000| Complete 
|  52|0x00000000a3400000, 0x00000000a3500000, 0x00000000a3500000|100%| E|CS|TAMS 0x00000000a3400000| PB 0x00000000a3400000| Complete 
|  53|0x00000000a3500000, 0x00000000a3600000, 0x00000000a3600000|100%| E|CS|TAMS 0x00000000a3500000| PB 0x00000000a3500000| Complete 
|  54|0x00000000a3600000, 0x00000000a3700000, 0x00000000a3700000|100%| E|CS|TAMS 0x00000000a3600000| PB 0x00000000a3600000| Complete 
|  55|0x00000000a3700000, 0x00000000a3800000, 0x00000000a3800000|100%| E|CS|TAMS 0x00000000a3700000| PB 0x00000000a3700000| Complete 
|  56|0x00000000a3800000, 0x00000000a3900000, 0x00000000a3900000|100%| E|CS|TAMS 0x00000000a3800000| PB 0x00000000a3800000| Complete 
|  57|0x00000000a3900000, 0x00000000a3a00000, 0x00000000a3a00000|100%| E|CS|TAMS 0x00000000a3900000| PB 0x00000000a3900000| Complete 
|  58|0x00000000a3a00000, 0x00000000a3b00000, 0x00000000a3b00000|100%| E|CS|TAMS 0x00000000a3a00000| PB 0x00000000a3a00000| Complete 
|  59|0x00000000a3b00000, 0x00000000a3c00000, 0x00000000a3c00000|100%| E|CS|TAMS 0x00000000a3b00000| PB 0x00000000a3b00000| Complete 
|  60|0x00000000a3c00000, 0x00000000a3d00000, 0x00000000a3d00000|100%| E|CS|TAMS 0x00000000a3c00000| PB 0x00000000a3c00000| Complete 
|  61|0x00000000a3d00000, 0x00000000a3e00000, 0x00000000a3e00000|100%| E|CS|TAMS 0x00000000a3d00000| PB 0x00000000a3d00000| Complete 
|  62|0x00000000a3e00000, 0x00000000a3f00000, 0x00000000a3f00000|100%| E|CS|TAMS 0x00000000a3e00000| PB 0x00000000a3e00000| Complete 
|  63|0x00000000a3f00000, 0x00000000a4000000, 0x00000000a4000000|100%| E|CS|TAMS 0x00000000a3f00000| PB 0x00000000a3f00000| Complete 
|  64|0x00000000a4000000, 0x00000000a4100000, 0x00000000a4100000|100%| E|CS|TAMS 0x00000000a4000000| PB 0x00000000a4000000| Complete 
|  65|0x00000000a4100000, 0x00000000a4200000, 0x00000000a4200000|100%| E|CS|TAMS 0x00000000a4100000| PB 0x00000000a4100000| Complete 
|  66|0x00000000a4200000, 0x00000000a4300000, 0x00000000a4300000|100%| E|CS|TAMS 0x00000000a4200000| PB 0x00000000a4200000| Complete 
| 137|0x00000000a8900000, 0x00000000a8a00000, 0x00000000a8a00000|100%| E|CS|TAMS 0x00000000a8900000| PB 0x00000000a8900000| Complete 
| 138|0x00000000a8a00000, 0x00000000a8b00000, 0x00000000a8b00000|100%| E|CS|TAMS 0x00000000a8a00000| PB 0x00000000a8a00000| Complete 
| 139|0x00000000a8b00000, 0x00000000a8c00000, 0x00000000a8c00000|100%| E|CS|TAMS 0x00000000a8b00000| PB 0x00000000a8b00000| Complete 
| 140|0x00000000a8c00000, 0x00000000a8d00000, 0x00000000a8d00000|100%| E|CS|TAMS 0x00000000a8c00000| PB 0x00000000a8c00000| Complete 
| 141|0x00000000a8d00000, 0x00000000a8e00000, 0x00000000a8e00000|100%| E|CS|TAMS 0x00000000a8d00000| PB 0x00000000a8d00000| Complete 
| 142|0x00000000a8e00000, 0x00000000a8f00000, 0x00000000a8f00000|100%| E|CS|TAMS 0x00000000a8e00000| PB 0x00000000a8e00000| Complete 
| 143|0x00000000a8f00000, 0x00000000a9000000, 0x00000000a9000000|100%| E|CS|TAMS 0x00000000a8f00000| PB 0x00000000a8f00000| Complete 
| 144|0x00000000a9000000, 0x00000000a9100000, 0x00000000a9100000|100%| E|CS|TAMS 0x00000000a9000000| PB 0x00000000a9000000| Complete 
| 145|0x00000000a9100000, 0x00000000a9200000, 0x00000000a9200000|100%| E|CS|TAMS 0x00000000a9100000| PB 0x00000000a9100000| Complete 
| 146|0x00000000a9200000, 0x00000000a9300000, 0x00000000a9300000|100%| E|CS|TAMS 0x00000000a9200000| PB 0x00000000a9200000| Complete 
| 147|0x00000000a9300000, 0x00000000a9400000, 0x00000000a9400000|100%| E|CS|TAMS 0x00000000a9300000| PB 0x00000000a9300000| Complete 
| 148|0x00000000a9400000, 0x00000000a9500000, 0x00000000a9500000|100%| E|CS|TAMS 0x00000000a9400000| PB 0x00000000a9400000| Complete 
| 251|0x00000000afb00000, 0x00000000afc00000, 0x00000000afc00000|100%| E|CS|TAMS 0x00000000afb00000| PB 0x00000000afb00000| Complete 

Card table byte_map: [0x0000013c1e900000,0x0000013c1ec00000] _byte_map_base: 0x0000013c1e400000

Marking Bits: (CMBitMap*) 0x0000013c0bef7ad0
 Bits: [0x0000013c1ec00000, 0x0000013c20400000)

Polling page: 0x0000013c09d20000

Metaspace:

Usage:
  Non-class:     22.67 MB used.
      Class:      3.98 MB used.
       Both:     26.65 MB used.

Virtual space:
  Non-class space:       64.00 MB reserved,      23.19 MB ( 36%) committed,  1 nodes.
      Class space:        1.00 GB reserved,       4.44 MB ( <1%) committed,  1 nodes.
             Both:        1.06 GB reserved,      27.62 MB (  3%) committed. 

Chunk freelists:
   Non-Class:  8.30 MB
       Class:  11.41 MB
        Both:  19.71 MB

MaxMetaspaceSize: unlimited
CompressedClassSpaceSize: 1.00 GB
Initial GC threshold: 21.00 MB
Current GC threshold: 35.12 MB
CDS: on
 - commit_granule_bytes: 65536.
 - commit_granule_words: 8192.
 - virtual_space_node_default_size: 8388608.
 - enlarge_chunks_in_place: 1.
 - use_allocation_guard: 0.


Internal statistics:

num_allocs_failed_limit: 3.
num_arena_births: 1504.
num_arena_deaths: 0.
num_vsnodes_births: 2.
num_vsnodes_deaths: 0.
num_space_committed: 442.
num_space_uncommitted: 0.
num_chunks_returned_to_freelist: 3.
num_chunks_taken_from_freelist: 2717.
num_chunk_merges: 3.
num_chunk_splits: 1756.
num_chunks_enlarged: 1119.
num_inconsistent_stats: 0.

CodeHeap 'non-profiled nmethods': size=120000Kb used=2649Kb max_used=2649Kb free=117350Kb
 bounds [0x0000013c16b80000, 0x0000013c16e20000, 0x0000013c1e0b0000]
CodeHeap 'profiled nmethods': size=120000Kb used=8523Kb max_used=8523Kb free=111476Kb
 bounds [0x0000013c0f0b0000, 0x0000013c0f910000, 0x0000013c165e0000]
CodeHeap 'non-nmethods': size=5760Kb used=1431Kb max_used=1481Kb free=4328Kb
 bounds [0x0000013c165e0000, 0x0000013c16850000, 0x0000013c16b80000]
CodeCache: size=245760Kb, used=12603Kb, max_used=12653Kb, free=233154Kb
 total_blobs=4964, nmethods=4378, adapters=490, full_count=0
Compilation: enabled, stopped_count=0, restarted_count=0

Compilation events (20 events):
Event: 813.227 Thread 0x0000013c230cf5c0 nmethod 4375 0x0000013c16e15b90 code [0x0000013c16e15d20, 0x0000013c16e15da8]
Event: 813.228 Thread 0x0000013c230cf5c0 4376       4       java.lang.invoke.Invokers$Holder::linkToTargetMethod (10 bytes)
Event: 813.230 Thread 0x0000013c230cf5c0 nmethod 4376 0x0000013c16e15e90 code [0x0000013c16e16020, 0x0000013c16e16120]
Event: 813.250 Thread 0x0000013c230d0060 4377       3       org.gradle.internal.instantiation.generator.AbstractClassGenerator$PropertyMetadata::hasAnnotation (14 bytes)
Event: 813.253 Thread 0x0000013c230d0060 nmethod 4377 0x0000013c0f8fbc10 code [0x0000013c0f8fbf20, 0x0000013c0f8fd148]
Event: 813.253 Thread 0x0000013c230d0060 4378       3       org.gradle.internal.instantiation.generator.AbstractClassGenerator$PropertyMetadata::findAnnotation (22 bytes)
Event: 813.255 Thread 0x0000013c230d0060 nmethod 4378 0x0000013c0f8fd710 code [0x0000013c0f8fda00, 0x0000013c0f8feb38]
Event: 813.255 Thread 0x0000013c230d0060 4379       3       java.util.stream.MatchOps$1MatchSink::accept (44 bytes)
Event: 813.255 Thread 0x0000013c230d0060 nmethod 4379 0x0000013c0f8ff090 code [0x0000013c0f8ff240, 0x0000013c0f8ff498]
Event: 813.256 Thread 0x0000013c230cf5c0 4380       4       java.util.AbstractSet::<init> (5 bytes)
Event: 813.256 Thread 0x0000013c230cf5c0 nmethod 4380 0x0000013c16e16210 code [0x0000013c16e163a0, 0x0000013c16e16428]
Event: 813.684 Thread 0x0000013c230d0060 4381       3       sun.invoke.util.VerifyAccess::isModuleAccessible (97 bytes)
Event: 813.686 Thread 0x0000013c230d0060 nmethod 4381 0x0000013c0f8ff590 code [0x0000013c0f8ff860, 0x0000013c0f9004d0]
Event: 813.715 Thread 0x0000013c230cf5c0 4382   !   4       java.lang.ClassLoader::loadClass (121 bytes)
Event: 813.727 Thread 0x0000013c230d0060 4383       3       java.lang.ClassLoader::getClassLoadingLock (35 bytes)
Event: 813.728 Thread 0x0000013c230d0060 nmethod 4383 0x0000013c0f900990 code [0x0000013c0f900b60, 0x0000013c0f900e40]
Event: 813.744 Thread 0x0000013c230d0060 4385   !   2       java.net.URLClassLoader$1::run (81 bytes)
Event: 813.746 Thread 0x0000013c230d0060 nmethod 4385 0x0000013c0f900f90 code [0x0000013c0f901240, 0x0000013c0f901a70]
Event: 813.847 Thread 0x0000013c230d0060 4386       3       java.lang.String::regionMatches (150 bytes)
Event: 813.858 Thread 0x0000013c230d0060 nmethod 4386 0x0000013c0f901f90 code [0x0000013c0f9021e0, 0x0000013c0f9029a8]

GC Heap History (12 events):
Event: 20.436 GC heap before
{Heap before GC invocations=0 (full 0):
 garbage-first heap   total 258048K, used 23552K [0x00000000a0000000, 0x0000000100000000)
  region size 1024K, 23 young (23552K), 0 survivors (0K)
 Metaspace       used 919K, committed 1024K, reserved 1114112K
  class space    used 73K, committed 128K, reserved 1048576K
}
Event: 21.772 GC heap after
{Heap after GC invocations=1 (full 0):
 garbage-first heap   total 258048K, used 1450K [0x00000000a0000000, 0x0000000100000000)
  region size 1024K, 2 young (2048K), 2 survivors (2048K)
 Metaspace       used 919K, committed 1024K, reserved 1114112K
  class space    used 73K, committed 128K, reserved 1048576K
}
Event: 43.655 GC heap before
{Heap before GC invocations=1 (full 0):
 garbage-first heap   total 258048K, used 39338K [0x00000000a0000000, 0x0000000100000000)
  region size 1024K, 37 young (37888K), 2 survivors (2048K)
 Metaspace       used 4368K, committed 4544K, reserved 1114112K
  class space    used 556K, committed 640K, reserved 1048576K
}
Event: 43.666 GC heap after
{Heap after GC invocations=2 (full 0):
 garbage-first heap   total 258048K, used 11052K [0x00000000a0000000, 0x0000000100000000)
  region size 1024K, 5 young (5120K), 5 survivors (5120K)
 Metaspace       used 4368K, committed 4544K, reserved 1114112K
  class space    used 556K, committed 640K, reserved 1048576K
}
Event: 60.192 GC heap before
{Heap before GC invocations=2 (full 0):
 garbage-first heap   total 258048K, used 65324K [0x00000000a0000000, 0x0000000100000000)
  region size 1024K, 56 young (57344K), 5 survivors (5120K)
 Metaspace       used 5662K, committed 5952K, reserved 1114112K
  class space    used 770K, committed 896K, reserved 1048576K
}
Event: 60.200 GC heap after
{Heap after GC invocations=3 (full 0):
 garbage-first heap   total 258048K, used 17303K [0x00000000a0000000, 0x0000000100000000)
  region size 1024K, 5 young (5120K), 5 survivors (5120K)
 Metaspace       used 5662K, committed 5952K, reserved 1114112K
  class space    used 770K, committed 896K, reserved 1048576K
}
Event: 222.877 GC heap before
{Heap before GC invocations=3 (full 0):
 garbage-first heap   total 258048K, used 116631K [0x00000000a0000000, 0x0000000100000000)
  region size 1024K, 103 young (105472K), 5 survivors (5120K)
 Metaspace       used 20825K, committed 21504K, reserved 1114112K
  class space    used 3041K, committed 3392K, reserved 1048576K
}
Event: 222.914 GC heap after
{Heap after GC invocations=4 (full 0):
 garbage-first heap   total 258048K, used 24161K [0x00000000a0000000, 0x0000000100000000)
  region size 1024K, 12 young (12288K), 12 survivors (12288K)
 Metaspace       used 20825K, committed 21504K, reserved 1114112K
  class space    used 3041K, committed 3392K, reserved 1048576K
}
Event: 239.154 GC heap before
{Heap before GC invocations=5 (full 0):
 garbage-first heap   total 81920K, used 61025K [0x00000000a0000000, 0x0000000100000000)
  region size 1024K, 48 young (49152K), 12 survivors (12288K)
 Metaspace       used 25301K, committed 26240K, reserved 1114112K
  class space    used 3775K, committed 4224K, reserved 1048576K
}
Event: 239.171 GC heap after
{Heap after GC invocations=6 (full 0):
 garbage-first heap   total 81920K, used 26619K [0x00000000a0000000, 0x0000000100000000)
  region size 1024K, 3 young (3072K), 3 survivors (3072K)
 Metaspace       used 25301K, committed 26240K, reserved 1114112K
  class space    used 3775K, committed 4224K, reserved 1048576K
}
Event: 527.405 GC heap before
{Heap before GC invocations=6 (full 0):
 garbage-first heap   total 81920K, used 66555K [0x00000000a0000000, 0x0000000100000000)
  region size 1024K, 42 young (43008K), 3 survivors (3072K)
 Metaspace       used 26502K, committed 27392K, reserved 1114112K
  class space    used 3958K, committed 4416K, reserved 1048576K
}
Event: 527.545 GC heap after
{Heap after GC invocations=7 (full 0):
 garbage-first heap   total 81920K, used 26411K [0x00000000a0000000, 0x0000000100000000)
  region size 1024K, 3 young (3072K), 3 survivors (3072K)
 Metaspace       used 26502K, committed 27392K, reserved 1114112K
  class space    used 3958K, committed 4416K, reserved 1048576K
}

Dll operation events (20 events):
Event: 3.478 Attempting to load shared library C:\Users\ishas\.vscode\extensions\redhat.java-1.56.0-win32-x64\jre\21.0.12.1-win32-x86_64\bin\nio.dll
Event: 3.479 Loaded shared library C:\Users\ishas\.vscode\extensions\redhat.java-1.56.0-win32-x64\jre\21.0.12.1-win32-x86_64\bin\nio.dll
Event: 3.484 Attempting to load shared library C:\Users\ishas\.vscode\extensions\redhat.java-1.56.0-win32-x64\jre\21.0.12.1-win32-x86_64\bin\zip.dll
Event: 3.484 Loaded shared library C:\Users\ishas\.vscode\extensions\redhat.java-1.56.0-win32-x64\jre\21.0.12.1-win32-x86_64\bin\zip.dll
Event: 20.350 Attempting to load shared library C:\Users\ishas\.vscode\extensions\redhat.java-1.56.0-win32-x64\jre\21.0.12.1-win32-x86_64\bin\jimage.dll
Event: 20.350 Loaded shared library C:\Users\ishas\.vscode\extensions\redhat.java-1.56.0-win32-x64\jre\21.0.12.1-win32-x86_64\bin\jimage.dll
Event: 25.290 Attempting to load shared library C:\Users\ishas\.vscode\extensions\redhat.java-1.56.0-win32-x64\jre\21.0.12.1-win32-x86_64\bin\verify.dll
Event: 25.294 Loaded shared library C:\Users\ishas\.vscode\extensions\redhat.java-1.56.0-win32-x64\jre\21.0.12.1-win32-x86_64\bin\verify.dll
Event: 26.759 Attempting to load shared library C:\Users\ishas\.gradle\native\1def1411415f61bf3af743bc5b6707747c0891f09f0c88961ee8f79bc544acac\windows-amd64\native-platform.dll
Event: 26.764 Loaded shared library C:\Users\ishas\.gradle\native\1def1411415f61bf3af743bc5b6707747c0891f09f0c88961ee8f79bc544acac\windows-amd64\native-platform.dll
Event: 26.907 Attempting to load shared library C:\Users\ishas\.gradle\native\0.2.7\x86_64-windows-gnu\gradle-fileevents.dll
Event: 26.915 Loaded shared library C:\Users\ishas\.gradle\native\0.2.7\x86_64-windows-gnu\gradle-fileevents.dll
Event: 61.914 Attempting to load shared library C:\Users\ishas\.vscode\extensions\redhat.java-1.56.0-win32-x64\jre\21.0.12.1-win32-x86_64\bin\management.dll
Event: 61.915 Loaded shared library C:\Users\ishas\.vscode\extensions\redhat.java-1.56.0-win32-x64\jre\21.0.12.1-win32-x86_64\bin\management.dll
Event: 61.927 Attempting to load shared library C:\Users\ishas\.vscode\extensions\redhat.java-1.56.0-win32-x64\jre\21.0.12.1-win32-x86_64\bin\management_ext.dll
Event: 61.929 Loaded shared library C:\Users\ishas\.vscode\extensions\redhat.java-1.56.0-win32-x64\jre\21.0.12.1-win32-x86_64\bin\management_ext.dll
Event: 66.362 Attempting to load shared library C:\Users\ishas\.vscode\extensions\redhat.java-1.56.0-win32-x64\jre\21.0.12.1-win32-x86_64\bin\extnet.dll
Event: 66.363 Loaded shared library C:\Users\ishas\.vscode\extensions\redhat.java-1.56.0-win32-x64\jre\21.0.12.1-win32-x86_64\bin\extnet.dll
Event: 177.259 Attempting to load shared library C:\Users\ishas\.vscode\extensions\redhat.java-1.56.0-win32-x64\jre\21.0.12.1-win32-x86_64\bin\sunmscapi.dll
Event: 177.298 Loaded shared library C:\Users\ishas\.vscode\extensions\redhat.java-1.56.0-win32-x64\jre\21.0.12.1-win32-x86_64\bin\sunmscapi.dll

Deoptimization events (20 events):
Event: 810.309 Thread 0x0000013c6926a300 Uncommon trap: trap_request=0xffffff45 fr.pc=0x0000013c16d71a8c relative=0x0000000000002d0c
Event: 810.309 Thread 0x0000013c6926a300 Uncommon trap: reason=unstable_if action=reinterpret pc=0x0000013c16d71a8c method=java.lang.String.regionMatches(ZILjava/lang/String;II)Z @ 36 c2
Event: 810.309 Thread 0x0000013c6926a300 DEOPT PACKING pc=0x0000013c16d71a8c sp=0x0000001f14efa110
Event: 810.309 Thread 0x0000013c6926a300 DEOPT UNPACKING pc=0x0000013c16634422 sp=0x0000001f14efa010 mode 2
Event: 810.313 Thread 0x0000013c6926a300 Uncommon trap: trap_request=0xffffffde fr.pc=0x0000013c16bebfe0 relative=0x0000000000001080
Event: 810.313 Thread 0x0000013c6926a300 Uncommon trap: reason=class_check action=maybe_recompile pc=0x0000013c16bebfe0 method=jdk.internal.loader.URLClassPath.getLoader(I)Ljdk/internal/loader/URLClassPath$Loader; @ 88 c2
Event: 810.313 Thread 0x0000013c6926a300 DEOPT PACKING pc=0x0000013c16bebfe0 sp=0x0000001f14efa380
Event: 810.313 Thread 0x0000013c6926a300 DEOPT UNPACKING pc=0x0000013c16634422 sp=0x0000001f14efa370 mode 2
Event: 810.313 Thread 0x0000013c6926a300 Uncommon trap: trap_request=0xffffffde fr.pc=0x0000013c16d42b34 relative=0x0000000000004174
Event: 810.313 Thread 0x0000013c6926a300 Uncommon trap: reason=class_check action=maybe_recompile pc=0x0000013c16d42b34 method=jdk.internal.loader.URLClassPath.getResource(Ljava/lang/String;Z)Ljdk/internal/loader/Resource; @ 53 c2
Event: 810.314 Thread 0x0000013c6926a300 DEOPT PACKING pc=0x0000013c16d42b34 sp=0x0000001f14efa440
Event: 810.314 Thread 0x0000013c6926a300 DEOPT UNPACKING pc=0x0000013c16634422 sp=0x0000001f14efa260 mode 2
Event: 810.690 Thread 0x0000013c6926a300 Uncommon trap: trap_request=0xffffff45 fr.pc=0x0000013c16cd3098 relative=0x00000000000000f8
Event: 810.690 Thread 0x0000013c6926a300 Uncommon trap: reason=unstable_if action=reinterpret pc=0x0000013c16cd3098 method=java.lang.ClassLoader.getClassLoadingLock(Ljava/lang/String;)Ljava/lang/Object; @ 6 c2
Event: 810.690 Thread 0x0000013c6926a300 DEOPT PACKING pc=0x0000013c16cd3098 sp=0x0000001f14ef89d0
Event: 810.691 Thread 0x0000013c6926a300 DEOPT UNPACKING pc=0x0000013c16634422 sp=0x0000001f14ef8960 mode 2
Event: 810.885 Thread 0x0000013c6926a300 Uncommon trap: trap_request=0xffffff45 fr.pc=0x0000013c16d657ec relative=0x00000000000008cc
Event: 810.885 Thread 0x0000013c6926a300 Uncommon trap: reason=unstable_if action=reinterpret pc=0x0000013c16d657ec method=java.lang.Class.getPackageName()Ljava/lang/String; @ 55 c2
Event: 810.885 Thread 0x0000013c6926a300 DEOPT PACKING pc=0x0000013c16d657ec sp=0x0000001f14efa010
Event: 810.885 Thread 0x0000013c6926a300 DEOPT UNPACKING pc=0x0000013c16634422 sp=0x0000001f14ef9fe0 mode 2

Classes loaded (20 events):
Event: 242.974 Loading class java/util/stream/Streams$RangeIntSpliterator
Event: 242.974 Loading class java/util/stream/Streams$RangeIntSpliterator done
Event: 242.974 Loading class java/util/stream/IntPipeline$Head
Event: 242.975 Loading class java/util/stream/IntPipeline
Event: 242.976 Loading class java/util/stream/IntPipeline done
Event: 242.976 Loading class java/util/stream/IntPipeline$Head done
Event: 810.148 Loading class jdk/internal/loader/URLClassPath$FileLoader
Event: 810.298 Loading class jdk/internal/loader/URLClassPath$FileLoader done
Event: 810.318 Loading class jdk/internal/loader/URLClassPath$FileLoader$1
Event: 810.323 Loading class jdk/internal/loader/URLClassPath$FileLoader$1 done
Event: 812.668 Loading class java/beans/Transient
Event: 812.670 Loading class java/beans/Transient done
Event: 813.701 Loading class java/util/stream/IntPipeline$1
Event: 813.702 Loading class java/util/stream/IntPipeline$1 done
Event: 813.709 Loading class java/util/stream/IntPipeline$1$1
Event: 813.710 Loading class java/util/stream/Sink$ChainedInt
Event: 813.711 Loading class java/util/stream/Sink$OfInt
Event: 813.712 Loading class java/util/stream/Sink$OfInt done
Event: 813.713 Loading class java/util/stream/Sink$ChainedInt done
Event: 813.713 Loading class java/util/stream/IntPipeline$1$1 done

Classes unloaded (0 events):
No events

Classes redefined (0 events):
No events

Internal exceptions (20 events):
Event: 235.525 Thread 0x0000013c6926a300 Exception <a 'java/lang/IncompatibleClassChangeError'{0x00000000a33f75f8}: Found class java.lang.Object, but interface was expected> (0x00000000a33f75f8) 
thrown [s\src\hotspot\share\interpreter\linkResolver.cpp, line 840]
Event: 235.548 Thread 0x0000013c6926a300 Exception <a 'java/lang/NoSuchMethodError'{0x00000000a3265cd8}: 'java.lang.Object java.lang.invoke.DirectMethodHandle$Holder.invokeVirtual(java.lang.Object, java.lang.Object, java.lang.Object, java.lang.Object, java.lang.Object, java.lang.Object, java.lang.Object, java.lang.Object, java.lang.Object, java.lang.Object, java.lang.Object, java.lang.Object, java.lang.Object)'> (0x00000000a3265cd8) 
thrown [s\src\hotspot\share\interpreter\linkResolver.cpp, line 773]
Event: 235.549 Thread 0x0000013c6926a300 Exception <a 'java/lang/NoSuchMethodError'{0x00000000a326af10}: 'java.lang.Object java.lang.invoke.DirectMethodHandle$Holder.invokeSpecial(java.lang.Object, java.lang.Object, java.lang.Object, java.lang.Object, java.lang.Object, java.lang.Object, java.lang.Object, java.lang.Object, java.lang.Object, java.lang.Object, java.lang.Object, java.lang.Object, java.lang.Object, java.lang.Object)'> (0x00000000a326af10) 
thrown [s\src\hotspot\share\interpreter\linkResolver.cpp, line 773]
Event: 235.549 Thread 0x0000013c6926a300 Exception <a 'java/lang/NoSuchMethodError'{0x00000000a326fc60}: 'java.lang.Object java.lang.invoke.DelegatingMethodHandle$Holder.reinvoke_L(java.lang.Object, java.lang.Object, java.lang.Object, java.lang.Object, java.lang.Object, java.lang.Object, java.lang.Object, java.lang.Object, java.lang.Object, java.lang.Object, java.lang.Object, java.lang.Object, java.lang.Object)'> (0x00000000a326fc60) 
thrown [s\src\hotspot\share\interpreter\linkResolver.cpp, line 773]
Event: 235.642 Thread 0x0000013c6926a300 Exception <a 'java/lang/NoSuchMethodError'{0x00000000a30335d8}: 'void java.lang.invoke.DirectMethodHandle$Holder.invokeStaticInit(java.lang.Object, java.lang.Object)'> (0x00000000a30335d8) 
thrown [s\src\hotspot\share\interpreter\linkResolver.cpp, line 773]
Event: 236.754 Thread 0x0000013c6926a300 Exception <a 'java/lang/NoSuchMethodError'{0x00000000a2c11a20}: 'java.lang.Object java.lang.invoke.DirectMethodHandle$Holder.newInvokeSpecial(java.lang.Object, java.lang.Object, java.lang.Object, java.lang.Object, java.lang.Object, java.lang.Object, java.lang.Object, java.lang.Object, java.lang.Object)'> (0x00000000a2c11a20) 
thrown [s\src\hotspot\share\interpreter\linkResolver.cpp, line 773]
Event: 237.195 Thread 0x0000013c6926a300 Exception <a 'java/lang/NoSuchMethodError'{0x00000000a2aef3a8}: 'int java.lang.invoke.DirectMethodHandle$Holder.invokeVirtual(java.lang.Object, java.lang.Object)'> (0x00000000a2aef3a8) 
thrown [s\src\hotspot\share\interpreter\linkResolver.cpp, line 773]
Event: 238.073 Thread 0x0000013c6926a300 Exception <a 'java/lang/NoSuchMethodError'{0x00000000a27e0000}: 'void java.lang.invoke.DirectMethodHandle$Holder.invokeInterface(java.lang.Object, java.lang.Object, java.lang.Object, java.lang.Object, java.lang.Object)'> (0x00000000a27e0000) 
thrown [s\src\hotspot\share\interpreter\linkResolver.cpp, line 773]
Event: 238.249 Thread 0x0000013c6926a300 Exception <a 'java/lang/NoSuchMethodError'{0x00000000a2658f58}: 'void java.lang.invoke.DirectMethodHandle$Holder.invokeStatic(java.lang.Object, java.lang.Object, java.lang.Object, java.lang.Object, java.lang.Object, java.lang.Object)'> (0x00000000a2658f58) 
thrown [s\src\hotspot\share\interpreter\linkResolver.cpp, line 773]
Event: 239.618 Thread 0x0000013c6926a300 Exception <a 'java/lang/IncompatibleClassChangeError'{0x00000000a9458b70}: Found class java.lang.Object, but interface was expected> (0x00000000a9458b70) 
thrown [s\src\hotspot\share\interpreter\linkResolver.cpp, line 840]
Event: 241.460 Thread 0x0000013c6926a300 Exception <a 'java/lang/NoSuchMethodError'{0x00000000a93616b0}: 'java.lang.Object java.lang.invoke.DirectMethodHandle$Holder.newInvokeSpecial(java.lang.Object, java.lang.Object, long)'> (0x00000000a93616b0) 
thrown [s\src\hotspot\share\interpreter\linkResolver.cpp, line 773]
Event: 241.461 Thread 0x0000013c6926a300 Exception <a 'java/lang/NoSuchMethodError'{0x00000000a9365a58}: 'java.lang.Object java.lang.invoke.Invokers$Holder.linkToTargetMethod(java.lang.Object, long, java.lang.Object)'> (0x00000000a9365a58) 
thrown [s\src\hotspot\share\interpreter\linkResolver.cpp, line 773]
Event: 241.684 Thread 0x0000013c6926a990 Implicit null exception at 0x0000013c16d24a61 to 0x0000013c16d250a0
Event: 242.929 Thread 0x0000013c6926a300 Exception <a 'java/lang/NoSuchMethodError'{0x00000000a91c5b78}: 'int java.lang.invoke.DirectMethodHandle$Holder.invokeInterface(java.lang.Object, java.lang.Object)'> (0x00000000a91c5b78) 
thrown [s\src\hotspot\share\interpreter\linkResolver.cpp, line 773]
Event: 242.970 Thread 0x0000013c6926a300 Exception <a 'java/lang/NoSuchMethodError'{0x00000000a904ffb0}: 'java.lang.Object java.lang.invoke.DirectMethodHandle$Holder.invokeVirtual(java.lang.Object, java.lang.Object, int)'> (0x00000000a904ffb0) 
thrown [s\src\hotspot\share\interpreter\linkResolver.cpp, line 773]
Event: 541.366 Thread 0x0000013c6926a300 Exception <a 'java/lang/NoSuchMethodError'{0x00000000a94ddd50}: 'java.lang.Object java.lang.invoke.DirectMethodHandle$Holder.invokeStatic(java.lang.Object, java.lang.Object, int, java.lang.Object)'> (0x00000000a94ddd50) 
thrown [s\src\hotspot\share\interpreter\linkResolver.cpp, line 773]
Event: 541.413 Thread 0x0000013c6926a300 Exception <a 'java/lang/NoSuchMethodError'{0x00000000a94e51a8}: 'java.lang.Object java.lang.invoke.DirectMethodHandle$Holder.newInvokeSpecial(java.lang.Object, java.lang.Object, int, java.lang.Object)'> (0x00000000a94e51a8) 
thrown [s\src\hotspot\share\interpreter\linkResolver.cpp, line 773]
Event: 541.419 Thread 0x0000013c6926a300 Exception <a 'java/lang/NoSuchMethodError'{0x00000000a94e9940}: 'java.lang.Object java.lang.invoke.DirectMethodHandle$Holder.invokeSpecial(java.lang.Object, java.lang.Object, java.lang.Object, int, java.lang.Object)'> (0x00000000a94e9940) 
thrown [s\src\hotspot\share\interpreter\linkResolver.cpp, line 773]
Event: 810.038 Thread 0x0000013c6926a300 Exception <a 'java/lang/NoSuchMethodError'{0x00000000a2c50748}: 'void java.lang.invoke.DirectMethodHandle$Holder.invokeInterface(java.lang.Object, java.lang.Object, java.lang.Object, java.lang.Object, java.lang.Object, java.lang.Object, java.lang.Object)'> (0x00000000a2c50748) 
thrown [s\src\hotspot\share\interpreter\linkResolver.cpp, line 773]
Event: 810.071 Thread 0x0000013c6926a300 Exception <a 'java/lang/NoSuchMethodError'{0x00000000a2c550d0}: 'void java.lang.invoke.DelegatingMethodHandle$Holder.reinvoke_L(java.lang.Object, java.lang.Object, java.lang.Object, java.lang.Object, java.lang.Object, java.lang.Object, java.lang.Object)'> (0x00000000a2c550d0) 
thrown [s\src\hotspot\share\interpreter\linkResolver.cpp, line 773]

ZGC Phase Switch (0 events):
No events

VM Operations (20 events):
Event: 796.745 Executing safepoint VM operation: Cleanup
Event: 796.746 Executing safepoint VM operation: Cleanup done
Event: 802.782 Executing safepoint VM operation: Cleanup
Event: 802.795 Executing safepoint VM operation: Cleanup done
Event: 804.812 Executing safepoint VM operation: Cleanup
Event: 804.812 Executing safepoint VM operation: Cleanup done
Event: 805.819 Executing safepoint VM operation: Cleanup
Event: 805.819 Executing safepoint VM operation: Cleanup done
Event: 808.834 Executing safepoint VM operation: Cleanup
Event: 808.972 Executing safepoint VM operation: Cleanup done
Event: 809.981 Executing safepoint VM operation: Cleanup
Event: 810.028 Executing safepoint VM operation: Cleanup done
Event: 810.642 Executing non-safepoint VM operation: HandshakeAllThreads (Deoptimize)
Event: 810.645 Executing non-safepoint VM operation: HandshakeAllThreads (Deoptimize) done
Event: 810.648 Executing non-safepoint VM operation: HandshakeAllThreads (Deoptimize)
Event: 810.649 Executing non-safepoint VM operation: HandshakeAllThreads (Deoptimize) done
Event: 811.649 Executing safepoint VM operation: Cleanup
Event: 811.925 Executing safepoint VM operation: Cleanup done
Event: 812.940 Executing safepoint VM operation: Cleanup
Event: 813.095 Executing safepoint VM operation: Cleanup done

Memory protections (0 events):
No events

Nmethod flushes (0 events):
No events

Events (20 events):
Event: 179.043 Thread 0x0000013c69161940 Thread added: 0x0000013c6926a300
Event: 179.261 Thread 0x0000013c6926a300 Thread added: 0x0000013c69269c70
Event: 179.279 Thread 0x0000013c6926a300 Thread added: 0x0000013c6926b020
Event: 179.297 Thread 0x0000013c6926a300 Thread added: 0x0000013c69268f50
Event: 197.155 Thread 0x0000013c6926a300 Thread added: 0x0000013c6926a990
Event: 197.893 Thread 0x0000013c6926a300 Thread added: 0x0000013c692695e0
Event: 199.366 Thread 0x0000013c6926a300 Thread added: 0x0000013c6926b6b0
Event: 199.818 Thread 0x0000013c692695e0 Thread added: 0x0000013c6926bd40
Event: 225.805 Thread 0x0000013c230d0060 Thread added: 0x0000013c6b9949c0
Event: 227.987 Thread 0x0000013c6b9949c0 Thread exited: 0x0000013c6b9949c0
Event: 230.092 Thread 0x0000013c6926a300 Thread added: 0x0000013c6951a8c0
Event: 230.649 Thread 0x0000013c6926a300 Thread added: 0x0000013c6951af50
Event: 237.178 Thread 0x0000013c6926a300 Thread added: 0x0000013c6951c300
Event: 237.192 Thread 0x0000013c6926a300 Thread added: 0x0000013c69518e80
Event: 306.832 Thread 0x0000013c6926bd40 Thread exited: 0x0000013c6926bd40
Event: 541.068 Thread 0x0000013c692695e0 Thread added: 0x0000013c6951c990
Event: 541.455 Thread 0x0000013c6926a300 Thread added: 0x0000013c69519510
Event: 603.129 Thread 0x0000013c6951c990 Thread exited: 0x0000013c6951c990
Event: 802.394 Thread 0x0000013c692695e0 Thread added: 0x0000013c6951c990
Event: 802.729 Thread 0x0000013c6926a300 Thread added: 0x0000013c69519ba0


Dynamic libraries:
0x00007ff6906c0000 - 0x00007ff6906ce000 	C:\Users\ishas\.vscode\extensions\redhat.java-1.56.0-win32-x64\jre\21.0.12.1-win32-x86_64\bin\java.exe
0x00007fff22660000 - 0x00007fff228c7000 	C:\Windows\SYSTEM32\ntdll.dll
0x00007fff21bc0000 - 0x00007fff21c8b000 	C:\Windows\System32\KERNEL32.DLL
0x00007fff1fcd0000 - 0x00007fff200d2000 	C:\Windows\System32\KERNELBASE.dll
0x00007fff1fb70000 - 0x00007fff1fcbc000 	C:\Windows\System32\ucrtbase.dll
0x00007ffeb4c70000 - 0x00007ffeb4c88000 	C:\Users\ishas\.vscode\extensions\redhat.java-1.56.0-win32-x64\jre\21.0.12.1-win32-x86_64\bin\jli.dll
0x00007ffee06c0000 - 0x00007ffee06de000 	C:\Users\ishas\.vscode\extensions\redhat.java-1.56.0-win32-x64\jre\21.0.12.1-win32-x86_64\bin\VCRUNTIME140.dll
0x00007fff222b0000 - 0x00007fff2247f000 	C:\Windows\System32\USER32.dll
0x00007fff20220000 - 0x00007fff20247000 	C:\Windows\System32\win32u.dll
0x00007fff08e50000 - 0x00007fff090e0000 	C:\Windows\WinSxS\amd64_microsoft.windows.common-controls_6595b64144ccf1df_6.0.26100.9278_none_3e0d1ba8e3303201\COMCTL32.dll
0x00007fff21d20000 - 0x00007fff21d4b000 	C:\Windows\System32\GDI32.dll
0x00007fff20460000 - 0x00007fff20509000 	C:\Windows\System32\msvcrt.dll
0x00007fff20250000 - 0x00007fff20379000 	C:\Windows\System32\gdi32full.dll
0x00007fff200e0000 - 0x00007fff20183000 	C:\Windows\System32\msvcp_win.dll
0x00007fff21eb0000 - 0x00007fff21ee1000 	C:\Windows\System32\IMM32.DLL
0x00007fff1bf50000 - 0x00007fff1bf5c000 	C:\Users\ishas\.vscode\extensions\redhat.java-1.56.0-win32-x64\jre\21.0.12.1-win32-x86_64\bin\vcruntime140_1.dll
0x00007ffeac2d0000 - 0x00007ffeac35d000 	C:\Users\ishas\.vscode\extensions\redhat.java-1.56.0-win32-x64\jre\21.0.12.1-win32-x86_64\bin\msvcp140.dll
0x00007ffe828b0000 - 0x00007ffe83652000 	C:\Users\ishas\.vscode\extensions\redhat.java-1.56.0-win32-x64\jre\21.0.12.1-win32-x86_64\bin\server\jvm.dll
0x00007fff21ef0000 - 0x00007fff21fac000 	C:\Windows\System32\ADVAPI32.dll
0x00007fff21e00000 - 0x00007fff21ea9000 	C:\Windows\System32\sechost.dll
0x00007fff22500000 - 0x00007fff22618000 	C:\Windows\System32\RPCRT4.dll
0x00007fff21c90000 - 0x00007fff21d10000 	C:\Windows\System32\WS2_32.dll
0x00007fff1f6c0000 - 0x00007fff1f71e000 	C:\Windows\SYSTEM32\POWRPROF.dll
0x00007fff17580000 - 0x00007fff175b6000 	C:\Windows\SYSTEM32\WINMM.dll
0x00007fff0cde0000 - 0x00007fff0cdeb000 	C:\Windows\SYSTEM32\VERSION.dll
0x00007fff1f6a0000 - 0x00007fff1f6b5000 	C:\Windows\SYSTEM32\UMPDC.dll
0x00007fff1e530000 - 0x00007fff1e54b000 	C:\Windows\SYSTEM32\kernel.appcore.dll
0x00007fff17090000 - 0x00007fff1709a000 	C:\Users\ishas\.vscode\extensions\redhat.java-1.56.0-win32-x64\jre\21.0.12.1-win32-x86_64\bin\jimage.dll
0x00007fff1ce70000 - 0x00007fff1d0bc000 	C:\Windows\SYSTEM32\DBGHELP.DLL
0x00007fff20ed0000 - 0x00007fff21255000 	C:\Windows\System32\combase.dll
0x00007fff21a50000 - 0x00007fff21b29000 	C:\Windows\System32\OLEAUT32.dll
0x00007fff17540000 - 0x00007fff1757b000 	C:\Windows\SYSTEM32\dbgcore.DLL
0x00007fff1fab0000 - 0x00007fff1fb5c000 	C:\Windows\System32\bcryptPrimitives.dll
0x00007ffebe020000 - 0x00007ffebe02f000 	C:\Users\ishas\.vscode\extensions\redhat.java-1.56.0-win32-x64\jre\21.0.12.1-win32-x86_64\bin\instrument.dll
0x00007ffedcd90000 - 0x00007ffedcdb0000 	C:\Users\ishas\.vscode\extensions\redhat.java-1.56.0-win32-x64\jre\21.0.12.1-win32-x86_64\bin\java.dll
0x00007fff20510000 - 0x00007fff20ca8000 	C:\Windows\System32\SHELL32.dll
0x00007fff1d290000 - 0x00007fff1db3e000 	C:\Windows\SYSTEM32\windows.storage.dll
0x00007fff21fc0000 - 0x00007fff220bb000 	C:\Windows\System32\SHCORE.dll
0x00007fff22490000 - 0x00007fff224f6000 	C:\Windows\System32\shlwapi.dll
0x00007fff1f780000 - 0x00007fff1f7a9000 	C:\Windows\SYSTEM32\profapi.dll
0x00007ffedcd70000 - 0x00007ffedcd88000 	C:\Users\ishas\.vscode\extensions\redhat.java-1.56.0-win32-x64\jre\21.0.12.1-win32-x86_64\bin\zip.dll
0x00007ffee04e0000 - 0x00007ffee04f0000 	C:\Users\ishas\.vscode\extensions\redhat.java-1.56.0-win32-x64\jre\21.0.12.1-win32-x86_64\bin\net.dll
0x00007fff0dc00000 - 0x00007fff0dd2a000 	C:\Windows\SYSTEM32\WINHTTP.dll
0x00007fff1eaf0000 - 0x00007fff1eb5c000 	C:\Windows\system32\mswsock.dll
0x00007ffedcd50000 - 0x00007ffedcd66000 	C:\Users\ishas\.vscode\extensions\redhat.java-1.56.0-win32-x64\jre\21.0.12.1-win32-x86_64\bin\nio.dll
0x00007ffebc9a0000 - 0x00007ffebc9b0000 	C:\Users\ishas\.vscode\extensions\redhat.java-1.56.0-win32-x64\jre\21.0.12.1-win32-x86_64\bin\verify.dll
0x00007ffeac360000 - 0x00007ffeac387000 	C:\Users\ishas\.gradle\native\1def1411415f61bf3af743bc5b6707747c0891f09f0c88961ee8f79bc544acac\windows-amd64\native-platform.dll
0x00007ffe88010000 - 0x00007ffe88088000 	C:\Users\ishas\.gradle\native\0.2.7\x86_64-windows-gnu\gradle-fileevents.dll
0x00007ffebc890000 - 0x00007ffebc89a000 	C:\Users\ishas\.vscode\extensions\redhat.java-1.56.0-win32-x64\jre\21.0.12.1-win32-x86_64\bin\management.dll
0x00007ffebc430000 - 0x00007ffebc43c000 	C:\Users\ishas\.vscode\extensions\redhat.java-1.56.0-win32-x64\jre\21.0.12.1-win32-x86_64\bin\management_ext.dll
0x00007fff20380000 - 0x00007fff20388000 	C:\Windows\System32\PSAPI.DLL
0x00007fff1df00000 - 0x00007fff1df33000 	C:\Windows\SYSTEM32\IPHLPAPI.DLL
0x00007fff22280000 - 0x00007fff2228a000 	C:\Windows\System32\NSI.dll
0x00007ffeb9d70000 - 0x00007ffeb9d79000 	C:\Users\ishas\.vscode\extensions\redhat.java-1.56.0-win32-x64\jre\21.0.12.1-win32-x86_64\bin\extnet.dll
0x00007fff1ede0000 - 0x00007fff1edfb000 	C:\Windows\SYSTEM32\CRYPTSP.dll
0x00007fff1e490000 - 0x00007fff1e4c9000 	C:\Windows\system32\rsaenh.dll
0x00007fff1eba0000 - 0x00007fff1ebd4000 	C:\Windows\SYSTEM32\USERENV.dll
0x00007fff1f750000 - 0x00007fff1f77a000 	C:\Windows\SYSTEM32\bcrypt.dll
0x00007fff1ee00000 - 0x00007fff1ee0c000 	C:\Windows\SYSTEM32\CRYPTBASE.dll
0x00007ffeb9300000 - 0x00007ffeb930e000 	C:\Users\ishas\.vscode\extensions\redhat.java-1.56.0-win32-x64\jre\21.0.12.1-win32-x86_64\bin\sunmscapi.dll
0x00007fff1f860000 - 0x00007fff1f9de000 	C:\Windows\System32\CRYPT32.dll
0x00007fff1f020000 - 0x00007fff1f050000 	C:\Windows\SYSTEM32\ncrypt.dll
0x00007fff1efd0000 - 0x00007fff1f00f000 	C:\Windows\SYSTEM32\NTASN1.dll
0x00007fff01a10000 - 0x00007fff01a18000 	C:\Windows\system32\wshunix.dll

JVMTI agents:
C:\Users\ishas\.gradle\wrapper\dists\gradle-8.14.3-all\10utluxaxniiv4wxiphsi49nj\gradle-8.14.3\lib\agents\gradle-instrumentation-agent-8.14.3.jar path:C:\Users\ishas\.vscode\extensions\redhat.java-1.56.0-win32-x64\jre\21.0.12.1-win32-x86_64\bin\instrument.dll, loaded, initialized, instrumentlib options:none

dbghelp: loaded successfully - version: 4.0.5 - missing functions: none
symbol engine: initialized successfully - sym options: 0x614 - pdb path: .;C:\Users\ishas\.vscode\extensions\redhat.java-1.56.0-win32-x64\jre\21.0.12.1-win32-x86_64\bin;C:\Windows\SYSTEM32;C:\Windows\WinSxS\amd64_microsoft.windows.common-controls_6595b64144ccf1df_6.0.26100.9278_none_3e0d1ba8e3303201;C:\Users\ishas\.vscode\extensions\redhat.java-1.56.0-win32-x64\jre\21.0.12.1-win32-x86_64\bin\server;C:\Users\ishas\.gradle\native\1def1411415f61bf3af743bc5b6707747c0891f09f0c88961ee8f79bc544acac\windows-amd64;C:\Users\ishas\.gradle\native\0.2.7\x86_64-windows-gnu

VM Arguments:
jvm_args: --add-opens=java.base/java.lang=ALL-UNNAMED --add-opens=java.base/java.lang.invoke=ALL-UNNAMED --add-opens=java.base/java.util=ALL-UNNAMED --add-opens=java.prefs/java.util.prefs=ALL-UNNAMED --add-exports=jdk.compiler/com.sun.tools.javac.api=ALL-UNNAMED --add-exports=jdk.compiler/com.sun.tools.javac.util=ALL-UNNAMED --add-opens=java.base/java.util=ALL-UNNAMED --add-opens=java.prefs/java.util.prefs=ALL-UNNAMED --add-opens=java.base/java.nio.charset=ALL-UNNAMED --add-opens=java.base/java.net=ALL-UNNAMED --add-opens=java.base/java.util.concurrent.atomic=ALL-UNNAMED --add-opens=java.xml/javax.xml.namespace=ALL-UNNAMED -Xmx1536m -Dfile.encoding=UTF-8 -Duser.country=IN -Duser.language=en -Duser.variant -javaagent:C:\Users\ishas\.gradle\wrapper\dists\gradle-8.14.3-all\10utluxaxniiv4wxiphsi49nj\gradle-8.14.3\lib\agents\gradle-instrumentation-agent-8.14.3.jar 
java_command: org.gradle.launcher.daemon.bootstrap.GradleDaemon 8.14.3
java_class_path (initial): C:\Users\ishas\.gradle\wrapper\dists\gradle-8.14.3-all\10utluxaxniiv4wxiphsi49nj\gradle-8.14.3\lib\gradle-daemon-main-8.14.3.jar
Launcher Type: SUN_STANDARD

[Global flags]
     intx CICompilerCount                          = 4                                         {product} {ergonomic}
     uint ConcGCThreads                            = 3                                         {product} {ergonomic}
     uint G1ConcRefinementThreads                  = 10                                        {product} {ergonomic}
   size_t G1HeapRegionSize                         = 1048576                                   {product} {ergonomic}
    uintx GCDrainStackTargetSize                   = 64                                        {product} {ergonomic}
   size_t InitialHeapSize                          = 264241152                                 {product} {ergonomic}
   size_t MarkStackSize                            = 4194304                                   {product} {ergonomic}
   size_t MaxHeapSize                              = 1610612736                                {product} {command line}
   size_t MaxNewSize                               = 965738496                                 {product} {ergonomic}
   size_t MinHeapDeltaBytes                        = 1048576                                   {product} {ergonomic}
   size_t MinHeapSize                              = 8388608                                   {product} {ergonomic}
    uintx NonNMethodCodeHeapSize                   = 5839372                                {pd product} {ergonomic}
    uintx NonProfiledCodeHeapSize                  = 122909434                              {pd product} {ergonomic}
    uintx ProfiledCodeHeapSize                     = 122909434                              {pd product} {ergonomic}
    uintx ReservedCodeCacheSize                    = 251658240                              {pd product} {ergonomic}
     bool SegmentedCodeCache                       = true                                      {product} {ergonomic}
   size_t SoftMaxHeapSize                          = 1610612736                             {manageable} {ergonomic}
     bool UseCompressedOops                        = true                           {product lp64_product} {ergonomic}
     bool UseG1GC                                  = true                                      {product} {ergonomic}
     bool UseLargePagesIndividualAllocation        = false                                  {pd product} {ergonomic}

Logging:
Log output configuration:
 #0: stdout all=warning uptime,level,tags foldmultilines=false
 #1: stderr all=off uptime,level,tags foldmultilines=false

Release file:
JAVA_VERSION="21.0.12.1" 
MODULES="java.base java.compiler java.datatransfer java.xml java.prefs java.desktop java.instrument java.logging java.management java.security.sasl java.naming java.rmi java.management.rmi java.net.http java.scripting java.security.jgss java.transaction.xa java.sql java.sql.rowset java.xml.crypto java.se java.smartcardio jdk.accessibility jdk.internal.jvmstat jdk.attach jdk.charsets jdk.internal.opt jdk.zipfs jdk.compiler jdk.crypto.ec jdk.crypto.cryptoki jdk.crypto.mscapi jdk.dynalink jdk.internal.ed jdk.editpad jdk.hotspot.agent jdk.httpserver jdk.internal.le jdk.internal.vm.ci jdk.internal.vm.compiler jdk.internal.vm.compiler.management jdk.jartool jdk.javadoc jdk.jcmd jdk.management jdk.management.agent jdk.jconsole jdk.jdeps jdk.jdwp.agent jdk.jdi jdk.jfr jdk.jshell jdk.jsobject jdk.jstatd jdk.localedata jdk.management.jfr jdk.naming.dns jdk.naming.rmi jdk.net jdk.nio.mapmode jdk.random jdk.sctp jdk.security.auth jdk.security.jgss jdk.unsupported jdk.unsupported.desktop jdk.xml.dom" 

Environment Variables:
PATH=C:\Program Files\Microsoft\jdk-17.0.12.7-hotspot\bin;C:\Program Files\Eclipse Adoptium\jdk-17.0.17.10-hotspot\bin;C:\Windows\system32;C:\Windows;C:\Windows\System32\Wbem;C:\Windows\System32\WindowsPowerShell\v1.0\;C:\Windows\System32\OpenSSH\;C:\Program Files\nodejs\;C:\Users\ishas\Downloads\apache-maven-3.9.11-bin\apache-maven-3.9.11\bin;C:\Users\ishas\Downloads\apache-maven-3.9.11-bin\apache-maven-3.9.11\bin;C:\Program Files\MySQL\MySQL Server 8.0\bin;C:\Users\ishas\AppData\Local\Programs\Python\Python313;C:\Program Files\Git\cmd;C:\Users\ishas\AppData\Local\Programs\Python\Launcher\;C:\Program Files\MySQL\MySQL Shell 8.0\bin\;C:\Users\ishas\AppData\Local\Microsoft\WindowsApps;C:\Users\ishas\AppData\Local\Programs\Microsoft VS Code\bin;C:\Users\ishas\AppData\Roaming\npm
USERNAME=ishas
OS=Windows_NT
PROCESSOR_IDENTIFIER=Intel64 Family 6 Model 186 Stepping 2, GenuineIntel
TMP=C:\Users\ishas\AppData\Local\Temp
TEMP=C:\Users\ishas\AppData\Local\Temp




Periodic native trim disabled

---------------  S Y S T E M  ---------------

OS:
 Windows 11 , 64 bit Build 26100 (10.0.26100.9444)
OS uptime: 0 days 0:25 hours
Hyper-V role detected

CPU: total 12 (initial active 12) (6 cores per cpu, 2 threads per core) family 6 model 186 stepping 2 microcode 0x4122, cx8, cmov, fxsr, ht, mmx, 3dnowpref, sse, sse2, sse3, ssse3, sse4.1, sse4.2, popcnt, lzcnt, tsc, tscinvbit, avx, avx2, aes, erms, clmul, bmi1, bmi2, adx, sha, fma, vzeroupper, clflush, clflushopt, clwb, hv, serialize, rdtscp, rdpid, fsrm, f16c, cet_ibt, cet_ss
Processor Information for processor 0
  Max Mhz: 2100, Current Mhz: 2100, Mhz Limit: 2100
Processor Information for processor 1
  Max Mhz: 2100, Current Mhz: 2100, Mhz Limit: 2100
Processor Information for processor 2
  Max Mhz: 2100, Current Mhz: 2100, Mhz Limit: 2100
Processor Information for processor 3
  Max Mhz: 2100, Current Mhz: 2100, Mhz Limit: 2100
Processor Information for processor 4
  Max Mhz: 2100, Current Mhz: 2100, Mhz Limit: 2100
Processor Information for processor 5
  Max Mhz: 2100, Current Mhz: 2100, Mhz Limit: 2100
Processor Information for processor 6
  Max Mhz: 2100, Current Mhz: 2100, Mhz Limit: 2100
Processor Information for processor 7
  Max Mhz: 2100, Current Mhz: 2100, Mhz Limit: 2100
Processor Information for processor 8
  Max Mhz: 2100, Current Mhz: 2100, Mhz Limit: 2100
Processor Information for processor 9
  Max Mhz: 2100, Current Mhz: 1540, Mhz Limit: 2100
Processor Information for processor 10
  Max Mhz: 2100, Current Mhz: 2100, Mhz Limit: 2100
Processor Information for processor 11
  Max Mhz: 2100, Current Mhz: 2100, Mhz Limit: 2100

Memory: 4k page, system-wide physical 16076M (293M free)
TotalPageFile size 65228M (AvailPageFile size 0M)
current process WorkingSet (physical memory assigned to process): 74M, peak: 149M
current process commit charge ("private bytes"): 242M, peak: 415M

vm_info: OpenJDK 64-Bit Server VM (21.0.12.1+1-LTS) for windows-amd64 JRE (21.0.12.1+1-LTS), built on 2026-08-18T00:00:00Z by "admin" with MS VC++ 17.12 (VS2022)

END.
