#
# There is insufficient memory for the Java Runtime Environment to continue.
# Native memory allocation (malloc) failed to allocate 32744 bytes. Error detail: Chunk::new
# Possible reasons:
#   The system is out of physical RAM or swap space
#   This process is running with CompressedOops enabled, and the Java Heap may be blocking the growth of the native heap
# Possible solutions:
#   Reduce memory load on the system
#   Increase physical memory or swap space
#   Check if swap backing store is full
#   Decrease Java heap size (-Xmx/-Xms)
#   Decrease number of Java threads
#   Decrease Java thread stack sizes (-Xss)
#   Set larger code cache with -XX:ReservedCodeCacheSize=
#   JVM is running with Unscaled Compressed Oops mode in which the Java heap is
#     placed in the first 4GB address space. The Java Heap base address is the
#     maximum limit for the native heap growth. Please use -XX:HeapBaseMinAddress
#     to set the Java Heap base and to place the Java Heap above 4GB virtual address.
# This output file may be truncated or incomplete.
#
#  Out of Memory Error (arena.cpp:168), pid=31780, tid=35080
#
# JRE version: OpenJDK Runtime Environment Temurin-21.0.12.1+1 (21.0.12.1+1) (build 21.0.12.1+1-LTS)
# Java VM: OpenJDK 64-Bit Server VM Temurin-21.0.12.1+1 (21.0.12.1+1-LTS, mixed mode, sharing, tiered, compressed oops, compressed class ptrs, g1 gc, windows-amd64)
# No core dump will be written. Minidumps are not enabled by default on client versions of Windows
#

---------------  S U M M A R Y ------------

Command Line: --add-opens=java.base/java.lang=ALL-UNNAMED --add-opens=java.base/java.lang.invoke=ALL-UNNAMED --add-opens=java.base/java.util=ALL-UNNAMED --add-opens=java.prefs/java.util.prefs=ALL-UNNAMED --add-exports=jdk.compiler/com.sun.tools.javac.api=ALL-UNNAMED --add-exports=jdk.compiler/com.sun.tools.javac.util=ALL-UNNAMED --add-opens=java.base/java.util=ALL-UNNAMED --add-opens=java.prefs/java.util.prefs=ALL-UNNAMED --add-opens=java.base/java.nio.charset=ALL-UNNAMED --add-opens=java.base/java.net=ALL-UNNAMED --add-opens=java.base/java.util.concurrent.atomic=ALL-UNNAMED --add-opens=java.xml/javax.xml.namespace=ALL-UNNAMED -Xmx1536m -Dfile.encoding=UTF-8 -Duser.country=IN -Duser.language=en -Duser.variant -javaagent:C:\Users\ishas\.gradle\wrapper\dists\gradle-8.14.3-all\10utluxaxniiv4wxiphsi49nj\gradle-8.14.3\lib\agents\gradle-instrumentation-agent-8.14.3.jar org.gradle.launcher.daemon.bootstrap.GradleDaemon 8.14.3

Host: 13th Gen Intel(R) Core(TM) i5-13420H, 12 cores, 15G,  Windows 11 , 64 bit Build 26100 (10.0.26100.9444)
Time: Mon Sep 14 18:23:22 2026 India Standard Time elapsed time: 921.895965 seconds (0d 0h 15m 21s)

---------------  T H R E A D  ---------------

Current thread (0x000001c7b074c820):  JavaThread "C2 CompilerThread0" daemon [_thread_in_native, id=35080, stack(0x0000003365700000,0x0000003365800000) (1024K)]


Current CompileTask:
C2:921896 4251       4       org.gradle.internal.time.ExponentialBackoff::retryUntil (65 bytes)

Stack: [0x0000003365700000,0x0000003365800000]
Native frames: (J=compiled Java code, j=interpreted, Vv=VM code, C=native code)
V  [jvm.dll+0x6d83e9]
V  [jvm.dll+0x8b5736]
V  [jvm.dll+0x8b7cee]
V  [jvm.dll+0x8b83d3]
V  [jvm.dll+0x284596]
V  [jvm.dll+0xc685d]
V  [jvm.dll+0xc6da1]
V  [jvm.dll+0xc6985]
V  [jvm.dll+0x6b3338]
V  [jvm.dll+0x6b1cc6]
V  [jvm.dll+0x6772fb]
V  [jvm.dll+0x3a640c]
V  [jvm.dll+0x13a1fc]
V  [jvm.dll+0x13a05c]
V  [jvm.dll+0x39b114]
V  [jvm.dll+0x6f5f9e]
V  [jvm.dll+0x6f5287]
V  [jvm.dll+0x6f0656]
V  [jvm.dll+0x6ea969]
V  [jvm.dll+0x6ea069]
V  [jvm.dll+0x6e80ee]
V  [jvm.dll+0x1ce4fc]
V  [jvm.dll+0x1cf09e]
V  [jvm.dll+0x1cf09e]
V  [jvm.dll+0x2fa7dc]
V  [jvm.dll+0x6f2873]
V  [jvm.dll+0x6ea969]
V  [jvm.dll+0x6ea069]
V  [jvm.dll+0x6e80ee]
V  [jvm.dll+0x1ce4fc]
V  [jvm.dll+0x24b919]
V  [jvm.dll+0x1cb4ae]
V  [jvm.dll+0x25baad]
V  [jvm.dll+0x25a03a]
V  [jvm.dll+0x3f8aae]
V  [jvm.dll+0x8600cd]
V  [jvm.dll+0x6d6c1d]
C  [ucrtbase.dll+0x2cd30]
C  [KERNEL32.DLL+0x2cd87]
C  [ntdll.dll+0xacaec]


---------------  P R O C E S S  ---------------

Threads class SMR info:
_java_thread_list=0x000001c7f6753520, length=29, elements={
0x000001c797079400, 0x000001c7b0742640, 0x000001c7b0743ec0, 0x000001c7b0747750,
0x000001c7b074a1c0, 0x000001c7b074b030, 0x000001c7b074ba90, 0x000001c7b074c820,
0x000001c7b0751a30, 0x000001c7b093cc50, 0x000001c7b09e31b0, 0x000001c7f7486c50,
0x000001c7f6adf590, 0x000001c7f7834000, 0x000001c7b086ce00, 0x000001c7f6b1ff70,
0x000001c7f79abe70, 0x000001c7f79ac500, 0x000001c7f79ae5d0, 0x000001c7f79acb90,
0x000001c7f79af2f0, 0x000001c7f79ad220, 0x000001c7f79aec60, 0x000001c7f79adf40,
0x000001c7f8fced50, 0x000001c7f8fd0100, 0x000001c7f8fcf3e0, 0x000001c7f8fcfa70,
0x000001c7f8fd0e20
}

Java Threads: ( => current thread )
  0x000001c797079400 JavaThread "main"                              [_thread_blocked, id=17328, stack(0x0000003364900000,0x0000003364a00000) (1024K)]
  0x000001c7b0742640 JavaThread "Reference Handler"          daemon [_thread_blocked, id=35056, stack(0x0000003365100000,0x0000003365200000) (1024K)]
  0x000001c7b0743ec0 JavaThread "Finalizer"                  daemon [_thread_blocked, id=35060, stack(0x0000003365200000,0x0000003365300000) (1024K)]
  0x000001c7b0747750 JavaThread "Signal Dispatcher"          daemon [_thread_blocked, id=35064, stack(0x0000003365300000,0x0000003365400000) (1024K)]
  0x000001c7b074a1c0 JavaThread "Attach Listener"            daemon [_thread_blocked, id=35068, stack(0x0000003365400000,0x0000003365500000) (1024K)]
  0x000001c7b074b030 JavaThread "Service Thread"             daemon [_thread_blocked, id=35072, stack(0x0000003365500000,0x0000003365600000) (1024K)]
  0x000001c7b074ba90 JavaThread "Monitor Deflation Thread"   daemon [_thread_blocked, id=35076, stack(0x0000003365600000,0x0000003365700000) (1024K)]
=>0x000001c7b074c820 JavaThread "C2 CompilerThread0"         daemon [_thread_in_native, id=35080, stack(0x0000003365700000,0x0000003365800000) (1024K)]
  0x000001c7b0751a30 JavaThread "C1 CompilerThread0"         daemon [_thread_blocked, id=35084, stack(0x0000003365800000,0x0000003365900000) (1024K)]
  0x000001c7b093cc50 JavaThread "Common-Cleaner"             daemon [_thread_blocked, id=35224, stack(0x0000003365900000,0x0000003365a00000) (1024K)]
  0x000001c7b09e31b0 JavaThread "Notification Thread"        daemon [_thread_blocked, id=35248, stack(0x0000003365a00000,0x0000003365b00000) (1024K)]
  0x000001c7f7486c50 JavaThread "Daemon health stats"               [_thread_blocked, id=35280, stack(0x0000003366000000,0x0000003366100000) (1024K)]
  0x000001c7f6adf590 JavaThread "Incoming local TCP Connector on port 59844"        [_thread_in_native, id=34688, stack(0x0000003366100000,0x0000003366200000) (1024K)]
  0x000001c7f7834000 JavaThread "Daemon periodic checks"            [_thread_blocked, id=25828, stack(0x0000003366200000,0x0000003366300000) (1024K)]
  0x000001c7b086ce00 JavaThread "Daemon"                            [_thread_blocked, id=40016, stack(0x0000003366300000,0x0000003366400000) (1024K)]
  0x000001c7f6b1ff70 JavaThread "Handler for socket connection from /127.0.0.1:59844 to /127.0.0.1:59867"        [_thread_in_native, id=40020, stack(0x0000003366400000,0x0000003366500000) (1024K)]
  0x000001c7f79abe70 JavaThread "Cancel handler"                    [_thread_blocked, id=40048, stack(0x0000003366500000,0x0000003366600000) (1024K)]
  0x000001c7f79ac500 JavaThread "Daemon worker"                     [_thread_blocked, id=40212, stack(0x0000003366600000,0x0000003366700000) (1024K)]
  0x000001c7f79ae5d0 JavaThread "Asynchronous log dispatcher for DefaultDaemonConnection: socket connection from /127.0.0.1:59844 to /127.0.0.1:59867"        [_thread_blocked, id=40216, stack(0x0000003366700000,0x0000003366800000) (1024K)]
  0x000001c7f79acb90 JavaThread "Stdin handler"                     [_thread_blocked, id=40220, stack(0x0000003366800000,0x0000003366900000) (1024K)]
  0x000001c7f79af2f0 JavaThread "Daemon client event forwarder"        [_thread_blocked, id=40224, stack(0x0000003366900000,0x0000003366a00000) (1024K)]
  0x000001c7f79ad220 JavaThread "Cache worker for journal cache (C:\Users\ishas\.gradle\caches\journal-1)"        [_thread_blocked, id=40360, stack(0x0000003366a00000,0x0000003366b00000) (1024K)]
  0x000001c7f79aec60 JavaThread "File lock request listener"        [_thread_in_native, id=40364, stack(0x0000003366b00000,0x0000003366c00000) (1024K)]
  0x000001c7f79adf40 JavaThread "Cache worker for file hash cache (C:\Users\ishas\.gradle\caches\8.14.3\fileHashes)"        [_thread_blocked, id=40488, stack(0x0000003366d00000,0x0000003366e00000) (1024K)]
  0x000001c7f8fced50 JavaThread "Cache worker for file hash cache (C:\Users\ishas\Downloads\ai-yoga-assistant-razorpay-v9\yoga3\android\.gradle\8.14.3\fileHashes)"        [_thread_blocked, id=39704, stack(0x0000003367400000,0x0000003367500000) (1024K)]
  0x000001c7f8fd0100 JavaThread "Cache worker for Build Output Cleanup Cache (C:\Users\ishas\Downloads\ai-yoga-assistant-razorpay-v9\yoga3\android\.gradle\buildOutputCleanup)"        [_thread_blocked, id=39732, stack(0x0000003367500000,0x0000003367600000) (1024K)]
  0x000001c7f8fcf3e0 JavaThread "File watcher server"        daemon [_thread_in_native, id=40060, stack(0x0000003367600000,0x0000003367700000) (1024K)]
  0x000001c7f8fcfa70 JavaThread "File watcher consumer"      daemon [_thread_blocked, id=39724, stack(0x0000003367700000,0x0000003367800000) (1024K)]
  0x000001c7f8fd0e20 JavaThread "jar transforms"                    [_thread_blocked, id=52128, stack(0x0000003364800000,0x0000003364900000) (1024K)]
Total: 29

Other Threads:
  0x000001c7b0722090 VMThread "VM Thread"                           [id=27676, stack(0x0000003365000000,0x0000003365100000) (1024K)]
  0x000001c7b070ca90 WatcherThread "VM Periodic Task Thread"        [id=34508, stack(0x0000003364f00000,0x0000003365000000) (1024K)]
  0x000001c799566180 WorkerThread "GC Thread#0"                     [id=27144, stack(0x0000003364a00000,0x0000003364b00000) (1024K)]
  0x000001c7b0a06320 WorkerThread "GC Thread#1"                     [id=2464, stack(0x0000003365b00000,0x0000003365c00000) (1024K)]
  0x000001c7f60b3a70 WorkerThread "GC Thread#2"                     [id=27476, stack(0x0000003365c00000,0x0000003365d00000) (1024K)]
  0x000001c7f6043870 WorkerThread "GC Thread#3"                     [id=18636, stack(0x0000003365d00000,0x0000003365e00000) (1024K)]
  0x000001c7f6043c20 WorkerThread "GC Thread#4"                     [id=12764, stack(0x0000003365e00000,0x0000003365f00000) (1024K)]
  0x000001c7f6043fd0 WorkerThread "GC Thread#5"                     [id=34936, stack(0x0000003365f00000,0x0000003366000000) (1024K)]
  0x000001c7f7df1990 WorkerThread "GC Thread#6"                     [id=31868, stack(0x0000003366e00000,0x0000003366f00000) (1024K)]
  0x000001c7f7df4220 WorkerThread "GC Thread#7"                     [id=30036, stack(0x0000003366f00000,0x0000003367000000) (1024K)]
  0x000001c7f7df1230 WorkerThread "GC Thread#8"                     [id=40204, stack(0x0000003367000000,0x0000003367100000) (1024K)]
  0x000001c7f7df0720 WorkerThread "GC Thread#9"                     [id=40260, stack(0x0000003367100000,0x0000003367200000) (1024K)]
  0x000001c799573080 ConcurrentGCThread "G1 Main Marker"            [id=34128, stack(0x0000003364b00000,0x0000003364c00000) (1024K)]
  0x000001c799574920 WorkerThread "G1 Conc#0"                       [id=29272, stack(0x0000003364c00000,0x0000003364d00000) (1024K)]
  0x000001c7f7df1d40 WorkerThread "G1 Conc#1"                       [id=26568, stack(0x0000003367200000,0x0000003367300000) (1024K)]
  0x000001c7f7df3360 WorkerThread "G1 Conc#2"                       [id=39776, stack(0x0000003367300000,0x0000003367400000) (1024K)]
  0x000001c7b05dea70 ConcurrentGCThread "G1 Refine#0"               [id=26152, stack(0x0000003364d00000,0x0000003364e00000) (1024K)]
  0x000001c7b05e0410 ConcurrentGCThread "G1 Service"                [id=28588, stack(0x0000003364e00000,0x0000003364f00000) (1024K)]
Total: 18

Threads with active compile tasks:
C2 CompilerThread0  922063 4251       4       org.gradle.internal.time.ExponentialBackoff::retryUntil (65 bytes)
Total: 1

VM state: not at safepoint (normal execution)

VM Mutex/Monitor currently owned by a thread: None

Heap address: 0x00000000a0000000, size: 1536 MB, Compressed Oops mode: 32-bit

CDS archive(s) mapped at: [0x000001c7b1000000-0x000001c7b1ba0000-0x000001c7b1ba0000), size 12189696, SharedBaseAddress: 0x000001c7b1000000, ArchiveRelocationMode: 1.
Compressed class space mapped at: 0x000001c7b2000000-0x000001c7f2000000, reserved size: 1073741824
Narrow klass base: 0x000001c7b1000000, Narrow klass shift: 0, Narrow klass range: 0x100000000

GC Precious Log:
 CardTable entry size: 512
 Card Set container configuration: InlinePtr #cards 5 size 8 Array Of Cards #cards 12 size 40 Howl #buckets 4 coarsen threshold 1843 Howl Bitmap #cards 512 size 80 coarsen threshold 460 Card regions per heap region 1 cards per card region 2048
 CPUs: 12 total, 12 available
 Memory: 16076M
 Large Page Support: Disabled
 NUMA Support: Disabled
 Compressed Oops: Enabled (32-bit)
 Heap Region Size: 1M
 Heap Min Capacity: 8M
 Heap Initial Capacity: 252M
 Heap Max Capacity: 1536M
 Pre-touch: Disabled
 Parallel Workers: 10
 Concurrent Workers: 3
 Concurrent Refinement Workers: 10
 Periodic GC: Disabled

Heap:
 garbage-first heap   total 98304K, used 63780K [0x00000000a0000000, 0x0000000100000000)
  region size 1024K, 41 young (41984K), 3 survivors (3072K)
 Metaspace       used 26900K, committed 27840K, reserved 1114112K
  class space    used 4033K, committed 4480K, reserved 1048576K

Heap Regions: E=young(eden), S=young(survivor), O=old, HS=humongous(starts), HC=humongous(continues), CS=collection set, F=free, TAMS=top-at-mark-start, PB=parsable bottom
|   0|0x00000000a0000000, 0x00000000a0100000, 0x00000000a0100000|100%|HS|  |TAMS 0x00000000a0000000| PB 0x00000000a0000000| Complete 
|   1|0x00000000a0100000, 0x00000000a0200000, 0x00000000a0200000|100%|HC|  |TAMS 0x00000000a0100000| PB 0x00000000a0100000| Complete 
|   2|0x00000000a0200000, 0x00000000a0300000, 0x00000000a0300000|100%|HC|  |TAMS 0x00000000a0200000| PB 0x00000000a0200000| Complete 
|   3|0x00000000a0300000, 0x00000000a0400000, 0x00000000a0400000|100%| O|  |TAMS 0x00000000a0300000| PB 0x00000000a0300000| Untracked 
|   4|0x00000000a0400000, 0x00000000a0500000, 0x00000000a0500000|100%| O|  |TAMS 0x00000000a0400000| PB 0x00000000a0400000| Untracked 
|   5|0x00000000a0500000, 0x00000000a0600000, 0x00000000a0600000|100%| O|  |TAMS 0x00000000a0500000| PB 0x00000000a0500000| Untracked 
|   6|0x00000000a0600000, 0x00000000a0700000, 0x00000000a0700000|100%|HS|  |TAMS 0x00000000a0600000| PB 0x00000000a0600000| Complete 
|   7|0x00000000a0700000, 0x00000000a0800000, 0x00000000a0800000|100%| O|  |TAMS 0x00000000a0700000| PB 0x00000000a0700000| Untracked 
|   8|0x00000000a0800000, 0x00000000a0900000, 0x00000000a0900000|100%| O|  |TAMS 0x00000000a0800000| PB 0x00000000a0800000| Untracked 
|   9|0x00000000a0900000, 0x00000000a0a00000, 0x00000000a0a00000|100%| O|  |TAMS 0x00000000a0900000| PB 0x00000000a0900000| Untracked 
|  10|0x00000000a0a00000, 0x00000000a0b00000, 0x00000000a0b00000|100%| O|  |TAMS 0x00000000a0a00000| PB 0x00000000a0a00000| Untracked 
|  11|0x00000000a0b00000, 0x00000000a0c00000, 0x00000000a0c00000|100%| O|  |TAMS 0x00000000a0b00000| PB 0x00000000a0b00000| Untracked 
|  12|0x00000000a0c00000, 0x00000000a0c00000, 0x00000000a0d00000|  0%| F|  |TAMS 0x00000000a0c00000| PB 0x00000000a0c00000| Untracked 
|  13|0x00000000a0d00000, 0x00000000a0e00000, 0x00000000a0e00000|100%| O|  |TAMS 0x00000000a0d00000| PB 0x00000000a0d00000| Untracked 
|  14|0x00000000a0e00000, 0x00000000a0f00000, 0x00000000a0f00000|100%| O|  |TAMS 0x00000000a0e00000| PB 0x00000000a0e00000| Untracked 
|  15|0x00000000a0f00000, 0x00000000a1000000, 0x00000000a1000000|100%| O|  |TAMS 0x00000000a0f00000| PB 0x00000000a0f00000| Untracked 
|  16|0x00000000a1000000, 0x00000000a1100000, 0x00000000a1100000|100%| O|  |TAMS 0x00000000a1000000| PB 0x00000000a1000000| Untracked 
|  17|0x00000000a1100000, 0x00000000a1200000, 0x00000000a1200000|100%| O|  |TAMS 0x00000000a1100000| PB 0x00000000a1100000| Untracked 
|  18|0x00000000a1200000, 0x00000000a1300000, 0x00000000a1300000|100%| O|  |TAMS 0x00000000a1200000| PB 0x00000000a1200000| Untracked 
|  19|0x00000000a1300000, 0x00000000a1349250, 0x00000000a1400000| 28%| O|  |TAMS 0x00000000a1300000| PB 0x00000000a1300000| Untracked 
|  20|0x00000000a1400000, 0x00000000a1400000, 0x00000000a1500000|  0%| F|  |TAMS 0x00000000a1400000| PB 0x00000000a1400000| Untracked 
|  21|0x00000000a1500000, 0x00000000a1500000, 0x00000000a1600000|  0%| F|  |TAMS 0x00000000a1500000| PB 0x00000000a1500000| Untracked 
|  22|0x00000000a1600000, 0x00000000a1600000, 0x00000000a1700000|  0%| F|  |TAMS 0x00000000a1600000| PB 0x00000000a1600000| Untracked 
|  23|0x00000000a1700000, 0x00000000a1700000, 0x00000000a1800000|  0%| F|  |TAMS 0x00000000a1700000| PB 0x00000000a1700000| Untracked 
|  24|0x00000000a1800000, 0x00000000a1800000, 0x00000000a1900000|  0%| F|  |TAMS 0x00000000a1800000| PB 0x00000000a1800000| Untracked 
|  25|0x00000000a1900000, 0x00000000a1900000, 0x00000000a1a00000|  0%| F|  |TAMS 0x00000000a1900000| PB 0x00000000a1900000| Untracked 
|  26|0x00000000a1a00000, 0x00000000a1a00000, 0x00000000a1b00000|  0%| F|  |TAMS 0x00000000a1a00000| PB 0x00000000a1a00000| Untracked 
|  27|0x00000000a1b00000, 0x00000000a1b00000, 0x00000000a1c00000|  0%| F|  |TAMS 0x00000000a1b00000| PB 0x00000000a1b00000| Untracked 
|  28|0x00000000a1c00000, 0x00000000a1c00000, 0x00000000a1d00000|  0%| F|  |TAMS 0x00000000a1c00000| PB 0x00000000a1c00000| Untracked 
|  29|0x00000000a1d00000, 0x00000000a1d00000, 0x00000000a1e00000|  0%| F|  |TAMS 0x00000000a1d00000| PB 0x00000000a1d00000| Untracked 
|  30|0x00000000a1e00000, 0x00000000a1e00000, 0x00000000a1f00000|  0%| F|  |TAMS 0x00000000a1e00000| PB 0x00000000a1e00000| Untracked 
|  31|0x00000000a1f00000, 0x00000000a2000000, 0x00000000a2000000|100%| S|CS|TAMS 0x00000000a1f00000| PB 0x00000000a1f00000| Complete 
|  32|0x00000000a2000000, 0x00000000a2100000, 0x00000000a2100000|100%| S|CS|TAMS 0x00000000a2000000| PB 0x00000000a2000000| Complete 
|  33|0x00000000a2100000, 0x00000000a2200000, 0x00000000a2200000|100%| S|CS|TAMS 0x00000000a2100000| PB 0x00000000a2100000| Complete 
|  34|0x00000000a2200000, 0x00000000a2200000, 0x00000000a2300000|  0%| F|  |TAMS 0x00000000a2200000| PB 0x00000000a2200000| Untracked 
|  35|0x00000000a2300000, 0x00000000a2300000, 0x00000000a2400000|  0%| F|  |TAMS 0x00000000a2300000| PB 0x00000000a2300000| Untracked 
|  36|0x00000000a2400000, 0x00000000a2400000, 0x00000000a2500000|  0%| F|  |TAMS 0x00000000a2400000| PB 0x00000000a2400000| Untracked 
|  37|0x00000000a2500000, 0x00000000a2500000, 0x00000000a2600000|  0%| F|  |TAMS 0x00000000a2500000| PB 0x00000000a2500000| Untracked 
|  38|0x00000000a2600000, 0x00000000a2600000, 0x00000000a2700000|  0%| F|  |TAMS 0x00000000a2600000| PB 0x00000000a2600000| Untracked 
|  39|0x00000000a2700000, 0x00000000a2700000, 0x00000000a2800000|  0%| F|  |TAMS 0x00000000a2700000| PB 0x00000000a2700000| Untracked 
|  40|0x00000000a2800000, 0x00000000a2800000, 0x00000000a2900000|  0%| F|  |TAMS 0x00000000a2800000| PB 0x00000000a2800000| Untracked 
|  41|0x00000000a2900000, 0x00000000a2900000, 0x00000000a2a00000|  0%| F|  |TAMS 0x00000000a2900000| PB 0x00000000a2900000| Untracked 
|  42|0x00000000a2a00000, 0x00000000a2a00000, 0x00000000a2b00000|  0%| F|  |TAMS 0x00000000a2a00000| PB 0x00000000a2a00000| Untracked 
|  43|0x00000000a2b00000, 0x00000000a2b00000, 0x00000000a2c00000|  0%| F|  |TAMS 0x00000000a2b00000| PB 0x00000000a2b00000| Untracked 
|  44|0x00000000a2c00000, 0x00000000a2c00000, 0x00000000a2d00000|  0%| F|  |TAMS 0x00000000a2c00000| PB 0x00000000a2c00000| Untracked 
|  45|0x00000000a2d00000, 0x00000000a2d00000, 0x00000000a2e00000|  0%| F|  |TAMS 0x00000000a2d00000| PB 0x00000000a2d00000| Untracked 
|  46|0x00000000a2e00000, 0x00000000a2e00000, 0x00000000a2f00000|  0%| F|  |TAMS 0x00000000a2e00000| PB 0x00000000a2e00000| Untracked 
|  47|0x00000000a2f00000, 0x00000000a2f00000, 0x00000000a3000000|  0%| F|  |TAMS 0x00000000a2f00000| PB 0x00000000a2f00000| Untracked 
|  48|0x00000000a3000000, 0x00000000a3000000, 0x00000000a3100000|  0%| F|  |TAMS 0x00000000a3000000| PB 0x00000000a3000000| Untracked 
|  49|0x00000000a3100000, 0x00000000a3100000, 0x00000000a3200000|  0%| F|  |TAMS 0x00000000a3100000| PB 0x00000000a3100000| Untracked 
|  50|0x00000000a3200000, 0x00000000a3200000, 0x00000000a3300000|  0%| F|  |TAMS 0x00000000a3200000| PB 0x00000000a3200000| Untracked 
|  51|0x00000000a3300000, 0x00000000a3300000, 0x00000000a3400000|  0%| F|  |TAMS 0x00000000a3300000| PB 0x00000000a3300000| Untracked 
|  52|0x00000000a3400000, 0x00000000a3400000, 0x00000000a3500000|  0%| F|  |TAMS 0x00000000a3400000| PB 0x00000000a3400000| Untracked 
|  53|0x00000000a3500000, 0x00000000a3598760, 0x00000000a3600000| 59%| E|  |TAMS 0x00000000a3500000| PB 0x00000000a3500000| Complete 
|  54|0x00000000a3600000, 0x00000000a3700000, 0x00000000a3700000|100%| E|CS|TAMS 0x00000000a3600000| PB 0x00000000a3600000| Complete 
|  55|0x00000000a3700000, 0x00000000a3800000, 0x00000000a3800000|100%| E|CS|TAMS 0x00000000a3700000| PB 0x00000000a3700000| Complete 
|  56|0x00000000a3800000, 0x00000000a3900000, 0x00000000a3900000|100%| E|CS|TAMS 0x00000000a3800000| PB 0x00000000a3800000| Complete 
|  57|0x00000000a3900000, 0x00000000a3a00000, 0x00000000a3a00000|100%| E|CS|TAMS 0x00000000a3900000| PB 0x00000000a3900000| Complete 
|  58|0x00000000a3a00000, 0x00000000a3b00000, 0x00000000a3b00000|100%| E|CS|TAMS 0x00000000a3a00000| PB 0x00000000a3a00000| Complete 
|  59|0x00000000a3b00000, 0x00000000a3c00000, 0x00000000a3c00000|100%| E|  |TAMS 0x00000000a3b00000| PB 0x00000000a3b00000| Complete 
|  60|0x00000000a3c00000, 0x00000000a3d00000, 0x00000000a3d00000|100%| E|CS|TAMS 0x00000000a3c00000| PB 0x00000000a3c00000| Complete 
|  61|0x00000000a3d00000, 0x00000000a3e00000, 0x00000000a3e00000|100%| E|CS|TAMS 0x00000000a3d00000| PB 0x00000000a3d00000| Complete 
|  62|0x00000000a3e00000, 0x00000000a3f00000, 0x00000000a3f00000|100%| E|CS|TAMS 0x00000000a3e00000| PB 0x00000000a3e00000| Complete 
|  63|0x00000000a3f00000, 0x00000000a4000000, 0x00000000a4000000|100%| E|CS|TAMS 0x00000000a3f00000| PB 0x00000000a3f00000| Complete 
|  64|0x00000000a4000000, 0x00000000a4100000, 0x00000000a4100000|100%| E|CS|TAMS 0x00000000a4000000| PB 0x00000000a4000000| Complete 
|  65|0x00000000a4100000, 0x00000000a4200000, 0x00000000a4200000|100%| E|CS|TAMS 0x00000000a4100000| PB 0x00000000a4100000| Complete 
|  66|0x00000000a4200000, 0x00000000a4300000, 0x00000000a4300000|100%| E|CS|TAMS 0x00000000a4200000| PB 0x00000000a4200000| Complete 
|  67|0x00000000a4300000, 0x00000000a4400000, 0x00000000a4400000|100%| E|CS|TAMS 0x00000000a4300000| PB 0x00000000a4300000| Complete 
|  68|0x00000000a4400000, 0x00000000a4500000, 0x00000000a4500000|100%| E|CS|TAMS 0x00000000a4400000| PB 0x00000000a4400000| Complete 
|  69|0x00000000a4500000, 0x00000000a4600000, 0x00000000a4600000|100%| E|CS|TAMS 0x00000000a4500000| PB 0x00000000a4500000| Complete 
|  70|0x00000000a4600000, 0x00000000a4700000, 0x00000000a4700000|100%| E|CS|TAMS 0x00000000a4600000| PB 0x00000000a4600000| Complete 
|  71|0x00000000a4700000, 0x00000000a4800000, 0x00000000a4800000|100%| E|CS|TAMS 0x00000000a4700000| PB 0x00000000a4700000| Complete 
|  72|0x00000000a4800000, 0x00000000a4900000, 0x00000000a4900000|100%| E|CS|TAMS 0x00000000a4800000| PB 0x00000000a4800000| Complete 
|  73|0x00000000a4900000, 0x00000000a4a00000, 0x00000000a4a00000|100%| E|CS|TAMS 0x00000000a4900000| PB 0x00000000a4900000| Complete 
|  74|0x00000000a4a00000, 0x00000000a4b00000, 0x00000000a4b00000|100%| E|CS|TAMS 0x00000000a4a00000| PB 0x00000000a4a00000| Complete 
|  75|0x00000000a4b00000, 0x00000000a4c00000, 0x00000000a4c00000|100%| E|CS|TAMS 0x00000000a4b00000| PB 0x00000000a4b00000| Complete 
|  76|0x00000000a4c00000, 0x00000000a4d00000, 0x00000000a4d00000|100%| E|CS|TAMS 0x00000000a4c00000| PB 0x00000000a4c00000| Complete 
|  77|0x00000000a4d00000, 0x00000000a4e00000, 0x00000000a4e00000|100%| E|CS|TAMS 0x00000000a4d00000| PB 0x00000000a4d00000| Complete 
| 137|0x00000000a8900000, 0x00000000a8a00000, 0x00000000a8a00000|100%| E|CS|TAMS 0x00000000a8900000| PB 0x00000000a8900000| Complete 
| 138|0x00000000a8a00000, 0x00000000a8b00000, 0x00000000a8b00000|100%| E|CS|TAMS 0x00000000a8a00000| PB 0x00000000a8a00000| Complete 
| 139|0x00000000a8b00000, 0x00000000a8c00000, 0x00000000a8c00000|100%| E|CS|TAMS 0x00000000a8b00000| PB 0x00000000a8b00000| Complete 
| 140|0x00000000a8c00000, 0x00000000a8d00000, 0x00000000a8d00000|100%| E|CS|TAMS 0x00000000a8c00000| PB 0x00000000a8c00000| Complete 
| 141|0x00000000a8d00000, 0x00000000a8e00000, 0x00000000a8e00000|100%| E|CS|TAMS 0x00000000a8d00000| PB 0x00000000a8d00000| Complete 
| 142|0x00000000a8e00000, 0x00000000a8f00000, 0x00000000a8f00000|100%| E|CS|TAMS 0x00000000a8e00000| PB 0x00000000a8e00000| Complete 
| 143|0x00000000a8f00000, 0x00000000a9000000, 0x00000000a9000000|100%| E|CS|TAMS 0x00000000a8f00000| PB 0x00000000a8f00000| Complete 
| 144|0x00000000a9000000, 0x00000000a9100000, 0x00000000a9100000|100%| E|CS|TAMS 0x00000000a9000000| PB 0x00000000a9000000| Complete 
| 145|0x00000000a9100000, 0x00000000a9200000, 0x00000000a9200000|100%| E|CS|TAMS 0x00000000a9100000| PB 0x00000000a9100000| Complete 
| 146|0x00000000a9200000, 0x00000000a9300000, 0x00000000a9300000|100%| E|CS|TAMS 0x00000000a9200000| PB 0x00000000a9200000| Complete 
| 147|0x00000000a9300000, 0x00000000a9400000, 0x00000000a9400000|100%| E|CS|TAMS 0x00000000a9300000| PB 0x00000000a9300000| Complete 
| 148|0x00000000a9400000, 0x00000000a9500000, 0x00000000a9500000|100%| E|CS|TAMS 0x00000000a9400000| PB 0x00000000a9400000| Complete 
| 251|0x00000000afb00000, 0x00000000afc00000, 0x00000000afc00000|100%| E|CS|TAMS 0x00000000afb00000| PB 0x00000000afb00000| Complete 
|1531|0x00000000ffb00000, 0x00000000ffc00000, 0x00000000ffc00000|100%| O|  |TAMS 0x00000000ffb00000| PB 0x00000000ffb00000| Untracked 
|1532|0x00000000ffc00000, 0x00000000ffd00000, 0x00000000ffd00000|100%| O|  |TAMS 0x00000000ffc00000| PB 0x00000000ffc00000| Untracked 
|1533|0x00000000ffd00000, 0x00000000ffe00000, 0x00000000ffe00000|100%| O|  |TAMS 0x00000000ffd00000| PB 0x00000000ffd00000| Untracked 
|1534|0x00000000ffe00000, 0x00000000fff00000, 0x00000000fff00000|100%| O|  |TAMS 0x00000000ffe00000| PB 0x00000000ffe00000| Untracked 
|1535|0x00000000fff00000, 0x0000000100000000, 0x0000000100000000|100%| O|  |TAMS 0x00000000fff00000| PB 0x00000000fff00000| Untracked 

Card table byte_map: [0x000001c7abf80000,0x000001c7ac280000] _byte_map_base: 0x000001c7aba80000

Marking Bits: (CMBitMap*) 0x000001c7995667a0
 Bits: [0x000001c7ac280000, 0x000001c7ada80000)

Polling page: 0x000001c7972d0000

Metaspace:

Usage:
  Non-class:     22.33 MB used.
      Class:      3.94 MB used.
       Both:     26.27 MB used.

Virtual space:
  Non-class space:       64.00 MB reserved,      22.81 MB ( 36%) committed,  1 nodes.
      Class space:        1.00 GB reserved,       4.38 MB ( <1%) committed,  1 nodes.
             Both:        1.06 GB reserved,      27.19 MB (  2%) committed. 

Chunk freelists:
   Non-Class:  8.86 MB
       Class:  11.45 MB
        Both:  20.31 MB

MaxMetaspaceSize: unlimited
CompressedClassSpaceSize: 1.00 GB
Initial GC threshold: 21.00 MB
Current GC threshold: 35.12 MB
CDS: on
 - commit_granule_bytes: 65536.
 - commit_granule_words: 8192.
 - virtual_space_node_default_size: 8388608.
 - enlarge_chunks_in_place: 1.
 - use_allocation_guard: 0.


Internal statistics:

num_allocs_failed_limit: 3.
num_arena_births: 1480.
num_arena_deaths: 0.
num_vsnodes_births: 2.
num_vsnodes_deaths: 0.
num_space_committed: 435.
num_space_uncommitted: 0.
num_chunks_returned_to_freelist: 3.
num_chunks_taken_from_freelist: 2680.
num_chunk_merges: 3.
num_chunk_splits: 1725.
num_chunks_enlarged: 1081.
num_inconsistent_stats: 0.

CodeHeap 'non-profiled nmethods': size=120000Kb used=2540Kb max_used=2540Kb free=117459Kb
 bounds [0x000001c7a41f0000, 0x000001c7a4470000, 0x000001c7ab720000]
CodeHeap 'profiled nmethods': size=120000Kb used=8325Kb max_used=8325Kb free=111674Kb
 bounds [0x000001c79c720000, 0x000001c79cf50000, 0x000001c7a3c50000]
CodeHeap 'non-nmethods': size=5760Kb used=1430Kb max_used=1474Kb free=4329Kb
 bounds [0x000001c7a3c50000, 0x000001c7a3ec0000, 0x000001c7a41f0000]
CodeCache: size=245760Kb, used=12295Kb, max_used=12339Kb, free=233462Kb
 total_blobs=4826, nmethods=4240, adapters=490, full_count=0
Compilation: enabled, stopped_count=0, restarted_count=0

Compilation events (20 events):
Event: 874.824 Thread 0x000001c7b0751a30 nmethod 4241 0x000001c79cf3d290 code [0x000001c79cf3d480, 0x000001c79cf3d8e8]
Event: 874.825 Thread 0x000001c7b0751a30 4242       3       java.util.LinkedList$ListItr::<init> (47 bytes)
Event: 874.825 Thread 0x000001c7b0751a30 nmethod 4242 0x000001c79cf3da90 code [0x000001c79cf3dc60, 0x000001c79cf3df50]
Event: 883.151 Thread 0x000001c7b0751a30 4243   !   3       org.gradle.internal.remote.internal.inet.InetAddressFactory::getLocalBindingAddress (35 bytes)
Event: 883.161 Thread 0x000001c7b0751a30 nmethod 4243 0x000001c79cf3e090 code [0x000001c79cf3e260, 0x000001c79cf3e598]
Event: 883.161 Thread 0x000001c7b0751a30 4244   !   3       org.gradle.cache.internal.locklistener.DefaultFileLockCommunicator::pingOwner (81 bytes)
Event: 883.188 Thread 0x000001c7b0751a30 nmethod 4244 0x000001c79cf3e790 code [0x000001c79cf3ea00, 0x000001c79cf3f7d0]
Event: 891.248 Thread 0x000001c7b074c820 4245       4       java.util.HashMap$ValueSpliterator::tryAdvance (138 bytes)
Event: 891.286 Thread 0x000001c7b074c820 nmethod 4245 0x000001c7a4469e90 code [0x000001c7a446a080, 0x000001c7a446a6c0]
Event: 891.286 Thread 0x000001c7b074c820 4246       4       java.util.stream.Sink$ChainedReference::cancellationRequested (10 bytes)
Event: 891.291 Thread 0x000001c7b074c820 nmethod 4246 0x000001c7a446aa10 code [0x000001c7a446aba0, 0x000001c7a446ac78]
Event: 912.935 Thread 0x000001c7b0751a30 4247   !   3       org.gradle.cache.internal.DefaultFileLockManager$AwaitableFileLockReleasedSignal::trigger (50 bytes)
Event: 912.949 Thread 0x000001c7b0751a30 nmethod 4247 0x000001c79cf3fc90 code [0x000001c79cf3ff40, 0x000001c79cf40c10]
Event: 914.949 Thread 0x000001c7b0751a30 4248       3       java.io.FilterInputStream::close (8 bytes)
Event: 914.951 Thread 0x000001c7b0751a30 nmethod 4248 0x000001c79cf41190 code [0x000001c79cf41340, 0x000001c79cf41518]
Event: 919.627 Thread 0x000001c7b074c820 4249       4       java.util.HashMap$ValueSpliterator::characteristics (28 bytes)
Event: 919.629 Thread 0x000001c7b074c820 nmethod 4249 0x000001c7a446ad90 code [0x000001c7a446af20, 0x000001c7a446afd0]
Event: 921.426 Thread 0x000001c7b074c820 4250       4       sun.nio.ch.FileDispatcherImpl::release (8 bytes)
Event: 921.426 Thread 0x000001c7b074c820 nmethod 4250 0x000001c7a446b090 code [0x000001c7a446b220, 0x000001c7a446b2d8]
Event: 921.472 Thread 0x000001c7b074c820 4251       4       org.gradle.internal.time.ExponentialBackoff::retryUntil (65 bytes)

GC Heap History (12 events):
Event: 3.998 GC heap before
{Heap before GC invocations=0 (full 0):
 garbage-first heap   total 258048K, used 23552K [0x00000000a0000000, 0x0000000100000000)
  region size 1024K, 23 young (23552K), 0 survivors (0K)
 Metaspace       used 1043K, committed 1152K, reserved 1114112K
  class space    used 81K, committed 128K, reserved 1048576K
}
Event: 4.881 GC heap after
{Heap after GC invocations=1 (full 0):
 garbage-first heap   total 258048K, used 1877K [0x00000000a0000000, 0x0000000100000000)
  region size 1024K, 2 young (2048K), 2 survivors (2048K)
 Metaspace       used 1043K, committed 1152K, reserved 1114112K
  class space    used 81K, committed 128K, reserved 1048576K
}
Event: 16.908 GC heap before
{Heap before GC invocations=1 (full 0):
 garbage-first heap   total 258048K, used 37717K [0x00000000a0000000, 0x0000000100000000)
  region size 1024K, 35 young (35840K), 2 survivors (2048K)
 Metaspace       used 4364K, committed 4544K, reserved 1114112K
  class space    used 557K, committed 640K, reserved 1048576K
}
Event: 16.915 GC heap after
{Heap after GC invocations=2 (full 0):
 garbage-first heap   total 258048K, used 10789K [0x00000000a0000000, 0x0000000100000000)
  region size 1024K, 5 young (5120K), 5 survivors (5120K)
 Metaspace       used 4364K, committed 4544K, reserved 1114112K
  class space    used 557K, committed 640K, reserved 1048576K
}
Event: 23.566 GC heap before
{Heap before GC invocations=2 (full 0):
 garbage-first heap   total 258048K, used 59941K [0x00000000a0000000, 0x0000000100000000)
  region size 1024K, 51 young (52224K), 5 survivors (5120K)
 Metaspace       used 4656K, committed 4928K, reserved 1114112K
  class space    used 601K, committed 704K, reserved 1048576K
}
Event: 23.574 GC heap after
{Heap after GC invocations=3 (full 0):
 garbage-first heap   total 258048K, used 16537K [0x00000000a0000000, 0x0000000100000000)
  region size 1024K, 5 young (5120K), 5 survivors (5120K)
 Metaspace       used 4656K, committed 4928K, reserved 1114112K
  class space    used 601K, committed 704K, reserved 1048576K
}
Event: 69.720 GC heap before
{Heap before GC invocations=3 (full 0):
 garbage-first heap   total 258048K, used 115865K [0x00000000a0000000, 0x0000000100000000)
  region size 1024K, 103 young (105472K), 5 survivors (5120K)
 Metaspace       used 20858K, committed 21504K, reserved 1114112K
  class space    used 3070K, committed 3392K, reserved 1048576K
}
Event: 69.737 GC heap after
{Heap after GC invocations=4 (full 0):
 garbage-first heap   total 258048K, used 24253K [0x00000000a0000000, 0x0000000100000000)
  region size 1024K, 12 young (12288K), 12 survivors (12288K)
 Metaspace       used 20858K, committed 21504K, reserved 1114112K
  class space    used 3070K, committed 3392K, reserved 1048576K
}
Event: 225.814 GC heap before
{Heap before GC invocations=5 (full 0):
 garbage-first heap   total 81920K, used 80573K [0x00000000a0000000, 0x0000000100000000)
  region size 1024K, 68 young (69632K), 12 survivors (12288K)
 Metaspace       used 26365K, committed 27264K, reserved 1114112K
  class space    used 3966K, committed 4416K, reserved 1048576K
}
Event: 225.969 GC heap after
{Heap after GC invocations=6 (full 0):
 garbage-first heap   total 98304K, used 26533K [0x00000000a0000000, 0x0000000100000000)
  region size 1024K, 11 young (11264K), 11 survivors (11264K)
 Metaspace       used 26365K, committed 27264K, reserved 1114112K
  class space    used 3966K, committed 4416K, reserved 1048576K
}
Event: 615.102 GC heap before
{Heap before GC invocations=6 (full 0):
 garbage-first heap   total 98304K, used 72613K [0x00000000a0000000, 0x0000000100000000)
  region size 1024K, 57 young (58368K), 11 survivors (11264K)
 Metaspace       used 26870K, committed 27840K, reserved 1114112K
  class space    used 4032K, committed 4480K, reserved 1048576K
}
Event: 615.833 GC heap after
{Heap after GC invocations=7 (full 0):
 garbage-first heap   total 98304K, used 26916K [0x00000000a0000000, 0x0000000100000000)
  region size 1024K, 3 young (3072K), 3 survivors (3072K)
 Metaspace       used 26870K, committed 27840K, reserved 1114112K
  class space    used 4032K, committed 4480K, reserved 1048576K
}

Dll operation events (20 events):
Event: 1.120 Attempting to load shared library C:\Users\ishas\.vscode\extensions\redhat.java-1.56.0-win32-x64\jre\21.0.12.1-win32-x86_64\bin\nio.dll
Event: 1.121 Loaded shared library C:\Users\ishas\.vscode\extensions\redhat.java-1.56.0-win32-x64\jre\21.0.12.1-win32-x86_64\bin\nio.dll
Event: 1.127 Attempting to load shared library C:\Users\ishas\.vscode\extensions\redhat.java-1.56.0-win32-x64\jre\21.0.12.1-win32-x86_64\bin\zip.dll
Event: 1.127 Loaded shared library C:\Users\ishas\.vscode\extensions\redhat.java-1.56.0-win32-x64\jre\21.0.12.1-win32-x86_64\bin\zip.dll
Event: 3.655 Attempting to load shared library C:\Users\ishas\.vscode\extensions\redhat.java-1.56.0-win32-x64\jre\21.0.12.1-win32-x86_64\bin\jimage.dll
Event: 3.655 Loaded shared library C:\Users\ishas\.vscode\extensions\redhat.java-1.56.0-win32-x64\jre\21.0.12.1-win32-x86_64\bin\jimage.dll
Event: 5.847 Attempting to load shared library C:\Users\ishas\.vscode\extensions\redhat.java-1.56.0-win32-x64\jre\21.0.12.1-win32-x86_64\bin\verify.dll
Event: 5.848 Loaded shared library C:\Users\ishas\.vscode\extensions\redhat.java-1.56.0-win32-x64\jre\21.0.12.1-win32-x86_64\bin\verify.dll
Event: 6.313 Attempting to load shared library C:\Users\ishas\.gradle\native\1def1411415f61bf3af743bc5b6707747c0891f09f0c88961ee8f79bc544acac\windows-amd64\native-platform.dll
Event: 6.444 Loaded shared library C:\Users\ishas\.gradle\native\1def1411415f61bf3af743bc5b6707747c0891f09f0c88961ee8f79bc544acac\windows-amd64\native-platform.dll
Event: 6.506 Attempting to load shared library C:\Users\ishas\.gradle\native\0.2.7\x86_64-windows-gnu\gradle-fileevents.dll
Event: 6.508 Loaded shared library C:\Users\ishas\.gradle\native\0.2.7\x86_64-windows-gnu\gradle-fileevents.dll
Event: 24.837 Attempting to load shared library C:\Users\ishas\.vscode\extensions\redhat.java-1.56.0-win32-x64\jre\21.0.12.1-win32-x86_64\bin\management.dll
Event: 24.838 Loaded shared library C:\Users\ishas\.vscode\extensions\redhat.java-1.56.0-win32-x64\jre\21.0.12.1-win32-x86_64\bin\management.dll
Event: 24.844 Attempting to load shared library C:\Users\ishas\.vscode\extensions\redhat.java-1.56.0-win32-x64\jre\21.0.12.1-win32-x86_64\bin\management_ext.dll
Event: 24.845 Loaded shared library C:\Users\ishas\.vscode\extensions\redhat.java-1.56.0-win32-x64\jre\21.0.12.1-win32-x86_64\bin\management_ext.dll
Event: 27.426 Attempting to load shared library C:\Users\ishas\.vscode\extensions\redhat.java-1.56.0-win32-x64\jre\21.0.12.1-win32-x86_64\bin\extnet.dll
Event: 27.429 Loaded shared library C:\Users\ishas\.vscode\extensions\redhat.java-1.56.0-win32-x64\jre\21.0.12.1-win32-x86_64\bin\extnet.dll
Event: 61.338 Attempting to load shared library C:\Users\ishas\.vscode\extensions\redhat.java-1.56.0-win32-x64\jre\21.0.12.1-win32-x86_64\bin\sunmscapi.dll
Event: 61.341 Loaded shared library C:\Users\ishas\.vscode\extensions\redhat.java-1.56.0-win32-x64\jre\21.0.12.1-win32-x86_64\bin\sunmscapi.dll

Deoptimization events (20 events):
Event: 681.223 Thread 0x000001c7f7486c50 Uncommon trap: trap_request=0xffffffd6 fr.pc=0x000001c7a44606cc relative=0x000000000000074c
Event: 681.223 Thread 0x000001c7f7486c50 Uncommon trap: reason=array_check action=maybe_recompile pc=0x000001c7a44606cc method=java.util.ComparableTimSort.reverseRange([Ljava/lang/Object;II)V @ 20 c2
Event: 681.223 Thread 0x000001c7f7486c50 DEOPT PACKING pc=0x000001c7a44606cc sp=0x00000033660fe5c0
Event: 681.223 Thread 0x000001c7f7486c50 DEOPT UNPACKING pc=0x000001c7a3ca4422 sp=0x00000033660fe4f8 mode 2
Event: 681.223 Thread 0x000001c7f7486c50 Uncommon trap: trap_request=0xffffffd6 fr.pc=0x000001c7a44606cc relative=0x000000000000074c
Event: 681.223 Thread 0x000001c7f7486c50 Uncommon trap: reason=array_check action=maybe_recompile pc=0x000001c7a44606cc method=java.util.ComparableTimSort.reverseRange([Ljava/lang/Object;II)V @ 20 c2
Event: 681.223 Thread 0x000001c7f7486c50 DEOPT PACKING pc=0x000001c7a44606cc sp=0x00000033660fe5c0
Event: 681.223 Thread 0x000001c7f7486c50 DEOPT UNPACKING pc=0x000001c7a3ca4422 sp=0x00000033660fe4f8 mode 2
Event: 696.190 Thread 0x000001c7f7486c50 Uncommon trap: trap_request=0xffffffd6 fr.pc=0x000001c7a4461ac8 relative=0x00000000000008e8
Event: 696.191 Thread 0x000001c7f7486c50 Uncommon trap: reason=array_check action=maybe_recompile pc=0x000001c7a4461ac8 method=java.util.ComparableTimSort.reverseRange([Ljava/lang/Object;II)V @ 27 c2
Event: 696.191 Thread 0x000001c7f7486c50 DEOPT PACKING pc=0x000001c7a4461ac8 sp=0x00000033660fe510
Event: 696.191 Thread 0x000001c7f7486c50 DEOPT UNPACKING pc=0x000001c7a3ca4422 sp=0x00000033660fe4e8 mode 2
Event: 696.206 Thread 0x000001c7f7486c50 Uncommon trap: trap_request=0xffffffd6 fr.pc=0x000001c7a4461ac8 relative=0x00000000000008e8
Event: 696.206 Thread 0x000001c7f7486c50 Uncommon trap: reason=array_check action=maybe_recompile pc=0x000001c7a4461ac8 method=java.util.ComparableTimSort.reverseRange([Ljava/lang/Object;II)V @ 27 c2
Event: 696.206 Thread 0x000001c7f7486c50 DEOPT PACKING pc=0x000001c7a4461ac8 sp=0x00000033660fe510
Event: 696.206 Thread 0x000001c7f7486c50 DEOPT UNPACKING pc=0x000001c7a3ca4422 sp=0x00000033660fe4e8 mode 2
Event: 896.308 Thread 0x000001c7f7834000 Uncommon trap: trap_request=0xffffff45 fr.pc=0x000001c7a43f5cc0 relative=0x0000000000000660
Event: 896.308 Thread 0x000001c7f7834000 Uncommon trap: reason=unstable_if action=reinterpret pc=0x000001c7a43f5cc0 method=java.io.DataInputStream.readBoolean()Z @ 4 c2
Event: 896.308 Thread 0x000001c7f7834000 DEOPT PACKING pc=0x000001c7a43f5cc0 sp=0x00000033662fe220
Event: 896.309 Thread 0x000001c7f7834000 DEOPT UNPACKING pc=0x000001c7a3ca4422 sp=0x00000033662fe190 mode 2

Classes loaded (20 events):
Event: 72.942 Loading class java/nio/file/FileTreeWalker$DirectoryNode
Event: 72.943 Loading class java/nio/file/FileTreeWalker$DirectoryNode done
Event: 72.943 Loading class java/nio/file/FileTreeWalker$Event
Event: 72.944 Loading class java/nio/file/FileTreeWalker$Event done
Event: 72.944 Loading class java/nio/file/FileTreeWalker$EventType
Event: 72.944 Loading class java/nio/file/FileTreeWalker$EventType done
Event: 72.945 Loading class java/nio/file/Files$3
Event: 72.945 Loading class java/nio/file/Files$3 done
Event: 72.947 Loading class java/nio/file/FileVisitResult
Event: 72.947 Loading class java/nio/file/FileVisitResult done
Event: 73.253 Loading class java/nio/charset/CharacterCodingException
Event: 73.253 Loading class java/nio/charset/CharacterCodingException done
Event: 73.371 Loading class java/util/stream/IntStream
Event: 73.372 Loading class java/util/stream/IntStream done
Event: 73.372 Loading class java/util/stream/Streams$RangeIntSpliterator
Event: 73.372 Loading class java/util/stream/Streams$RangeIntSpliterator done
Event: 73.372 Loading class java/util/stream/IntPipeline$Head
Event: 73.373 Loading class java/util/stream/IntPipeline
Event: 73.374 Loading class java/util/stream/IntPipeline done
Event: 73.374 Loading class java/util/stream/IntPipeline$Head done

Classes unloaded (0 events):
No events

Classes redefined (0 events):
No events

Internal exceptions (20 events):
Event: 70.187 Thread 0x000001c7f79ac500 Exception <a 'java/lang/NoSuchMethodError'{0x00000000a3a589f8}: 'java.lang.Object java.lang.invoke.DelegatingMethodHandle$Holder.delegate(java.lang.Object, java.lang.Object, java.lang.Object, java.lang.Object, java.lang.Object, java.lang.Object, java.lang.Object, java.lang.Object, java.lang.Object, java.lang.Object, java.lang.Object, java.lang.Object, java.lang.Object, java.lang.Object, java.lang.Object, java.lang.Object, java.lang.Object, java.lang.Object, java.lang.Object, java.lang.Object, java.lang.Obj
Event: 70.246 Thread 0x000001c7f79ac500 Exception <a 'java/lang/NoSuchMethodError'{0x00000000a38da1a0}: 'java.lang.Object java.lang.invoke.DirectMethodHandle$Holder.invokeStaticInit(java.lang.Object, java.lang.Object, java.lang.Object, java.lang.Object)'> (0x00000000a38da1a0) 
thrown [s\src\hotspot\share\interpreter\linkResolver.cpp, line 773]
Event: 70.335 Thread 0x000001c7f79ac500 Exception <a 'java/lang/NoSuchMethodError'{0x00000000a36b9ab8}: 'java.lang.Object java.lang.invoke.DirectMethodHandle$Holder.newInvokeSpecial(java.lang.Object, java.lang.Object, java.lang.Object, java.lang.Object, java.lang.Object, java.lang.Object, java.lang.Object, java.lang.Object)'> (0x00000000a36b9ab8) 
thrown [s\src\hotspot\share\interpreter\linkResolver.cpp, line 773]
Event: 70.410 Thread 0x000001c7f79ac500 Exception <a 'java/lang/IncompatibleClassChangeError'{0x00000000a35eee48}: Found class java.lang.Object, but interface was expected> (0x00000000a35eee48) 
thrown [s\src\hotspot\share\interpreter\linkResolver.cpp, line 840]
Event: 70.437 Thread 0x000001c7f79ac500 Exception <a 'java/lang/NoSuchMethodError'{0x00000000a345a548}: 'java.lang.Object java.lang.invoke.DirectMethodHandle$Holder.invokeVirtual(java.lang.Object, java.lang.Object, java.lang.Object, java.lang.Object, java.lang.Object, java.lang.Object, java.lang.Object, java.lang.Object, java.lang.Object, java.lang.Object, java.lang.Object, java.lang.Object, java.lang.Object)'> (0x00000000a345a548) 
thrown [s\src\hotspot\share\interpreter\linkResolver.cpp, line 773]
Event: 70.437 Thread 0x000001c7f79ac500 Exception <a 'java/lang/NoSuchMethodError'{0x00000000a345f780}: 'java.lang.Object java.lang.invoke.DirectMethodHandle$Holder.invokeSpecial(java.lang.Object, java.lang.Object, java.lang.Object, java.lang.Object, java.lang.Object, java.lang.Object, java.lang.Object, java.lang.Object, java.lang.Object, java.lang.Object, java.lang.Object, java.lang.Object, java.lang.Object, java.lang.Object)'> (0x00000000a345f780) 
thrown [s\src\hotspot\share\interpreter\linkResolver.cpp, line 773]
Event: 70.437 Thread 0x000001c7f79ac500 Exception <a 'java/lang/NoSuchMethodError'{0x00000000a34644d0}: 'java.lang.Object java.lang.invoke.DelegatingMethodHandle$Holder.reinvoke_L(java.lang.Object, java.lang.Object, java.lang.Object, java.lang.Object, java.lang.Object, java.lang.Object, java.lang.Object, java.lang.Object, java.lang.Object, java.lang.Object, java.lang.Object, java.lang.Object, java.lang.Object)'> (0x00000000a34644d0) 
thrown [s\src\hotspot\share\interpreter\linkResolver.cpp, line 773]
Event: 70.496 Thread 0x000001c7f79ac500 Exception <a 'java/lang/NoSuchMethodError'{0x00000000a3206f98}: 'void java.lang.invoke.DirectMethodHandle$Holder.invokeStaticInit(java.lang.Object, java.lang.Object)'> (0x00000000a3206f98) 
thrown [s\src\hotspot\share\interpreter\linkResolver.cpp, line 773]
Event: 70.661 Thread 0x000001c7f79ac500 Exception <a 'java/lang/NoSuchMethodError'{0x00000000a2fda908}: 'java.lang.Object java.lang.invoke.DirectMethodHandle$Holder.newInvokeSpecial(java.lang.Object, java.lang.Object, java.lang.Object, java.lang.Object, java.lang.Object, java.lang.Object, java.lang.Object, java.lang.Object, java.lang.Object)'> (0x00000000a2fda908) 
thrown [s\src\hotspot\share\interpreter\linkResolver.cpp, line 773]
Event: 71.109 Thread 0x000001c7f79ac500 Exception <a 'java/lang/NoSuchMethodError'{0x00000000a2b280e0}: 'int java.lang.invoke.DirectMethodHandle$Holder.invokeVirtual(java.lang.Object, java.lang.Object)'> (0x00000000a2b280e0) 
thrown [s\src\hotspot\share\interpreter\linkResolver.cpp, line 773]
Event: 71.569 Thread 0x000001c7f79ac500 Exception <a 'java/lang/NoSuchMethodError'{0x00000000a284c050}: 'void java.lang.invoke.DirectMethodHandle$Holder.invokeInterface(java.lang.Object, java.lang.Object, java.lang.Object, java.lang.Object, java.lang.Object)'> (0x00000000a284c050) 
thrown [s\src\hotspot\share\interpreter\linkResolver.cpp, line 773]
Event: 71.577 Thread 0x000001c7f79ac500 Exception <a 'java/lang/NoSuchMethodError'{0x00000000a28c6628}: 'void java.lang.invoke.DirectMethodHandle$Holder.invokeStatic(java.lang.Object, java.lang.Object, java.lang.Object, java.lang.Object, java.lang.Object, java.lang.Object)'> (0x00000000a28c6628) 
thrown [s\src\hotspot\share\interpreter\linkResolver.cpp, line 773]
Event: 71.971 Thread 0x000001c7f79ac500 Exception <a 'java/lang/IncompatibleClassChangeError'{0x00000000a20d7b28}: Found class java.lang.Object, but interface was expected> (0x00000000a20d7b28) 
thrown [s\src\hotspot\share\interpreter\linkResolver.cpp, line 840]
Event: 72.887 Thread 0x000001c7f79ac500 Exception <a 'java/lang/NoSuchMethodError'{0x00000000a1ff3458}: 'java.lang.Object java.lang.invoke.DirectMethodHandle$Holder.newInvokeSpecial(java.lang.Object, java.lang.Object, long)'> (0x00000000a1ff3458) 
thrown [s\src\hotspot\share\interpreter\linkResolver.cpp, line 773]
Event: 72.890 Thread 0x000001c7f79ac500 Exception <a 'java/lang/NoSuchMethodError'{0x00000000a1ff7800}: 'java.lang.Object java.lang.invoke.Invokers$Holder.linkToTargetMethod(java.lang.Object, long, java.lang.Object)'> (0x00000000a1ff7800) 
thrown [s\src\hotspot\share\interpreter\linkResolver.cpp, line 773]
Event: 73.337 Thread 0x000001c7f79ac500 Exception <a 'java/lang/NoSuchMethodError'{0x00000000a1c124f8}: 'int java.lang.invoke.DirectMethodHandle$Holder.invokeInterface(java.lang.Object, java.lang.Object)'> (0x00000000a1c124f8) 
thrown [s\src\hotspot\share\interpreter\linkResolver.cpp, line 773]
Event: 73.368 Thread 0x000001c7f79ac500 Exception <a 'java/lang/NoSuchMethodError'{0x00000000a1c9f0b0}: 'java.lang.Object java.lang.invoke.DirectMethodHandle$Holder.invokeVirtual(java.lang.Object, java.lang.Object, int)'> (0x00000000a1c9f0b0) 
thrown [s\src\hotspot\share\interpreter\linkResolver.cpp, line 773]
Event: 269.416 Thread 0x000001c7f79ac500 Exception <a 'java/lang/NoSuchMethodError'{0x00000000a903fd10}: 'java.lang.Object java.lang.invoke.DirectMethodHandle$Holder.invokeStatic(java.lang.Object, java.lang.Object, int, java.lang.Object)'> (0x00000000a903fd10) 
thrown [s\src\hotspot\share\interpreter\linkResolver.cpp, line 773]
Event: 269.520 Thread 0x000001c7f79ac500 Exception <a 'java/lang/NoSuchMethodError'{0x00000000a9047168}: 'java.lang.Object java.lang.invoke.DirectMethodHandle$Holder.newInvokeSpecial(java.lang.Object, java.lang.Object, int, java.lang.Object)'> (0x00000000a9047168) 
thrown [s\src\hotspot\share\interpreter\linkResolver.cpp, line 773]
Event: 269.525 Thread 0x000001c7f79ac500 Exception <a 'java/lang/NoSuchMethodError'{0x00000000a904b900}: 'java.lang.Object java.lang.invoke.DirectMethodHandle$Holder.invokeSpecial(java.lang.Object, java.lang.Object, java.lang.Object, int, java.lang.Object)'> (0x00000000a904b900) 
thrown [s\src\hotspot\share\interpreter\linkResolver.cpp, line 773]

ZGC Phase Switch (0 events):
No events

VM Operations (20 events):
Event: 615.100 Executing safepoint VM operation: G1CollectForAllocation (G1 Evacuation Pause)
Event: 615.833 Executing safepoint VM operation: G1CollectForAllocation (G1 Evacuation Pause) done
Event: 665.200 Executing safepoint VM operation: Cleanup
Event: 665.215 Executing safepoint VM operation: Cleanup done
Event: 670.261 Executing safepoint VM operation: Cleanup
Event: 670.261 Executing safepoint VM operation: Cleanup done
Event: 713.637 Executing safepoint VM operation: Cleanup
Event: 713.638 Executing safepoint VM operation: Cleanup done
Event: 763.010 Executing safepoint VM operation: Cleanup
Event: 763.010 Executing safepoint VM operation: Cleanup done
Event: 841.480 Executing safepoint VM operation: Cleanup
Event: 841.485 Executing safepoint VM operation: Cleanup done
Event: 870.658 Executing safepoint VM operation: Cleanup
Event: 870.658 Executing safepoint VM operation: Cleanup done
Event: 875.688 Executing safepoint VM operation: Cleanup
Event: 875.688 Executing safepoint VM operation: Cleanup done
Event: 885.762 Executing safepoint VM operation: Cleanup
Event: 885.762 Executing safepoint VM operation: Cleanup done
Event: 896.840 Executing safepoint VM operation: Cleanup
Event: 896.840 Executing safepoint VM operation: Cleanup done

Memory protections (0 events):
No events

Nmethod flushes (0 events):
No events

Events (20 events):
Event: 34.744 Thread 0x000001c797079400 Thread added: 0x000001c7f7834000
Event: 61.806 Thread 0x000001c7f6adf590 Thread added: 0x000001c7b086ce00
Event: 61.826 Thread 0x000001c7b086ce00 Thread added: 0x000001c7f6b1ff70
Event: 61.939 Thread 0x000001c7b086ce00 Thread added: 0x000001c7f79abe70
Event: 63.201 Thread 0x000001c7b086ce00 Thread added: 0x000001c7f79ac500
Event: 63.234 Thread 0x000001c7f79ac500 Thread added: 0x000001c7f79ae5d0
Event: 63.244 Thread 0x000001c7f79ac500 Thread added: 0x000001c7f79acb90
Event: 63.248 Thread 0x000001c7f79ac500 Thread added: 0x000001c7f79af2f0
Event: 64.314 Thread 0x000001c7f79ac500 Thread added: 0x000001c7f79ad220
Event: 64.329 Thread 0x000001c7f79ac500 Thread added: 0x000001c7f79aec60
Event: 65.056 Thread 0x000001c7f79aec60 Thread added: 0x000001c7f79ad8b0
Event: 65.076 Thread 0x000001c7f79ac500 Thread added: 0x000001c7f79adf40
Event: 70.024 Thread 0x000001c7f79ac500 Thread added: 0x000001c7f8fced50
Event: 70.125 Thread 0x000001c7f79ac500 Thread added: 0x000001c7f8fd0100
Event: 70.794 Thread 0x000001c7f79ac500 Thread added: 0x000001c7f8fcf3e0
Event: 71.106 Thread 0x000001c7f79ac500 Thread added: 0x000001c7f8fcfa70
Event: 136.961 Thread 0x000001c7f79ad8b0 Thread exited: 0x000001c7f79ad8b0
Event: 269.151 Thread 0x000001c7f79aec60 Thread added: 0x000001c7f8fcd9a0
Event: 269.554 Thread 0x000001c7f79ac500 Thread added: 0x000001c7f8fd0e20
Event: 336.039 Thread 0x000001c7f8fcd9a0 Thread exited: 0x000001c7f8fcd9a0


Dynamic libraries:
0x00007ff6906c0000 - 0x00007ff6906ce000 	C:\Users\ishas\.vscode\extensions\redhat.java-1.56.0-win32-x64\jre\21.0.12.1-win32-x86_64\bin\java.exe
0x00007fff22660000 - 0x00007fff228c7000 	C:\Windows\SYSTEM32\ntdll.dll
0x00007fff21bc0000 - 0x00007fff21c8b000 	C:\Windows\System32\KERNEL32.DLL
0x00007fff1fcd0000 - 0x00007fff200d2000 	C:\Windows\System32\KERNELBASE.dll
0x00007fff1fb70000 - 0x00007fff1fcbc000 	C:\Windows\System32\ucrtbase.dll
0x00007ffeb4c70000 - 0x00007ffeb4c88000 	C:\Users\ishas\.vscode\extensions\redhat.java-1.56.0-win32-x64\jre\21.0.12.1-win32-x86_64\bin\jli.dll
0x00007fff222b0000 - 0x00007fff2247f000 	C:\Windows\System32\USER32.dll
0x00007ffee06c0000 - 0x00007ffee06de000 	C:\Users\ishas\.vscode\extensions\redhat.java-1.56.0-win32-x64\jre\21.0.12.1-win32-x86_64\bin\VCRUNTIME140.dll
0x00007fff20220000 - 0x00007fff20247000 	C:\Windows\System32\win32u.dll
0x00007fff21d20000 - 0x00007fff21d4b000 	C:\Windows\System32\GDI32.dll
0x00007fff20250000 - 0x00007fff20379000 	C:\Windows\System32\gdi32full.dll
0x00007fff200e0000 - 0x00007fff20183000 	C:\Windows\System32\msvcp_win.dll
0x00007fff08e50000 - 0x00007fff090e0000 	C:\Windows\WinSxS\amd64_microsoft.windows.common-controls_6595b64144ccf1df_6.0.26100.9278_none_3e0d1ba8e3303201\COMCTL32.dll
0x00007fff20460000 - 0x00007fff20509000 	C:\Windows\System32\msvcrt.dll
0x00007fff21eb0000 - 0x00007fff21ee1000 	C:\Windows\System32\IMM32.DLL
0x00007fff1bf50000 - 0x00007fff1bf5c000 	C:\Users\ishas\.vscode\extensions\redhat.java-1.56.0-win32-x64\jre\21.0.12.1-win32-x86_64\bin\vcruntime140_1.dll
0x00007ffeac2d0000 - 0x00007ffeac35d000 	C:\Users\ishas\.vscode\extensions\redhat.java-1.56.0-win32-x64\jre\21.0.12.1-win32-x86_64\bin\msvcp140.dll
0x00007ffe828b0000 - 0x00007ffe83652000 	C:\Users\ishas\.vscode\extensions\redhat.java-1.56.0-win32-x64\jre\21.0.12.1-win32-x86_64\bin\server\jvm.dll
0x00007fff21ef0000 - 0x00007fff21fac000 	C:\Windows\System32\ADVAPI32.dll
0x00007fff21e00000 - 0x00007fff21ea9000 	C:\Windows\System32\sechost.dll
0x00007fff22500000 - 0x00007fff22618000 	C:\Windows\System32\RPCRT4.dll
0x00007fff21c90000 - 0x00007fff21d10000 	C:\Windows\System32\WS2_32.dll
0x00007fff1f6c0000 - 0x00007fff1f71e000 	C:\Windows\SYSTEM32\POWRPROF.dll
0x00007fff0cde0000 - 0x00007fff0cdeb000 	C:\Windows\SYSTEM32\VERSION.dll
0x00007fff17580000 - 0x00007fff175b6000 	C:\Windows\SYSTEM32\WINMM.dll
0x00007fff1f6a0000 - 0x00007fff1f6b5000 	C:\Windows\SYSTEM32\UMPDC.dll
0x00007fff1e530000 - 0x00007fff1e54b000 	C:\Windows\SYSTEM32\kernel.appcore.dll
0x00007fff17090000 - 0x00007fff1709a000 	C:\Users\ishas\.vscode\extensions\redhat.java-1.56.0-win32-x64\jre\21.0.12.1-win32-x86_64\bin\jimage.dll
0x00007fff1ce70000 - 0x00007fff1d0bc000 	C:\Windows\SYSTEM32\DBGHELP.DLL
0x00007fff20ed0000 - 0x00007fff21255000 	C:\Windows\System32\combase.dll
0x00007fff21a50000 - 0x00007fff21b29000 	C:\Windows\System32\OLEAUT32.dll
0x00007fff17540000 - 0x00007fff1757b000 	C:\Windows\SYSTEM32\dbgcore.DLL
0x00007fff1fab0000 - 0x00007fff1fb5c000 	C:\Windows\System32\bcryptPrimitives.dll
0x00007ffebe020000 - 0x00007ffebe02f000 	C:\Users\ishas\.vscode\extensions\redhat.java-1.56.0-win32-x64\jre\21.0.12.1-win32-x86_64\bin\instrument.dll
0x00007ffedcd90000 - 0x00007ffedcdb0000 	C:\Users\ishas\.vscode\extensions\redhat.java-1.56.0-win32-x64\jre\21.0.12.1-win32-x86_64\bin\java.dll
0x00007fff20510000 - 0x00007fff20ca8000 	C:\Windows\System32\SHELL32.dll
0x00007fff1d290000 - 0x00007fff1db3e000 	C:\Windows\SYSTEM32\windows.storage.dll
0x00007fff21fc0000 - 0x00007fff220bb000 	C:\Windows\System32\SHCORE.dll
0x00007fff22490000 - 0x00007fff224f6000 	C:\Windows\System32\shlwapi.dll
0x00007fff1f780000 - 0x00007fff1f7a9000 	C:\Windows\SYSTEM32\profapi.dll
0x00007ffedcd70000 - 0x00007ffedcd88000 	C:\Users\ishas\.vscode\extensions\redhat.java-1.56.0-win32-x64\jre\21.0.12.1-win32-x86_64\bin\zip.dll
0x00007ffee04e0000 - 0x00007ffee04f0000 	C:\Users\ishas\.vscode\extensions\redhat.java-1.56.0-win32-x64\jre\21.0.12.1-win32-x86_64\bin\net.dll
0x00007fff0dc00000 - 0x00007fff0dd2a000 	C:\Windows\SYSTEM32\WINHTTP.dll
0x00007fff1eaf0000 - 0x00007fff1eb5c000 	C:\Windows\system32\mswsock.dll
0x00007ffedcd50000 - 0x00007ffedcd66000 	C:\Users\ishas\.vscode\extensions\redhat.java-1.56.0-win32-x64\jre\21.0.12.1-win32-x86_64\bin\nio.dll
0x00007ffebc9a0000 - 0x00007ffebc9b0000 	C:\Users\ishas\.vscode\extensions\redhat.java-1.56.0-win32-x64\jre\21.0.12.1-win32-x86_64\bin\verify.dll
0x00007ffeac360000 - 0x00007ffeac387000 	C:\Users\ishas\.gradle\native\1def1411415f61bf3af743bc5b6707747c0891f09f0c88961ee8f79bc544acac\windows-amd64\native-platform.dll
0x00007ffe88010000 - 0x00007ffe88088000 	C:\Users\ishas\.gradle\native\0.2.7\x86_64-windows-gnu\gradle-fileevents.dll
0x00007ffebc890000 - 0x00007ffebc89a000 	C:\Users\ishas\.vscode\extensions\redhat.java-1.56.0-win32-x64\jre\21.0.12.1-win32-x86_64\bin\management.dll
0x00007ffebc430000 - 0x00007ffebc43c000 	C:\Users\ishas\.vscode\extensions\redhat.java-1.56.0-win32-x64\jre\21.0.12.1-win32-x86_64\bin\management_ext.dll
0x00007fff20380000 - 0x00007fff20388000 	C:\Windows\System32\PSAPI.DLL
0x00007fff1df00000 - 0x00007fff1df33000 	C:\Windows\SYSTEM32\IPHLPAPI.DLL
0x00007fff22280000 - 0x00007fff2228a000 	C:\Windows\System32\NSI.dll
0x00007ffeb9d70000 - 0x00007ffeb9d79000 	C:\Users\ishas\.vscode\extensions\redhat.java-1.56.0-win32-x64\jre\21.0.12.1-win32-x86_64\bin\extnet.dll
0x00007fff1ede0000 - 0x00007fff1edfb000 	C:\Windows\SYSTEM32\CRYPTSP.dll
0x00007fff1e490000 - 0x00007fff1e4c9000 	C:\Windows\system32\rsaenh.dll
0x00007fff1eba0000 - 0x00007fff1ebd4000 	C:\Windows\SYSTEM32\USERENV.dll
0x00007fff1f750000 - 0x00007fff1f77a000 	C:\Windows\SYSTEM32\bcrypt.dll
0x00007fff1ee00000 - 0x00007fff1ee0c000 	C:\Windows\SYSTEM32\CRYPTBASE.dll
0x00007ffeb9300000 - 0x00007ffeb930e000 	C:\Users\ishas\.vscode\extensions\redhat.java-1.56.0-win32-x64\jre\21.0.12.1-win32-x86_64\bin\sunmscapi.dll
0x00007fff1f860000 - 0x00007fff1f9de000 	C:\Windows\System32\CRYPT32.dll
0x00007fff1f020000 - 0x00007fff1f050000 	C:\Windows\SYSTEM32\ncrypt.dll
0x00007fff1efd0000 - 0x00007fff1f00f000 	C:\Windows\SYSTEM32\NTASN1.dll
0x00007fff01a10000 - 0x00007fff01a18000 	C:\Windows\system32\wshunix.dll

JVMTI agents:
C:\Users\ishas\.gradle\wrapper\dists\gradle-8.14.3-all\10utluxaxniiv4wxiphsi49nj\gradle-8.14.3\lib\agents\gradle-instrumentation-agent-8.14.3.jar path:C:\Users\ishas\.vscode\extensions\redhat.java-1.56.0-win32-x64\jre\21.0.12.1-win32-x86_64\bin\instrument.dll, loaded, initialized, instrumentlib options:none

dbghelp: loaded successfully - version: 4.0.5 - missing functions: none
symbol engine: initialized successfully - sym options: 0x614 - pdb path: .;C:\Users\ishas\.vscode\extensions\redhat.java-1.56.0-win32-x64\jre\21.0.12.1-win32-x86_64\bin;C:\Windows\SYSTEM32;C:\Windows\WinSxS\amd64_microsoft.windows.common-controls_6595b64144ccf1df_6.0.26100.9278_none_3e0d1ba8e3303201;C:\Users\ishas\.vscode\extensions\redhat.java-1.56.0-win32-x64\jre\21.0.12.1-win32-x86_64\bin\server;C:\Users\ishas\.gradle\native\1def1411415f61bf3af743bc5b6707747c0891f09f0c88961ee8f79bc544acac\windows-amd64;C:\Users\ishas\.gradle\native\0.2.7\x86_64-windows-gnu

VM Arguments:
jvm_args: --add-opens=java.base/java.lang=ALL-UNNAMED --add-opens=java.base/java.lang.invoke=ALL-UNNAMED --add-opens=java.base/java.util=ALL-UNNAMED --add-opens=java.prefs/java.util.prefs=ALL-UNNAMED --add-exports=jdk.compiler/com.sun.tools.javac.api=ALL-UNNAMED --add-exports=jdk.compiler/com.sun.tools.javac.util=ALL-UNNAMED --add-opens=java.base/java.util=ALL-UNNAMED --add-opens=java.prefs/java.util.prefs=ALL-UNNAMED --add-opens=java.base/java.nio.charset=ALL-UNNAMED --add-opens=java.base/java.net=ALL-UNNAMED --add-opens=java.base/java.util.concurrent.atomic=ALL-UNNAMED --add-opens=java.xml/javax.xml.namespace=ALL-UNNAMED -Xmx1536m -Dfile.encoding=UTF-8 -Duser.country=IN -Duser.language=en -Duser.variant -javaagent:C:\Users\ishas\.gradle\wrapper\dists\gradle-8.14.3-all\10utluxaxniiv4wxiphsi49nj\gradle-8.14.3\lib\agents\gradle-instrumentation-agent-8.14.3.jar 
java_command: org.gradle.launcher.daemon.bootstrap.GradleDaemon 8.14.3
java_class_path (initial): C:\Users\ishas\.gradle\wrapper\dists\gradle-8.14.3-all\10utluxaxniiv4wxiphsi49nj\gradle-8.14.3\lib\gradle-daemon-main-8.14.3.jar
Launcher Type: SUN_STANDARD

[Global flags]
     intx CICompilerCount                          = 4                                         {product} {ergonomic}
     uint ConcGCThreads                            = 3                                         {product} {ergonomic}
     uint G1ConcRefinementThreads                  = 10                                        {product} {ergonomic}
   size_t G1HeapRegionSize                         = 1048576                                   {product} {ergonomic}
    uintx GCDrainStackTargetSize                   = 64                                        {product} {ergonomic}
   size_t InitialHeapSize                          = 264241152                                 {product} {ergonomic}
   size_t MarkStackSize                            = 4194304                                   {product} {ergonomic}
   size_t MaxHeapSize                              = 1610612736                                {product} {command line}
   size_t MaxNewSize                               = 965738496                                 {product} {ergonomic}
   size_t MinHeapDeltaBytes                        = 1048576                                   {product} {ergonomic}
   size_t MinHeapSize                              = 8388608                                   {product} {ergonomic}
    uintx NonNMethodCodeHeapSize                   = 5839372                                {pd product} {ergonomic}
    uintx NonProfiledCodeHeapSize                  = 122909434                              {pd product} {ergonomic}
    uintx ProfiledCodeHeapSize                     = 122909434                              {pd product} {ergonomic}
    uintx ReservedCodeCacheSize                    = 251658240                              {pd product} {ergonomic}
     bool SegmentedCodeCache                       = true                                      {product} {ergonomic}
   size_t SoftMaxHeapSize                          = 1610612736                             {manageable} {ergonomic}
     bool UseCompressedOops                        = true                           {product lp64_product} {ergonomic}
     bool UseG1GC                                  = true                                      {product} {ergonomic}
     bool UseLargePagesIndividualAllocation        = false                                  {pd product} {ergonomic}

Logging:
Log output configuration:
 #0: stdout all=warning uptime,level,tags foldmultilines=false
 #1: stderr all=off uptime,level,tags foldmultilines=false

Release file:
JAVA_VERSION="21.0.12.1" 
MODULES="java.base java.compiler java.datatransfer java.xml java.prefs java.desktop java.instrument java.logging java.management java.security.sasl java.naming java.rmi java.management.rmi java.net.http java.scripting java.security.jgss java.transaction.xa java.sql java.sql.rowset java.xml.crypto java.se java.smartcardio jdk.accessibility jdk.internal.jvmstat jdk.attach jdk.charsets jdk.internal.opt jdk.zipfs jdk.compiler jdk.crypto.ec jdk.crypto.cryptoki jdk.crypto.mscapi jdk.dynalink jdk.internal.ed jdk.editpad jdk.hotspot.agent jdk.httpserver jdk.internal.le jdk.internal.vm.ci jdk.internal.vm.compiler jdk.internal.vm.compiler.management jdk.jartool jdk.javadoc jdk.jcmd jdk.management jdk.management.agent jdk.jconsole jdk.jdeps jdk.jdwp.agent jdk.jdi jdk.jfr jdk.jshell jdk.jsobject jdk.jstatd jdk.localedata jdk.management.jfr jdk.naming.dns jdk.naming.rmi jdk.net jdk.nio.mapmode jdk.random jdk.sctp jdk.security.auth jdk.security.jgss jdk.unsupported jdk.unsupported.desktop jdk.xml.dom" 

Environment Variables:
PATH=C:\Program Files\Microsoft\jdk-17.0.12.7-hotspot\bin;C:\Program Files\Eclipse Adoptium\jdk-17.0.17.10-hotspot\bin;C:\Windows\system32;C:\Windows;C:\Windows\System32\Wbem;C:\Windows\System32\WindowsPowerShell\v1.0\;C:\Windows\System32\OpenSSH\;C:\Program Files\nodejs\;C:\Users\ishas\Downloads\apache-maven-3.9.11-bin\apache-maven-3.9.11\bin;C:\Users\ishas\Downloads\apache-maven-3.9.11-bin\apache-maven-3.9.11\bin;C:\Program Files\MySQL\MySQL Server 8.0\bin;C:\Users\ishas\AppData\Local\Programs\Python\Python313;C:\Program Files\Git\cmd;C:\Users\ishas\AppData\Local\Programs\Python\Launcher\;C:\Program Files\MySQL\MySQL Shell 8.0\bin\;C:\Users\ishas\AppData\Local\Microsoft\WindowsApps;C:\Users\ishas\AppData\Local\Programs\Microsoft VS Code\bin;C:\Users\ishas\AppData\Roaming\npm
USERNAME=ishas
OS=Windows_NT
PROCESSOR_IDENTIFIER=Intel64 Family 6 Model 186 Stepping 2, GenuineIntel
TMP=C:\Users\ishas\AppData\Local\Temp
TEMP=C:\Users\ishas\AppData\Local\Temp




Periodic native trim disabled

---------------  S Y S T E M  ---------------

OS:
 Windows 11 , 64 bit Build 26100 (10.0.26100.9444)
OS uptime: 0 days 0:24 hours
Hyper-V role detected

CPU: total 12 (initial active 12) (6 cores per cpu, 2 threads per core) family 6 model 186 stepping 2 microcode 0x4122, cx8, cmov, fxsr, ht, mmx, 3dnowpref, sse, sse2, sse3, ssse3, sse4.1, sse4.2, popcnt, lzcnt, tsc, tscinvbit, avx, avx2, aes, erms, clmul, bmi1, bmi2, adx, sha, fma, vzeroupper, clflush, clflushopt, clwb, hv, serialize, rdtscp, rdpid, fsrm, f16c, cet_ibt, cet_ss
Processor Information for processor 0
  Max Mhz: 2100, Current Mhz: 2100, Mhz Limit: 2100
Processor Information for processor 1
  Max Mhz: 2100, Current Mhz: 2100, Mhz Limit: 2100
Processor Information for processor 2
  Max Mhz: 2100, Current Mhz: 2100, Mhz Limit: 2100
Processor Information for processor 3
  Max Mhz: 2100, Current Mhz: 2100, Mhz Limit: 2100
Processor Information for processor 4
  Max Mhz: 2100, Current Mhz: 2100, Mhz Limit: 2100
Processor Information for processor 5
  Max Mhz: 2100, Current Mhz: 2100, Mhz Limit: 2100
Processor Information for processor 6
  Max Mhz: 2100, Current Mhz: 2100, Mhz Limit: 2100
Processor Information for processor 7
  Max Mhz: 2100, Current Mhz: 2100, Mhz Limit: 2100
Processor Information for processor 8
  Max Mhz: 2100, Current Mhz: 2100, Mhz Limit: 2100
Processor Information for processor 9
  Max Mhz: 2100, Current Mhz: 1540, Mhz Limit: 2100
Processor Information for processor 10
  Max Mhz: 2100, Current Mhz: 1540, Mhz Limit: 2100
Processor Information for processor 11
  Max Mhz: 2100, Current Mhz: 2100, Mhz Limit: 2100

Memory: 4k page, system-wide physical 16076M (883M free)
TotalPageFile size 65228M (AvailPageFile size 0M)
current process WorkingSet (physical memory assigned to process): 29M, peak: 213M
current process commit charge ("private bytes"): 254M, peak: 420M

vm_info: OpenJDK 64-Bit Server VM (21.0.12.1+1-LTS) for windows-amd64 JRE (21.0.12.1+1-LTS), built on 2026-08-18T00:00:00Z by "admin" with MS VC++ 17.12 (VS2022)

END.
