#
# There is insufficient memory for the Java Runtime Environment to continue.
# Native memory allocation (malloc) failed to allocate 32744 bytes. Error detail: Chunk::new
# Possible reasons:
#   The system is out of physical RAM or swap space
#   This process is running with CompressedOops enabled, and the Java Heap may be blocking the growth of the native heap
# Possible solutions:
#   Reduce memory load on the system
#   Increase physical memory or swap space
#   Check if swap backing store is full
#   Decrease Java heap size (-Xmx/-Xms)
#   Decrease number of Java threads
#   Decrease Java thread stack sizes (-Xss)
#   Set larger code cache with -XX:ReservedCodeCacheSize=
#   JVM is running with Unscaled Compressed Oops mode in which the Java heap is
#     placed in the first 4GB address space. The Java Heap base address is the
#     maximum limit for the native heap growth. Please use -XX:HeapBaseMinAddress
#     to set the Java Heap base and to place the Java Heap above 4GB virtual address.
# This output file may be truncated or incomplete.
#
#  Out of Memory Error (arena.cpp:168), pid=49628, tid=29532
#
# JRE version: OpenJDK Runtime Environment Temurin-21.0.12.1+1 (21.0.12.1+1) (build 21.0.12.1+1-LTS)
# Java VM: OpenJDK 64-Bit Server VM Temurin-21.0.12.1+1 (21.0.12.1+1-LTS, mixed mode, sharing, tiered, compressed oops, compressed class ptrs, g1 gc, windows-amd64)
# No core dump will be written. Minidumps are not enabled by default on client versions of Windows
#

---------------  S U M M A R Y ------------

Command Line: --add-opens=java.base/java.lang=ALL-UNNAMED --add-opens=java.base/java.lang.invoke=ALL-UNNAMED --add-opens=java.base/java.util=ALL-UNNAMED --add-opens=java.prefs/java.util.prefs=ALL-UNNAMED --add-exports=jdk.compiler/com.sun.tools.javac.api=ALL-UNNAMED --add-exports=jdk.compiler/com.sun.tools.javac.util=ALL-UNNAMED --add-opens=java.base/java.util=ALL-UNNAMED --add-opens=java.prefs/java.util.prefs=ALL-UNNAMED --add-opens=java.base/java.nio.charset=ALL-UNNAMED --add-opens=java.base/java.net=ALL-UNNAMED --add-opens=java.base/java.util.concurrent.atomic=ALL-UNNAMED --add-opens=java.xml/javax.xml.namespace=ALL-UNNAMED -Xmx1536m -Dfile.encoding=UTF-8 -Duser.country=IN -Duser.language=en -Duser.variant -javaagent:C:\Users\ishas\.gradle\wrapper\dists\gradle-8.14.3-all\10utluxaxniiv4wxiphsi49nj\gradle-8.14.3\lib\agents\gradle-instrumentation-agent-8.14.3.jar org.gradle.launcher.daemon.bootstrap.GradleDaemon 8.14.3

Host: 13th Gen Intel(R) Core(TM) i5-13420H, 12 cores, 15G,  Windows 11 , 64 bit Build 26100 (10.0.26100.9444)
Time: Tue Sep 15 19:11:03 2026 India Standard Time elapsed time: 107.251631 seconds (0d 0h 1m 47s)

---------------  T H R E A D  ---------------

Current thread (0x0000025ca58e55f0):  JavaThread "C2 CompilerThread0" daemon [_thread_in_native, id=29532, stack(0x000000dbaa000000,0x000000dbaa100000) (1024K)]


Current CompileTask:
C2:107251 3798       4       javax.management.ObjectName::construct (1135 bytes)

Stack: [0x000000dbaa000000,0x000000dbaa100000]
Native frames: (J=compiled Java code, j=interpreted, Vv=VM code, C=native code)
V  [jvm.dll+0x6d83e9]
V  [jvm.dll+0x8b5736]
V  [jvm.dll+0x8b7cee]
V  [jvm.dll+0x8b83d3]
V  [jvm.dll+0x284596]
V  [jvm.dll+0xc685d]
V  [jvm.dll+0xc6da1]
V  [jvm.dll+0x703e7d]
V  [jvm.dll+0x1e421a]
V  [jvm.dll+0x24c853]
V  [jvm.dll+0x24bce0]
V  [jvm.dll+0x1cb4ae]
V  [jvm.dll+0x25baad]
V  [jvm.dll+0x25a03a]
V  [jvm.dll+0x3f8aae]
V  [jvm.dll+0x8600cd]
V  [jvm.dll+0x6d6c1d]
C  [ucrtbase.dll+0x2cd30]
C  [KERNEL32.DLL+0x2cd87]
C  [ntdll.dll+0xacaec]


---------------  P R O C E S S  ---------------

Threads class SMR info:
_java_thread_list=0x0000025ced54de80, length=29, elements={
0x0000025c8c1e87b0, 0x0000025ca58b37a0, 0x0000025ca58b5020, 0x0000025ca58bb2c0,
0x0000025ca58be770, 0x0000025ca58bc5f0, 0x0000025ca58e4860, 0x0000025ca58e55f0,
0x0000025ca58e96c0, 0x0000025ca5b10110, 0x0000025ca5b95cc0, 0x0000025cec566570,
0x0000025cebb477b0, 0x0000025ceb40f4b0, 0x0000025ca5bbded0, 0x0000025ceb14f780,
0x0000025cebb77f60, 0x0000025ceb5113e0, 0x0000025ceb50f9a0, 0x0000025ceb510d50,
0x0000025ceb510030, 0x0000025ceb511a70, 0x0000025ceb5106c0, 0x0000025ceb512100,
0x0000025ceb50ec80, 0x0000025ced51f4d0, 0x0000025ced5201f0, 0x0000025ced51fb60,
0x0000025ced522fe0
}

Java Threads: ( => current thread )
  0x0000025c8c1e87b0 JavaThread "main"                              [_thread_blocked, id=34904, stack(0x000000dba9200000,0x000000dba9300000) (1024K)]
  0x0000025ca58b37a0 JavaThread "Reference Handler"          daemon [_thread_blocked, id=53100, stack(0x000000dba9a00000,0x000000dba9b00000) (1024K)]
  0x0000025ca58b5020 JavaThread "Finalizer"                  daemon [_thread_blocked, id=34668, stack(0x000000dba9b00000,0x000000dba9c00000) (1024K)]
  0x0000025ca58bb2c0 JavaThread "Signal Dispatcher"          daemon [_thread_blocked, id=53156, stack(0x000000dba9c00000,0x000000dba9d00000) (1024K)]
  0x0000025ca58be770 JavaThread "Attach Listener"            daemon [_thread_blocked, id=52176, stack(0x000000dba9d00000,0x000000dba9e00000) (1024K)]
  0x0000025ca58bc5f0 JavaThread "Service Thread"             daemon [_thread_blocked, id=53164, stack(0x000000dba9e00000,0x000000dba9f00000) (1024K)]
  0x0000025ca58e4860 JavaThread "Monitor Deflation Thread"   daemon [_thread_blocked, id=52960, stack(0x000000dba9f00000,0x000000dbaa000000) (1024K)]
=>0x0000025ca58e55f0 JavaThread "C2 CompilerThread0"         daemon [_thread_in_native, id=29532, stack(0x000000dbaa000000,0x000000dbaa100000) (1024K)]
  0x0000025ca58e96c0 JavaThread "C1 CompilerThread0"         daemon [_thread_blocked, id=53076, stack(0x000000dbaa100000,0x000000dbaa200000) (1024K)]
  0x0000025ca5b10110 JavaThread "Common-Cleaner"             daemon [_thread_blocked, id=52568, stack(0x000000dbaa200000,0x000000dbaa300000) (1024K)]
  0x0000025ca5b95cc0 JavaThread "Notification Thread"        daemon [_thread_blocked, id=53160, stack(0x000000dbaa300000,0x000000dbaa400000) (1024K)]
  0x0000025cec566570 JavaThread "Daemon health stats"               [_thread_blocked, id=53892, stack(0x000000dbaa900000,0x000000dbaaa00000) (1024K)]
  0x0000025cebb477b0 JavaThread "Incoming local TCP Connector on port 55783"        [_thread_in_native, id=54224, stack(0x000000dbaad00000,0x000000dbaae00000) (1024K)]
  0x0000025ceb40f4b0 JavaThread "Daemon periodic checks"            [_thread_blocked, id=54416, stack(0x000000dbaae00000,0x000000dbaaf00000) (1024K)]
  0x0000025ca5bbded0 JavaThread "Daemon"                            [_thread_blocked, id=57464, stack(0x000000dbaaf00000,0x000000dbab000000) (1024K)]
  0x0000025ceb14f780 JavaThread "Handler for socket connection from /127.0.0.1:55783 to /127.0.0.1:55862"        [_thread_in_native, id=57500, stack(0x000000dbab000000,0x000000dbab100000) (1024K)]
  0x0000025cebb77f60 JavaThread "Cancel handler"                    [_thread_blocked, id=57524, stack(0x000000dbab100000,0x000000dbab200000) (1024K)]
  0x0000025ceb5113e0 JavaThread "Daemon worker"                     [_thread_blocked, id=57576, stack(0x000000dbab200000,0x000000dbab300000) (1024K)]
  0x0000025ceb50f9a0 JavaThread "Asynchronous log dispatcher for DefaultDaemonConnection: socket connection from /127.0.0.1:55783 to /127.0.0.1:55862"        [_thread_blocked, id=57580, stack(0x000000dbab300000,0x000000dbab400000) (1024K)]
  0x0000025ceb510d50 JavaThread "Stdin handler"                     [_thread_blocked, id=57584, stack(0x000000dbab400000,0x000000dbab500000) (1024K)]
  0x0000025ceb510030 JavaThread "Daemon client event forwarder"        [_thread_blocked, id=57588, stack(0x000000dbab500000,0x000000dbab600000) (1024K)]
  0x0000025ceb511a70 JavaThread "Cache worker for journal cache (C:\Users\ishas\.gradle\caches\journal-1)"        [_thread_blocked, id=57676, stack(0x000000dbab600000,0x000000dbab700000) (1024K)]
  0x0000025ceb5106c0 JavaThread "File lock request listener"        [_thread_in_native, id=57680, stack(0x000000dbab700000,0x000000dbab800000) (1024K)]
  0x0000025ceb512100 JavaThread "Cache worker for file hash cache (C:\Users\ishas\.gradle\caches\8.14.3\fileHashes)"        [_thread_blocked, id=57728, stack(0x000000dbab800000,0x000000dbab900000) (1024K)]
  0x0000025ceb50ec80 JavaThread "File lock release action executor"        [_thread_blocked, id=57768, stack(0x000000dbab900000,0x000000dbaba00000) (1024K)]
  0x0000025ced51f4d0 JavaThread "Cache worker for file hash cache (C:\Users\ishas\Downloads\ai-yoga-assistant-razorpay-v9\yoga3\android\.gradle\8.14.3\fileHashes)"        [_thread_blocked, id=58256, stack(0x000000dbabd00000,0x000000dbabe00000) (1024K)]
  0x0000025ced5201f0 JavaThread "Cache worker for Build Output Cleanup Cache (C:\Users\ishas\Downloads\ai-yoga-assistant-razorpay-v9\yoga3\android\.gradle\buildOutputCleanup)"        [_thread_blocked, id=58264, stack(0x000000dbabe00000,0x000000dbabf00000) (1024K)]
  0x0000025ced51fb60 JavaThread "File watcher server"        daemon [_thread_in_native, id=58320, stack(0x000000dbabf00000,0x000000dbac000000) (1024K)]
  0x0000025ced522fe0 JavaThread "File watcher consumer"      daemon [_thread_blocked, id=58324, stack(0x000000dbac000000,0x000000dbac100000) (1024K)]
Total: 29

Other Threads:
  0x0000025ca5895690 VMThread "VM Thread"                           [id=53104, stack(0x000000dba9900000,0x000000dba9a00000) (1024K)]
  0x0000025ca5881aa0 WatcherThread "VM Periodic Task Thread"        [id=53024, stack(0x000000dba9800000,0x000000dba9900000) (1024K)]
  0x0000025c8e6e7d60 WorkerThread "GC Thread#0"                     [id=52364, stack(0x000000dba9300000,0x000000dba9400000) (1024K)]
  0x0000025ca5bd4910 WorkerThread "GC Thread#1"                     [id=53516, stack(0x000000dbaa400000,0x000000dbaa500000) (1024K)]
  0x0000025ca5bd4cc0 WorkerThread "GC Thread#2"                     [id=53520, stack(0x000000dbaa500000,0x000000dbaa600000) (1024K)]
  0x0000025ca5c46ee0 WorkerThread "GC Thread#3"                     [id=53524, stack(0x000000dbaa600000,0x000000dbaa700000) (1024K)]
  0x0000025ceb1924d0 WorkerThread "GC Thread#4"                     [id=53528, stack(0x000000dbaa700000,0x000000dbaa800000) (1024K)]
  0x0000025ceb191610 WorkerThread "GC Thread#5"                     [id=53532, stack(0x000000dbaa800000,0x000000dbaa900000) (1024K)]
  0x0000025ceb191d70 WorkerThread "GC Thread#6"                     [id=54072, stack(0x000000dbaaa00000,0x000000dbaab00000) (1024K)]
  0x0000025cec6ca990 WorkerThread "GC Thread#7"                     [id=42300, stack(0x000000dbaab00000,0x000000dbaac00000) (1024K)]
  0x0000025cec6ca230 WorkerThread "GC Thread#8"                     [id=48216, stack(0x000000dbaac00000,0x000000dbaad00000) (1024K)]
  0x0000025cec6c9370 WorkerThread "GC Thread#9"                     [id=58136, stack(0x000000dbaba00000,0x000000dbabb00000) (1024K)]
  0x0000025c8e6f4c60 ConcurrentGCThread "G1 Main Marker"            [id=52504, stack(0x000000dba9400000,0x000000dba9500000) (1024K)]
  0x0000025c8e6f5680 WorkerThread "G1 Conc#0"                       [id=47124, stack(0x000000dba9500000,0x000000dba9600000) (1024K)]
  0x0000025cec6c9ad0 WorkerThread "G1 Conc#1"                       [id=58188, stack(0x000000dbabb00000,0x000000dbabc00000) (1024K)]
  0x0000025ceccd3c70 WorkerThread "G1 Conc#2"                       [id=58192, stack(0x000000dbabc00000,0x000000dbabd00000) (1024K)]
  0x0000025c8e75e990 ConcurrentGCThread "G1 Refine#0"               [id=52040, stack(0x000000dba9600000,0x000000dba9700000) (1024K)]
  0x0000025ca57527e0 ConcurrentGCThread "G1 Service"                [id=52752, stack(0x000000dba9700000,0x000000dba9800000) (1024K)]
Total: 18

Threads with active compile tasks:
C2 CompilerThread0  107328 3798       4       javax.management.ObjectName::construct (1135 bytes)
Total: 1

VM state: not at safepoint (normal execution)

VM Mutex/Monitor currently owned by a thread: None

Heap address: 0x00000000a0000000, size: 1536 MB, Compressed Oops mode: 32-bit

CDS archive(s) mapped at: [0x0000025ca6000000-0x0000025ca6ba0000-0x0000025ca6ba0000), size 12189696, SharedBaseAddress: 0x0000025ca6000000, ArchiveRelocationMode: 1.
Compressed class space mapped at: 0x0000025ca7000000-0x0000025ce7000000, reserved size: 1073741824
Narrow klass base: 0x0000025ca6000000, Narrow klass shift: 0, Narrow klass range: 0x100000000

GC Precious Log:
 CardTable entry size: 512
 Card Set container configuration: InlinePtr #cards 5 size 8 Array Of Cards #cards 12 size 40 Howl #buckets 4 coarsen threshold 1843 Howl Bitmap #cards 512 size 80 coarsen threshold 460 Card regions per heap region 1 cards per card region 2048
 CPUs: 12 total, 12 available
 Memory: 16076M
 Large Page Support: Disabled
 NUMA Support: Disabled
 Compressed Oops: Enabled (32-bit)
 Heap Region Size: 1M
 Heap Min Capacity: 8M
 Heap Initial Capacity: 252M
 Heap Max Capacity: 1536M
 Pre-touch: Disabled
 Parallel Workers: 10
 Concurrent Workers: 3
 Concurrent Refinement Workers: 10
 Periodic GC: Disabled

Heap:
 garbage-first heap   total 81920K, used 39341K [0x00000000a0000000, 0x0000000100000000)
  region size 1024K, 16 young (16384K), 3 survivors (3072K)
 Metaspace       used 26374K, committed 27328K, reserved 1114112K
  class space    used 3974K, committed 4416K, reserved 1048576K

Heap Regions: E=young(eden), S=young(survivor), O=old, HS=humongous(starts), HC=humongous(continues), CS=collection set, F=free, TAMS=top-at-mark-start, PB=parsable bottom
|   0|0x00000000a0000000, 0x00000000a0100000, 0x00000000a0100000|100%|HS|  |TAMS 0x00000000a0000000| PB 0x00000000a0000000| Complete 
|   1|0x00000000a0100000, 0x00000000a0200000, 0x00000000a0200000|100%|HC|  |TAMS 0x00000000a0100000| PB 0x00000000a0100000| Complete 
|   2|0x00000000a0200000, 0x00000000a0300000, 0x00000000a0300000|100%|HC|  |TAMS 0x00000000a0200000| PB 0x00000000a0200000| Complete 
|   3|0x00000000a0300000, 0x00000000a0400000, 0x00000000a0400000|100%| O|  |TAMS 0x00000000a0300000| PB 0x00000000a0300000| Untracked 
|   4|0x00000000a0400000, 0x00000000a0500000, 0x00000000a0500000|100%| O|  |TAMS 0x00000000a0400000| PB 0x00000000a0400000| Untracked 
|   5|0x00000000a0500000, 0x00000000a0600000, 0x00000000a0600000|100%| O|  |TAMS 0x00000000a0500000| PB 0x00000000a0500000| Untracked 
|   6|0x00000000a0600000, 0x00000000a0700000, 0x00000000a0700000|100%|HS|  |TAMS 0x00000000a0600000| PB 0x00000000a0600000| Complete 
|   7|0x00000000a0700000, 0x00000000a0800000, 0x00000000a0800000|100%| O|  |TAMS 0x00000000a0700000| PB 0x00000000a0700000| Untracked 
|   8|0x00000000a0800000, 0x00000000a0900000, 0x00000000a0900000|100%| O|  |TAMS 0x00000000a0800000| PB 0x00000000a0800000| Untracked 
|   9|0x00000000a0900000, 0x00000000a0a00000, 0x00000000a0a00000|100%| O|  |TAMS 0x00000000a0900000| PB 0x00000000a0900000| Untracked 
|  10|0x00000000a0a00000, 0x00000000a0b00000, 0x00000000a0b00000|100%| O|Cm|TAMS 0x00000000a0a00000| PB 0x00000000a0a00000| Complete 
|  11|0x00000000a0b00000, 0x00000000a0c00000, 0x00000000a0c00000|100%| O|  |TAMS 0x00000000a0b00000| PB 0x00000000a0b00000| Untracked 
|  12|0x00000000a0c00000, 0x00000000a0cf7ea8, 0x00000000a0d00000| 96%| O|  |TAMS 0x00000000a0c00000| PB 0x00000000a0c00000| Untracked 
|  13|0x00000000a0d00000, 0x00000000a0e00000, 0x00000000a0e00000|100%| O|  |TAMS 0x00000000a0d00000| PB 0x00000000a0d00000| Untracked 
|  14|0x00000000a0e00000, 0x00000000a0f00000, 0x00000000a0f00000|100%| O|  |TAMS 0x00000000a0e00000| PB 0x00000000a0e00000| Untracked 
|  15|0x00000000a0f00000, 0x00000000a1000000, 0x00000000a1000000|100%| O|  |TAMS 0x00000000a0f00000| PB 0x00000000a0f00000| Untracked 
|  16|0x00000000a1000000, 0x00000000a1100000, 0x00000000a1100000|100%| O|  |TAMS 0x00000000a1000000| PB 0x00000000a1000000| Untracked 
|  17|0x00000000a1100000, 0x00000000a1200000, 0x00000000a1200000|100%| O|  |TAMS 0x00000000a1100000| PB 0x00000000a1100000| Untracked 
|  18|0x00000000a1200000, 0x00000000a1300000, 0x00000000a1300000|100%| O|  |TAMS 0x00000000a1200000| PB 0x00000000a1200000| Untracked 
|  19|0x00000000a1300000, 0x00000000a1400000, 0x00000000a1400000|100%| O|  |TAMS 0x00000000a1300000| PB 0x00000000a1300000| Untracked 
|  20|0x00000000a1400000, 0x00000000a1500000, 0x00000000a1500000|100%| O|  |TAMS 0x00000000a1400000| PB 0x00000000a1400000| Untracked 
|  21|0x00000000a1500000, 0x00000000a1600000, 0x00000000a1600000|100%| O|  |TAMS 0x00000000a1500000| PB 0x00000000a1500000| Untracked 
|  22|0x00000000a1600000, 0x00000000a1700000, 0x00000000a1700000|100%| O|  |TAMS 0x00000000a1600000| PB 0x00000000a1600000| Untracked 
|  23|0x00000000a1700000, 0x00000000a17cfcc0, 0x00000000a1800000| 81%| O|  |TAMS 0x00000000a1700000| PB 0x00000000a1700000| Untracked 
|  24|0x00000000a1800000, 0x00000000a1800000, 0x00000000a1900000|  0%| F|  |TAMS 0x00000000a1800000| PB 0x00000000a1800000| Untracked 
|  25|0x00000000a1900000, 0x00000000a1900000, 0x00000000a1a00000|  0%| F|  |TAMS 0x00000000a1900000| PB 0x00000000a1900000| Untracked 
|  26|0x00000000a1a00000, 0x00000000a1a00000, 0x00000000a1b00000|  0%| F|  |TAMS 0x00000000a1a00000| PB 0x00000000a1a00000| Untracked 
|  27|0x00000000a1b00000, 0x00000000a1b00000, 0x00000000a1c00000|  0%| F|  |TAMS 0x00000000a1b00000| PB 0x00000000a1b00000| Untracked 
|  28|0x00000000a1c00000, 0x00000000a1c00000, 0x00000000a1d00000|  0%| F|  |TAMS 0x00000000a1c00000| PB 0x00000000a1c00000| Untracked 
|  29|0x00000000a1d00000, 0x00000000a1da3b80, 0x00000000a1e00000| 63%| S|CS|TAMS 0x00000000a1d00000| PB 0x00000000a1d00000| Complete 
|  30|0x00000000a1e00000, 0x00000000a1f00000, 0x00000000a1f00000|100%| S|CS|TAMS 0x00000000a1e00000| PB 0x00000000a1e00000| Complete 
|  31|0x00000000a1f00000, 0x00000000a2000000, 0x00000000a2000000|100%| S|CS|TAMS 0x00000000a1f00000| PB 0x00000000a1f00000| Complete 
|  32|0x00000000a2000000, 0x00000000a2000000, 0x00000000a2100000|  0%| F|  |TAMS 0x00000000a2000000| PB 0x00000000a2000000| Untracked 
|  33|0x00000000a2100000, 0x00000000a2100000, 0x00000000a2200000|  0%| F|  |TAMS 0x00000000a2100000| PB 0x00000000a2100000| Untracked 
|  34|0x00000000a2200000, 0x00000000a2200000, 0x00000000a2300000|  0%| F|  |TAMS 0x00000000a2200000| PB 0x00000000a2200000| Untracked 
|  35|0x00000000a2300000, 0x00000000a2300000, 0x00000000a2400000|  0%| F|  |TAMS 0x00000000a2300000| PB 0x00000000a2300000| Untracked 
|  36|0x00000000a2400000, 0x00000000a2400000, 0x00000000a2500000|  0%| F|  |TAMS 0x00000000a2400000| PB 0x00000000a2400000| Untracked 
|  37|0x00000000a2500000, 0x00000000a2500000, 0x00000000a2600000|  0%| F|  |TAMS 0x00000000a2500000| PB 0x00000000a2500000| Untracked 
|  38|0x00000000a2600000, 0x00000000a2600000, 0x00000000a2700000|  0%| F|  |TAMS 0x00000000a2600000| PB 0x00000000a2600000| Untracked 
|  39|0x00000000a2700000, 0x00000000a2700000, 0x00000000a2800000|  0%| F|  |TAMS 0x00000000a2700000| PB 0x00000000a2700000| Untracked 
|  40|0x00000000a2800000, 0x00000000a2800000, 0x00000000a2900000|  0%| F|  |TAMS 0x00000000a2800000| PB 0x00000000a2800000| Untracked 
|  41|0x00000000a2900000, 0x00000000a2900000, 0x00000000a2a00000|  0%| F|  |TAMS 0x00000000a2900000| PB 0x00000000a2900000| Untracked 
|  42|0x00000000a2a00000, 0x00000000a2a00000, 0x00000000a2b00000|  0%| F|  |TAMS 0x00000000a2a00000| PB 0x00000000a2a00000| Untracked 
|  43|0x00000000a2b00000, 0x00000000a2b00000, 0x00000000a2c00000|  0%| F|  |TAMS 0x00000000a2b00000| PB 0x00000000a2b00000| Untracked 
|  44|0x00000000a2c00000, 0x00000000a2c00000, 0x00000000a2d00000|  0%| F|  |TAMS 0x00000000a2c00000| PB 0x00000000a2c00000| Untracked 
|  45|0x00000000a2d00000, 0x00000000a2d00000, 0x00000000a2e00000|  0%| F|  |TAMS 0x00000000a2d00000| PB 0x00000000a2d00000| Untracked 
|  46|0x00000000a2e00000, 0x00000000a2e00000, 0x00000000a2f00000|  0%| F|  |TAMS 0x00000000a2e00000| PB 0x00000000a2e00000| Untracked 
|  47|0x00000000a2f00000, 0x00000000a2f00000, 0x00000000a3000000|  0%| F|  |TAMS 0x00000000a2f00000| PB 0x00000000a2f00000| Untracked 
|  48|0x00000000a3000000, 0x00000000a3000000, 0x00000000a3100000|  0%| F|  |TAMS 0x00000000a3000000| PB 0x00000000a3000000| Untracked 
|  49|0x00000000a3100000, 0x00000000a3100000, 0x00000000a3200000|  0%| F|  |TAMS 0x00000000a3100000| PB 0x00000000a3100000| Untracked 
|  50|0x00000000a3200000, 0x00000000a3200000, 0x00000000a3300000|  0%| F|  |TAMS 0x00000000a3200000| PB 0x00000000a3200000| Untracked 
|  51|0x00000000a3300000, 0x00000000a3300000, 0x00000000a3400000|  0%| F|  |TAMS 0x00000000a3300000| PB 0x00000000a3300000| Untracked 
|  52|0x00000000a3400000, 0x00000000a3400000, 0x00000000a3500000|  0%| F|  |TAMS 0x00000000a3400000| PB 0x00000000a3400000| Untracked 
|  53|0x00000000a3500000, 0x00000000a3500000, 0x00000000a3600000|  0%| F|  |TAMS 0x00000000a3500000| PB 0x00000000a3500000| Untracked 
|  54|0x00000000a3600000, 0x00000000a3600000, 0x00000000a3700000|  0%| F|  |TAMS 0x00000000a3600000| PB 0x00000000a3600000| Untracked 
|  55|0x00000000a3700000, 0x00000000a3700000, 0x00000000a3800000|  0%| F|  |TAMS 0x00000000a3700000| PB 0x00000000a3700000| Untracked 
|  56|0x00000000a3800000, 0x00000000a3800000, 0x00000000a3900000|  0%| F|  |TAMS 0x00000000a3800000| PB 0x00000000a3800000| Untracked 
|  57|0x00000000a3900000, 0x00000000a3900000, 0x00000000a3a00000|  0%| F|  |TAMS 0x00000000a3900000| PB 0x00000000a3900000| Untracked 
|  58|0x00000000a3a00000, 0x00000000a3a00000, 0x00000000a3b00000|  0%| F|  |TAMS 0x00000000a3a00000| PB 0x00000000a3a00000| Untracked 
|  59|0x00000000a3b00000, 0x00000000a3b00000, 0x00000000a3c00000|  0%| F|  |TAMS 0x00000000a3b00000| PB 0x00000000a3b00000| Untracked 
|  60|0x00000000a3c00000, 0x00000000a3c00000, 0x00000000a3d00000|  0%| F|  |TAMS 0x00000000a3c00000| PB 0x00000000a3c00000| Untracked 
|  61|0x00000000a3d00000, 0x00000000a3d00000, 0x00000000a3e00000|  0%| F|  |TAMS 0x00000000a3d00000| PB 0x00000000a3d00000| Untracked 
|  62|0x00000000a3e00000, 0x00000000a3e00000, 0x00000000a3f00000|  0%| F|  |TAMS 0x00000000a3e00000| PB 0x00000000a3e00000| Untracked 
|  63|0x00000000a3f00000, 0x00000000a3f00000, 0x00000000a4000000|  0%| F|  |TAMS 0x00000000a3f00000| PB 0x00000000a3f00000| Untracked 
|  64|0x00000000a4000000, 0x00000000a4000000, 0x00000000a4100000|  0%| F|  |TAMS 0x00000000a4000000| PB 0x00000000a4000000| Untracked 
|  65|0x00000000a4100000, 0x00000000a4100000, 0x00000000a4200000|  0%| F|  |TAMS 0x00000000a4100000| PB 0x00000000a4100000| Untracked 
|  66|0x00000000a4200000, 0x00000000a4200000, 0x00000000a4300000|  0%| F|  |TAMS 0x00000000a4200000| PB 0x00000000a4200000| Untracked 
| 147|0x00000000a9300000, 0x00000000a93a3900, 0x00000000a9400000| 63%| E|  |TAMS 0x00000000a9300000| PB 0x00000000a9300000| Complete 
| 148|0x00000000a9400000, 0x00000000a9500000, 0x00000000a9500000|100%| E|CS|TAMS 0x00000000a9400000| PB 0x00000000a9400000| Complete 
| 149|0x00000000a9500000, 0x00000000a9600000, 0x00000000a9600000|100%| E|CS|TAMS 0x00000000a9500000| PB 0x00000000a9500000| Complete 
| 150|0x00000000a9600000, 0x00000000a9700000, 0x00000000a9700000|100%| E|CS|TAMS 0x00000000a9600000| PB 0x00000000a9600000| Complete 
| 151|0x00000000a9700000, 0x00000000a9800000, 0x00000000a9800000|100%| E|CS|TAMS 0x00000000a9700000| PB 0x00000000a9700000| Complete 
| 152|0x00000000a9800000, 0x00000000a9900000, 0x00000000a9900000|100%| E|CS|TAMS 0x00000000a9800000| PB 0x00000000a9800000| Complete 
| 153|0x00000000a9900000, 0x00000000a9a00000, 0x00000000a9a00000|100%| E|CS|TAMS 0x00000000a9900000| PB 0x00000000a9900000| Complete 
| 154|0x00000000a9a00000, 0x00000000a9b00000, 0x00000000a9b00000|100%| E|CS|TAMS 0x00000000a9a00000| PB 0x00000000a9a00000| Complete 
| 155|0x00000000a9b00000, 0x00000000a9c00000, 0x00000000a9c00000|100%| E|CS|TAMS 0x00000000a9b00000| PB 0x00000000a9b00000| Complete 
| 156|0x00000000a9c00000, 0x00000000a9d00000, 0x00000000a9d00000|100%| E|CS|TAMS 0x00000000a9c00000| PB 0x00000000a9c00000| Complete 
| 157|0x00000000a9d00000, 0x00000000a9e00000, 0x00000000a9e00000|100%| E|CS|TAMS 0x00000000a9d00000| PB 0x00000000a9d00000| Complete 
| 158|0x00000000a9e00000, 0x00000000a9f00000, 0x00000000a9f00000|100%| E|CS|TAMS 0x00000000a9e00000| PB 0x00000000a9e00000| Complete 
| 251|0x00000000afb00000, 0x00000000afc00000, 0x00000000afc00000|100%| E|CS|TAMS 0x00000000afb00000| PB 0x00000000afb00000| Complete 

Card table byte_map: [0x0000025ca10f0000,0x0000025ca13f0000] _byte_map_base: 0x0000025ca0bf0000

Marking Bits: (CMBitMap*) 0x0000025c8e6e8380
 Bits: [0x0000025ca13f0000, 0x0000025ca2bf0000)

Polling page: 0x0000025c8c4a0000

Metaspace:

Usage:
  Non-class:     21.87 MB used.
      Class:      3.88 MB used.
       Both:     25.76 MB used.

Virtual space:
  Non-class space:       64.00 MB reserved,      22.38 MB ( 35%) committed,  1 nodes.
      Class space:        1.00 GB reserved,       4.31 MB ( <1%) committed,  1 nodes.
             Both:        1.06 GB reserved,      26.69 MB (  2%) committed. 

Chunk freelists:
   Non-Class:  9.14 MB
       Class:  11.52 MB
        Both:  20.66 MB

MaxMetaspaceSize: unlimited
CompressedClassSpaceSize: 1.00 GB
Initial GC threshold: 21.00 MB
Current GC threshold: 35.12 MB
CDS: on
 - commit_granule_bytes: 65536.
 - commit_granule_words: 8192.
 - virtual_space_node_default_size: 8388608.
 - enlarge_chunks_in_place: 1.
 - use_allocation_guard: 0.


Internal statistics:

num_allocs_failed_limit: 3.
num_arena_births: 1456.
num_arena_deaths: 0.
num_vsnodes_births: 2.
num_vsnodes_deaths: 0.
num_space_committed: 427.
num_space_uncommitted: 0.
num_chunks_returned_to_freelist: 3.
num_chunks_taken_from_freelist: 2626.
num_chunk_merges: 3.
num_chunk_splits: 1699.
num_chunks_enlarged: 1070.
num_inconsistent_stats: 0.

CodeHeap 'non-profiled nmethods': size=120000Kb used=2192Kb max_used=2192Kb free=117807Kb
 bounds [0x0000025c99370000, 0x0000025c995e0000, 0x0000025ca08a0000]
CodeHeap 'profiled nmethods': size=120000Kb used=7452Kb max_used=7452Kb free=112547Kb
 bounds [0x0000025c918a0000, 0x0000025c91ff0000, 0x0000025c98dd0000]
CodeHeap 'non-nmethods': size=5760Kb used=1435Kb max_used=1478Kb free=4325Kb
 bounds [0x0000025c98dd0000, 0x0000025c99040000, 0x0000025c99370000]
CodeCache: size=245760Kb, used=11079Kb, max_used=11122Kb, free=234679Kb
 total_blobs=4381, nmethods=3795, adapters=489, full_count=0
Compilation: enabled, stopped_count=0, restarted_count=0

Compilation events (20 events):
Event: 100.193 Thread 0x0000025ca58e96c0 nmethod 3788 0x0000025c91fe4e10 code [0x0000025c91fe50a0, 0x0000025c91fe5ca8]
Event: 101.067 Thread 0x0000025ca58e96c0 3791       3       java.util.concurrent.locks.AbstractQueuedSynchronizer$ConditionObject::signal (34 bytes)
Event: 101.067 Thread 0x0000025ca58e55f0 3790       4       java.util.HashMap::containsKey (14 bytes)
Event: 101.068 Thread 0x0000025ca58e96c0 nmethod 3791 0x0000025c91fe6110 code [0x0000025c91fe62e0, 0x0000025c91fe6630]
Event: 101.068 Thread 0x0000025ca58e96c0 3789       3       java.util.concurrent.TimeUnit::convert (73 bytes)
Event: 101.069 Thread 0x0000025ca58e96c0 nmethod 3789 0x0000025c91fe6790 code [0x0000025c91fe69a0, 0x0000025c91fe6d38]
Event: 101.075 Thread 0x0000025ca58e55f0 nmethod 3790 0x0000025c99592610 code [0x0000025c995927e0, 0x0000025c99592b48]
Event: 102.183 Thread 0x0000025ca58e55f0 3792       4       java.util.concurrent.locks.AbstractQueuedSynchronizer$ConditionObject::canReacquire (38 bytes)
Event: 102.184 Thread 0x0000025ca58e55f0 nmethod 3792 0x0000025c99592e10 code [0x0000025c99592fa0, 0x0000025c995930b0]
Event: 102.647 Thread 0x0000025ca58e55f0 3793       4       java.util.concurrent.locks.LockSupport::setBlocker (12 bytes)
Event: 102.649 Thread 0x0000025ca58e55f0 nmethod 3793 0x0000025c99593190 code [0x0000025c99593320, 0x0000025c99593458]
Event: 102.900 Thread 0x0000025ca58e55f0 3794       4       java.util.ArrayList::toArray (12 bytes)
Event: 102.905 Thread 0x0000025ca58e55f0 nmethod 3794 0x0000025c99593510 code [0x0000025c995936a0, 0x0000025c995939b8]
Event: 103.080 Thread 0x0000025ca58e55f0 3795       4       java.util.AbstractSet::<init> (5 bytes)
Event: 103.081 Thread 0x0000025ca58e55f0 nmethod 3795 0x0000025c99593b10 code [0x0000025c99593ca0, 0x0000025c99593d28]
Event: 105.510 Thread 0x0000025ca58e55f0 3796       4       java.util.concurrent.TimeUnit::toNanos (45 bytes)
Event: 105.511 Thread 0x0000025ca58e55f0 nmethod 3796 0x0000025c99593e10 code [0x0000025c99593fa0, 0x0000025c99594098]
Event: 106.065 Thread 0x0000025ca58e96c0 3797       3       java.util.concurrent.ThreadPoolExecutor::workerCountOf (5 bytes)
Event: 106.065 Thread 0x0000025ca58e96c0 nmethod 3797 0x0000025c91fe6f10 code [0x0000025c91fe70a0, 0x0000025c91fe7198]
Event: 107.061 Thread 0x0000025ca58e55f0 3798       4       javax.management.ObjectName::construct (1135 bytes)

GC Heap History (10 events):
Event: 2.301 GC heap before
{Heap before GC invocations=0 (full 0):
 garbage-first heap   total 258048K, used 23552K [0x00000000a0000000, 0x0000000100000000)
  region size 1024K, 23 young (23552K), 0 survivors (0K)
 Metaspace       used 909K, committed 1024K, reserved 1114112K
  class space    used 73K, committed 128K, reserved 1048576K
}
Event: 2.313 GC heap after
{Heap after GC invocations=1 (full 0):
 garbage-first heap   total 258048K, used 1450K [0x00000000a0000000, 0x0000000100000000)
  region size 1024K, 2 young (2048K), 2 survivors (2048K)
 Metaspace       used 909K, committed 1024K, reserved 1114112K
  class space    used 73K, committed 128K, reserved 1048576K
}
Event: 5.279 GC heap before
{Heap before GC invocations=1 (full 0):
 garbage-first heap   total 258048K, used 41386K [0x00000000a0000000, 0x0000000100000000)
  region size 1024K, 39 young (39936K), 2 survivors (2048K)
 Metaspace       used 4369K, committed 4544K, reserved 1114112K
  class space    used 559K, committed 640K, reserved 1048576K
}
Event: 5.284 GC heap after
{Heap after GC invocations=2 (full 0):
 garbage-first heap   total 258048K, used 10785K [0x00000000a0000000, 0x0000000100000000)
  region size 1024K, 5 young (5120K), 5 survivors (5120K)
 Metaspace       used 4369K, committed 4544K, reserved 1114112K
  class space    used 559K, committed 640K, reserved 1048576K
}
Event: 11.616 GC heap before
{Heap before GC invocations=2 (full 0):
 garbage-first heap   total 258048K, used 71201K [0x00000000a0000000, 0x0000000100000000)
  region size 1024K, 62 young (63488K), 5 survivors (5120K)
 Metaspace       used 7824K, committed 8128K, reserved 1114112K
  class space    used 1067K, committed 1216K, reserved 1048576K
}
Event: 11.623 GC heap after
{Heap after GC invocations=3 (full 0):
 garbage-first heap   total 258048K, used 18543K [0x00000000a0000000, 0x0000000100000000)
  region size 1024K, 7 young (7168K), 7 survivors (7168K)
 Metaspace       used 7824K, committed 8128K, reserved 1114112K
  class space    used 1067K, committed 1216K, reserved 1048576K
}
Event: 59.668 GC heap before
{Heap before GC invocations=3 (full 0):
 garbage-first heap   total 258048K, used 105583K [0x00000000a0000000, 0x0000000100000000)
  region size 1024K, 93 young (95232K), 7 survivors (7168K)
 Metaspace       used 20842K, committed 21504K, reserved 1114112K
  class space    used 3064K, committed 3392K, reserved 1048576K
}
Event: 59.840 GC heap after
{Heap after GC invocations=4 (full 0):
 garbage-first heap   total 258048K, used 24421K [0x00000000a0000000, 0x0000000100000000)
  region size 1024K, 12 young (12288K), 12 survivors (12288K)
 Metaspace       used 20842K, committed 21504K, reserved 1114112K
  class space    used 3064K, committed 3392K, reserved 1048576K
}
Event: 62.343 GC heap before
{Heap before GC invocations=5 (full 0):
 garbage-first heap   total 81920K, used 61285K [0x00000000a0000000, 0x0000000100000000)
  region size 1024K, 48 young (49152K), 12 survivors (12288K)
 Metaspace       used 25267K, committed 26176K, reserved 1114112K
  class space    used 3798K, committed 4224K, reserved 1048576K
}
Event: 62.352 GC heap after
{Heap after GC invocations=6 (full 0):
 garbage-first heap   total 81920K, used 27053K [0x00000000a0000000, 0x0000000100000000)
  region size 1024K, 3 young (3072K), 3 survivors (3072K)
 Metaspace       used 25267K, committed 26176K, reserved 1114112K
  class space    used 3798K, committed 4224K, reserved 1048576K
}

Dll operation events (20 events):
Event: 0.475 Attempting to load shared library C:\Users\ishas\.vscode\extensions\redhat.java-1.56.0-win32-x64\jre\21.0.12.1-win32-x86_64\bin\nio.dll
Event: 0.475 Loaded shared library C:\Users\ishas\.vscode\extensions\redhat.java-1.56.0-win32-x64\jre\21.0.12.1-win32-x86_64\bin\nio.dll
Event: 0.479 Attempting to load shared library C:\Users\ishas\.vscode\extensions\redhat.java-1.56.0-win32-x64\jre\21.0.12.1-win32-x86_64\bin\zip.dll
Event: 0.480 Loaded shared library C:\Users\ishas\.vscode\extensions\redhat.java-1.56.0-win32-x64\jre\21.0.12.1-win32-x86_64\bin\zip.dll
Event: 2.281 Attempting to load shared library C:\Users\ishas\.vscode\extensions\redhat.java-1.56.0-win32-x64\jre\21.0.12.1-win32-x86_64\bin\jimage.dll
Event: 2.281 Loaded shared library C:\Users\ishas\.vscode\extensions\redhat.java-1.56.0-win32-x64\jre\21.0.12.1-win32-x86_64\bin\jimage.dll
Event: 2.762 Attempting to load shared library C:\Users\ishas\.vscode\extensions\redhat.java-1.56.0-win32-x64\jre\21.0.12.1-win32-x86_64\bin\verify.dll
Event: 2.762 Loaded shared library C:\Users\ishas\.vscode\extensions\redhat.java-1.56.0-win32-x64\jre\21.0.12.1-win32-x86_64\bin\verify.dll
Event: 3.634 Attempting to load shared library C:\Users\ishas\.gradle\native\1def1411415f61bf3af743bc5b6707747c0891f09f0c88961ee8f79bc544acac\windows-amd64\native-platform.dll
Event: 3.635 Loaded shared library C:\Users\ishas\.gradle\native\1def1411415f61bf3af743bc5b6707747c0891f09f0c88961ee8f79bc544acac\windows-amd64\native-platform.dll
Event: 3.659 Attempting to load shared library C:\Users\ishas\.gradle\native\0.2.7\x86_64-windows-gnu\gradle-fileevents.dll
Event: 3.659 Loaded shared library C:\Users\ishas\.gradle\native\0.2.7\x86_64-windows-gnu\gradle-fileevents.dll
Event: 9.784 Attempting to load shared library C:\Users\ishas\.vscode\extensions\redhat.java-1.56.0-win32-x64\jre\21.0.12.1-win32-x86_64\bin\management.dll
Event: 9.785 Loaded shared library C:\Users\ishas\.vscode\extensions\redhat.java-1.56.0-win32-x64\jre\21.0.12.1-win32-x86_64\bin\management.dll
Event: 9.787 Attempting to load shared library C:\Users\ishas\.vscode\extensions\redhat.java-1.56.0-win32-x64\jre\21.0.12.1-win32-x86_64\bin\management_ext.dll
Event: 9.787 Loaded shared library C:\Users\ishas\.vscode\extensions\redhat.java-1.56.0-win32-x64\jre\21.0.12.1-win32-x86_64\bin\management_ext.dll
Event: 11.580 Attempting to load shared library C:\Users\ishas\.vscode\extensions\redhat.java-1.56.0-win32-x64\jre\21.0.12.1-win32-x86_64\bin\extnet.dll
Event: 11.581 Loaded shared library C:\Users\ishas\.vscode\extensions\redhat.java-1.56.0-win32-x64\jre\21.0.12.1-win32-x86_64\bin\extnet.dll
Event: 53.218 Attempting to load shared library C:\Users\ishas\.vscode\extensions\redhat.java-1.56.0-win32-x64\jre\21.0.12.1-win32-x86_64\bin\sunmscapi.dll
Event: 53.959 Loaded shared library C:\Users\ishas\.vscode\extensions\redhat.java-1.56.0-win32-x64\jre\21.0.12.1-win32-x86_64\bin\sunmscapi.dll

Deoptimization events (20 events):
Event: 63.581 Thread 0x0000025ceb511a70 Uncommon trap: trap_request=0xffffffc6 fr.pc=0x0000025c9957062c relative=0x00000000000007ec
Event: 63.581 Thread 0x0000025ceb511a70 Uncommon trap: reason=bimorphic_or_optimized_type_check action=maybe_recompile pc=0x0000025c9957062c method=java.io.DataInputStream.readUnsignedByte()I @ 4 c2
Event: 63.581 Thread 0x0000025ceb511a70 DEOPT PACKING pc=0x0000025c9957062c sp=0x000000dbab6fe230
Event: 63.581 Thread 0x0000025ceb511a70 DEOPT UNPACKING pc=0x0000025c98e24422 sp=0x000000dbab6fe198 mode 2
Event: 63.672 Thread 0x0000025ceb511a70 Uncommon trap: trap_request=0xffffffc6 fr.pc=0x0000025c9957062c relative=0x00000000000007ec
Event: 63.672 Thread 0x0000025ceb511a70 Uncommon trap: reason=bimorphic_or_optimized_type_check action=maybe_recompile pc=0x0000025c9957062c method=java.io.DataInputStream.readUnsignedByte()I @ 4 c2
Event: 63.672 Thread 0x0000025ceb511a70 DEOPT PACKING pc=0x0000025c9957062c sp=0x000000dbab6fe350
Event: 63.672 Thread 0x0000025ceb511a70 DEOPT UNPACKING pc=0x0000025c98e24422 sp=0x000000dbab6fe2b8 mode 2
Event: 63.818 Thread 0x0000025ceb511a70 Uncommon trap: trap_request=0xffffffc6 fr.pc=0x0000025c9957062c relative=0x00000000000007ec
Event: 63.818 Thread 0x0000025ceb511a70 Uncommon trap: reason=bimorphic_or_optimized_type_check action=maybe_recompile pc=0x0000025c9957062c method=java.io.DataInputStream.readUnsignedByte()I @ 4 c2
Event: 63.818 Thread 0x0000025ceb511a70 DEOPT PACKING pc=0x0000025c9957062c sp=0x000000dbab6fe320
Event: 63.818 Thread 0x0000025ceb511a70 DEOPT UNPACKING pc=0x0000025c98e24422 sp=0x000000dbab6fe288 mode 2
Event: 63.877 Thread 0x0000025ceb511a70 Uncommon trap: trap_request=0xffffffde fr.pc=0x0000025c9957494c relative=0x0000000000000aec
Event: 63.877 Thread 0x0000025ceb511a70 Uncommon trap: reason=class_check action=maybe_recompile pc=0x0000025c9957494c method=java.io.BufferedInputStream.implRead([BII)I @ 100 c2
Event: 63.877 Thread 0x0000025ceb511a70 DEOPT PACKING pc=0x0000025c9957494c sp=0x000000dbab6fdfe0
Event: 63.877 Thread 0x0000025ceb511a70 DEOPT UNPACKING pc=0x0000025c98e24422 sp=0x000000dbab6fdfa8 mode 2
Event: 65.623 Thread 0x0000025ceb5113e0 Uncommon trap: trap_request=0xffffff45 fr.pc=0x0000025c994e9ec8 relative=0x00000000000001a8
Event: 65.623 Thread 0x0000025ceb5113e0 Uncommon trap: reason=unstable_if action=reinterpret pc=0x0000025c994e9ec8 method=java.util.concurrent.locks.ReentrantLock$NonfairSync.initialTryLock()Z @ 25 c2
Event: 65.623 Thread 0x0000025ceb5113e0 DEOPT PACKING pc=0x0000025c994e9ec8 sp=0x000000dbab2f8da0
Event: 65.623 Thread 0x0000025ceb5113e0 DEOPT UNPACKING pc=0x0000025c98e24422 sp=0x000000dbab2f8c88 mode 2

Classes loaded (20 events):
Event: 63.013 Loading class java/nio/file/FileTreeWalker$DirectoryNode
Event: 63.013 Loading class java/nio/file/FileTreeWalker$DirectoryNode done
Event: 63.013 Loading class java/nio/file/FileTreeWalker$Event
Event: 63.013 Loading class java/nio/file/FileTreeWalker$Event done
Event: 63.013 Loading class java/nio/file/FileTreeWalker$EventType
Event: 63.014 Loading class java/nio/file/FileTreeWalker$EventType done
Event: 63.014 Loading class java/nio/file/Files$3
Event: 63.014 Loading class java/nio/file/Files$3 done
Event: 63.015 Loading class java/nio/file/FileVisitResult
Event: 63.015 Loading class java/nio/file/FileVisitResult done
Event: 63.904 Loading class java/nio/charset/CharacterCodingException
Event: 63.904 Loading class java/nio/charset/CharacterCodingException done
Event: 66.571 Loading class java/util/stream/IntStream
Event: 66.572 Loading class java/util/stream/IntStream done
Event: 66.572 Loading class java/util/stream/Streams$RangeIntSpliterator
Event: 66.572 Loading class java/util/stream/Streams$RangeIntSpliterator done
Event: 66.572 Loading class java/util/stream/IntPipeline$Head
Event: 66.573 Loading class java/util/stream/IntPipeline
Event: 66.573 Loading class java/util/stream/IntPipeline done
Event: 66.573 Loading class java/util/stream/IntPipeline$Head done

Classes unloaded (0 events):
No events

Classes redefined (0 events):
No events

Internal exceptions (20 events):
Event: 60.507 Thread 0x0000025ceb5113e0 Exception <a 'java/lang/NoSuchMethodError'{0x00000000a3a77248}: 'java.lang.Object java.lang.invoke.DirectMethodHandle$Holder.invokeSpecial(java.lang.Object, java.lang.Object, java.lang.Object, java.lang.Object, java.lang.Object, java.lang.Object, java.lang.Object, java.lang.Object, java.lang.Object, java.lang.Object, java.lang.Object, java.lang.Object, java.lang.Object, java.lang.Object, java.lang.Object, java.lang.Object, java.lang.Object, java.lang.Object, java.lang.Object, java.lang.Object, java.lang.Ob
Event: 60.507 Thread 0x0000025ceb5113e0 Exception <a 'java/lang/NoSuchMethodError'{0x00000000a3a7cbc8}: 'java.lang.Object java.lang.invoke.Invokers$Holder.invoker(java.lang.Object, java.lang.Object, java.lang.Object, java.lang.Object, java.lang.Object, java.lang.Object, java.lang.Object, java.lang.Object, java.lang.Object, java.lang.Object, java.lang.Object, java.lang.Object, java.lang.Object, java.lang.Object, java.lang.Object, java.lang.Object, java.lang.Object, java.lang.Object, java.lang.Object, java.lang.Object, java.lang.Object, java.lang.
Event: 60.508 Thread 0x0000025ceb5113e0 Exception <a 'java/lang/NoSuchMethodError'{0x00000000a39411a0}: 'java.lang.Object java.lang.invoke.DelegatingMethodHandle$Holder.delegate(java.lang.Object, java.lang.Object, java.lang.Object, java.lang.Object, java.lang.Object, java.lang.Object, java.lang.Object, java.lang.Object, java.lang.Object, java.lang.Object, java.lang.Object, java.lang.Object, java.lang.Object, java.lang.Object, java.lang.Object, java.lang.Object, java.lang.Object, java.lang.Object, java.lang.Object, java.lang.Object, java.lang.Obj
Event: 60.555 Thread 0x0000025ceb5113e0 Exception <a 'java/lang/NoSuchMethodError'{0x00000000a3777d70}: 'java.lang.Object java.lang.invoke.DirectMethodHandle$Holder.invokeStaticInit(java.lang.Object, java.lang.Object, java.lang.Object, java.lang.Object)'> (0x00000000a3777d70) 
thrown [s\src\hotspot\share\interpreter\linkResolver.cpp, line 773]
Event: 60.679 Thread 0x0000025ceb5113e0 Exception <a 'java/lang/NoSuchMethodError'{0x00000000a35b5ed8}: 'java.lang.Object java.lang.invoke.DirectMethodHandle$Holder.newInvokeSpecial(java.lang.Object, java.lang.Object, java.lang.Object, java.lang.Object, java.lang.Object, java.lang.Object, java.lang.Object, java.lang.Object)'> (0x00000000a35b5ed8) 
thrown [s\src\hotspot\share\interpreter\linkResolver.cpp, line 773]
Event: 60.701 Thread 0x0000025ceb5113e0 Exception <a 'java/lang/IncompatibleClassChangeError'{0x00000000a34f8e38}: Found class java.lang.Object, but interface was expected> (0x00000000a34f8e38) 
thrown [s\src\hotspot\share\interpreter\linkResolver.cpp, line 840]
Event: 60.718 Thread 0x0000025ceb5113e0 Exception <a 'java/lang/NoSuchMethodError'{0x00000000a3372160}: 'java.lang.Object java.lang.invoke.DirectMethodHandle$Holder.invokeVirtual(java.lang.Object, java.lang.Object, java.lang.Object, java.lang.Object, java.lang.Object, java.lang.Object, java.lang.Object, java.lang.Object, java.lang.Object, java.lang.Object, java.lang.Object, java.lang.Object, java.lang.Object)'> (0x00000000a3372160) 
thrown [s\src\hotspot\share\interpreter\linkResolver.cpp, line 773]
Event: 60.719 Thread 0x0000025ceb5113e0 Exception <a 'java/lang/NoSuchMethodError'{0x00000000a3377398}: 'java.lang.Object java.lang.invoke.DirectMethodHandle$Holder.invokeSpecial(java.lang.Object, java.lang.Object, java.lang.Object, java.lang.Object, java.lang.Object, java.lang.Object, java.lang.Object, java.lang.Object, java.lang.Object, java.lang.Object, java.lang.Object, java.lang.Object, java.lang.Object, java.lang.Object)'> (0x00000000a3377398) 
thrown [s\src\hotspot\share\interpreter\linkResolver.cpp, line 773]
Event: 60.719 Thread 0x0000025ceb5113e0 Exception <a 'java/lang/NoSuchMethodError'{0x00000000a337c0e8}: 'java.lang.Object java.lang.invoke.DelegatingMethodHandle$Holder.reinvoke_L(java.lang.Object, java.lang.Object, java.lang.Object, java.lang.Object, java.lang.Object, java.lang.Object, java.lang.Object, java.lang.Object, java.lang.Object, java.lang.Object, java.lang.Object, java.lang.Object, java.lang.Object)'> (0x00000000a337c0e8) 
thrown [s\src\hotspot\share\interpreter\linkResolver.cpp, line 773]
Event: 60.766 Thread 0x0000025ceb5113e0 Exception <a 'java/lang/NoSuchMethodError'{0x00000000a31363b8}: 'void java.lang.invoke.DirectMethodHandle$Holder.invokeStaticInit(java.lang.Object, java.lang.Object)'> (0x00000000a31363b8) 
thrown [s\src\hotspot\share\interpreter\linkResolver.cpp, line 773]
Event: 60.952 Thread 0x0000025ceb5113e0 Exception <a 'java/lang/NoSuchMethodError'{0x00000000a2d79f60}: 'java.lang.Object java.lang.invoke.DirectMethodHandle$Holder.newInvokeSpecial(java.lang.Object, java.lang.Object, java.lang.Object, java.lang.Object, java.lang.Object, java.lang.Object, java.lang.Object, java.lang.Object, java.lang.Object)'> (0x00000000a2d79f60) 
thrown [s\src\hotspot\share\interpreter\linkResolver.cpp, line 773]
Event: 61.300 Thread 0x0000025ceb5113e0 Exception <a 'java/lang/NoSuchMethodError'{0x00000000a2aab770}: 'int java.lang.invoke.DirectMethodHandle$Holder.invokeVirtual(java.lang.Object, java.lang.Object)'> (0x00000000a2aab770) 
thrown [s\src\hotspot\share\interpreter\linkResolver.cpp, line 773]
Event: 61.627 Thread 0x0000025ceb5113e0 Exception <a 'java/lang/NoSuchMethodError'{0x00000000a2785ac0}: 'void java.lang.invoke.DirectMethodHandle$Holder.invokeInterface(java.lang.Object, java.lang.Object, java.lang.Object, java.lang.Object, java.lang.Object)'> (0x00000000a2785ac0) 
thrown [s\src\hotspot\share\interpreter\linkResolver.cpp, line 773]
Event: 61.632 Thread 0x0000025ceb5113e0 Exception <a 'java/lang/NoSuchMethodError'{0x00000000a27c5088}: 'void java.lang.invoke.DirectMethodHandle$Holder.invokeStatic(java.lang.Object, java.lang.Object, java.lang.Object, java.lang.Object, java.lang.Object, java.lang.Object)'> (0x00000000a27c5088) 
thrown [s\src\hotspot\share\interpreter\linkResolver.cpp, line 773]
Event: 62.372 Thread 0x0000025ceb5113e0 Exception <a 'java/lang/IncompatibleClassChangeError'{0x00000000a9e0bd70}: Found class java.lang.Object, but interface was expected> (0x00000000a9e0bd70) 
thrown [s\src\hotspot\share\interpreter\linkResolver.cpp, line 840]
Event: 62.976 Thread 0x0000025ceb5113e0 Exception <a 'java/lang/NoSuchMethodError'{0x00000000a9ef46f8}: 'java.lang.Object java.lang.invoke.DirectMethodHandle$Holder.newInvokeSpecial(java.lang.Object, java.lang.Object, long)'> (0x00000000a9ef46f8) 
thrown [s\src\hotspot\share\interpreter\linkResolver.cpp, line 773]
Event: 62.976 Thread 0x0000025ceb5113e0 Exception <a 'java/lang/NoSuchMethodError'{0x00000000a9ef8aa0}: 'java.lang.Object java.lang.invoke.Invokers$Holder.linkToTargetMethod(java.lang.Object, long, java.lang.Object)'> (0x00000000a9ef8aa0) 
thrown [s\src\hotspot\share\interpreter\linkResolver.cpp, line 773]
Event: 63.534 Thread 0x0000025ceb511a70 Implicit null exception at 0x0000025c994d1561 to 0x0000025c994d1b9c
Event: 66.555 Thread 0x0000025ceb5113e0 Exception <a 'java/lang/NoSuchMethodError'{0x00000000a9a6a8e8}: 'int java.lang.invoke.DirectMethodHandle$Holder.invokeInterface(java.lang.Object, java.lang.Object)'> (0x00000000a9a6a8e8) 
thrown [s\src\hotspot\share\interpreter\linkResolver.cpp, line 773]
Event: 66.570 Thread 0x0000025ceb5113e0 Exception <a 'java/lang/NoSuchMethodError'{0x00000000a9af4cc8}: 'java.lang.Object java.lang.invoke.DirectMethodHandle$Holder.invokeVirtual(java.lang.Object, java.lang.Object, int)'> (0x00000000a9af4cc8) 
thrown [s\src\hotspot\share\interpreter\linkResolver.cpp, line 773]

ZGC Phase Switch (0 events):
No events

VM Operations (20 events):
Event: 83.718 Executing safepoint VM operation: Cleanup
Event: 83.718 Executing safepoint VM operation: Cleanup done
Event: 89.771 Executing safepoint VM operation: Cleanup
Event: 89.771 Executing safepoint VM operation: Cleanup done
Event: 91.783 Executing safepoint VM operation: Cleanup
Event: 91.783 Executing safepoint VM operation: Cleanup done
Event: 92.786 Executing safepoint VM operation: Cleanup
Event: 92.786 Executing safepoint VM operation: Cleanup done
Event: 93.795 Executing safepoint VM operation: Cleanup
Event: 93.795 Executing safepoint VM operation: Cleanup done
Event: 94.804 Executing safepoint VM operation: Cleanup
Event: 94.804 Executing safepoint VM operation: Cleanup done
Event: 95.815 Executing safepoint VM operation: Cleanup
Event: 95.815 Executing safepoint VM operation: Cleanup done
Event: 99.843 Executing safepoint VM operation: Cleanup
Event: 99.934 Executing safepoint VM operation: Cleanup done
Event: 100.939 Executing safepoint VM operation: Cleanup
Event: 100.939 Executing safepoint VM operation: Cleanup done
Event: 102.957 Executing safepoint VM operation: Cleanup
Event: 102.957 Executing safepoint VM operation: Cleanup done

Memory protections (0 events):
No events

Nmethod flushes (0 events):
No events

Events (20 events):
Event: 0.463 Thread 0x0000025c8c1e87b0 Thread added: 0x0000025ca5b10110
Event: 0.603 Thread 0x0000025c8c1e87b0 Thread added: 0x0000025ca5b95cc0
Event: 10.058 Thread 0x0000025c8c1e87b0 Thread added: 0x0000025cec566570
Event: 14.236 Thread 0x0000025c8c1e87b0 Thread added: 0x0000025cebb477b0
Event: 19.030 Thread 0x0000025c8c1e87b0 Thread added: 0x0000025ceb40f4b0
Event: 54.556 Thread 0x0000025cebb477b0 Thread added: 0x0000025ca5bbded0
Event: 54.747 Thread 0x0000025ca5bbded0 Thread added: 0x0000025ceb14f780
Event: 54.919 Thread 0x0000025ca5bbded0 Thread added: 0x0000025cebb77f60
Event: 55.332 Thread 0x0000025ca5bbded0 Thread added: 0x0000025ceb5113e0
Event: 55.424 Thread 0x0000025ceb5113e0 Thread added: 0x0000025ceb50f9a0
Event: 55.437 Thread 0x0000025ceb5113e0 Thread added: 0x0000025ceb510d50
Event: 55.440 Thread 0x0000025ceb5113e0 Thread added: 0x0000025ceb510030
Event: 56.345 Thread 0x0000025ceb5113e0 Thread added: 0x0000025ceb511a70
Event: 56.369 Thread 0x0000025ceb5113e0 Thread added: 0x0000025ceb5106c0
Event: 56.699 Thread 0x0000025ceb5113e0 Thread added: 0x0000025ceb512100
Event: 56.806 Thread 0x0000025ceb5106c0 Thread added: 0x0000025ceb50ec80
Event: 60.440 Thread 0x0000025ceb5113e0 Thread added: 0x0000025ced51f4d0
Event: 60.472 Thread 0x0000025ceb5113e0 Thread added: 0x0000025ced5201f0
Event: 61.264 Thread 0x0000025ceb5113e0 Thread added: 0x0000025ced51fb60
Event: 61.299 Thread 0x0000025ceb5113e0 Thread added: 0x0000025ced522fe0


Dynamic libraries:
0x00007ff620c60000 - 0x00007ff620c6e000 	C:\Users\ishas\.vscode\extensions\redhat.java-1.56.0-win32-x64\jre\21.0.12.1-win32-x86_64\bin\java.exe
0x00007ffa2e940000 - 0x00007ffa2eba7000 	C:\Windows\SYSTEM32\ntdll.dll
0x00007ffa2cfe0000 - 0x00007ffa2d0ab000 	C:\Windows\System32\KERNEL32.DLL
0x00007ffa2bc00000 - 0x00007ffa2c002000 	C:\Windows\System32\KERNELBASE.dll
0x00007ffa2c1d0000 - 0x00007ffa2c31c000 	C:\Windows\System32\ucrtbase.dll
0x00007ff9fa4a0000 - 0x00007ff9fa4b8000 	C:\Users\ishas\.vscode\extensions\redhat.java-1.56.0-win32-x64\jre\21.0.12.1-win32-x86_64\bin\jli.dll
0x00007ffa2e190000 - 0x00007ffa2e35f000 	C:\Windows\System32\USER32.dll
0x00007ffa2c1a0000 - 0x00007ffa2c1c7000 	C:\Windows\System32\win32u.dll
0x00007ffa2ca50000 - 0x00007ffa2ca7b000 	C:\Windows\System32\GDI32.dll
0x00007ffa2c530000 - 0x00007ffa2c659000 	C:\Windows\System32\gdi32full.dll
0x00007ffa2c480000 - 0x00007ffa2c523000 	C:\Windows\System32\msvcp_win.dll
0x00007ff9e20b0000 - 0x00007ff9e20ce000 	C:\Users\ishas\.vscode\extensions\redhat.java-1.56.0-win32-x64\jre\21.0.12.1-win32-x86_64\bin\VCRUNTIME140.dll
0x00007ffa148b0000 - 0x00007ffa14b40000 	C:\Windows\WinSxS\amd64_microsoft.windows.common-controls_6595b64144ccf1df_6.0.26100.9278_none_3e0d1ba8e3303201\COMCTL32.dll
0x00007ffa2d9e0000 - 0x00007ffa2da89000 	C:\Windows\System32\msvcrt.dll
0x00007ffa2ca10000 - 0x00007ffa2ca41000 	C:\Windows\System32\IMM32.DLL
0x00007ffa23480000 - 0x00007ffa2348c000 	C:\Users\ishas\.vscode\extensions\redhat.java-1.56.0-win32-x64\jre\21.0.12.1-win32-x86_64\bin\vcruntime140_1.dll
0x00007ff99de70000 - 0x00007ff99defd000 	C:\Users\ishas\.vscode\extensions\redhat.java-1.56.0-win32-x64\jre\21.0.12.1-win32-x86_64\bin\msvcp140.dll
0x00007ff932e40000 - 0x00007ff933be2000 	C:\Users\ishas\.vscode\extensions\redhat.java-1.56.0-win32-x64\jre\21.0.12.1-win32-x86_64\bin\server\jvm.dll
0x00007ffa2ca80000 - 0x00007ffa2cb3c000 	C:\Windows\System32\ADVAPI32.dll
0x00007ffa2dbe0000 - 0x00007ffa2dc89000 	C:\Windows\System32\sechost.dll
0x00007ffa2df60000 - 0x00007ffa2e078000 	C:\Windows\System32\RPCRT4.dll
0x00007ffa2ded0000 - 0x00007ffa2df50000 	C:\Windows\System32\WS2_32.dll
0x00007ffa2b9a0000 - 0x00007ffa2b9fe000 	C:\Windows\SYSTEM32\POWRPROF.dll
0x00007ffa23860000 - 0x00007ffa23896000 	C:\Windows\SYSTEM32\WINMM.dll
0x00007ffa16280000 - 0x00007ffa1628b000 	C:\Windows\SYSTEM32\VERSION.dll
0x00007ffa2b980000 - 0x00007ffa2b995000 	C:\Windows\SYSTEM32\UMPDC.dll
0x00007ffa2a810000 - 0x00007ffa2a82b000 	C:\Windows\SYSTEM32\kernel.appcore.dll
0x00007ffa0f940000 - 0x00007ffa0f94a000 	C:\Users\ishas\.vscode\extensions\redhat.java-1.56.0-win32-x64\jre\21.0.12.1-win32-x86_64\bin\jimage.dll
0x00007ffa28fe0000 - 0x00007ffa2922c000 	C:\Windows\SYSTEM32\DBGHELP.DLL
0x00007ffa2c680000 - 0x00007ffa2ca05000 	C:\Windows\System32\combase.dll
0x00007ffa2dc90000 - 0x00007ffa2dd69000 	C:\Windows\System32\OLEAUT32.dll
0x00007ffa23820000 - 0x00007ffa2385b000 	C:\Windows\SYSTEM32\dbgcore.DLL
0x00007ffa2c330000 - 0x00007ffa2c3dc000 	C:\Windows\System32\bcryptPrimitives.dll
0x00007ffa16750000 - 0x00007ffa1675f000 	C:\Users\ishas\.vscode\extensions\redhat.java-1.56.0-win32-x64\jre\21.0.12.1-win32-x86_64\bin\instrument.dll
0x00007ff9e2090000 - 0x00007ff9e20b0000 	C:\Users\ishas\.vscode\extensions\redhat.java-1.56.0-win32-x64\jre\21.0.12.1-win32-x86_64\bin\java.dll
0x00007ffa2d160000 - 0x00007ffa2d8f8000 	C:\Windows\System32\SHELL32.dll
0x00007ffa29570000 - 0x00007ffa29e1e000 	C:\Windows\SYSTEM32\windows.storage.dll
0x00007ffa2da90000 - 0x00007ffa2db8b000 	C:\Windows\System32\SHCORE.dll
0x00007ffa2e470000 - 0x00007ffa2e4d6000 	C:\Windows\System32\shlwapi.dll
0x00007ffa2ba60000 - 0x00007ffa2ba89000 	C:\Windows\SYSTEM32\profapi.dll
0x00007ff9df1d0000 - 0x00007ff9df1e8000 	C:\Users\ishas\.vscode\extensions\redhat.java-1.56.0-win32-x64\jre\21.0.12.1-win32-x86_64\bin\zip.dll
0x00007ffa0f870000 - 0x00007ffa0f880000 	C:\Users\ishas\.vscode\extensions\redhat.java-1.56.0-win32-x64\jre\21.0.12.1-win32-x86_64\bin\net.dll
0x00007ffa1a330000 - 0x00007ffa1a45a000 	C:\Windows\SYSTEM32\WINHTTP.dll
0x00007ffa2add0000 - 0x00007ffa2ae3c000 	C:\Windows\system32\mswsock.dll
0x00007ff9fa4d0000 - 0x00007ff9fa4e6000 	C:\Users\ishas\.vscode\extensions\redhat.java-1.56.0-win32-x64\jre\21.0.12.1-win32-x86_64\bin\nio.dll
0x00007ffa16040000 - 0x00007ffa16050000 	C:\Users\ishas\.vscode\extensions\redhat.java-1.56.0-win32-x64\jre\21.0.12.1-win32-x86_64\bin\verify.dll
0x00007ff9e91a0000 - 0x00007ff9e91c7000 	C:\Users\ishas\.gradle\native\1def1411415f61bf3af743bc5b6707747c0891f09f0c88961ee8f79bc544acac\windows-amd64\native-platform.dll
0x00007ff9b5450000 - 0x00007ff9b54c8000 	C:\Users\ishas\.gradle\native\0.2.7\x86_64-windows-gnu\gradle-fileevents.dll
0x00007ffa23580000 - 0x00007ffa2358a000 	C:\Users\ishas\.vscode\extensions\redhat.java-1.56.0-win32-x64\jre\21.0.12.1-win32-x86_64\bin\management.dll
0x00007ffa23570000 - 0x00007ffa2357c000 	C:\Users\ishas\.vscode\extensions\redhat.java-1.56.0-win32-x64\jre\21.0.12.1-win32-x86_64\bin\management_ext.dll
0x00007ffa2c660000 - 0x00007ffa2c668000 	C:\Windows\System32\PSAPI.DLL
0x00007ffa2a240000 - 0x00007ffa2a273000 	C:\Windows\SYSTEM32\IPHLPAPI.DLL
0x00007ffa2c670000 - 0x00007ffa2c67a000 	C:\Windows\System32\NSI.dll
0x00007ffa23560000 - 0x00007ffa23569000 	C:\Users\ishas\.vscode\extensions\redhat.java-1.56.0-win32-x64\jre\21.0.12.1-win32-x86_64\bin\extnet.dll
0x00007ffa2b0c0000 - 0x00007ffa2b0db000 	C:\Windows\SYSTEM32\CRYPTSP.dll
0x00007ffa2a770000 - 0x00007ffa2a7a9000 	C:\Windows\system32\rsaenh.dll
0x00007ffa2ae80000 - 0x00007ffa2aeb4000 	C:\Windows\SYSTEM32\USERENV.dll
0x00007ffa2ba30000 - 0x00007ffa2ba5a000 	C:\Windows\SYSTEM32\bcrypt.dll
0x00007ffa2b0e0000 - 0x00007ffa2b0ec000 	C:\Windows\SYSTEM32\CRYPTBASE.dll
0x00007ffa23550000 - 0x00007ffa2355e000 	C:\Users\ishas\.vscode\extensions\redhat.java-1.56.0-win32-x64\jre\21.0.12.1-win32-x86_64\bin\sunmscapi.dll
0x00007ffa2c010000 - 0x00007ffa2c18e000 	C:\Windows\System32\CRYPT32.dll
0x00007ffa2b300000 - 0x00007ffa2b330000 	C:\Windows\SYSTEM32\ncrypt.dll
0x00007ffa2b2b0000 - 0x00007ffa2b2ef000 	C:\Windows\SYSTEM32\NTASN1.dll
0x00007ffa0d950000 - 0x00007ffa0d958000 	C:\Windows\system32\wshunix.dll

JVMTI agents:
C:\Users\ishas\.gradle\wrapper\dists\gradle-8.14.3-all\10utluxaxniiv4wxiphsi49nj\gradle-8.14.3\lib\agents\gradle-instrumentation-agent-8.14.3.jar path:C:\Users\ishas\.vscode\extensions\redhat.java-1.56.0-win32-x64\jre\21.0.12.1-win32-x86_64\bin\instrument.dll, loaded, initialized, instrumentlib options:none

dbghelp: loaded successfully - version: 4.0.5 - missing functions: none
symbol engine: initialized successfully - sym options: 0x614 - pdb path: .;C:\Users\ishas\.vscode\extensions\redhat.java-1.56.0-win32-x64\jre\21.0.12.1-win32-x86_64\bin;C:\Windows\SYSTEM32;C:\Windows\WinSxS\amd64_microsoft.windows.common-controls_6595b64144ccf1df_6.0.26100.9278_none_3e0d1ba8e3303201;C:\Users\ishas\.vscode\extensions\redhat.java-1.56.0-win32-x64\jre\21.0.12.1-win32-x86_64\bin\server;C:\Users\ishas\.gradle\native\1def1411415f61bf3af743bc5b6707747c0891f09f0c88961ee8f79bc544acac\windows-amd64;C:\Users\ishas\.gradle\native\0.2.7\x86_64-windows-gnu

VM Arguments:
jvm_args: --add-opens=java.base/java.lang=ALL-UNNAMED --add-opens=java.base/java.lang.invoke=ALL-UNNAMED --add-opens=java.base/java.util=ALL-UNNAMED --add-opens=java.prefs/java.util.prefs=ALL-UNNAMED --add-exports=jdk.compiler/com.sun.tools.javac.api=ALL-UNNAMED --add-exports=jdk.compiler/com.sun.tools.javac.util=ALL-UNNAMED --add-opens=java.base/java.util=ALL-UNNAMED --add-opens=java.prefs/java.util.prefs=ALL-UNNAMED --add-opens=java.base/java.nio.charset=ALL-UNNAMED --add-opens=java.base/java.net=ALL-UNNAMED --add-opens=java.base/java.util.concurrent.atomic=ALL-UNNAMED --add-opens=java.xml/javax.xml.namespace=ALL-UNNAMED -Xmx1536m -Dfile.encoding=UTF-8 -Duser.country=IN -Duser.language=en -Duser.variant -javaagent:C:\Users\ishas\.gradle\wrapper\dists\gradle-8.14.3-all\10utluxaxniiv4wxiphsi49nj\gradle-8.14.3\lib\agents\gradle-instrumentation-agent-8.14.3.jar 
java_command: org.gradle.launcher.daemon.bootstrap.GradleDaemon 8.14.3
java_class_path (initial): C:\Users\ishas\.gradle\wrapper\dists\gradle-8.14.3-all\10utluxaxniiv4wxiphsi49nj\gradle-8.14.3\lib\gradle-daemon-main-8.14.3.jar
Launcher Type: SUN_STANDARD

[Global flags]
     intx CICompilerCount                          = 4                                         {product} {ergonomic}
     uint ConcGCThreads                            = 3                                         {product} {ergonomic}
     uint G1ConcRefinementThreads                  = 10                                        {product} {ergonomic}
   size_t G1HeapRegionSize                         = 1048576                                   {product} {ergonomic}
    uintx GCDrainStackTargetSize                   = 64                                        {product} {ergonomic}
   size_t InitialHeapSize                          = 264241152                                 {product} {ergonomic}
   size_t MarkStackSize                            = 4194304                                   {product} {ergonomic}
   size_t MaxHeapSize                              = 1610612736                                {product} {command line}
   size_t MaxNewSize                               = 965738496                                 {product} {ergonomic}
   size_t MinHeapDeltaBytes                        = 1048576                                   {product} {ergonomic}
   size_t MinHeapSize                              = 8388608                                   {product} {ergonomic}
    uintx NonNMethodCodeHeapSize                   = 5839372                                {pd product} {ergonomic}
    uintx NonProfiledCodeHeapSize                  = 122909434                              {pd product} {ergonomic}
    uintx ProfiledCodeHeapSize                     = 122909434                              {pd product} {ergonomic}
    uintx ReservedCodeCacheSize                    = 251658240                              {pd product} {ergonomic}
     bool SegmentedCodeCache                       = true                                      {product} {ergonomic}
   size_t SoftMaxHeapSize                          = 1610612736                             {manageable} {ergonomic}
     bool UseCompressedOops                        = true                           {product lp64_product} {ergonomic}
     bool UseG1GC                                  = true                                      {product} {ergonomic}
     bool UseLargePagesIndividualAllocation        = false                                  {pd product} {ergonomic}

Logging:
Log output configuration:
 #0: stdout all=warning uptime,level,tags foldmultilines=false
 #1: stderr all=off uptime,level,tags foldmultilines=false

Release file:
JAVA_VERSION="21.0.12.1" 
MODULES="java.base java.compiler java.datatransfer java.xml java.prefs java.desktop java.instrument java.logging java.management java.security.sasl java.naming java.rmi java.management.rmi java.net.http java.scripting java.security.jgss java.transaction.xa java.sql java.sql.rowset java.xml.crypto java.se java.smartcardio jdk.accessibility jdk.internal.jvmstat jdk.attach jdk.charsets jdk.internal.opt jdk.zipfs jdk.compiler jdk.crypto.ec jdk.crypto.cryptoki jdk.crypto.mscapi jdk.dynalink jdk.internal.ed jdk.editpad jdk.hotspot.agent jdk.httpserver jdk.internal.le jdk.internal.vm.ci jdk.internal.vm.compiler jdk.internal.vm.compiler.management jdk.jartool jdk.javadoc jdk.jcmd jdk.management jdk.management.agent jdk.jconsole jdk.jdeps jdk.jdwp.agent jdk.jdi jdk.jfr jdk.jshell jdk.jsobject jdk.jstatd jdk.localedata jdk.management.jfr jdk.naming.dns jdk.naming.rmi jdk.net jdk.nio.mapmode jdk.random jdk.sctp jdk.security.auth jdk.security.jgss jdk.unsupported jdk.unsupported.desktop jdk.xml.dom" 

Environment Variables:
PATH=C:\Program Files\Microsoft\jdk-21.0.12.101-hotspot\bin;C:\Program Files\Microsoft\jdk-17.0.12.7-hotspot\bin;C:\Program Files\Eclipse Adoptium\jdk-17.0.17.10-hotspot\bin;C:\Windows\system32;C:\Windows;C:\Windows\System32\Wbem;C:\Windows\System32\WindowsPowerShell\v1.0\;C:\Windows\System32\OpenSSH\;C:\Program Files\nodejs\;C:\Users\ishas\Downloads\apache-maven-3.9.11-bin\apache-maven-3.9.11\bin;C:\Users\ishas\Downloads\apache-maven-3.9.11-bin\apache-maven-3.9.11\bin;C:\Program Files\MySQL\MySQL Server 8.0\bin;C:\Users\ishas\AppData\Local\Programs\Python\Python313;C:\Program Files\Git\cmd;C:\Users\ishas\AppData\Local\Programs\Python\Launcher\;C:\Program Files\MySQL\MySQL Shell 8.0\bin\;C:\Users\ishas\AppData\Local\Microsoft\WindowsApps;C:\Users\ishas\AppData\Local\Programs\Microsoft VS Code\bin;C:\Users\ishas\AppData\Roaming\npm
USERNAME=ishas
OS=Windows_NT
PROCESSOR_IDENTIFIER=Intel64 Family 6 Model 186 Stepping 2, GenuineIntel
TMP=C:\Users\ishas\AppData\Local\Temp
TEMP=C:\Users\ishas\AppData\Local\Temp




Periodic native trim disabled

---------------  S Y S T E M  ---------------

OS:
 Windows 11 , 64 bit Build 26100 (10.0.26100.9444)
OS uptime: 0 days 0:21 hours
Hyper-V role detected

CPU: total 12 (initial active 12) (6 cores per cpu, 2 threads per core) family 6 model 186 stepping 2 microcode 0x4122, cx8, cmov, fxsr, ht, mmx, 3dnowpref, sse, sse2, sse3, ssse3, sse4.1, sse4.2, popcnt, lzcnt, tsc, tscinvbit, avx, avx2, aes, erms, clmul, bmi1, bmi2, adx, sha, fma, vzeroupper, clflush, clflushopt, clwb, hv, serialize, rdtscp, rdpid, fsrm, f16c, cet_ibt, cet_ss
Processor Information for the first 12 processors :
  Max Mhz: 2100, Current Mhz: 2100, Mhz Limit: 2100

Memory: 4k page, system-wide physical 16076M (436M free)
TotalPageFile size 65228M (AvailPageFile size 18M)
current process WorkingSet (physical memory assigned to process): 33M, peak: 194M
current process commit charge ("private bytes"): 244M, peak: 425M

vm_info: OpenJDK 64-Bit Server VM (21.0.12.1+1-LTS) for windows-amd64 JRE (21.0.12.1+1-LTS), built on 2026-08-18T00:00:00Z by "admin" with MS VC++ 17.12 (VS2022)

END.
