#
# There is insufficient memory for the Java Runtime Environment to continue.
# Native memory allocation (malloc) failed to allocate 52336 bytes. Error detail: Chunk::new
# Possible reasons:
#   The system is out of physical RAM or swap space
#   This process is running with CompressedOops enabled, and the Java Heap may be blocking the growth of the native heap
# Possible solutions:
#   Reduce memory load on the system
#   Increase physical memory or swap space
#   Check if swap backing store is full
#   Decrease Java heap size (-Xmx/-Xms)
#   Decrease number of Java threads
#   Decrease Java thread stack sizes (-Xss)
#   Set larger code cache with -XX:ReservedCodeCacheSize=
#   JVM is running with Unscaled Compressed Oops mode in which the Java heap is
#     placed in the first 4GB address space. The Java Heap base address is the
#     maximum limit for the native heap growth. Please use -XX:HeapBaseMinAddress
#     to set the Java Heap base and to place the Java Heap above 4GB virtual address.
# This output file may be truncated or incomplete.
#
#  Out of Memory Error (arena.cpp:168), pid=37744, tid=37928
#
# JRE version: OpenJDK Runtime Environment Temurin-21.0.12.1+1 (21.0.12.1+1) (build 21.0.12.1+1-LTS)
# Java VM: OpenJDK 64-Bit Server VM Temurin-21.0.12.1+1 (21.0.12.1+1-LTS, mixed mode, sharing, tiered, compressed oops, compressed class ptrs, g1 gc, windows-amd64)
# No core dump will be written. Minidumps are not enabled by default on client versions of Windows
#

---------------  S U M M A R Y ------------

Command Line: --add-opens=java.base/java.lang=ALL-UNNAMED --add-opens=java.base/java.lang.invoke=ALL-UNNAMED --add-opens=java.base/java.util=ALL-UNNAMED --add-opens=java.prefs/java.util.prefs=ALL-UNNAMED --add-exports=jdk.compiler/com.sun.tools.javac.api=ALL-UNNAMED --add-exports=jdk.compiler/com.sun.tools.javac.util=ALL-UNNAMED --add-opens=java.base/java.util=ALL-UNNAMED --add-opens=java.prefs/java.util.prefs=ALL-UNNAMED --add-opens=java.base/java.nio.charset=ALL-UNNAMED --add-opens=java.base/java.net=ALL-UNNAMED --add-opens=java.base/java.util.concurrent.atomic=ALL-UNNAMED --add-opens=java.xml/javax.xml.namespace=ALL-UNNAMED -Xmx1536m -Dfile.encoding=UTF-8 -Duser.country=IN -Duser.language=en -Duser.variant -javaagent:C:\Users\ishas\.gradle\wrapper\dists\gradle-8.14.3-all\10utluxaxniiv4wxiphsi49nj\gradle-8.14.3\lib\agents\gradle-instrumentation-agent-8.14.3.jar org.gradle.launcher.daemon.bootstrap.GradleDaemon 8.14.3

Host: 13th Gen Intel(R) Core(TM) i5-13420H, 12 cores, 15G,  Windows 11 , 64 bit Build 26100 (10.0.26100.9444)
Time: Mon Sep 14 17:50:48 2026 India Standard Time elapsed time: 412.777944 seconds (0d 0h 6m 52s)

---------------  T H R E A D  ---------------

Current thread (0x0000021e7272f000):  JavaThread "C2 CompilerThread0" daemon [_thread_in_native, id=37928, stack(0x000000ca25d00000,0x000000ca25e00000) (1024K)]


Current CompileTask:
C2:412778 4050       4       sun.management.spi.PlatformMBeanProvider$PlatformComponent::getMBeans (87 bytes)

Stack: [0x000000ca25d00000,0x000000ca25e00000]
Native frames: (J=compiled Java code, j=interpreted, Vv=VM code, C=native code)
V  [jvm.dll+0x6d83e9]
V  [jvm.dll+0x8b5736]
V  [jvm.dll+0x8b7cee]
V  [jvm.dll+0x8b83d3]
V  [jvm.dll+0x284596]
V  [jvm.dll+0xc685d]
V  [jvm.dll+0xc6da1]
V  [jvm.dll+0x5df599]
V  [jvm.dll+0x38b701]
V  [jvm.dll+0x38ab1a]
V  [jvm.dll+0x24c700]
V  [jvm.dll+0x24bce0]
V  [jvm.dll+0x1cb4ae]
V  [jvm.dll+0x25baad]
V  [jvm.dll+0x25a03a]
V  [jvm.dll+0x3f8aae]
V  [jvm.dll+0x8600cd]
V  [jvm.dll+0x6d6c1d]
C  [ucrtbase.dll+0x2cd30]
C  [KERNEL32.DLL+0x2cd87]
C  [ntdll.dll+0xacaec]


---------------  P R O C E S S  ---------------

Threads class SMR info:
_java_thread_list=0x0000021e789d7b30, length=28, elements={
0x0000021e590e7100, 0x0000021e72726a10, 0x0000021e72727620, 0x0000021e7272c350,
0x0000021e7272cdb0, 0x0000021e7272d810, 0x0000021e7272e270, 0x0000021e7272f000,
0x0000021e7272fe00, 0x0000021e729d3790, 0x0000021e72a22750, 0x0000021e785b2c10,
0x0000021e77c236a0, 0x0000021e77c1c890, 0x0000021e72889e50, 0x0000021e770392c0,
0x0000021e727c6520, 0x0000021e727c7240, 0x0000021e727c78d0, 0x0000021e727c7f60,
0x0000021e727c6bb0, 0x0000021e727c85f0, 0x0000021e727c5170, 0x0000021e727c5e90,
0x0000021e7923bf30, 0x0000021e7923b210, 0x0000021e7923b8a0, 0x0000021e7923c5c0
}

Java Threads: ( => current thread )
  0x0000021e590e7100 JavaThread "main"                              [_thread_blocked, id=37228, stack(0x000000ca24f00000,0x000000ca25000000) (1024K)]
  0x0000021e72726a10 JavaThread "Reference Handler"          daemon [_thread_blocked, id=37904, stack(0x000000ca25700000,0x000000ca25800000) (1024K)]
  0x0000021e72727620 JavaThread "Finalizer"                  daemon [_thread_blocked, id=37908, stack(0x000000ca25800000,0x000000ca25900000) (1024K)]
  0x0000021e7272c350 JavaThread "Signal Dispatcher"          daemon [_thread_blocked, id=37912, stack(0x000000ca25900000,0x000000ca25a00000) (1024K)]
  0x0000021e7272cdb0 JavaThread "Attach Listener"            daemon [_thread_blocked, id=37916, stack(0x000000ca25a00000,0x000000ca25b00000) (1024K)]
  0x0000021e7272d810 JavaThread "Service Thread"             daemon [_thread_blocked, id=37920, stack(0x000000ca25b00000,0x000000ca25c00000) (1024K)]
  0x0000021e7272e270 JavaThread "Monitor Deflation Thread"   daemon [_thread_blocked, id=37924, stack(0x000000ca25c00000,0x000000ca25d00000) (1024K)]
=>0x0000021e7272f000 JavaThread "C2 CompilerThread0"         daemon [_thread_in_native, id=37928, stack(0x000000ca25d00000,0x000000ca25e00000) (1024K)]
  0x0000021e7272fe00 JavaThread "C1 CompilerThread0"         daemon [_thread_blocked, id=37932, stack(0x000000ca25e00000,0x000000ca25f00000) (1024K)]
  0x0000021e729d3790 JavaThread "Common-Cleaner"             daemon [_thread_blocked, id=38092, stack(0x000000ca25f00000,0x000000ca26000000) (1024K)]
  0x0000021e72a22750 JavaThread "Notification Thread"        daemon [_thread_blocked, id=38096, stack(0x000000ca26000000,0x000000ca26100000) (1024K)]
  0x0000021e785b2c10 JavaThread "Daemon health stats"               [_thread_blocked, id=39600, stack(0x000000ca26600000,0x000000ca26700000) (1024K)]
  0x0000021e77c236a0 JavaThread "Incoming local TCP Connector on port 54585"        [_thread_in_native, id=19756, stack(0x000000ca26700000,0x000000ca26800000) (1024K)]
  0x0000021e77c1c890 JavaThread "Daemon periodic checks"            [_thread_blocked, id=23004, stack(0x000000ca26800000,0x000000ca26900000) (1024K)]
  0x0000021e72889e50 JavaThread "Daemon"                            [_thread_blocked, id=42228, stack(0x000000ca24e00000,0x000000ca24f00000) (1024K)]
  0x0000021e770392c0 JavaThread "Handler for socket connection from /127.0.0.1:54585 to /127.0.0.1:54659"        [_thread_in_native, id=36540, stack(0x000000ca26a00000,0x000000ca26b00000) (1024K)]
  0x0000021e727c6520 JavaThread "Cancel handler"                    [_thread_blocked, id=41632, stack(0x000000ca26b00000,0x000000ca26c00000) (1024K)]
  0x0000021e727c7240 JavaThread "Daemon worker"                     [_thread_blocked, id=43924, stack(0x000000ca26c00000,0x000000ca26d00000) (1024K)]
  0x0000021e727c78d0 JavaThread "Asynchronous log dispatcher for DefaultDaemonConnection: socket connection from /127.0.0.1:54585 to /127.0.0.1:54659"        [_thread_blocked, id=33156, stack(0x000000ca26d00000,0x000000ca26e00000) (1024K)]
  0x0000021e727c7f60 JavaThread "Stdin handler"                     [_thread_blocked, id=44036, stack(0x000000ca26e00000,0x000000ca26f00000) (1024K)]
  0x0000021e727c6bb0 JavaThread "Daemon client event forwarder"        [_thread_blocked, id=44052, stack(0x000000ca26f00000,0x000000ca27000000) (1024K)]
  0x0000021e727c85f0 JavaThread "Cache worker for journal cache (C:\Users\ishas\.gradle\caches\journal-1)"        [_thread_blocked, id=44300, stack(0x000000ca27000000,0x000000ca27100000) (1024K)]
  0x0000021e727c5170 JavaThread "File lock request listener"        [_thread_in_native, id=44324, stack(0x000000ca27100000,0x000000ca27200000) (1024K)]
  0x0000021e727c5e90 JavaThread "Cache worker for file hash cache (C:\Users\ishas\.gradle\caches\8.14.3\fileHashes)"        [_thread_blocked, id=44340, stack(0x000000ca27300000,0x000000ca27400000) (1024K)]
  0x0000021e7923bf30 JavaThread "Cache worker for file hash cache (C:\Users\ishas\Downloads\ai-yoga-assistant-razorpay-v9\yoga3\android\.gradle\8.14.3\fileHashes)"        [_thread_blocked, id=44516, stack(0x000000ca27a00000,0x000000ca27b00000) (1024K)]
  0x0000021e7923b210 JavaThread "Cache worker for Build Output Cleanup Cache (C:\Users\ishas\Downloads\ai-yoga-assistant-razorpay-v9\yoga3\android\.gradle\buildOutputCleanup)"        [_thread_blocked, id=44540, stack(0x000000ca27b00000,0x000000ca27c00000) (1024K)]
  0x0000021e7923b8a0 JavaThread "File watcher server"        daemon [_thread_in_native, id=44608, stack(0x000000ca27c00000,0x000000ca27d00000) (1024K)]
  0x0000021e7923c5c0 JavaThread "File watcher consumer"      daemon [_thread_blocked, id=44612, stack(0x000000ca27d00000,0x000000ca27e00000) (1024K)]
Total: 28

Other Threads:
  0x0000021e72706850 VMThread "VM Thread"                           [id=37828, stack(0x000000ca25600000,0x000000ca25700000) (1024K)]
  0x0000021e726f3c50 WatcherThread "VM Periodic Task Thread"        [id=37824, stack(0x000000ca25500000,0x000000ca25600000) (1024K)]
  0x0000021e5b5550e0 WorkerThread "GC Thread#0"                     [id=27052, stack(0x000000ca25000000,0x000000ca25100000) (1024K)]
  0x0000021e72afd9a0 WorkerThread "GC Thread#1"                     [id=38576, stack(0x000000ca26100000,0x000000ca26200000) (1024K)]
  0x0000021e72a2f4f0 WorkerThread "GC Thread#2"                     [id=38580, stack(0x000000ca26200000,0x000000ca26300000) (1024K)]
  0x0000021e72a2f8a0 WorkerThread "GC Thread#3"                     [id=38584, stack(0x000000ca26300000,0x000000ca26400000) (1024K)]
  0x0000021e72a2fc50 WorkerThread "GC Thread#4"                     [id=38588, stack(0x000000ca26400000,0x000000ca26500000) (1024K)]
  0x0000021e7700c0c0 WorkerThread "GC Thread#5"                     [id=38592, stack(0x000000ca26500000,0x000000ca26600000) (1024K)]
  0x0000021e789d3bb0 WorkerThread "GC Thread#6"                     [id=44468, stack(0x000000ca27400000,0x000000ca27500000) (1024K)]
  0x0000021e789d16d0 WorkerThread "GC Thread#7"                     [id=44472, stack(0x000000ca27500000,0x000000ca27600000) (1024K)]
  0x0000021e789d0f70 WorkerThread "GC Thread#8"                     [id=44476, stack(0x000000ca27600000,0x000000ca27700000) (1024K)]
  0x0000021e789d2940 WorkerThread "GC Thread#9"                     [id=44480, stack(0x000000ca27700000,0x000000ca27800000) (1024K)]
  0x0000021e5b562ff0 ConcurrentGCThread "G1 Main Marker"            [id=30136, stack(0x000000ca25100000,0x000000ca25200000) (1024K)]
  0x0000021e5b563a10 WorkerThread "G1 Conc#0"                       [id=37656, stack(0x000000ca25200000,0x000000ca25300000) (1024K)]
  0x0000021e789d1320 WorkerThread "G1 Conc#1"                       [id=44488, stack(0x000000ca27800000,0x000000ca27900000) (1024K)]
  0x0000021e789d2cf0 WorkerThread "G1 Conc#2"                       [id=44492, stack(0x000000ca27900000,0x000000ca27a00000) (1024K)]
  0x0000021e725c0a80 ConcurrentGCThread "G1 Refine#0"               [id=37732, stack(0x000000ca25300000,0x000000ca25400000) (1024K)]
  0x0000021e725c12b0 ConcurrentGCThread "G1 Service"                [id=37768, stack(0x000000ca25400000,0x000000ca25500000) (1024K)]
Total: 18

Threads with active compile tasks:
C2 CompilerThread0  412838 4050       4       sun.management.spi.PlatformMBeanProvider$PlatformComponent::getMBeans (87 bytes)
Total: 1

VM state: not at safepoint (normal execution)

VM Mutex/Monitor currently owned by a thread: None

Heap address: 0x00000000a0000000, size: 1536 MB, Compressed Oops mode: 32-bit

CDS archive(s) mapped at: [0x0000021e00000000-0x0000021e00ba0000-0x0000021e00ba0000), size 12189696, SharedBaseAddress: 0x0000021e00000000, ArchiveRelocationMode: 1.
Compressed class space mapped at: 0x0000021e01000000-0x0000021e41000000, reserved size: 1073741824
Narrow klass base: 0x0000021e00000000, Narrow klass shift: 0, Narrow klass range: 0x100000000

GC Precious Log:
 CardTable entry size: 512
 Card Set container configuration: InlinePtr #cards 5 size 8 Array Of Cards #cards 12 size 40 Howl #buckets 4 coarsen threshold 1843 Howl Bitmap #cards 512 size 80 coarsen threshold 460 Card regions per heap region 1 cards per card region 2048
 CPUs: 12 total, 12 available
 Memory: 16076M
 Large Page Support: Disabled
 NUMA Support: Disabled
 Compressed Oops: Enabled (32-bit)
 Heap Region Size: 1M
 Heap Min Capacity: 8M
 Heap Initial Capacity: 252M
 Heap Max Capacity: 1536M
 Pre-touch: Disabled
 Parallel Workers: 10
 Concurrent Workers: 3
 Concurrent Refinement Workers: 10
 Periodic GC: Disabled

Heap:
 garbage-first heap   total 81920K, used 32491K [0x00000000a0000000, 0x0000000100000000)
  region size 1024K, 9 young (9216K), 3 survivors (3072K)
 Metaspace       used 26525K, committed 27392K, reserved 1114112K
  class space    used 3973K, committed 4416K, reserved 1048576K

Heap Regions: E=young(eden), S=young(survivor), O=old, HS=humongous(starts), HC=humongous(continues), CS=collection set, F=free, TAMS=top-at-mark-start, PB=parsable bottom
|   0|0x00000000a0000000, 0x00000000a0100000, 0x00000000a0100000|100%|HS|  |TAMS 0x00000000a0000000| PB 0x00000000a0000000| Complete 
|   1|0x00000000a0100000, 0x00000000a0200000, 0x00000000a0200000|100%|HC|  |TAMS 0x00000000a0100000| PB 0x00000000a0100000| Complete 
|   2|0x00000000a0200000, 0x00000000a0300000, 0x00000000a0300000|100%|HC|  |TAMS 0x00000000a0200000| PB 0x00000000a0200000| Complete 
|   3|0x00000000a0300000, 0x00000000a0400000, 0x00000000a0400000|100%| O|  |TAMS 0x00000000a0300000| PB 0x00000000a0300000| Untracked 
|   4|0x00000000a0400000, 0x00000000a0500000, 0x00000000a0500000|100%| O|  |TAMS 0x00000000a0400000| PB 0x00000000a0400000| Untracked 
|   5|0x00000000a0500000, 0x00000000a0600000, 0x00000000a0600000|100%| O|  |TAMS 0x00000000a0500000| PB 0x00000000a0500000| Untracked 
|   6|0x00000000a0600000, 0x00000000a0700000, 0x00000000a0700000|100%|HS|  |TAMS 0x00000000a0600000| PB 0x00000000a0600000| Complete 
|   7|0x00000000a0700000, 0x00000000a0800000, 0x00000000a0800000|100%| O|  |TAMS 0x00000000a0700000| PB 0x00000000a0700000| Untracked 
|   8|0x00000000a0800000, 0x00000000a0900000, 0x00000000a0900000|100%| O|  |TAMS 0x00000000a0800000| PB 0x00000000a0800000| Untracked 
|   9|0x00000000a0900000, 0x00000000a0a00000, 0x00000000a0a00000|100%| O|  |TAMS 0x00000000a0900000| PB 0x00000000a0900000| Untracked 
|  10|0x00000000a0a00000, 0x00000000a0b00000, 0x00000000a0b00000|100%| O|  |TAMS 0x00000000a0a00000| PB 0x00000000a0a00000| Untracked 
|  11|0x00000000a0b00000, 0x00000000a0c00000, 0x00000000a0c00000|100%| O|  |TAMS 0x00000000a0b00000| PB 0x00000000a0b00000| Untracked 
|  12|0x00000000a0c00000, 0x00000000a0c00000, 0x00000000a0d00000|  0%| F|  |TAMS 0x00000000a0c00000| PB 0x00000000a0c00000| Untracked 
|  13|0x00000000a0d00000, 0x00000000a0e00000, 0x00000000a0e00000|100%| O|  |TAMS 0x00000000a0d00000| PB 0x00000000a0d00000| Untracked 
|  14|0x00000000a0e00000, 0x00000000a0f00000, 0x00000000a0f00000|100%| O|  |TAMS 0x00000000a0e00000| PB 0x00000000a0e00000| Untracked 
|  15|0x00000000a0f00000, 0x00000000a1000000, 0x00000000a1000000|100%| O|  |TAMS 0x00000000a0f00000| PB 0x00000000a0f00000| Untracked 
|  16|0x00000000a1000000, 0x00000000a1100000, 0x00000000a1100000|100%| O|  |TAMS 0x00000000a1000000| PB 0x00000000a1000000| Untracked 
|  17|0x00000000a1100000, 0x00000000a1200000, 0x00000000a1200000|100%| O|  |TAMS 0x00000000a1100000| PB 0x00000000a1100000| Untracked 
|  18|0x00000000a1200000, 0x00000000a1300000, 0x00000000a1300000|100%| O|  |TAMS 0x00000000a1200000| PB 0x00000000a1200000| Untracked 
|  19|0x00000000a1300000, 0x00000000a1400000, 0x00000000a1400000|100%| O|  |TAMS 0x00000000a1300000| PB 0x00000000a1300000| Untracked 
|  20|0x00000000a1400000, 0x00000000a1500000, 0x00000000a1500000|100%| O|  |TAMS 0x00000000a1400000| PB 0x00000000a1400000| Untracked 
|  21|0x00000000a1500000, 0x00000000a1600000, 0x00000000a1600000|100%| O|  |TAMS 0x00000000a1500000| PB 0x00000000a1500000| Untracked 
|  22|0x00000000a1600000, 0x00000000a1700000, 0x00000000a1700000|100%| O|  |TAMS 0x00000000a1600000| PB 0x00000000a1600000| Untracked 
|  23|0x00000000a1700000, 0x00000000a1800000, 0x00000000a1800000|100%| O|  |TAMS 0x00000000a1700000| PB 0x00000000a1700000| Untracked 
|  24|0x00000000a1800000, 0x00000000a1900000, 0x00000000a1900000|100%| O|  |TAMS 0x00000000a1800000| PB 0x00000000a1800000| Untracked 
|  25|0x00000000a1900000, 0x00000000a19415b0, 0x00000000a1a00000| 25%| O|  |TAMS 0x00000000a1900000| PB 0x00000000a1900000| Untracked 
|  26|0x00000000a1a00000, 0x00000000a1a00000, 0x00000000a1b00000|  0%| F|  |TAMS 0x00000000a1a00000| PB 0x00000000a1a00000| Untracked 
|  27|0x00000000a1b00000, 0x00000000a1b00000, 0x00000000a1c00000|  0%| F|  |TAMS 0x00000000a1b00000| PB 0x00000000a1b00000| Untracked 
|  28|0x00000000a1c00000, 0x00000000a1c00000, 0x00000000a1d00000|  0%| F|  |TAMS 0x00000000a1c00000| PB 0x00000000a1c00000| Untracked 
|  29|0x00000000a1d00000, 0x00000000a1d00000, 0x00000000a1e00000|  0%| F|  |TAMS 0x00000000a1d00000| PB 0x00000000a1d00000| Untracked 
|  30|0x00000000a1e00000, 0x00000000a1e00000, 0x00000000a1f00000|  0%| F|  |TAMS 0x00000000a1e00000| PB 0x00000000a1e00000| Untracked 
|  31|0x00000000a1f00000, 0x00000000a1f00000, 0x00000000a2000000|  0%| F|  |TAMS 0x00000000a1f00000| PB 0x00000000a1f00000| Untracked 
|  32|0x00000000a2000000, 0x00000000a2000000, 0x00000000a2100000|  0%| F|  |TAMS 0x00000000a2000000| PB 0x00000000a2000000| Untracked 
|  33|0x00000000a2100000, 0x00000000a2100000, 0x00000000a2200000|  0%| F|  |TAMS 0x00000000a2100000| PB 0x00000000a2100000| Untracked 
|  34|0x00000000a2200000, 0x00000000a2200000, 0x00000000a2300000|  0%| F|  |TAMS 0x00000000a2200000| PB 0x00000000a2200000| Untracked 
|  35|0x00000000a2300000, 0x00000000a2300000, 0x00000000a2400000|  0%| F|  |TAMS 0x00000000a2300000| PB 0x00000000a2300000| Untracked 
|  36|0x00000000a2400000, 0x00000000a2400000, 0x00000000a2500000|  0%| F|  |TAMS 0x00000000a2400000| PB 0x00000000a2400000| Untracked 
|  37|0x00000000a2500000, 0x00000000a2500000, 0x00000000a2600000|  0%| F|  |TAMS 0x00000000a2500000| PB 0x00000000a2500000| Untracked 
|  38|0x00000000a2600000, 0x00000000a26796e8, 0x00000000a2700000| 47%| S|CS|TAMS 0x00000000a2600000| PB 0x00000000a2600000| Complete 
|  39|0x00000000a2700000, 0x00000000a2800000, 0x00000000a2800000|100%| S|CS|TAMS 0x00000000a2700000| PB 0x00000000a2700000| Complete 
|  40|0x00000000a2800000, 0x00000000a2900000, 0x00000000a2900000|100%| S|CS|TAMS 0x00000000a2800000| PB 0x00000000a2800000| Complete 
|  41|0x00000000a2900000, 0x00000000a2900000, 0x00000000a2a00000|  0%| F|  |TAMS 0x00000000a2900000| PB 0x00000000a2900000| Untracked 
|  42|0x00000000a2a00000, 0x00000000a2a00000, 0x00000000a2b00000|  0%| F|  |TAMS 0x00000000a2a00000| PB 0x00000000a2a00000| Untracked 
|  43|0x00000000a2b00000, 0x00000000a2b00000, 0x00000000a2c00000|  0%| F|  |TAMS 0x00000000a2b00000| PB 0x00000000a2b00000| Untracked 
|  44|0x00000000a2c00000, 0x00000000a2c00000, 0x00000000a2d00000|  0%| F|  |TAMS 0x00000000a2c00000| PB 0x00000000a2c00000| Untracked 
|  45|0x00000000a2d00000, 0x00000000a2d00000, 0x00000000a2e00000|  0%| F|  |TAMS 0x00000000a2d00000| PB 0x00000000a2d00000| Untracked 
|  46|0x00000000a2e00000, 0x00000000a2e00000, 0x00000000a2f00000|  0%| F|  |TAMS 0x00000000a2e00000| PB 0x00000000a2e00000| Untracked 
|  47|0x00000000a2f00000, 0x00000000a2f00000, 0x00000000a3000000|  0%| F|  |TAMS 0x00000000a2f00000| PB 0x00000000a2f00000| Untracked 
|  48|0x00000000a3000000, 0x00000000a3000000, 0x00000000a3100000|  0%| F|  |TAMS 0x00000000a3000000| PB 0x00000000a3000000| Untracked 
|  49|0x00000000a3100000, 0x00000000a3100000, 0x00000000a3200000|  0%| F|  |TAMS 0x00000000a3100000| PB 0x00000000a3100000| Untracked 
|  50|0x00000000a3200000, 0x00000000a3200000, 0x00000000a3300000|  0%| F|  |TAMS 0x00000000a3200000| PB 0x00000000a3200000| Untracked 
|  51|0x00000000a3300000, 0x00000000a3300000, 0x00000000a3400000|  0%| F|  |TAMS 0x00000000a3300000| PB 0x00000000a3300000| Untracked 
|  52|0x00000000a3400000, 0x00000000a3400000, 0x00000000a3500000|  0%| F|  |TAMS 0x00000000a3400000| PB 0x00000000a3400000| Untracked 
|  53|0x00000000a3500000, 0x00000000a3500000, 0x00000000a3600000|  0%| F|  |TAMS 0x00000000a3500000| PB 0x00000000a3500000| Untracked 
|  54|0x00000000a3600000, 0x00000000a3600000, 0x00000000a3700000|  0%| F|  |TAMS 0x00000000a3600000| PB 0x00000000a3600000| Untracked 
|  55|0x00000000a3700000, 0x00000000a3700000, 0x00000000a3800000|  0%| F|  |TAMS 0x00000000a3700000| PB 0x00000000a3700000| Untracked 
|  56|0x00000000a3800000, 0x00000000a3800000, 0x00000000a3900000|  0%| F|  |TAMS 0x00000000a3800000| PB 0x00000000a3800000| Untracked 
|  57|0x00000000a3900000, 0x00000000a3900000, 0x00000000a3a00000|  0%| F|  |TAMS 0x00000000a3900000| PB 0x00000000a3900000| Untracked 
|  58|0x00000000a3a00000, 0x00000000a3a00000, 0x00000000a3b00000|  0%| F|  |TAMS 0x00000000a3a00000| PB 0x00000000a3a00000| Untracked 
|  59|0x00000000a3b00000, 0x00000000a3b00000, 0x00000000a3c00000|  0%| F|  |TAMS 0x00000000a3b00000| PB 0x00000000a3b00000| Untracked 
|  60|0x00000000a3c00000, 0x00000000a3c00000, 0x00000000a3d00000|  0%| F|  |TAMS 0x00000000a3c00000| PB 0x00000000a3c00000| Untracked 
|  61|0x00000000a3d00000, 0x00000000a3d00000, 0x00000000a3e00000|  0%| F|  |TAMS 0x00000000a3d00000| PB 0x00000000a3d00000| Untracked 
|  62|0x00000000a3e00000, 0x00000000a3e00000, 0x00000000a3f00000|  0%| F|  |TAMS 0x00000000a3e00000| PB 0x00000000a3e00000| Untracked 
|  63|0x00000000a3f00000, 0x00000000a3f00000, 0x00000000a4000000|  0%| F|  |TAMS 0x00000000a3f00000| PB 0x00000000a3f00000| Untracked 
|  64|0x00000000a4000000, 0x00000000a4000000, 0x00000000a4100000|  0%| F|  |TAMS 0x00000000a4000000| PB 0x00000000a4000000| Untracked 
|  65|0x00000000a4100000, 0x00000000a4100000, 0x00000000a4200000|  0%| F|  |TAMS 0x00000000a4100000| PB 0x00000000a4100000| Untracked 
|  66|0x00000000a4200000, 0x00000000a4200000, 0x00000000a4300000|  0%| F|  |TAMS 0x00000000a4200000| PB 0x00000000a4200000| Untracked 
| 137|0x00000000a8900000, 0x00000000a8900000, 0x00000000a8a00000|  0%| F|  |TAMS 0x00000000a8900000| PB 0x00000000a8900000| Untracked 
| 138|0x00000000a8a00000, 0x00000000a8a00000, 0x00000000a8b00000|  0%| F|  |TAMS 0x00000000a8a00000| PB 0x00000000a8a00000| Untracked 
| 139|0x00000000a8b00000, 0x00000000a8b00000, 0x00000000a8c00000|  0%| F|  |TAMS 0x00000000a8b00000| PB 0x00000000a8b00000| Untracked 
| 140|0x00000000a8c00000, 0x00000000a8c00000, 0x00000000a8d00000|  0%| F|  |TAMS 0x00000000a8c00000| PB 0x00000000a8c00000| Untracked 
| 141|0x00000000a8d00000, 0x00000000a8d00000, 0x00000000a8e00000|  0%| F|  |TAMS 0x00000000a8d00000| PB 0x00000000a8d00000| Untracked 
| 142|0x00000000a8e00000, 0x00000000a8e00000, 0x00000000a8f00000|  0%| F|  |TAMS 0x00000000a8e00000| PB 0x00000000a8e00000| Untracked 
| 143|0x00000000a8f00000, 0x00000000a8f00000, 0x00000000a9000000|  0%| F|  |TAMS 0x00000000a8f00000| PB 0x00000000a8f00000| Untracked 
| 144|0x00000000a9000000, 0x00000000a900cbe8, 0x00000000a9100000|  4%| E|  |TAMS 0x00000000a9000000| PB 0x00000000a9000000| Complete 
| 145|0x00000000a9100000, 0x00000000a9200000, 0x00000000a9200000|100%| E|CS|TAMS 0x00000000a9100000| PB 0x00000000a9100000| Complete 
| 146|0x00000000a9200000, 0x00000000a9300000, 0x00000000a9300000|100%| E|CS|TAMS 0x00000000a9200000| PB 0x00000000a9200000| Complete 
| 147|0x00000000a9300000, 0x00000000a9400000, 0x00000000a9400000|100%| E|CS|TAMS 0x00000000a9300000| PB 0x00000000a9300000| Complete 
| 148|0x00000000a9400000, 0x00000000a9500000, 0x00000000a9500000|100%| E|CS|TAMS 0x00000000a9400000| PB 0x00000000a9400000| Complete 
| 251|0x00000000afb00000, 0x00000000afc00000, 0x00000000afc00000|100%| E|CS|TAMS 0x00000000afb00000| PB 0x00000000afb00000| Complete 

Card table byte_map: [0x0000021e6df60000,0x0000021e6e260000] _byte_map_base: 0x0000021e6da60000

Marking Bits: (CMBitMap*) 0x0000021e5b555700
 Bits: [0x0000021e6e260000, 0x0000021e6fa60000)

Polling page: 0x0000021e594d0000

Metaspace:

Usage:
  Non-class:     22.02 MB used.
      Class:      3.88 MB used.
       Both:     25.90 MB used.

Virtual space:
  Non-class space:       64.00 MB reserved,      22.44 MB ( 35%) committed,  1 nodes.
      Class space:        1.00 GB reserved,       4.31 MB ( <1%) committed,  1 nodes.
             Both:        1.06 GB reserved,      26.75 MB (  2%) committed. 

Chunk freelists:
   Non-Class:  9.14 MB
       Class:  11.53 MB
        Both:  20.67 MB

MaxMetaspaceSize: unlimited
CompressedClassSpaceSize: 1.00 GB
Initial GC threshold: 21.00 MB
Current GC threshold: 35.12 MB
CDS: on
 - commit_granule_bytes: 65536.
 - commit_granule_words: 8192.
 - virtual_space_node_default_size: 8388608.
 - enlarge_chunks_in_place: 1.
 - use_allocation_guard: 0.


Internal statistics:

num_allocs_failed_limit: 3.
num_arena_births: 1450.
num_arena_deaths: 0.
num_vsnodes_births: 2.
num_vsnodes_deaths: 0.
num_space_committed: 428.
num_space_uncommitted: 0.
num_chunks_returned_to_freelist: 3.
num_chunks_taken_from_freelist: 2675.
num_chunk_merges: 3.
num_chunk_splits: 1694.
num_chunks_enlarged: 1028.
num_inconsistent_stats: 0.

CodeHeap 'non-profiled nmethods': size=120000Kb used=2299Kb max_used=2299Kb free=117700Kb
 bounds [0x0000021e661e0000, 0x0000021e66450000, 0x0000021e6d710000]
CodeHeap 'profiled nmethods': size=120000Kb used=7943Kb max_used=7943Kb free=112056Kb
 bounds [0x0000021e5e710000, 0x0000021e5eee0000, 0x0000021e65c40000]
CodeHeap 'non-nmethods': size=5760Kb used=1431Kb max_used=1474Kb free=4328Kb
 bounds [0x0000021e65c40000, 0x0000021e65eb0000, 0x0000021e661e0000]
CodeCache: size=245760Kb, used=11673Kb, max_used=11716Kb, free=234084Kb
 total_blobs=4627, nmethods=4042, adapters=489, full_count=0
Compilation: enabled, stopped_count=0, restarted_count=0

Compilation events (20 events):
Event: 391.701 Thread 0x0000021e7272fe00 nmethod 4039 0x0000021e5eecbc10 code [0x0000021e5eecbdc0, 0x0000021e5eecbfa0]
Event: 395.417 Thread 0x0000021e7272fe00 4040       1       org.gradle.cache.internal.locklistener.DefaultFileLockContentionHandler::getCommunicator (5 bytes)
Event: 395.419 Thread 0x0000021e7272fe00 nmethod 4040 0x0000021e6641c390 code [0x0000021e6641c520, 0x0000021e6641c5e8]
Event: 399.709 Thread 0x0000021e7272fe00 4041       3       java.lang.ThreadLocal$ThreadLocalMap::expungeStaleEntry (146 bytes)
Event: 399.713 Thread 0x0000021e7272fe00 nmethod 4041 0x0000021e5eecc090 code [0x0000021e5eecc2e0, 0x0000021e5eecd080]
Event: 401.267 Thread 0x0000021e7272f000 4042       4       java.util.HashMap::remove (26 bytes)
Event: 401.316 Thread 0x0000021e7272f000 nmethod 4042 0x0000021e6641c690 code [0x0000021e6641c880, 0x0000021e6641cf00]
Event: 401.685 Thread 0x0000021e7272f000 4043   !   4       java.util.stream.ReferencePipeline$7$1::accept (127 bytes)
Event: 401.734 Thread 0x0000021e7272f000 nmethod 4043 0x0000021e6641d310 code [0x0000021e6641d580, 0x0000021e6641df30]
Event: 402.693 Thread 0x0000021e7272fe00 4044       3       jdk.management.jfr.internal.FlightRecorderMXBeanProvider$SingleMBeanComponent::mbeanInterfaceNames (11 bytes)
Event: 402.696 Thread 0x0000021e7272fe00 nmethod 4044 0x0000021e5eecd410 code [0x0000021e5eecd600, 0x0000021e5eecda78]
Event: 404.687 Thread 0x0000021e7272fe00 4045       3       java.lang.management.MemoryUsage::<init> (170 bytes)
Event: 404.690 Thread 0x0000021e7272fe00 nmethod 4045 0x0000021e5eecdc10 code [0x0000021e5eecdec0, 0x0000021e5eece8d0]
Event: 405.712 Thread 0x0000021e7272f000 4046       4       java.util.Collections$SingletonSet::contains (9 bytes)
Event: 405.713 Thread 0x0000021e7272fe00 4047   !   3       org.gradle.launcher.daemon.server.health.gc.DefaultSlidingWindow::slideAndInsert (50 bytes)
Event: 405.717 Thread 0x0000021e7272f000 nmethod 4046 0x0000021e6641e610 code [0x0000021e6641e7a0, 0x0000021e6641e9c0]
Event: 405.718 Thread 0x0000021e7272fe00 nmethod 4047 0x0000021e5eeced10 code [0x0000021e5eecf060, 0x0000021e5eed04d0]
Event: 405.718 Thread 0x0000021e7272fe00 4048   !   3       java.util.concurrent.LinkedBlockingDeque::peekLast (41 bytes)
Event: 405.721 Thread 0x0000021e7272fe00 nmethod 4048 0x0000021e5eed0d90 code [0x0000021e5eed0fc0, 0x0000021e5eed1910]
Event: 412.692 Thread 0x0000021e7272f000 4050       4       sun.management.spi.PlatformMBeanProvider$PlatformComponent::getMBeans (87 bytes)

GC Heap History (12 events):
Event: 7.555 GC heap before
{Heap before GC invocations=0 (full 0):
 garbage-first heap   total 258048K, used 23552K [0x00000000a0000000, 0x0000000100000000)
  region size 1024K, 23 young (23552K), 0 survivors (0K)
 Metaspace       used 1044K, committed 1152K, reserved 1114112K
  class space    used 81K, committed 128K, reserved 1048576K
}
Event: 7.561 GC heap after
{Heap after GC invocations=1 (full 0):
 garbage-first heap   total 258048K, used 1940K [0x00000000a0000000, 0x0000000100000000)
  region size 1024K, 2 young (2048K), 2 survivors (2048K)
 Metaspace       used 1044K, committed 1152K, reserved 1114112K
  class space    used 81K, committed 128K, reserved 1048576K
}
Event: 12.303 GC heap before
{Heap before GC invocations=1 (full 0):
 garbage-first heap   total 258048K, used 39828K [0x00000000a0000000, 0x0000000100000000)
  region size 1024K, 37 young (37888K), 2 survivors (2048K)
 Metaspace       used 4369K, committed 4544K, reserved 1114112K
  class space    used 558K, committed 640K, reserved 1048576K
}
Event: 12.317 GC heap after
{Heap after GC invocations=2 (full 0):
 garbage-first heap   total 258048K, used 10938K [0x00000000a0000000, 0x0000000100000000)
  region size 1024K, 5 young (5120K), 5 survivors (5120K)
 Metaspace       used 4369K, committed 4544K, reserved 1114112K
  class space    used 558K, committed 640K, reserved 1048576K
}
Event: 20.583 GC heap before
{Heap before GC invocations=2 (full 0):
 garbage-first heap   total 258048K, used 61114K [0x00000000a0000000, 0x0000000100000000)
  region size 1024K, 52 young (53248K), 5 survivors (5120K)
 Metaspace       used 4989K, committed 5248K, reserved 1114112K
  class space    used 653K, committed 768K, reserved 1048576K
}
Event: 20.592 GC heap after
{Heap after GC invocations=3 (full 0):
 garbage-first heap   total 258048K, used 16847K [0x00000000a0000000, 0x0000000100000000)
  region size 1024K, 5 young (5120K), 5 survivors (5120K)
 Metaspace       used 4989K, committed 5248K, reserved 1114112K
  class space    used 653K, committed 768K, reserved 1048576K
}
Event: 104.063 GC heap before
{Heap before GC invocations=3 (full 0):
 garbage-first heap   total 258048K, used 116175K [0x00000000a0000000, 0x0000000100000000)
  region size 1024K, 103 young (105472K), 5 survivors (5120K)
 Metaspace       used 20878K, committed 21504K, reserved 1114112K
  class space    used 3066K, committed 3392K, reserved 1048576K
}
Event: 104.120 GC heap after
{Heap after GC invocations=4 (full 0):
 garbage-first heap   total 258048K, used 24280K [0x00000000a0000000, 0x0000000100000000)
  region size 1024K, 12 young (12288K), 12 survivors (12288K)
 Metaspace       used 20878K, committed 21504K, reserved 1114112K
  class space    used 3066K, committed 3392K, reserved 1048576K
}
Event: 105.815 GC heap before
{Heap before GC invocations=5 (full 0):
 garbage-first heap   total 81920K, used 61144K [0x00000000a0000000, 0x0000000100000000)
  region size 1024K, 48 young (49152K), 12 survivors (12288K)
 Metaspace       used 25555K, committed 26496K, reserved 1114112K
  class space    used 3837K, committed 4288K, reserved 1048576K
}
Event: 105.825 GC heap after
{Heap after GC invocations=6 (full 0):
 garbage-first heap   total 81920K, used 26501K [0x00000000a0000000, 0x0000000100000000)
  region size 1024K, 3 young (3072K), 3 survivors (3072K)
 Metaspace       used 25555K, committed 26496K, reserved 1114112K
  class space    used 3837K, committed 4288K, reserved 1048576K
}
Event: 375.885 GC heap before
{Heap before GC invocations=6 (full 0):
 garbage-first heap   total 81920K, used 66437K [0x00000000a0000000, 0x0000000100000000)
  region size 1024K, 42 young (43008K), 3 survivors (3072K)
 Metaspace       used 26522K, committed 27392K, reserved 1114112K
  class space    used 3973K, committed 4416K, reserved 1048576K
}
Event: 376.137 GC heap after
{Heap after GC invocations=7 (full 0):
 garbage-first heap   total 81920K, used 27371K [0x00000000a0000000, 0x0000000100000000)
  region size 1024K, 3 young (3072K), 3 survivors (3072K)
 Metaspace       used 26522K, committed 27392K, reserved 1114112K
  class space    used 3973K, committed 4416K, reserved 1048576K
}

Dll operation events (20 events):
Event: 3.933 Attempting to load shared library C:\Users\ishas\.vscode\extensions\redhat.java-1.56.0-win32-x64\jre\21.0.12.1-win32-x86_64\bin\nio.dll
Event: 3.934 Loaded shared library C:\Users\ishas\.vscode\extensions\redhat.java-1.56.0-win32-x64\jre\21.0.12.1-win32-x86_64\bin\nio.dll
Event: 3.944 Attempting to load shared library C:\Users\ishas\.vscode\extensions\redhat.java-1.56.0-win32-x64\jre\21.0.12.1-win32-x86_64\bin\zip.dll
Event: 3.944 Loaded shared library C:\Users\ishas\.vscode\extensions\redhat.java-1.56.0-win32-x64\jre\21.0.12.1-win32-x86_64\bin\zip.dll
Event: 7.460 Attempting to load shared library C:\Users\ishas\.vscode\extensions\redhat.java-1.56.0-win32-x64\jre\21.0.12.1-win32-x86_64\bin\jimage.dll
Event: 7.461 Loaded shared library C:\Users\ishas\.vscode\extensions\redhat.java-1.56.0-win32-x64\jre\21.0.12.1-win32-x86_64\bin\jimage.dll
Event: 7.887 Attempting to load shared library C:\Users\ishas\.vscode\extensions\redhat.java-1.56.0-win32-x64\jre\21.0.12.1-win32-x86_64\bin\verify.dll
Event: 7.887 Loaded shared library C:\Users\ishas\.vscode\extensions\redhat.java-1.56.0-win32-x64\jre\21.0.12.1-win32-x86_64\bin\verify.dll
Event: 8.209 Attempting to load shared library C:\Users\ishas\.gradle\native\1def1411415f61bf3af743bc5b6707747c0891f09f0c88961ee8f79bc544acac\windows-amd64\native-platform.dll
Event: 8.246 Loaded shared library C:\Users\ishas\.gradle\native\1def1411415f61bf3af743bc5b6707747c0891f09f0c88961ee8f79bc544acac\windows-amd64\native-platform.dll
Event: 8.338 Attempting to load shared library C:\Users\ishas\.gradle\native\0.2.7\x86_64-windows-gnu\gradle-fileevents.dll
Event: 8.348 Loaded shared library C:\Users\ishas\.gradle\native\0.2.7\x86_64-windows-gnu\gradle-fileevents.dll
Event: 21.221 Attempting to load shared library C:\Users\ishas\.vscode\extensions\redhat.java-1.56.0-win32-x64\jre\21.0.12.1-win32-x86_64\bin\management.dll
Event: 21.222 Loaded shared library C:\Users\ishas\.vscode\extensions\redhat.java-1.56.0-win32-x64\jre\21.0.12.1-win32-x86_64\bin\management.dll
Event: 21.225 Attempting to load shared library C:\Users\ishas\.vscode\extensions\redhat.java-1.56.0-win32-x64\jre\21.0.12.1-win32-x86_64\bin\management_ext.dll
Event: 21.226 Loaded shared library C:\Users\ishas\.vscode\extensions\redhat.java-1.56.0-win32-x64\jre\21.0.12.1-win32-x86_64\bin\management_ext.dll
Event: 27.313 Attempting to load shared library C:\Users\ishas\.vscode\extensions\redhat.java-1.56.0-win32-x64\jre\21.0.12.1-win32-x86_64\bin\extnet.dll
Event: 27.315 Loaded shared library C:\Users\ishas\.vscode\extensions\redhat.java-1.56.0-win32-x64\jre\21.0.12.1-win32-x86_64\bin\extnet.dll
Event: 83.499 Attempting to load shared library C:\Users\ishas\.vscode\extensions\redhat.java-1.56.0-win32-x64\jre\21.0.12.1-win32-x86_64\bin\sunmscapi.dll
Event: 83.513 Loaded shared library C:\Users\ishas\.vscode\extensions\redhat.java-1.56.0-win32-x64\jre\21.0.12.1-win32-x86_64\bin\sunmscapi.dll

Deoptimization events (20 events):
Event: 107.593 Thread 0x0000021e727c85f0 Uncommon trap: trap_request=0xffffff45 fr.pc=0x0000021e66360f60 relative=0x00000000000003e0
Event: 107.593 Thread 0x0000021e727c85f0 Uncommon trap: reason=unstable_if action=reinterpret pc=0x0000021e66360f60 method=java.io.BufferedInputStream.read([BII)I @ 4 c2
Event: 107.593 Thread 0x0000021e727c85f0 DEOPT PACKING pc=0x0000021e66360f60 sp=0x000000ca270fddf0
Event: 107.593 Thread 0x0000021e727c85f0 DEOPT UNPACKING pc=0x0000021e65c94422 sp=0x000000ca270fdda8 mode 2
Event: 107.593 Thread 0x0000021e727c85f0 Uncommon trap: trap_request=0xffffffc6 fr.pc=0x0000021e66358ea4 relative=0x0000000000001504
Event: 107.593 Thread 0x0000021e727c85f0 Uncommon trap: reason=bimorphic_or_optimized_type_check action=maybe_recompile pc=0x0000021e66358ea4 method=java.io.DataInputStream.readFully([BII)V @ 30 c2
Event: 107.593 Thread 0x0000021e727c85f0 DEOPT PACKING pc=0x0000021e66358ea4 sp=0x000000ca270fdee0
Event: 107.593 Thread 0x0000021e727c85f0 DEOPT UNPACKING pc=0x0000021e65c94422 sp=0x000000ca270fded8 mode 2
Event: 107.593 Thread 0x0000021e727c85f0 Uncommon trap: trap_request=0xffffffc6 fr.pc=0x0000021e66358ea4 relative=0x0000000000001504
Event: 107.593 Thread 0x0000021e727c85f0 Uncommon trap: reason=bimorphic_or_optimized_type_check action=maybe_recompile pc=0x0000021e66358ea4 method=java.io.DataInputStream.readFully([BII)V @ 30 c2
Event: 107.593 Thread 0x0000021e727c85f0 DEOPT PACKING pc=0x0000021e66358ea4 sp=0x000000ca270fde20
Event: 107.593 Thread 0x0000021e727c85f0 DEOPT UNPACKING pc=0x0000021e65c94422 sp=0x000000ca270fde18 mode 2
Event: 107.593 Thread 0x0000021e727c85f0 Uncommon trap: trap_request=0xffffffc6 fr.pc=0x0000021e66358ea4 relative=0x0000000000001504
Event: 107.593 Thread 0x0000021e727c85f0 Uncommon trap: reason=bimorphic_or_optimized_type_check action=maybe_recompile pc=0x0000021e66358ea4 method=java.io.DataInputStream.readFully([BII)V @ 30 c2
Event: 107.593 Thread 0x0000021e727c85f0 DEOPT PACKING pc=0x0000021e66358ea4 sp=0x000000ca270fde30
Event: 107.593 Thread 0x0000021e727c85f0 DEOPT UNPACKING pc=0x0000021e65c94422 sp=0x000000ca270fde28 mode 2
Event: 107.597 Thread 0x0000021e727c85f0 Uncommon trap: trap_request=0xffffffde fr.pc=0x0000021e6635fa58 relative=0x0000000000000af8
Event: 107.597 Thread 0x0000021e727c85f0 Uncommon trap: reason=class_check action=maybe_recompile pc=0x0000021e6635fa58 method=java.io.BufferedInputStream.implRead([BII)I @ 100 c2
Event: 107.597 Thread 0x0000021e727c85f0 DEOPT PACKING pc=0x0000021e6635fa58 sp=0x000000ca270fdec0
Event: 107.597 Thread 0x0000021e727c85f0 DEOPT UNPACKING pc=0x0000021e65c94422 sp=0x000000ca270fdea8 mode 2

Classes loaded (20 events):
Event: 107.548 Loading class java/nio/file/FileTreeWalker$DirectoryNode
Event: 107.548 Loading class java/nio/file/FileTreeWalker$DirectoryNode done
Event: 107.548 Loading class java/nio/file/FileTreeWalker$Event
Event: 107.548 Loading class java/nio/file/FileTreeWalker$Event done
Event: 107.548 Loading class java/nio/file/FileTreeWalker$EventType
Event: 107.548 Loading class java/nio/file/FileTreeWalker$EventType done
Event: 107.548 Loading class java/nio/file/Files$3
Event: 107.548 Loading class java/nio/file/Files$3 done
Event: 107.550 Loading class java/nio/file/FileVisitResult
Event: 107.550 Loading class java/nio/file/FileVisitResult done
Event: 107.599 Loading class java/nio/charset/CharacterCodingException
Event: 107.599 Loading class java/nio/charset/CharacterCodingException done
Event: 107.640 Loading class java/util/stream/IntStream
Event: 107.640 Loading class java/util/stream/IntStream done
Event: 107.641 Loading class java/util/stream/Streams$RangeIntSpliterator
Event: 107.641 Loading class java/util/stream/Streams$RangeIntSpliterator done
Event: 107.641 Loading class java/util/stream/IntPipeline$Head
Event: 107.641 Loading class java/util/stream/IntPipeline
Event: 107.641 Loading class java/util/stream/IntPipeline done
Event: 107.641 Loading class java/util/stream/IntPipeline$Head done

Classes unloaded (0 events):
No events

Classes redefined (0 events):
No events

Internal exceptions (20 events):
Event: 104.539 Thread 0x0000021e727c7240 Exception <a 'java/lang/NoSuchMethodError'{0x00000000a3a586d0}: 'java.lang.Object java.lang.invoke.Invokers$Holder.invoker(java.lang.Object, java.lang.Object, java.lang.Object, java.lang.Object, java.lang.Object, java.lang.Object, java.lang.Object, java.lang.Object, java.lang.Object, java.lang.Object, java.lang.Object, java.lang.Object, java.lang.Object, java.lang.Object, java.lang.Object, java.lang.Object, java.lang.Object, java.lang.Object, java.lang.Object, java.lang.Object, java.lang.Object, java.lang.
Event: 104.539 Thread 0x0000021e727c7240 Exception <a 'java/lang/NoSuchMethodError'{0x00000000a3a5ea50}: 'java.lang.Object java.lang.invoke.DelegatingMethodHandle$Holder.delegate(java.lang.Object, java.lang.Object, java.lang.Object, java.lang.Object, java.lang.Object, java.lang.Object, java.lang.Object, java.lang.Object, java.lang.Object, java.lang.Object, java.lang.Object, java.lang.Object, java.lang.Object, java.lang.Object, java.lang.Object, java.lang.Object, java.lang.Object, java.lang.Object, java.lang.Object, java.lang.Object, java.lang.Obj
Event: 104.585 Thread 0x0000021e727c7240 Exception <a 'java/lang/NoSuchMethodError'{0x00000000a38ddc70}: 'java.lang.Object java.lang.invoke.DirectMethodHandle$Holder.invokeStaticInit(java.lang.Object, java.lang.Object, java.lang.Object, java.lang.Object)'> (0x00000000a38ddc70) 
thrown [s\src\hotspot\share\interpreter\linkResolver.cpp, line 773]
Event: 104.633 Thread 0x0000021e727c7240 Exception <a 'java/lang/NoSuchMethodError'{0x00000000a36766f0}: 'java.lang.Object java.lang.invoke.DirectMethodHandle$Holder.newInvokeSpecial(java.lang.Object, java.lang.Object, java.lang.Object, java.lang.Object, java.lang.Object, java.lang.Object, java.lang.Object, java.lang.Object)'> (0x00000000a36766f0) 
thrown [s\src\hotspot\share\interpreter\linkResolver.cpp, line 773]
Event: 104.675 Thread 0x0000021e727c7240 Exception <a 'java/lang/IncompatibleClassChangeError'{0x00000000a35acbf8}: Found class java.lang.Object, but interface was expected> (0x00000000a35acbf8) 
thrown [s\src\hotspot\share\interpreter\linkResolver.cpp, line 840]
Event: 104.700 Thread 0x0000021e727c7240 Exception <a 'java/lang/NoSuchMethodError'{0x00000000a345b578}: 'java.lang.Object java.lang.invoke.DirectMethodHandle$Holder.invokeVirtual(java.lang.Object, java.lang.Object, java.lang.Object, java.lang.Object, java.lang.Object, java.lang.Object, java.lang.Object, java.lang.Object, java.lang.Object, java.lang.Object, java.lang.Object, java.lang.Object, java.lang.Object)'> (0x00000000a345b578) 
thrown [s\src\hotspot\share\interpreter\linkResolver.cpp, line 773]
Event: 104.700 Thread 0x0000021e727c7240 Exception <a 'java/lang/NoSuchMethodError'{0x00000000a34607b0}: 'java.lang.Object java.lang.invoke.DirectMethodHandle$Holder.invokeSpecial(java.lang.Object, java.lang.Object, java.lang.Object, java.lang.Object, java.lang.Object, java.lang.Object, java.lang.Object, java.lang.Object, java.lang.Object, java.lang.Object, java.lang.Object, java.lang.Object, java.lang.Object, java.lang.Object)'> (0x00000000a34607b0) 
thrown [s\src\hotspot\share\interpreter\linkResolver.cpp, line 773]
Event: 104.701 Thread 0x0000021e727c7240 Exception <a 'java/lang/NoSuchMethodError'{0x00000000a3465500}: 'java.lang.Object java.lang.invoke.DelegatingMethodHandle$Holder.reinvoke_L(java.lang.Object, java.lang.Object, java.lang.Object, java.lang.Object, java.lang.Object, java.lang.Object, java.lang.Object, java.lang.Object, java.lang.Object, java.lang.Object, java.lang.Object, java.lang.Object, java.lang.Object)'> (0x00000000a3465500) 
thrown [s\src\hotspot\share\interpreter\linkResolver.cpp, line 773]
Event: 104.743 Thread 0x0000021e727c7240 Exception <a 'java/lang/NoSuchMethodError'{0x00000000a320bfe8}: 'void java.lang.invoke.DirectMethodHandle$Holder.invokeStaticInit(java.lang.Object, java.lang.Object)'> (0x00000000a320bfe8) 
thrown [s\src\hotspot\share\interpreter\linkResolver.cpp, line 773]
Event: 104.951 Thread 0x0000021e727c7240 Exception <a 'java/lang/NoSuchMethodError'{0x00000000a2ff8718}: 'java.lang.Object java.lang.invoke.DirectMethodHandle$Holder.newInvokeSpecial(java.lang.Object, java.lang.Object, java.lang.Object, java.lang.Object, java.lang.Object, java.lang.Object, java.lang.Object, java.lang.Object, java.lang.Object)'> (0x00000000a2ff8718) 
thrown [s\src\hotspot\share\interpreter\linkResolver.cpp, line 773]
Event: 105.155 Thread 0x0000021e727c7240 Exception <a 'java/lang/NoSuchMethodError'{0x00000000a2cff5d8}: 'int java.lang.invoke.DirectMethodHandle$Holder.invokeVirtual(java.lang.Object, java.lang.Object)'> (0x00000000a2cff5d8) 
thrown [s\src\hotspot\share\interpreter\linkResolver.cpp, line 773]
Event: 105.474 Thread 0x0000021e727c7240 Exception <a 'java/lang/NoSuchMethodError'{0x00000000a29e2b08}: 'void java.lang.invoke.DirectMethodHandle$Holder.invokeInterface(java.lang.Object, java.lang.Object, java.lang.Object, java.lang.Object, java.lang.Object)'> (0x00000000a29e2b08) 
thrown [s\src\hotspot\share\interpreter\linkResolver.cpp, line 773]
Event: 105.486 Thread 0x0000021e727c7240 Exception <a 'java/lang/NoSuchMethodError'{0x00000000a285d230}: 'void java.lang.invoke.DirectMethodHandle$Holder.invokeStatic(java.lang.Object, java.lang.Object, java.lang.Object, java.lang.Object, java.lang.Object, java.lang.Object)'> (0x00000000a285d230) 
thrown [s\src\hotspot\share\interpreter\linkResolver.cpp, line 773]
Event: 105.805 Thread 0x0000021e727c7240 Exception <a 'java/lang/IncompatibleClassChangeError'{0x00000000a20b9560}: Found class java.lang.Object, but interface was expected> (0x00000000a20b9560) 
thrown [s\src\hotspot\share\interpreter\linkResolver.cpp, line 840]
Event: 107.533 Thread 0x0000021e727c7240 Exception <a 'java/lang/NoSuchMethodError'{0x00000000a949af50}: 'java.lang.Object java.lang.invoke.DirectMethodHandle$Holder.newInvokeSpecial(java.lang.Object, java.lang.Object, long)'> (0x00000000a949af50) 
thrown [s\src\hotspot\share\interpreter\linkResolver.cpp, line 773]
Event: 107.533 Thread 0x0000021e727c7240 Exception <a 'java/lang/NoSuchMethodError'{0x00000000a949f2f8}: 'java.lang.Object java.lang.invoke.Invokers$Holder.linkToTargetMethod(java.lang.Object, long, java.lang.Object)'> (0x00000000a949f2f8) 
thrown [s\src\hotspot\share\interpreter\linkResolver.cpp, line 773]
Event: 107.593 Thread 0x0000021e727c85f0 Implicit null exception at 0x0000021e6635c7e1 to 0x0000021e6635ce38
Event: 107.593 Thread 0x0000021e727c85f0 Implicit null exception at 0x0000021e66360bcf to 0x0000021e66360f44
Event: 107.618 Thread 0x0000021e727c7240 Exception <a 'java/lang/NoSuchMethodError'{0x00000000a92e00e0}: 'int java.lang.invoke.DirectMethodHandle$Holder.invokeInterface(java.lang.Object, java.lang.Object)'> (0x00000000a92e00e0) 
thrown [s\src\hotspot\share\interpreter\linkResolver.cpp, line 773]
Event: 107.636 Thread 0x0000021e727c7240 Exception <a 'java/lang/NoSuchMethodError'{0x00000000a916d420}: 'java.lang.Object java.lang.invoke.DirectMethodHandle$Holder.invokeVirtual(java.lang.Object, java.lang.Object, int)'> (0x00000000a916d420) 
thrown [s\src\hotspot\share\interpreter\linkResolver.cpp, line 773]

ZGC Phase Switch (0 events):
No events

VM Operations (20 events):
Event: 348.198 Executing safepoint VM operation: Cleanup
Event: 348.198 Executing safepoint VM operation: Cleanup done
Event: 351.217 Executing safepoint VM operation: Cleanup
Event: 351.217 Executing safepoint VM operation: Cleanup done
Event: 354.242 Executing safepoint VM operation: Cleanup
Event: 354.242 Executing safepoint VM operation: Cleanup done
Event: 358.263 Executing safepoint VM operation: Cleanup
Event: 358.325 Executing safepoint VM operation: Cleanup done
Event: 372.432 Executing safepoint VM operation: Cleanup
Event: 372.432 Executing safepoint VM operation: Cleanup done
Event: 375.473 Executing safepoint VM operation: Cleanup
Event: 375.474 Executing safepoint VM operation: Cleanup done
Event: 375.857 Executing safepoint VM operation: G1CollectForAllocation (G1 Evacuation Pause)
Event: 376.137 Executing safepoint VM operation: G1CollectForAllocation (G1 Evacuation Pause) done
Event: 402.331 Executing safepoint VM operation: Cleanup
Event: 402.331 Executing safepoint VM operation: Cleanup done
Event: 403.339 Executing safepoint VM operation: Cleanup
Event: 403.339 Executing safepoint VM operation: Cleanup done
Event: 406.354 Executing safepoint VM operation: Cleanup
Event: 406.354 Executing safepoint VM operation: Cleanup done

Memory protections (0 events):
No events

Nmethod flushes (0 events):
No events

Events (20 events):
Event: 3.986 Thread 0x0000021e590e7100 Thread added: 0x0000021e72a22750
Event: 21.687 Thread 0x0000021e590e7100 Thread added: 0x0000021e785b2c10
Event: 29.838 Thread 0x0000021e590e7100 Thread added: 0x0000021e77c236a0
Event: 35.249 Thread 0x0000021e590e7100 Thread added: 0x0000021e77c1c890
Event: 83.572 Thread 0x0000021e77c236a0 Thread added: 0x0000021e72889e50
Event: 83.862 Thread 0x0000021e72889e50 Thread added: 0x0000021e770392c0
Event: 84.091 Thread 0x0000021e72889e50 Thread added: 0x0000021e727c6520
Event: 101.065 Thread 0x0000021e72889e50 Thread added: 0x0000021e727c7240
Event: 101.091 Thread 0x0000021e727c7240 Thread added: 0x0000021e727c78d0
Event: 101.099 Thread 0x0000021e727c7240 Thread added: 0x0000021e727c7f60
Event: 101.103 Thread 0x0000021e727c7240 Thread added: 0x0000021e727c6bb0
Event: 102.082 Thread 0x0000021e727c7240 Thread added: 0x0000021e727c85f0
Event: 102.174 Thread 0x0000021e727c7240 Thread added: 0x0000021e727c5170
Event: 102.332 Thread 0x0000021e727c5170 Thread added: 0x0000021e727c5800
Event: 102.414 Thread 0x0000021e727c7240 Thread added: 0x0000021e727c5e90
Event: 104.413 Thread 0x0000021e727c7240 Thread added: 0x0000021e7923bf30
Event: 104.511 Thread 0x0000021e727c7240 Thread added: 0x0000021e7923b210
Event: 105.120 Thread 0x0000021e727c7240 Thread added: 0x0000021e7923b8a0
Event: 105.152 Thread 0x0000021e727c7240 Thread added: 0x0000021e7923c5c0
Event: 168.696 Thread 0x0000021e727c5800 Thread exited: 0x0000021e727c5800


Dynamic libraries:
0x00007ff7bb1c0000 - 0x00007ff7bb1ce000 	C:\Users\ishas\.vscode\extensions\redhat.java-1.56.0-win32-x64\jre\21.0.12.1-win32-x86_64\bin\java.exe
0x00007ffc1f9e0000 - 0x00007ffc1fc47000 	C:\Windows\SYSTEM32\ntdll.dll
0x00007ffc1edb0000 - 0x00007ffc1ee7b000 	C:\Windows\System32\KERNEL32.DLL
0x00007ffc1d2f0000 - 0x00007ffc1d6f2000 	C:\Windows\System32\KERNELBASE.dll
0x00007ffc1d190000 - 0x00007ffc1d2dc000 	C:\Windows\System32\ucrtbase.dll
0x00007ffb853f0000 - 0x00007ffb85408000 	C:\Users\ishas\.vscode\extensions\redhat.java-1.56.0-win32-x64\jre\21.0.12.1-win32-x86_64\bin\jli.dll
0x00007ffc1e120000 - 0x00007ffc1e2ef000 	C:\Windows\System32\USER32.dll
0x00007ffc1d0a0000 - 0x00007ffc1d0c7000 	C:\Windows\System32\win32u.dll
0x00007ffc1e0f0000 - 0x00007ffc1e11b000 	C:\Windows\System32\GDI32.dll
0x00007ffc1cd50000 - 0x00007ffc1ce79000 	C:\Windows\System32\gdi32full.dll
0x00007ffc1cca0000 - 0x00007ffc1cd43000 	C:\Windows\System32\msvcp_win.dll
0x00007ffb883c0000 - 0x00007ffb883de000 	C:\Users\ishas\.vscode\extensions\redhat.java-1.56.0-win32-x64\jre\21.0.12.1-win32-x86_64\bin\VCRUNTIME140.dll
0x00007ffc05f40000 - 0x00007ffc061d0000 	C:\Windows\WinSxS\amd64_microsoft.windows.common-controls_6595b64144ccf1df_6.0.26100.9278_none_3e0d1ba8e3303201\COMCTL32.dll
0x00007ffc1f160000 - 0x00007ffc1f209000 	C:\Windows\System32\msvcrt.dll
0x00007ffc1ee80000 - 0x00007ffc1eeb1000 	C:\Windows\System32\IMM32.DLL
0x00007ffbdb670000 - 0x00007ffbdb67c000 	C:\Users\ishas\.vscode\extensions\redhat.java-1.56.0-win32-x64\jre\21.0.12.1-win32-x86_64\bin\vcruntime140_1.dll
0x00007ffb7ce90000 - 0x00007ffb7cf1d000 	C:\Users\ishas\.vscode\extensions\redhat.java-1.56.0-win32-x64\jre\21.0.12.1-win32-x86_64\bin\msvcp140.dll
0x00007ffb2d4f0000 - 0x00007ffb2e292000 	C:\Users\ishas\.vscode\extensions\redhat.java-1.56.0-win32-x64\jre\21.0.12.1-win32-x86_64\bin\server\jvm.dll
0x00007ffc1dc40000 - 0x00007ffc1dcfc000 	C:\Windows\System32\ADVAPI32.dll
0x00007ffc1ef50000 - 0x00007ffc1eff9000 	C:\Windows\System32\sechost.dll
0x00007ffc1db20000 - 0x00007ffc1dc38000 	C:\Windows\System32\RPCRT4.dll
0x00007ffc1da10000 - 0x00007ffc1da90000 	C:\Windows\System32\WS2_32.dll
0x00007ffc1ca40000 - 0x00007ffc1ca9e000 	C:\Windows\SYSTEM32\POWRPROF.dll
0x00007ffc14900000 - 0x00007ffc14936000 	C:\Windows\SYSTEM32\WINMM.dll
0x00007ffc07f70000 - 0x00007ffc07f7b000 	C:\Windows\SYSTEM32\VERSION.dll
0x00007ffc1ca20000 - 0x00007ffc1ca35000 	C:\Windows\SYSTEM32\UMPDC.dll
0x00007ffc1b8b0000 - 0x00007ffc1b8cb000 	C:\Windows\SYSTEM32\kernel.appcore.dll
0x00007ffbdb520000 - 0x00007ffbdb52a000 	C:\Users\ishas\.vscode\extensions\redhat.java-1.56.0-win32-x64\jre\21.0.12.1-win32-x86_64\bin\jimage.dll
0x00007ffc1a1f0000 - 0x00007ffc1a43c000 	C:\Windows\SYSTEM32\DBGHELP.DLL
0x00007ffc1dd60000 - 0x00007ffc1e0e5000 	C:\Windows\System32\combase.dll
0x00007ffc1e310000 - 0x00007ffc1e3e9000 	C:\Windows\System32\OLEAUT32.dll
0x00007ffc148c0000 - 0x00007ffc148fb000 	C:\Windows\SYSTEM32\dbgcore.DLL
0x00007ffc1d0d0000 - 0x00007ffc1d17c000 	C:\Windows\System32\bcryptPrimitives.dll
0x00007ffbda4a0000 - 0x00007ffbda4af000 	C:\Users\ishas\.vscode\extensions\redhat.java-1.56.0-win32-x64\jre\21.0.12.1-win32-x86_64\bin\instrument.dll
0x00007ffba78c0000 - 0x00007ffba78e0000 	C:\Users\ishas\.vscode\extensions\redhat.java-1.56.0-win32-x64\jre\21.0.12.1-win32-x86_64\bin\java.dll
0x00007ffc1e3f0000 - 0x00007ffc1eb88000 	C:\Windows\System32\SHELL32.dll
0x00007ffc1a610000 - 0x00007ffc1aebe000 	C:\Windows\SYSTEM32\windows.storage.dll
0x00007ffc1d910000 - 0x00007ffc1da0b000 	C:\Windows\System32\SHCORE.dll
0x00007ffc1f440000 - 0x00007ffc1f4a6000 	C:\Windows\System32\shlwapi.dll
0x00007ffc1cb00000 - 0x00007ffc1cb29000 	C:\Windows\SYSTEM32\profapi.dll
0x00007ffb849f0000 - 0x00007ffb84a08000 	C:\Users\ishas\.vscode\extensions\redhat.java-1.56.0-win32-x64\jre\21.0.12.1-win32-x86_64\bin\zip.dll
0x00007ffbdad80000 - 0x00007ffbdad90000 	C:\Users\ishas\.vscode\extensions\redhat.java-1.56.0-win32-x64\jre\21.0.12.1-win32-x86_64\bin\net.dll
0x00007ffc0b510000 - 0x00007ffc0b63a000 	C:\Windows\SYSTEM32\WINHTTP.dll
0x00007ffc1be70000 - 0x00007ffc1bedc000 	C:\Windows\system32\mswsock.dll
0x00007ffb833b0000 - 0x00007ffb833c6000 	C:\Users\ishas\.vscode\extensions\redhat.java-1.56.0-win32-x64\jre\21.0.12.1-win32-x86_64\bin\nio.dll
0x00007ffbd33f0000 - 0x00007ffbd3400000 	C:\Users\ishas\.vscode\extensions\redhat.java-1.56.0-win32-x64\jre\21.0.12.1-win32-x86_64\bin\verify.dll
0x00007ffc06640000 - 0x00007ffc06667000 	C:\Users\ishas\.gradle\native\1def1411415f61bf3af743bc5b6707747c0891f09f0c88961ee8f79bc544acac\windows-amd64\native-platform.dll
0x00007ffbe8340000 - 0x00007ffbe83b8000 	C:\Users\ishas\.gradle\native\0.2.7\x86_64-windows-gnu\gradle-fileevents.dll
0x00007ffc08f90000 - 0x00007ffc08f9a000 	C:\Users\ishas\.vscode\extensions\redhat.java-1.56.0-win32-x64\jre\21.0.12.1-win32-x86_64\bin\management.dll
0x00007ffc06630000 - 0x00007ffc0663c000 	C:\Users\ishas\.vscode\extensions\redhat.java-1.56.0-win32-x64\jre\21.0.12.1-win32-x86_64\bin\management_ext.dll
0x00007ffc1e300000 - 0x00007ffc1e308000 	C:\Windows\System32\PSAPI.DLL
0x00007ffc1b2e0000 - 0x00007ffc1b313000 	C:\Windows\SYSTEM32\IPHLPAPI.DLL
0x00007ffc1d700000 - 0x00007ffc1d70a000 	C:\Windows\System32\NSI.dll
0x00007ffbfeb60000 - 0x00007ffbfeb69000 	C:\Users\ishas\.vscode\extensions\redhat.java-1.56.0-win32-x64\jre\21.0.12.1-win32-x86_64\bin\extnet.dll
0x00007ffc1c160000 - 0x00007ffc1c17b000 	C:\Windows\SYSTEM32\CRYPTSP.dll
0x00007ffc1b810000 - 0x00007ffc1b849000 	C:\Windows\system32\rsaenh.dll
0x00007ffc1bf20000 - 0x00007ffc1bf54000 	C:\Windows\SYSTEM32\USERENV.dll
0x00007ffc1cad0000 - 0x00007ffc1cafa000 	C:\Windows\SYSTEM32\bcrypt.dll
0x00007ffc1c180000 - 0x00007ffc1c18c000 	C:\Windows\SYSTEM32\CRYPTBASE.dll
0x00007ffc01000000 - 0x00007ffc0100e000 	C:\Users\ishas\.vscode\extensions\redhat.java-1.56.0-win32-x64\jre\21.0.12.1-win32-x86_64\bin\sunmscapi.dll
0x00007ffc1ce80000 - 0x00007ffc1cffe000 	C:\Windows\System32\CRYPT32.dll
0x00007ffc1c3a0000 - 0x00007ffc1c3d0000 	C:\Windows\SYSTEM32\ncrypt.dll
0x00007ffc1c350000 - 0x00007ffc1c38f000 	C:\Windows\SYSTEM32\NTASN1.dll
0x00007ffc00f20000 - 0x00007ffc00f28000 	C:\Windows\system32\wshunix.dll

JVMTI agents:
C:\Users\ishas\.gradle\wrapper\dists\gradle-8.14.3-all\10utluxaxniiv4wxiphsi49nj\gradle-8.14.3\lib\agents\gradle-instrumentation-agent-8.14.3.jar path:C:\Users\ishas\.vscode\extensions\redhat.java-1.56.0-win32-x64\jre\21.0.12.1-win32-x86_64\bin\instrument.dll, loaded, initialized, instrumentlib options:none

dbghelp: loaded successfully - version: 4.0.5 - missing functions: none
symbol engine: initialized successfully - sym options: 0x614 - pdb path: .;C:\Users\ishas\.vscode\extensions\redhat.java-1.56.0-win32-x64\jre\21.0.12.1-win32-x86_64\bin;C:\Windows\SYSTEM32;C:\Windows\WinSxS\amd64_microsoft.windows.common-controls_6595b64144ccf1df_6.0.26100.9278_none_3e0d1ba8e3303201;C:\Users\ishas\.vscode\extensions\redhat.java-1.56.0-win32-x64\jre\21.0.12.1-win32-x86_64\bin\server;C:\Users\ishas\.gradle\native\1def1411415f61bf3af743bc5b6707747c0891f09f0c88961ee8f79bc544acac\windows-amd64;C:\Users\ishas\.gradle\native\0.2.7\x86_64-windows-gnu

VM Arguments:
jvm_args: --add-opens=java.base/java.lang=ALL-UNNAMED --add-opens=java.base/java.lang.invoke=ALL-UNNAMED --add-opens=java.base/java.util=ALL-UNNAMED --add-opens=java.prefs/java.util.prefs=ALL-UNNAMED --add-exports=jdk.compiler/com.sun.tools.javac.api=ALL-UNNAMED --add-exports=jdk.compiler/com.sun.tools.javac.util=ALL-UNNAMED --add-opens=java.base/java.util=ALL-UNNAMED --add-opens=java.prefs/java.util.prefs=ALL-UNNAMED --add-opens=java.base/java.nio.charset=ALL-UNNAMED --add-opens=java.base/java.net=ALL-UNNAMED --add-opens=java.base/java.util.concurrent.atomic=ALL-UNNAMED --add-opens=java.xml/javax.xml.namespace=ALL-UNNAMED -Xmx1536m -Dfile.encoding=UTF-8 -Duser.country=IN -Duser.language=en -Duser.variant -javaagent:C:\Users\ishas\.gradle\wrapper\dists\gradle-8.14.3-all\10utluxaxniiv4wxiphsi49nj\gradle-8.14.3\lib\agents\gradle-instrumentation-agent-8.14.3.jar 
java_command: org.gradle.launcher.daemon.bootstrap.GradleDaemon 8.14.3
java_class_path (initial): C:\Users\ishas\.gradle\wrapper\dists\gradle-8.14.3-all\10utluxaxniiv4wxiphsi49nj\gradle-8.14.3\lib\gradle-daemon-main-8.14.3.jar
Launcher Type: SUN_STANDARD

[Global flags]
     intx CICompilerCount                          = 4                                         {product} {ergonomic}
     uint ConcGCThreads                            = 3                                         {product} {ergonomic}
     uint G1ConcRefinementThreads                  = 10                                        {product} {ergonomic}
   size_t G1HeapRegionSize                         = 1048576                                   {product} {ergonomic}
    uintx GCDrainStackTargetSize                   = 64                                        {product} {ergonomic}
   size_t InitialHeapSize                          = 264241152                                 {product} {ergonomic}
   size_t MarkStackSize                            = 4194304                                   {product} {ergonomic}
   size_t MaxHeapSize                              = 1610612736                                {product} {command line}
   size_t MaxNewSize                               = 965738496                                 {product} {ergonomic}
   size_t MinHeapDeltaBytes                        = 1048576                                   {product} {ergonomic}
   size_t MinHeapSize                              = 8388608                                   {product} {ergonomic}
    uintx NonNMethodCodeHeapSize                   = 5839372                                {pd product} {ergonomic}
    uintx NonProfiledCodeHeapSize                  = 122909434                              {pd product} {ergonomic}
    uintx ProfiledCodeHeapSize                     = 122909434                              {pd product} {ergonomic}
    uintx ReservedCodeCacheSize                    = 251658240                              {pd product} {ergonomic}
     bool SegmentedCodeCache                       = true                                      {product} {ergonomic}
   size_t SoftMaxHeapSize                          = 1610612736                             {manageable} {ergonomic}
     bool UseCompressedOops                        = true                           {product lp64_product} {ergonomic}
     bool UseG1GC                                  = true                                      {product} {ergonomic}
     bool UseLargePagesIndividualAllocation        = false                                  {pd product} {ergonomic}

Logging:
Log output configuration:
 #0: stdout all=warning uptime,level,tags foldmultilines=false
 #1: stderr all=off uptime,level,tags foldmultilines=false

Release file:
JAVA_VERSION="21.0.12.1" 
MODULES="java.base java.compiler java.datatransfer java.xml java.prefs java.desktop java.instrument java.logging java.management java.security.sasl java.naming java.rmi java.management.rmi java.net.http java.scripting java.security.jgss java.transaction.xa java.sql java.sql.rowset java.xml.crypto java.se java.smartcardio jdk.accessibility jdk.internal.jvmstat jdk.attach jdk.charsets jdk.internal.opt jdk.zipfs jdk.compiler jdk.crypto.ec jdk.crypto.cryptoki jdk.crypto.mscapi jdk.dynalink jdk.internal.ed jdk.editpad jdk.hotspot.agent jdk.httpserver jdk.internal.le jdk.internal.vm.ci jdk.internal.vm.compiler jdk.internal.vm.compiler.management jdk.jartool jdk.javadoc jdk.jcmd jdk.management jdk.management.agent jdk.jconsole jdk.jdeps jdk.jdwp.agent jdk.jdi jdk.jfr jdk.jshell jdk.jsobject jdk.jstatd jdk.localedata jdk.management.jfr jdk.naming.dns jdk.naming.rmi jdk.net jdk.nio.mapmode jdk.random jdk.sctp jdk.security.auth jdk.security.jgss jdk.unsupported jdk.unsupported.desktop jdk.xml.dom" 

Environment Variables:
PATH=C:\Program Files\Microsoft\jdk-17.0.12.7-hotspot\bin;C:\Program Files\Eclipse Adoptium\jdk-17.0.17.10-hotspot\bin;C:\Windows\system32;C:\Windows;C:\Windows\System32\Wbem;C:\Windows\System32\WindowsPowerShell\v1.0\;C:\Windows\System32\OpenSSH\;C:\Program Files\nodejs\;C:\Users\ishas\Downloads\apache-maven-3.9.11-bin\apache-maven-3.9.11\bin;C:\Users\ishas\Downloads\apache-maven-3.9.11-bin\apache-maven-3.9.11\bin;C:\Program Files\MySQL\MySQL Server 8.0\bin;C:\Users\ishas\AppData\Local\Programs\Python\Python313;C:\Program Files\Git\cmd;C:\Users\ishas\AppData\Local\Programs\Python\Launcher\;C:\Program Files\MySQL\MySQL Shell 8.0\bin\;C:\Users\ishas\AppData\Local\Microsoft\WindowsApps;C:\Users\ishas\AppData\Local\Programs\Microsoft VS Code\bin;C:\Users\ishas\AppData\Roaming\npm
USERNAME=ishas
OS=Windows_NT
PROCESSOR_IDENTIFIER=Intel64 Family 6 Model 186 Stepping 2, GenuineIntel
TMP=C:\Users\ishas\AppData\Local\Temp
TEMP=C:\Users\ishas\AppData\Local\Temp




Periodic native trim disabled

---------------  S Y S T E M  ---------------

OS:
 Windows 11 , 64 bit Build 26100 (10.0.26100.9444)
OS uptime: 0 days 0:19 hours
Hyper-V role detected

CPU: total 12 (initial active 12) (6 cores per cpu, 2 threads per core) family 6 model 186 stepping 2 microcode 0x4122, cx8, cmov, fxsr, ht, mmx, 3dnowpref, sse, sse2, sse3, ssse3, sse4.1, sse4.2, popcnt, lzcnt, tsc, tscinvbit, avx, avx2, aes, erms, clmul, bmi1, bmi2, adx, sha, fma, vzeroupper, clflush, clflushopt, clwb, hv, serialize, rdtscp, rdpid, fsrm, f16c, cet_ibt, cet_ss
Processor Information for processor 0
  Max Mhz: 2100, Current Mhz: 2100, Mhz Limit: 2100
Processor Information for processor 1
  Max Mhz: 2100, Current Mhz: 1453, Mhz Limit: 2100
Processor Information for processor 2
  Max Mhz: 2100, Current Mhz: 1453, Mhz Limit: 2100
Processor Information for processor 3
  Max Mhz: 2100, Current Mhz: 2100, Mhz Limit: 2100
Processor Information for processor 4
  Max Mhz: 2100, Current Mhz: 2100, Mhz Limit: 2100
Processor Information for processor 5
  Max Mhz: 2100, Current Mhz: 1453, Mhz Limit: 2100
Processor Information for processor 6
  Max Mhz: 2100, Current Mhz: 2100, Mhz Limit: 2100
Processor Information for processor 7
  Max Mhz: 2100, Current Mhz: 2100, Mhz Limit: 2100
Processor Information for processor 8
  Max Mhz: 2100, Current Mhz: 2100, Mhz Limit: 2100
Processor Information for processor 9
  Max Mhz: 2100, Current Mhz: 2100, Mhz Limit: 2100
Processor Information for processor 10
  Max Mhz: 2100, Current Mhz: 1540, Mhz Limit: 2100
Processor Information for processor 11
  Max Mhz: 2100, Current Mhz: 2100, Mhz Limit: 2100

Memory: 4k page, system-wide physical 16076M (141M free)
TotalPageFile size 65228M (AvailPageFile size 5M)
current process WorkingSet (physical memory assigned to process): 28M, peak: 191M
current process commit charge ("private bytes"): 234M, peak: 421M

vm_info: OpenJDK 64-Bit Server VM (21.0.12.1+1-LTS) for windows-amd64 JRE (21.0.12.1+1-LTS), built on 2026-08-18T00:00:00Z by "admin" with MS VC++ 17.12 (VS2022)

END.
