#
# There is insufficient memory for the Java Runtime Environment to continue.
# Native memory allocation (malloc) failed to allocate 131088 bytes. Error detail: Chunk::new
# Possible reasons:
#   The system is out of physical RAM or swap space
#   This process is running with CompressedOops enabled, and the Java Heap may be blocking the growth of the native heap
# Possible solutions:
#   Reduce memory load on the system
#   Increase physical memory or swap space
#   Check if swap backing store is full
#   Decrease Java heap size (-Xmx/-Xms)
#   Decrease number of Java threads
#   Decrease Java thread stack sizes (-Xss)
#   Set larger code cache with -XX:ReservedCodeCacheSize=
#   JVM is running with Unscaled Compressed Oops mode in which the Java heap is
#     placed in the first 4GB address space. The Java Heap base address is the
#     maximum limit for the native heap growth. Please use -XX:HeapBaseMinAddress
#     to set the Java Heap base and to place the Java Heap above 4GB virtual address.
# This output file may be truncated or incomplete.
#
#  Out of Memory Error (arena.cpp:168), pid=20120, tid=18016
#
# JRE version: OpenJDK Runtime Environment Temurin-21.0.12.1+1 (21.0.12.1+1) (build 21.0.12.1+1-LTS)
# Java VM: OpenJDK 64-Bit Server VM Temurin-21.0.12.1+1 (21.0.12.1+1-LTS, mixed mode, sharing, tiered, compressed oops, compressed class ptrs, g1 gc, windows-amd64)
# No core dump will be written. Minidumps are not enabled by default on client versions of Windows
#

---------------  S U M M A R Y ------------

Command Line: --add-opens=java.base/java.lang=ALL-UNNAMED --add-opens=java.base/java.lang.invoke=ALL-UNNAMED --add-opens=java.base/java.util=ALL-UNNAMED --add-opens=java.prefs/java.util.prefs=ALL-UNNAMED --add-exports=jdk.compiler/com.sun.tools.javac.api=ALL-UNNAMED --add-exports=jdk.compiler/com.sun.tools.javac.util=ALL-UNNAMED --add-opens=java.base/java.util=ALL-UNNAMED --add-opens=java.prefs/java.util.prefs=ALL-UNNAMED --add-opens=java.base/java.nio.charset=ALL-UNNAMED --add-opens=java.base/java.net=ALL-UNNAMED --add-opens=java.base/java.util.concurrent.atomic=ALL-UNNAMED --add-opens=java.xml/javax.xml.namespace=ALL-UNNAMED -Xmx1536m -Dfile.encoding=UTF-8 -Duser.country=IN -Duser.language=en -Duser.variant -javaagent:C:\Users\ishas\.gradle\wrapper\dists\gradle-8.14.3-all\10utluxaxniiv4wxiphsi49nj\gradle-8.14.3\lib\agents\gradle-instrumentation-agent-8.14.3.jar org.gradle.launcher.daemon.bootstrap.GradleDaemon 8.14.3

Host: 13th Gen Intel(R) Core(TM) i5-13420H, 12 cores, 15G,  Windows 11 , 64 bit Build 26100 (10.0.26100.9444)
Time: Mon Sep 14 18:20:28 2026 India Standard Time elapsed time: 865.690232 seconds (0d 0h 14m 25s)

---------------  T H R E A D  ---------------

Current thread (0x000002171846c7d0):  JavaThread "C2 CompilerThread0" daemon [_thread_in_native, id=18016, stack(0x0000009aefa00000,0x0000009aefb00000) (1024K)]


Current CompileTask:
C2:865690 5172       4       org.gradle.cache.internal.DefaultFileLockManager$DefaultFileLock$1::run (252 bytes)

Stack: [0x0000009aefa00000,0x0000009aefb00000]
Native frames: (J=compiled Java code, j=interpreted, Vv=VM code, C=native code)
V  [jvm.dll+0x6d83e9]
V  [jvm.dll+0x8b5736]
V  [jvm.dll+0x8b7cee]
V  [jvm.dll+0x8b83d3]
V  [jvm.dll+0x284596]
V  [jvm.dll+0xc685d]
V  [jvm.dll+0xc6da1]
V  [jvm.dll+0xc6985]
V  [jvm.dll+0x6b33cc]
V  [jvm.dll+0x254339]
V  [jvm.dll+0x6fdc47]
V  [jvm.dll+0x254beb]
V  [jvm.dll+0x2547b7]
V  [jvm.dll+0x24d742]
V  [jvm.dll+0x24bbe6]
V  [jvm.dll+0x1cb4ae]
V  [jvm.dll+0x25baad]
V  [jvm.dll+0x25a03a]
V  [jvm.dll+0x3f8aae]
V  [jvm.dll+0x8600cd]
V  [jvm.dll+0x6d6c1d]
C  [ucrtbase.dll+0x2cd30]
C  [KERNEL32.DLL+0x2cd87]
C  [ntdll.dll+0xacaec]


---------------  P R O C E S S  ---------------

Threads class SMR info:
_java_thread_list=0x000002175f5b52a0, length=33, elements={
0x000002177fe30a10, 0x00000217184618e0, 0x0000021718465570, 0x0000021718468e00,
0x0000021718469860, 0x000002171846afe0, 0x000002171846ba40, 0x000002171846c7d0,
0x000002171846d270, 0x00000217186d21d0, 0x00000217186170d0, 0x000002175e9cceb0,
0x000002175f453410, 0x000002175ebd0150, 0x000002175f679910, 0x000002175f67acc0,
0x000002175f67b350, 0x000002175f678bf0, 0x000002175f679280, 0x000002175f67b9e0,
0x000002175f67c070, 0x000002175f679fa0, 0x000002175f67a630, 0x000002175fb3bcc0,
0x000002175fb3b630, 0x000002175fb3c350, 0x000002175fb3a280, 0x000002175fb39bf0,
0x000002175fb3c9e0, 0x000002175fb3a910, 0x000002175fb39560, 0x000002175fb404f0,
0x000002175fb3d070
}

Java Threads: ( => current thread )
  0x000002177fe30a10 JavaThread "main"                              [_thread_blocked, id=17712, stack(0x0000009aeec00000,0x0000009aeed00000) (1024K)]
  0x00000217184618e0 JavaThread "Reference Handler"          daemon [_thread_blocked, id=13048, stack(0x0000009aef400000,0x0000009aef500000) (1024K)]
  0x0000021718465570 JavaThread "Finalizer"                  daemon [_thread_blocked, id=6196, stack(0x0000009aef500000,0x0000009aef600000) (1024K)]
  0x0000021718468e00 JavaThread "Signal Dispatcher"          daemon [_thread_blocked, id=20128, stack(0x0000009aef600000,0x0000009aef700000) (1024K)]
  0x0000021718469860 JavaThread "Attach Listener"            daemon [_thread_blocked, id=14396, stack(0x0000009aef700000,0x0000009aef800000) (1024K)]
  0x000002171846afe0 JavaThread "Service Thread"             daemon [_thread_blocked, id=13152, stack(0x0000009aef800000,0x0000009aef900000) (1024K)]
  0x000002171846ba40 JavaThread "Monitor Deflation Thread"   daemon [_thread_blocked, id=15492, stack(0x0000009aef900000,0x0000009aefa00000) (1024K)]
=>0x000002171846c7d0 JavaThread "C2 CompilerThread0"         daemon [_thread_in_native, id=18016, stack(0x0000009aefa00000,0x0000009aefb00000) (1024K)]
  0x000002171846d270 JavaThread "C1 CompilerThread0"         daemon [_thread_blocked, id=6572, stack(0x0000009aefb00000,0x0000009aefc00000) (1024K)]
  0x00000217186d21d0 JavaThread "Common-Cleaner"             daemon [_thread_blocked, id=23620, stack(0x0000009aefc00000,0x0000009aefd00000) (1024K)]
  0x00000217186170d0 JavaThread "Notification Thread"        daemon [_thread_blocked, id=23692, stack(0x0000009aefd00000,0x0000009aefe00000) (1024K)]
  0x000002175e9cceb0 JavaThread "Daemon health stats"               [_thread_blocked, id=27772, stack(0x0000009af0300000,0x0000009af0400000) (1024K)]
  0x000002175f453410 JavaThread "Incoming local TCP Connector on port 54944"        [_thread_in_native, id=28764, stack(0x0000009aee900000,0x0000009aeea00000) (1024K)]
  0x000002175ebd0150 JavaThread "Daemon periodic checks"            [_thread_blocked, id=28860, stack(0x0000009af0400000,0x0000009af0500000) (1024K)]
  0x000002175f679910 JavaThread "Daemon"                            [_thread_blocked, id=28864, stack(0x0000009af0500000,0x0000009af0600000) (1024K)]
  0x000002175f67acc0 JavaThread "Handler for socket connection from /127.0.0.1:54944 to /127.0.0.1:54947"        [_thread_in_native, id=28868, stack(0x0000009af0600000,0x0000009af0700000) (1024K)]
  0x000002175f67b350 JavaThread "Cancel handler"                    [_thread_blocked, id=28880, stack(0x0000009af0700000,0x0000009af0800000) (1024K)]
  0x000002175f678bf0 JavaThread "Daemon worker"                     [_thread_blocked, id=29216, stack(0x0000009af0800000,0x0000009af0900000) (1024K)]
  0x000002175f679280 JavaThread "Asynchronous log dispatcher for DefaultDaemonConnection: socket connection from /127.0.0.1:54944 to /127.0.0.1:54947"        [_thread_blocked, id=29220, stack(0x0000009af0900000,0x0000009af0a00000) (1024K)]
  0x000002175f67b9e0 JavaThread "Stdin handler"                     [_thread_blocked, id=29224, stack(0x0000009af0a00000,0x0000009af0b00000) (1024K)]
  0x000002175f67c070 JavaThread "Daemon client event forwarder"        [_thread_blocked, id=29232, stack(0x0000009af0b00000,0x0000009af0c00000) (1024K)]
  0x000002175f679fa0 JavaThread "Cache worker for journal cache (C:\Users\ishas\.gradle\caches\journal-1)"        [_thread_blocked, id=29588, stack(0x0000009af0c00000,0x0000009af0d00000) (1024K)]
  0x000002175f67a630 JavaThread "File lock request listener"        [_thread_in_native, id=29688, stack(0x0000009af0d00000,0x0000009af0e00000) (1024K)]
  0x000002175fb3bcc0 JavaThread "Cache worker for file hash cache (C:\Users\ishas\.gradle\caches\8.14.3\fileHashes)"        [_thread_blocked, id=28912, stack(0x0000009af0f00000,0x0000009af1000000) (1024K)]
  0x000002175fb3b630 JavaThread "Cache worker for file hash cache (C:\Users\ishas\Downloads\ai-yoga-assistant-razorpay-v9\yoga3\android\.gradle\8.14.3\fileHashes)"        [_thread_blocked, id=29120, stack(0x0000009af1600000,0x0000009af1700000) (1024K)]
  0x000002175fb3c350 JavaThread "Cache worker for Build Output Cleanup Cache (C:\Users\ishas\Downloads\ai-yoga-assistant-razorpay-v9\yoga3\android\.gradle\buildOutputCleanup)"        [_thread_blocked, id=25524, stack(0x0000009af1700000,0x0000009af1800000) (1024K)]
  0x000002175fb3a280 JavaThread "File watcher server"        daemon [_thread_in_native, id=29552, stack(0x0000009af1800000,0x0000009af1900000) (1024K)]
  0x000002175fb39bf0 JavaThread "File watcher consumer"      daemon [_thread_blocked, id=29424, stack(0x0000009af1900000,0x0000009af1a00000) (1024K)]
  0x000002175fb3c9e0 JavaThread "jar transforms"                    [_thread_blocked, id=63352, stack(0x0000009aeeb00000,0x0000009aeec00000) (1024K)]
  0x000002175fb3a910 JavaThread "File lock release action executor Thread 3"        [_thread_blocked, id=64672, stack(0x0000009aeea00000,0x0000009aeeb00000) (1024K)]
  0x000002175fb39560 JavaThread "jar transforms Thread 2"           [_thread_blocked, id=64676, stack(0x0000009af1a00000,0x0000009af1b00000) (1024K)]
  0x000002175fb404f0 JavaThread "Cache worker for checksums cache (C:\Users\ishas\Downloads\ai-yoga-assistant-razorpay-v9\yoga3\android\.gradle\8.14.3\checksums)"        [_thread_blocked, id=64256, stack(0x0000009af1b00000,0x0000009af1c00000) (1024K)]
  0x000002175fb3d070 JavaThread "Cache worker for file content cache (C:\Users\ishas\.gradle\caches\8.14.3\fileContent)"        [_thread_blocked, id=64100, stack(0x0000009af1c00000,0x0000009af1d00000) (1024K)]
Total: 33

Other Threads:
  0x0000021718440820 VMThread "VM Thread"                           [id=5192, stack(0x0000009aef300000,0x0000009aef400000) (1024K)]
  0x00000217184306f0 WatcherThread "VM Periodic Task Thread"        [id=18224, stack(0x0000009aef200000,0x0000009aef300000) (1024K)]
  0x000002177fe77550 WorkerThread "GC Thread#0"                     [id=11928, stack(0x0000009aeed00000,0x0000009aeee00000) (1024K)]
  0x0000021718816f60 WorkerThread "GC Thread#1"                     [id=24216, stack(0x0000009aefe00000,0x0000009aeff00000) (1024K)]
  0x000002175e0a6050 WorkerThread "GC Thread#2"                     [id=24220, stack(0x0000009aeff00000,0x0000009af0000000) (1024K)]
  0x000002171883a120 WorkerThread "GC Thread#3"                     [id=24224, stack(0x0000009af0000000,0x0000009af0100000) (1024K)]
  0x000002171883a4d0 WorkerThread "GC Thread#4"                     [id=24228, stack(0x0000009af0100000,0x0000009af0200000) (1024K)]
  0x000002171883a880 WorkerThread "GC Thread#5"                     [id=24232, stack(0x0000009af0200000,0x0000009af0300000) (1024K)]
  0x0000021760d73ae0 WorkerThread "GC Thread#6"                     [id=28704, stack(0x0000009af1000000,0x0000009af1100000) (1024K)]
  0x0000021760d73e90 WorkerThread "GC Thread#7"                     [id=28896, stack(0x0000009af1100000,0x0000009af1200000) (1024K)]
  0x0000021760d74240 WorkerThread "GC Thread#8"                     [id=28892, stack(0x0000009af1200000,0x0000009af1300000) (1024K)]
  0x0000021760d745f0 WorkerThread "GC Thread#9"                     [id=28712, stack(0x0000009af1300000,0x0000009af1400000) (1024K)]
  0x000002177fe844d0 ConcurrentGCThread "G1 Main Marker"            [id=2336, stack(0x0000009aeee00000,0x0000009aeef00000) (1024K)]
  0x000002177fe84ef0 WorkerThread "G1 Conc#0"                       [id=2392, stack(0x0000009aeef00000,0x0000009aef000000) (1024K)]
  0x0000021760d749a0 WorkerThread "G1 Conc#1"                       [id=20264, stack(0x0000009af1400000,0x0000009af1500000) (1024K)]
  0x000002176063fcb0 WorkerThread "G1 Conc#2"                       [id=19584, stack(0x0000009af1500000,0x0000009af1600000) (1024K)]
  0x000002177feeea30 ConcurrentGCThread "G1 Refine#0"               [id=14444, stack(0x0000009aef000000,0x0000009aef100000) (1024K)]
  0x0000021718303690 ConcurrentGCThread "G1 Service"                [id=12088, stack(0x0000009aef100000,0x0000009aef200000) (1024K)]
Total: 18

Threads with active compile tasks:
C2 CompilerThread0  865795 5172       4       org.gradle.cache.internal.DefaultFileLockManager$DefaultFileLock$1::run (252 bytes)
Total: 1

VM state: not at safepoint (normal execution)

VM Mutex/Monitor currently owned by a thread: None

Heap address: 0x00000000a0000000, size: 1536 MB, Compressed Oops mode: 32-bit

CDS archive(s) mapped at: [0x0000021719000000-0x0000021719ba0000-0x0000021719ba0000), size 12189696, SharedBaseAddress: 0x0000021719000000, ArchiveRelocationMode: 1.
Compressed class space mapped at: 0x000002171a000000-0x000002175a000000, reserved size: 1073741824
Narrow klass base: 0x0000021719000000, Narrow klass shift: 0, Narrow klass range: 0x100000000

GC Precious Log:
 CardTable entry size: 512
 Card Set container configuration: InlinePtr #cards 5 size 8 Array Of Cards #cards 12 size 40 Howl #buckets 4 coarsen threshold 1843 Howl Bitmap #cards 512 size 80 coarsen threshold 460 Card regions per heap region 1 cards per card region 2048
 CPUs: 12 total, 12 available
 Memory: 16076M
 Large Page Support: Disabled
 NUMA Support: Disabled
 Compressed Oops: Enabled (32-bit)
 Heap Region Size: 1M
 Heap Min Capacity: 8M
 Heap Initial Capacity: 252M
 Heap Max Capacity: 1536M
 Pre-touch: Disabled
 Parallel Workers: 10
 Concurrent Workers: 3
 Concurrent Refinement Workers: 10
 Periodic GC: Disabled

Heap:
 garbage-first heap   total 86016K, used 41654K [0x00000000a0000000, 0x0000000100000000)
  region size 1024K, 12 young (12288K), 3 survivors (3072K)
 Metaspace       used 35708K, committed 36736K, reserved 1114112K
  class space    used 5058K, committed 5568K, reserved 1048576K

Heap Regions: E=young(eden), S=young(survivor), O=old, HS=humongous(starts), HC=humongous(continues), CS=collection set, F=free, TAMS=top-at-mark-start, PB=parsable bottom
|   0|0x00000000a0000000, 0x00000000a0100000, 0x00000000a0100000|100%|HS|  |TAMS 0x00000000a0000000| PB 0x00000000a0000000| Complete 
|   1|0x00000000a0100000, 0x00000000a0200000, 0x00000000a0200000|100%|HC|  |TAMS 0x00000000a0100000| PB 0x00000000a0100000| Complete 
|   2|0x00000000a0200000, 0x00000000a0300000, 0x00000000a0300000|100%|HC|  |TAMS 0x00000000a0200000| PB 0x00000000a0200000| Complete 
|   3|0x00000000a0300000, 0x00000000a0400000, 0x00000000a0400000|100%| O|  |TAMS 0x00000000a0300000| PB 0x00000000a0300000| Untracked 
|   4|0x00000000a0400000, 0x00000000a0500000, 0x00000000a0500000|100%| O|  |TAMS 0x00000000a0400000| PB 0x00000000a0400000| Untracked 
|   5|0x00000000a0500000, 0x00000000a0600000, 0x00000000a0600000|100%| O|  |TAMS 0x00000000a0500000| PB 0x00000000a0500000| Untracked 
|   6|0x00000000a0600000, 0x00000000a0700000, 0x00000000a0700000|100%|HS|  |TAMS 0x00000000a0600000| PB 0x00000000a0600000| Complete 
|   7|0x00000000a0700000, 0x00000000a0800000, 0x00000000a0800000|100%| O|  |TAMS 0x00000000a0700000| PB 0x00000000a0700000| Untracked 
|   8|0x00000000a0800000, 0x00000000a0800000, 0x00000000a0900000|  0%| F|  |TAMS 0x00000000a0800000| PB 0x00000000a0800000| Untracked 
|   9|0x00000000a0900000, 0x00000000a0a00000, 0x00000000a0a00000|100%| O|  |TAMS 0x00000000a0900000| PB 0x00000000a0900000| Untracked 
|  10|0x00000000a0a00000, 0x00000000a0b00000, 0x00000000a0b00000|100%| O|  |TAMS 0x00000000a0a00000| PB 0x00000000a0a00000| Untracked 
|  11|0x00000000a0b00000, 0x00000000a0c00000, 0x00000000a0c00000|100%| O|  |TAMS 0x00000000a0b00000| PB 0x00000000a0b00000| Untracked 
|  12|0x00000000a0c00000, 0x00000000a0ced718, 0x00000000a0d00000| 92%| O|  |TAMS 0x00000000a0c00000| PB 0x00000000a0c00000| Untracked 
|  13|0x00000000a0d00000, 0x00000000a0e00000, 0x00000000a0e00000|100%| O|  |TAMS 0x00000000a0d00000| PB 0x00000000a0d00000| Untracked 
|  14|0x00000000a0e00000, 0x00000000a0f00000, 0x00000000a0f00000|100%| O|  |TAMS 0x00000000a0e00000| PB 0x00000000a0e00000| Untracked 
|  15|0x00000000a0f00000, 0x00000000a1000000, 0x00000000a1000000|100%| O|  |TAMS 0x00000000a0f00000| PB 0x00000000a0f00000| Untracked 
|  16|0x00000000a1000000, 0x00000000a1100000, 0x00000000a1100000|100%| O|  |TAMS 0x00000000a1000000| PB 0x00000000a1000000| Untracked 
|  17|0x00000000a1100000, 0x00000000a1200000, 0x00000000a1200000|100%| O|  |TAMS 0x00000000a1100000| PB 0x00000000a1100000| Untracked 
|  18|0x00000000a1200000, 0x00000000a1300000, 0x00000000a1300000|100%| O|  |TAMS 0x00000000a1200000| PB 0x00000000a1200000| Untracked 
|  19|0x00000000a1300000, 0x00000000a1400000, 0x00000000a1400000|100%| O|  |TAMS 0x00000000a1300000| PB 0x00000000a1300000| Untracked 
|  20|0x00000000a1400000, 0x00000000a1500000, 0x00000000a1500000|100%| O|  |TAMS 0x00000000a1400000| PB 0x00000000a1400000| Untracked 
|  21|0x00000000a1500000, 0x00000000a1600000, 0x00000000a1600000|100%| O|  |TAMS 0x00000000a1500000| PB 0x00000000a1500000| Untracked 
|  22|0x00000000a1600000, 0x00000000a1700000, 0x00000000a1700000|100%| O|  |TAMS 0x00000000a1600000| PB 0x00000000a1600000| Untracked 
|  23|0x00000000a1700000, 0x00000000a1800000, 0x00000000a1800000|100%| O|  |TAMS 0x00000000a1700000| PB 0x00000000a1700000| Untracked 
|  24|0x00000000a1800000, 0x00000000a1900000, 0x00000000a1900000|100%| O|  |TAMS 0x00000000a1800000| PB 0x00000000a1800000| Untracked 
|  25|0x00000000a1900000, 0x00000000a1a00000, 0x00000000a1a00000|100%| O|Cm|TAMS 0x00000000a1900000| PB 0x00000000a1900000| Complete 
|  26|0x00000000a1a00000, 0x00000000a1b00000, 0x00000000a1b00000|100%| O|  |TAMS 0x00000000a1a00000| PB 0x00000000a1a00000| Untracked 
|  27|0x00000000a1b00000, 0x00000000a1b00000, 0x00000000a1c00000|  0%| F|  |TAMS 0x00000000a1b00000| PB 0x00000000a1b00000| Untracked 
|  28|0x00000000a1c00000, 0x00000000a1c00000, 0x00000000a1d00000|  0%| F|  |TAMS 0x00000000a1c00000| PB 0x00000000a1c00000| Untracked 
|  29|0x00000000a1d00000, 0x00000000a1d00000, 0x00000000a1e00000|  0%| F|  |TAMS 0x00000000a1d00000| PB 0x00000000a1d00000| Untracked 
|  30|0x00000000a1e00000, 0x00000000a1e00000, 0x00000000a1f00000|  0%| F|  |TAMS 0x00000000a1e00000| PB 0x00000000a1e00000| Untracked 
|  31|0x00000000a1f00000, 0x00000000a1f00000, 0x00000000a2000000|  0%| F|  |TAMS 0x00000000a1f00000| PB 0x00000000a1f00000| Untracked 
|  32|0x00000000a2000000, 0x00000000a2000000, 0x00000000a2100000|  0%| F|  |TAMS 0x00000000a2000000| PB 0x00000000a2000000| Untracked 
|  33|0x00000000a2100000, 0x00000000a2100000, 0x00000000a2200000|  0%| F|  |TAMS 0x00000000a2100000| PB 0x00000000a2100000| Untracked 
|  34|0x00000000a2200000, 0x00000000a2200000, 0x00000000a2300000|  0%| F|  |TAMS 0x00000000a2200000| PB 0x00000000a2200000| Untracked 
|  35|0x00000000a2300000, 0x00000000a2300000, 0x00000000a2400000|  0%| F|  |TAMS 0x00000000a2300000| PB 0x00000000a2300000| Untracked 
|  36|0x00000000a2400000, 0x00000000a2400000, 0x00000000a2500000|  0%| F|  |TAMS 0x00000000a2400000| PB 0x00000000a2400000| Untracked 
|  37|0x00000000a2500000, 0x00000000a2500000, 0x00000000a2600000|  0%| F|  |TAMS 0x00000000a2500000| PB 0x00000000a2500000| Untracked 
|  38|0x00000000a2600000, 0x00000000a2700000, 0x00000000a2700000|100%| O|  |TAMS 0x00000000a2600000| PB 0x00000000a2600000| Untracked 
|  39|0x00000000a2700000, 0x00000000a2800000, 0x00000000a2800000|100%| O|  |TAMS 0x00000000a2700000| PB 0x00000000a2700000| Untracked 
|  40|0x00000000a2800000, 0x00000000a2900000, 0x00000000a2900000|100%| O|  |TAMS 0x00000000a2800000| PB 0x00000000a2800000| Untracked 
|  41|0x00000000a2900000, 0x00000000a2a00000, 0x00000000a2a00000|100%| O|  |TAMS 0x00000000a2900000| PB 0x00000000a2900000| Untracked 
|  42|0x00000000a2a00000, 0x00000000a2a74300, 0x00000000a2b00000| 45%| O|  |TAMS 0x00000000a2a00000| PB 0x00000000a2a00000| Untracked 
|  43|0x00000000a2b00000, 0x00000000a2b00000, 0x00000000a2c00000|  0%| F|  |TAMS 0x00000000a2b00000| PB 0x00000000a2b00000| Untracked 
|  44|0x00000000a2c00000, 0x00000000a2c00000, 0x00000000a2d00000|  0%| F|  |TAMS 0x00000000a2c00000| PB 0x00000000a2c00000| Untracked 
|  45|0x00000000a2d00000, 0x00000000a2d00000, 0x00000000a2e00000|  0%| F|  |TAMS 0x00000000a2d00000| PB 0x00000000a2d00000| Untracked 
|  46|0x00000000a2e00000, 0x00000000a2e00000, 0x00000000a2f00000|  0%| F|  |TAMS 0x00000000a2e00000| PB 0x00000000a2e00000| Untracked 
|  47|0x00000000a2f00000, 0x00000000a2f00000, 0x00000000a3000000|  0%| F|  |TAMS 0x00000000a2f00000| PB 0x00000000a2f00000| Untracked 
|  48|0x00000000a3000000, 0x00000000a3000000, 0x00000000a3100000|  0%| F|  |TAMS 0x00000000a3000000| PB 0x00000000a3000000| Untracked 
|  49|0x00000000a3100000, 0x00000000a3100000, 0x00000000a3200000|  0%| F|  |TAMS 0x00000000a3100000| PB 0x00000000a3100000| Untracked 
|  50|0x00000000a3200000, 0x00000000a3200000, 0x00000000a3300000|  0%| F|  |TAMS 0x00000000a3200000| PB 0x00000000a3200000| Untracked 
|  51|0x00000000a3300000, 0x00000000a3300000, 0x00000000a3400000|  0%| F|  |TAMS 0x00000000a3300000| PB 0x00000000a3300000| Untracked 
|  52|0x00000000a3400000, 0x00000000a3400000, 0x00000000a3500000|  0%| F|  |TAMS 0x00000000a3400000| PB 0x00000000a3400000| Untracked 
|  53|0x00000000a3500000, 0x00000000a3500000, 0x00000000a3600000|  0%| F|  |TAMS 0x00000000a3500000| PB 0x00000000a3500000| Untracked 
|  54|0x00000000a3600000, 0x00000000a3600000, 0x00000000a3700000|  0%| F|  |TAMS 0x00000000a3600000| PB 0x00000000a3600000| Untracked 
|  55|0x00000000a3700000, 0x00000000a3700000, 0x00000000a3800000|  0%| F|  |TAMS 0x00000000a3700000| PB 0x00000000a3700000| Untracked 
|  56|0x00000000a3800000, 0x00000000a3800000, 0x00000000a3900000|  0%| F|  |TAMS 0x00000000a3800000| PB 0x00000000a3800000| Untracked 
|  57|0x00000000a3900000, 0x00000000a3900000, 0x00000000a3a00000|  0%| F|  |TAMS 0x00000000a3900000| PB 0x00000000a3900000| Untracked 
|  58|0x00000000a3a00000, 0x00000000a3a00000, 0x00000000a3b00000|  0%| F|  |TAMS 0x00000000a3a00000| PB 0x00000000a3a00000| Untracked 
|  59|0x00000000a3b00000, 0x00000000a3b00000, 0x00000000a3c00000|  0%| F|  |TAMS 0x00000000a3b00000| PB 0x00000000a3b00000| Untracked 
|  60|0x00000000a3c00000, 0x00000000a3c00000, 0x00000000a3d00000|  0%| F|  |TAMS 0x00000000a3c00000| PB 0x00000000a3c00000| Untracked 
|  61|0x00000000a3d00000, 0x00000000a3d00000, 0x00000000a3e00000|  0%| F|  |TAMS 0x00000000a3d00000| PB 0x00000000a3d00000| Untracked 
|  62|0x00000000a3e00000, 0x00000000a3e4bdf8, 0x00000000a3f00000| 29%| S|CS|TAMS 0x00000000a3e00000| PB 0x00000000a3e00000| Complete 
|  63|0x00000000a3f00000, 0x00000000a4000000, 0x00000000a4000000|100%| S|CS|TAMS 0x00000000a3f00000| PB 0x00000000a3f00000| Complete 
|  64|0x00000000a4000000, 0x00000000a4100000, 0x00000000a4100000|100%| S|CS|TAMS 0x00000000a4000000| PB 0x00000000a4000000| Complete 
|  65|0x00000000a4100000, 0x00000000a4100000, 0x00000000a4200000|  0%| F|  |TAMS 0x00000000a4100000| PB 0x00000000a4100000| Untracked 
|  66|0x00000000a4200000, 0x00000000a4200000, 0x00000000a4300000|  0%| F|  |TAMS 0x00000000a4200000| PB 0x00000000a4200000| Untracked 
|  67|0x00000000a4300000, 0x00000000a4300000, 0x00000000a4400000|  0%| F|  |TAMS 0x00000000a4300000| PB 0x00000000a4300000| Untracked 
|  68|0x00000000a4400000, 0x00000000a4400000, 0x00000000a4500000|  0%| F|  |TAMS 0x00000000a4400000| PB 0x00000000a4400000| Untracked 
|  69|0x00000000a4500000, 0x00000000a4500000, 0x00000000a4600000|  0%| F|  |TAMS 0x00000000a4500000| PB 0x00000000a4500000| Untracked 
| 137|0x00000000a8900000, 0x00000000a8900000, 0x00000000a8a00000|  0%| F|  |TAMS 0x00000000a8900000| PB 0x00000000a8900000| Untracked 
| 138|0x00000000a8a00000, 0x00000000a8a00000, 0x00000000a8b00000|  0%| F|  |TAMS 0x00000000a8a00000| PB 0x00000000a8a00000| Untracked 
| 139|0x00000000a8b00000, 0x00000000a8b00000, 0x00000000a8c00000|  0%| F|  |TAMS 0x00000000a8b00000| PB 0x00000000a8b00000| Untracked 
| 140|0x00000000a8c00000, 0x00000000a8c00000, 0x00000000a8d00000|  0%| F|  |TAMS 0x00000000a8c00000| PB 0x00000000a8c00000| Untracked 
| 141|0x00000000a8d00000, 0x00000000a8d00000, 0x00000000a8e00000|  0%| F|  |TAMS 0x00000000a8d00000| PB 0x00000000a8d00000| Untracked 
| 142|0x00000000a8e00000, 0x00000000a8e7db18, 0x00000000a8f00000| 49%| E|  |TAMS 0x00000000a8e00000| PB 0x00000000a8e00000| Complete 
| 143|0x00000000a8f00000, 0x00000000a9000000, 0x00000000a9000000|100%| E|CS|TAMS 0x00000000a8f00000| PB 0x00000000a8f00000| Complete 
| 144|0x00000000a9000000, 0x00000000a9100000, 0x00000000a9100000|100%| E|CS|TAMS 0x00000000a9000000| PB 0x00000000a9000000| Complete 
| 145|0x00000000a9100000, 0x00000000a9200000, 0x00000000a9200000|100%| E|CS|TAMS 0x00000000a9100000| PB 0x00000000a9100000| Complete 
| 146|0x00000000a9200000, 0x00000000a9300000, 0x00000000a9300000|100%| E|CS|TAMS 0x00000000a9200000| PB 0x00000000a9200000| Complete 
| 147|0x00000000a9300000, 0x00000000a9400000, 0x00000000a9400000|100%| E|CS|TAMS 0x00000000a9300000| PB 0x00000000a9300000| Complete 
| 148|0x00000000a9400000, 0x00000000a9500000, 0x00000000a9500000|100%| E|CS|TAMS 0x00000000a9400000| PB 0x00000000a9400000| Complete 
| 149|0x00000000a9500000, 0x00000000a9600000, 0x00000000a9600000|100%| E|CS|TAMS 0x00000000a9500000| PB 0x00000000a9500000| Complete 
| 251|0x00000000afb00000, 0x00000000afc00000, 0x00000000afc00000|100%| E|CS|TAMS 0x00000000afb00000| PB 0x00000000afb00000| Complete 

Card table byte_map: [0x0000021713c90000,0x0000021713f90000] _byte_map_base: 0x0000021713790000

Marking Bits: (CMBitMap*) 0x000002177fe77b70
 Bits: [0x0000021713f90000, 0x0000021715790000)

Polling page: 0x000002177ee00000

Metaspace:

Usage:
  Non-class:     29.93 MB used.
      Class:      4.94 MB used.
       Both:     34.87 MB used.

Virtual space:
  Non-class space:       64.00 MB reserved,      30.44 MB ( 48%) committed,  1 nodes.
      Class space:        1.00 GB reserved,       5.44 MB ( <1%) committed,  1 nodes.
             Both:        1.06 GB reserved,      35.88 MB (  3%) committed. 

Chunk freelists:
   Non-Class:  1.39 MB
       Class:  10.38 MB
        Both:  11.77 MB

MaxMetaspaceSize: unlimited
CompressedClassSpaceSize: 1.00 GB
Initial GC threshold: 21.00 MB
Current GC threshold: 58.69 MB
CDS: on
 - commit_granule_bytes: 65536.
 - commit_granule_words: 8192.
 - virtual_space_node_default_size: 8388608.
 - enlarge_chunks_in_place: 1.
 - use_allocation_guard: 0.


Internal statistics:

num_allocs_failed_limit: 6.
num_arena_births: 1744.
num_arena_deaths: 0.
num_vsnodes_births: 2.
num_vsnodes_deaths: 0.
num_space_committed: 574.
num_space_uncommitted: 0.
num_chunks_returned_to_freelist: 6.
num_chunks_taken_from_freelist: 3228.
num_chunk_merges: 6.
num_chunk_splits: 2103.
num_chunks_enlarged: 1356.
num_inconsistent_stats: 0.

CodeHeap 'non-profiled nmethods': size=120000Kb used=3006Kb max_used=3197Kb free=116993Kb
 bounds [0x000002170c020000, 0x000002170c350000, 0x0000021713550000]
CodeHeap 'profiled nmethods': size=120000Kb used=8869Kb max_used=9980Kb free=111130Kb
 bounds [0x0000021704550000, 0x0000021704f10000, 0x000002170ba80000]
CodeHeap 'non-nmethods': size=5760Kb used=2552Kb max_used=2591Kb free=3207Kb
 bounds [0x000002170ba80000, 0x000002170bd10000, 0x000002170c020000]
CodeCache: size=245760Kb, used=14427Kb, max_used=15768Kb, free=231330Kb
 total_blobs=5487, nmethods=4663, adapters=728, full_count=0
Compilation: enabled, stopped_count=0, restarted_count=0

Compilation events (20 events):
Event: 851.553 Thread 0x000002171846d270 nmethod 5162 0x0000021704702510 code [0x0000021704702700, 0x0000021704702bb8]
Event: 851.637 Thread 0x000002171846c7d0 5163       4       java.util.concurrent.atomic.AtomicReferenceArray::length (6 bytes)
Event: 851.638 Thread 0x000002171846c7d0 nmethod 5163 0x000002170c16a290 code [0x000002170c16a420, 0x000002170c16a4c0]
Event: 851.800 Thread 0x000002171846c7d0 5164   !   4       org.gradle.cache.internal.DefaultFileLockManager$AwaitableFileLockReleasedSignal::await (78 bytes)
Event: 851.813 Thread 0x000002171846c7d0 nmethod 5164 0x000002170c06ad90 code [0x000002170c06afa0, 0x000002170c06b4b0]
Event: 854.602 Thread 0x000002171846c7d0 5165   !   4       java.io.RandomAccessFile::getChannel (84 bytes)
Event: 854.629 Thread 0x000002171846c7d0 nmethod 5165 0x000002170c094190 code [0x000002170c094380, 0x000002170c095220]
Event: 854.737 Thread 0x000002171846c7d0 5166       4       sun.nio.ch.FileLockImpl::<init> (11 bytes)
Event: 854.740 Thread 0x000002171846c7d0 nmethod 5166 0x000002170c169b10 code [0x000002170c169ca0, 0x000002170c169ed0]
Event: 860.750 Thread 0x000002171846c7d0 5167       4       java.io.BufferedInputStream::fill (204 bytes)
Event: 860.756 Thread 0x000002171846c7d0 nmethod 5167 0x000002170c08b890 code [0x000002170c08ba40, 0x000002170c08bde8]
Event: 861.800 Thread 0x000002171846d270 5168   !   3       org.gradle.cache.internal.locklistener.DefaultFileLockContentionHandler::maybePingOwner (160 bytes)
Event: 861.802 Thread 0x000002171846d270 nmethod 5168 0x000002170456ec90 code [0x000002170456f000, 0x0000021704570868]
Event: 862.421 Thread 0x000002171846d270 5169       3       org.gradle.internal.time.ExponentialBackoff::retryUntil (65 bytes)
Event: 862.422 Thread 0x000002171846d270 nmethod 5169 0x0000021704a44690 code [0x0000021704a448e0, 0x0000021704a45310]
Event: 862.713 Thread 0x000002171846c7d0 5170       4       java.io.BufferedInputStream::<init> (68 bytes)
Event: 862.725 Thread 0x000002171846c7d0 nmethod 5170 0x000002170c066610 code [0x000002170c0667e0, 0x000002170c067090]
Event: 863.783 Thread 0x000002171846c7d0 5171       4       org.gradle.cache.internal.DefaultFileLockManager$DefaultFileLock$$Lambda/0x000002171a12cbd8::run (12 bytes)
Event: 864.088 Thread 0x000002171846c7d0 nmethod 5171 0x000002170c346090 code [0x000002170c346760, 0x000002170c34cdb0]
Event: 865.542 Thread 0x000002171846c7d0 5172       4       org.gradle.cache.internal.DefaultFileLockManager$DefaultFileLock$1::run (252 bytes)

GC Heap History (18 events):
Event: 2.820 GC heap before
{Heap before GC invocations=0 (full 0):
 garbage-first heap   total 258048K, used 23552K [0x00000000a0000000, 0x0000000100000000)
  region size 1024K, 23 young (23552K), 0 survivors (0K)
 Metaspace       used 1050K, committed 1152K, reserved 1114112K
  class space    used 81K, committed 128K, reserved 1048576K
}
Event: 3.630 GC heap after
{Heap after GC invocations=1 (full 0):
 garbage-first heap   total 258048K, used 1877K [0x00000000a0000000, 0x0000000100000000)
  region size 1024K, 2 young (2048K), 2 survivors (2048K)
 Metaspace       used 1050K, committed 1152K, reserved 1114112K
  class space    used 81K, committed 128K, reserved 1048576K
}
Event: 13.917 GC heap before
{Heap before GC invocations=1 (full 0):
 garbage-first heap   total 258048K, used 37717K [0x00000000a0000000, 0x0000000100000000)
  region size 1024K, 35 young (35840K), 2 survivors (2048K)
 Metaspace       used 4359K, committed 4544K, reserved 1114112K
  class space    used 558K, committed 640K, reserved 1048576K
}
Event: 13.927 GC heap after
{Heap after GC invocations=2 (full 0):
 garbage-first heap   total 258048K, used 10849K [0x00000000a0000000, 0x0000000100000000)
  region size 1024K, 5 young (5120K), 5 survivors (5120K)
 Metaspace       used 4359K, committed 4544K, reserved 1114112K
  class space    used 558K, committed 640K, reserved 1048576K
}
Event: 22.371 GC heap before
{Heap before GC invocations=2 (full 0):
 garbage-first heap   total 258048K, used 60001K [0x00000000a0000000, 0x0000000100000000)
  region size 1024K, 51 young (52224K), 5 survivors (5120K)
 Metaspace       used 4668K, committed 4928K, reserved 1114112K
  class space    used 601K, committed 704K, reserved 1048576K
}
Event: 22.379 GC heap after
{Heap after GC invocations=3 (full 0):
 garbage-first heap   total 258048K, used 16658K [0x00000000a0000000, 0x0000000100000000)
  region size 1024K, 5 young (5120K), 5 survivors (5120K)
 Metaspace       used 4668K, committed 4928K, reserved 1114112K
  class space    used 601K, committed 704K, reserved 1048576K
}
Event: 52.008 GC heap before
{Heap before GC invocations=3 (full 0):
 garbage-first heap   total 258048K, used 114962K [0x00000000a0000000, 0x0000000100000000)
  region size 1024K, 102 young (104448K), 5 survivors (5120K)
 Metaspace       used 20859K, committed 21504K, reserved 1114112K
  class space    used 3078K, committed 3392K, reserved 1048576K
}
Event: 52.025 GC heap after
{Heap after GC invocations=4 (full 0):
 garbage-first heap   total 258048K, used 24749K [0x00000000a0000000, 0x0000000100000000)
  region size 1024K, 13 young (13312K), 13 survivors (13312K)
 Metaspace       used 20859K, committed 21504K, reserved 1114112K
  class space    used 3078K, committed 3392K, reserved 1048576K
}
Event: 59.437 GC heap before
{Heap before GC invocations=5 (full 0):
 garbage-first heap   total 86016K, used 62637K [0x00000000a0000000, 0x0000000100000000)
  region size 1024K, 50 young (51200K), 13 survivors (13312K)
 Metaspace       used 25867K, committed 26816K, reserved 1114112K
  class space    used 3899K, committed 4352K, reserved 1048576K
}
Event: 59.450 GC heap after
{Heap after GC invocations=6 (full 0):
 garbage-first heap   total 86016K, used 26788K [0x00000000a0000000, 0x0000000100000000)
  region size 1024K, 3 young (3072K), 3 survivors (3072K)
 Metaspace       used 25867K, committed 26816K, reserved 1114112K
  class space    used 3899K, committed 4352K, reserved 1048576K
}
Event: 469.812 GC heap before
{Heap before GC invocations=6 (full 0):
 garbage-first heap   total 86016K, used 70820K [0x00000000a0000000, 0x0000000100000000)
  region size 1024K, 46 young (47104K), 3 survivors (3072K)
 Metaspace       used 26477K, committed 27392K, reserved 1114112K
  class space    used 3970K, committed 4416K, reserved 1048576K
}
Event: 469.950 GC heap after
{Heap after GC invocations=7 (full 0):
 garbage-first heap   total 86016K, used 27191K [0x00000000a0000000, 0x0000000100000000)
  region size 1024K, 3 young (3072K), 3 survivors (3072K)
 Metaspace       used 26477K, committed 27392K, reserved 1114112K
  class space    used 3970K, committed 4416K, reserved 1048576K
}
Event: 805.477 GC heap before
{Heap before GC invocations=7 (full 0):
 garbage-first heap   total 86016K, used 72247K [0x00000000a0000000, 0x0000000100000000)
  region size 1024K, 47 young (48128K), 3 survivors (3072K)
 Metaspace       used 26913K, committed 27904K, reserved 1114112K
  class space    used 4035K, committed 4544K, reserved 1048576K
}
Event: 805.503 GC heap after
{Heap after GC invocations=8 (full 0):
 garbage-first heap   total 86016K, used 27185K [0x00000000a0000000, 0x0000000100000000)
  region size 1024K, 3 young (3072K), 3 survivors (3072K)
 Metaspace       used 26913K, committed 27904K, reserved 1114112K
  class space    used 4035K, committed 4544K, reserved 1048576K
}
Event: 847.645 GC heap before
{Heap before GC invocations=8 (full 0):
 garbage-first heap   total 86016K, used 74289K [0x00000000a0000000, 0x0000000100000000)
  region size 1024K, 50 young (51200K), 3 survivors (3072K)
 Metaspace       used 32971K, committed 33984K, reserved 1114112K
  class space    used 4719K, committed 5248K, reserved 1048576K
}
Event: 847.655 GC heap after
{Heap after GC invocations=9 (full 0):
 garbage-first heap   total 86016K, used 32413K [0x00000000a0000000, 0x0000000100000000)
  region size 1024K, 7 young (7168K), 7 survivors (7168K)
 Metaspace       used 32971K, committed 33984K, reserved 1114112K
  class space    used 4719K, committed 5248K, reserved 1048576K
}
Event: 848.791 GC heap before
{Heap before GC invocations=9 (full 0):
 garbage-first heap   total 86016K, used 55965K [0x00000000a0000000, 0x0000000100000000)
  region size 1024K, 26 young (26624K), 7 survivors (7168K)
 Metaspace       used 34953K, committed 35968K, reserved 1114112K
  class space    used 4925K, committed 5440K, reserved 1048576K
}
Event: 848.800 GC heap after
{Heap after GC invocations=10 (full 0):
 garbage-first heap   total 86016K, used 33462K [0x00000000a0000000, 0x0000000100000000)
  region size 1024K, 3 young (3072K), 3 survivors (3072K)
 Metaspace       used 34953K, committed 35968K, reserved 1114112K
  class space    used 4925K, committed 5440K, reserved 1048576K
}

Dll operation events (20 events):
Event: 0.946 Attempting to load shared library C:\Users\ishas\.vscode\extensions\redhat.java-1.56.0-win32-x64\jre\21.0.12.1-win32-x86_64\bin\nio.dll
Event: 0.947 Loaded shared library C:\Users\ishas\.vscode\extensions\redhat.java-1.56.0-win32-x64\jre\21.0.12.1-win32-x86_64\bin\nio.dll
Event: 0.952 Attempting to load shared library C:\Users\ishas\.vscode\extensions\redhat.java-1.56.0-win32-x64\jre\21.0.12.1-win32-x86_64\bin\zip.dll
Event: 0.952 Loaded shared library C:\Users\ishas\.vscode\extensions\redhat.java-1.56.0-win32-x64\jre\21.0.12.1-win32-x86_64\bin\zip.dll
Event: 2.095 Attempting to load shared library C:\Users\ishas\.vscode\extensions\redhat.java-1.56.0-win32-x64\jre\21.0.12.1-win32-x86_64\bin\jimage.dll
Event: 2.095 Loaded shared library C:\Users\ishas\.vscode\extensions\redhat.java-1.56.0-win32-x64\jre\21.0.12.1-win32-x86_64\bin\jimage.dll
Event: 4.461 Attempting to load shared library C:\Users\ishas\.vscode\extensions\redhat.java-1.56.0-win32-x64\jre\21.0.12.1-win32-x86_64\bin\verify.dll
Event: 4.461 Loaded shared library C:\Users\ishas\.vscode\extensions\redhat.java-1.56.0-win32-x64\jre\21.0.12.1-win32-x86_64\bin\verify.dll
Event: 5.235 Attempting to load shared library C:\Users\ishas\.gradle\native\1def1411415f61bf3af743bc5b6707747c0891f09f0c88961ee8f79bc544acac\windows-amd64\native-platform.dll
Event: 5.236 Loaded shared library C:\Users\ishas\.gradle\native\1def1411415f61bf3af743bc5b6707747c0891f09f0c88961ee8f79bc544acac\windows-amd64\native-platform.dll
Event: 5.956 Attempting to load shared library C:\Users\ishas\.gradle\native\0.2.7\x86_64-windows-gnu\gradle-fileevents.dll
Event: 5.957 Loaded shared library C:\Users\ishas\.gradle\native\0.2.7\x86_64-windows-gnu\gradle-fileevents.dll
Event: 26.376 Attempting to load shared library C:\Users\ishas\.vscode\extensions\redhat.java-1.56.0-win32-x64\jre\21.0.12.1-win32-x86_64\bin\management.dll
Event: 26.376 Loaded shared library C:\Users\ishas\.vscode\extensions\redhat.java-1.56.0-win32-x64\jre\21.0.12.1-win32-x86_64\bin\management.dll
Event: 26.380 Attempting to load shared library C:\Users\ishas\.vscode\extensions\redhat.java-1.56.0-win32-x64\jre\21.0.12.1-win32-x86_64\bin\management_ext.dll
Event: 26.381 Loaded shared library C:\Users\ishas\.vscode\extensions\redhat.java-1.56.0-win32-x64\jre\21.0.12.1-win32-x86_64\bin\management_ext.dll
Event: 37.523 Attempting to load shared library C:\Users\ishas\.vscode\extensions\redhat.java-1.56.0-win32-x64\jre\21.0.12.1-win32-x86_64\bin\extnet.dll
Event: 37.524 Loaded shared library C:\Users\ishas\.vscode\extensions\redhat.java-1.56.0-win32-x64\jre\21.0.12.1-win32-x86_64\bin\extnet.dll
Event: 44.600 Attempting to load shared library C:\Users\ishas\.vscode\extensions\redhat.java-1.56.0-win32-x64\jre\21.0.12.1-win32-x86_64\bin\sunmscapi.dll
Event: 44.605 Loaded shared library C:\Users\ishas\.vscode\extensions\redhat.java-1.56.0-win32-x64\jre\21.0.12.1-win32-x86_64\bin\sunmscapi.dll

Deoptimization events (20 events):
Event: 848.318 Thread 0x000002175f678bf0 Uncommon trap: trap_request=0xffffffc6 fr.pc=0x000002170c315014 relative=0x00000000000008d4
Event: 848.318 Thread 0x000002175f678bf0 Uncommon trap: reason=bimorphic_or_optimized_type_check action=maybe_recompile pc=0x000002170c315014 method=java.util.regex.Pattern$Start.match(Ljava/util/regex/Matcher;ILjava/lang/CharSequence;)Z @ 44 c2
Event: 848.318 Thread 0x000002175f678bf0 DEOPT PACKING pc=0x000002170c315014 sp=0x0000009af08f8f00
Event: 848.318 Thread 0x000002175f678bf0 DEOPT UNPACKING pc=0x000002170bad4422 sp=0x0000009af08f8e50 mode 2
Event: 848.319 Thread 0x000002175f678bf0 Uncommon trap: trap_request=0xffffffc6 fr.pc=0x000002170c319950 relative=0x00000000000006b0
Event: 848.319 Thread 0x000002175f678bf0 Uncommon trap: reason=bimorphic_or_optimized_type_check action=maybe_recompile pc=0x000002170c319950 method=java.util.regex.Pattern$Start.match(Ljava/util/regex/Matcher;ILjava/lang/CharSequence;)Z @ 44 c2
Event: 848.319 Thread 0x000002175f678bf0 DEOPT PACKING pc=0x000002170c319950 sp=0x0000009af08f8e80
Event: 848.319 Thread 0x000002175f678bf0 DEOPT UNPACKING pc=0x000002170bad4422 sp=0x0000009af08f8e50 mode 2
Event: 848.749 Thread 0x000002175f678bf0 Uncommon trap: trap_request=0xffffffde fr.pc=0x000002170c2c4ac8 relative=0x00000000000003e8
Event: 848.749 Thread 0x000002175f678bf0 Uncommon trap: reason=class_check action=maybe_recompile pc=0x000002170c2c4ac8 method=java.util.Collections$SetFromMap.remove(Ljava/lang/Object;)Z @ 5 c2
Event: 848.749 Thread 0x000002175f678bf0 DEOPT PACKING pc=0x000002170c2c4ac8 sp=0x0000009af08fadb0
Event: 848.749 Thread 0x000002175f678bf0 DEOPT UNPACKING pc=0x000002170bad4422 sp=0x0000009af08fada8 mode 2
Event: 848.801 Thread 0x000002175f678bf0 Uncommon trap: trap_request=0xffffff45 fr.pc=0x000002170c221f4c relative=0x000000000000022c
Event: 848.801 Thread 0x000002175f678bf0 Uncommon trap: reason=unstable_if action=reinterpret pc=0x000002170c221f4c method=java.util.HashMap.putVal(ILjava/lang/Object;Ljava/lang/Object;ZZ)Ljava/lang/Object; @ 162 c2
Event: 848.801 Thread 0x000002175f678bf0 DEOPT PACKING pc=0x000002170c221f4c sp=0x0000009af08f9ff0
Event: 848.801 Thread 0x000002175f678bf0 DEOPT UNPACKING pc=0x000002170bad4422 sp=0x0000009af08f9f00 mode 2
Event: 848.896 Thread 0x000002175f678bf0 Uncommon trap: trap_request=0xffffffde fr.pc=0x000002170c251610 relative=0x0000000000000070
Event: 848.896 Thread 0x000002175f678bf0 Uncommon trap: reason=class_check action=maybe_recompile pc=0x000002170c251610 method=java.util.stream.StreamOpFlag.fromCharacteristics(Ljava/util/Spliterator;)I @ 14 c2
Event: 848.896 Thread 0x000002175f678bf0 DEOPT PACKING pc=0x000002170c251610 sp=0x0000009af08fa050
Event: 848.896 Thread 0x000002175f678bf0 DEOPT UNPACKING pc=0x000002170bad4422 sp=0x0000009af08f9fe8 mode 2

Classes loaded (20 events):
Event: 848.305 Loading class sun/reflect/generics/tree/ArrayTypeSignature
Event: 848.305 Loading class sun/reflect/generics/tree/ArrayTypeSignature done
Event: 848.321 Loading class com/sun/beans/finder/MethodFinder
Event: 848.322 Loading class com/sun/beans/finder/AbstractFinder
Event: 848.324 Loading class com/sun/beans/finder/AbstractFinder done
Event: 848.324 Loading class com/sun/beans/finder/MethodFinder done
Event: 848.324 Loading class com/sun/beans/finder/MethodFinder$1
Event: 848.324 Loading class com/sun/beans/finder/MethodFinder$1 done
Event: 848.325 Loading class com/sun/beans/finder/FinderUtils
Event: 848.325 Loading class com/sun/beans/finder/FinderUtils done
Event: 848.708 Loading class java/lang/invoke/SerializedLambda
Event: 848.708 Loading class java/lang/invoke/SerializedLambda done
Event: 848.894 Loading class java/util/BitSet$1BitSetSpliterator
Event: 848.896 Loading class java/util/BitSet$1BitSetSpliterator done
Event: 849.025 Loading class java/lang/SafeVarargs
Event: 849.025 Loading class java/lang/SafeVarargs done
Event: 849.077 Loading class jdk/internal/reflect/MethodHandleIntegerFieldAccessorImpl
Event: 849.135 Loading class jdk/internal/reflect/MethodHandleIntegerFieldAccessorImpl done
Event: 849.261 Loading class sun/nio/fs/WindowsException
Event: 849.262 Loading class sun/nio/fs/WindowsException done

Classes unloaded (0 events):
No events

Classes redefined (0 events):
No events

Internal exceptions (20 events):
Event: 848.052 Thread 0x000002175f678bf0 Exception <a 'java/lang/NoSuchMethodError'{0x00000000a8eef6e0}: 'java.lang.Object java.lang.invoke.DirectMethodHandle$Holder.invokeSpecialIFC(java.lang.Object, java.lang.Object, java.lang.Object, java.lang.Object)'> (0x00000000a8eef6e0) 
thrown [s\src\hotspot\share\interpreter\linkResolver.cpp, line 773]
Event: 848.296 Thread 0x000002175f678bf0 Exception <a 'java/lang/ClassNotFoundException'{0x00000000a8a392b8}: groovy/lang/Closure$1BeanInfo> (0x00000000a8a392b8) 
thrown [s\src\hotspot\share\classfile\systemDictionary.cpp, line 313]
Event: 848.297 Thread 0x000002175f678bf0 Exception <a 'java/lang/ClassNotFoundException'{0x00000000a8a46418}: groovy/lang/ClosureBeanInfo> (0x00000000a8a46418) 
thrown [s\src\hotspot\share\classfile\systemDictionary.cpp, line 313]
Event: 848.298 Thread 0x000002175f678bf0 Exception <a 'java/lang/ClassNotFoundException'{0x00000000a8a534f8}: groovy/lang/ClosureCustomizer> (0x00000000a8a534f8) 
thrown [s\src\hotspot\share\classfile\systemDictionary.cpp, line 313]
Event: 848.321 Thread 0x000002175f678bf0 Exception <a 'java/lang/ClassNotFoundException'{0x00000000a8a85560}: groovy/lang/Closure$1Customizer> (0x00000000a8a85560) 
thrown [s\src\hotspot\share\classfile\systemDictionary.cpp, line 313]
Event: 848.504 Thread 0x000002175f678bf0 Exception <a 'java/lang/NoSuchMethodError'{0x00000000a450cfa0}: 'void java.lang.invoke.Invokers$Holder.invoke_MT(java.lang.Object, java.lang.Object, java.lang.Object, java.lang.Object)'> (0x00000000a450cfa0) 
thrown [s\src\hotspot\share\interpreter\linkResolver.cpp, line 773]
Event: 848.560 Thread 0x000002175f678bf0 Exception <a 'java/lang/ClassNotFoundException'{0x00000000a447b080}: org/gradle/invocation/DefaultGradle_DecoratedBeanInfo> (0x00000000a447b080) 
thrown [s\src\hotspot\share\classfile\systemDictionary.cpp, line 313]
Event: 848.561 Thread 0x000002175f678bf0 Exception <a 'java/lang/ClassNotFoundException'{0x00000000a4488958}: org/gradle/invocation/DefaultGradleBeanInfo> (0x00000000a4488958) 
thrown [s\src\hotspot\share\classfile\systemDictionary.cpp, line 313]
Event: 848.562 Thread 0x000002175f678bf0 Exception <a 'java/lang/ClassNotFoundException'{0x00000000a44964b8}: org/gradle/api/internal/project/AbstractPluginAwareBeanInfo> (0x00000000a44964b8) 
thrown [s\src\hotspot\share\classfile\systemDictionary.cpp, line 313]
Event: 848.563 Thread 0x000002175f678bf0 Exception <a 'java/lang/ClassNotFoundException'{0x00000000a44a40b8}: org/gradle/api/internal/project/AbstractPluginAwareCustomizer> (0x00000000a44a40b8) 
thrown [s\src\hotspot\share\classfile\systemDictionary.cpp, line 313]
Event: 848.565 Thread 0x000002175f678bf0 Exception <a 'java/lang/ClassNotFoundException'{0x00000000a44b7778}: org/gradle/invocation/DefaultGradleCustomizer> (0x00000000a44b7778) 
thrown [s\src\hotspot\share\classfile\systemDictionary.cpp, line 313]
Event: 848.571 Thread 0x000002175f678bf0 Exception <a 'java/lang/ClassNotFoundException'{0x00000000a44f95e8}: org/gradle/invocation/DefaultGradle_DecoratedCustomizer> (0x00000000a44f95e8) 
thrown [s\src\hotspot\share\classfile\systemDictionary.cpp, line 313]
Event: 849.059 Thread 0x000002175f678bf0 Exception <a 'java/lang/NoSuchMethodError'{0x00000000a9259ea0}: 'java.lang.Object java.lang.invoke.DirectMethodHandle$Holder.newInvokeSpecial(java.lang.Object, java.lang.Object, int, int)'> (0x00000000a9259ea0) 
thrown [s\src\hotspot\share\interpreter\linkResolver.cpp, line 773]
Event: 849.135 Thread 0x000002175f678bf0 Exception <a 'java/lang/NoSuchMethodError'{0x00000000a9294db8}: 'void java.lang.invoke.DirectMethodHandle$Holder.invokeSpecial(java.lang.Object, java.lang.Object, int)'> (0x00000000a9294db8) 
thrown [s\src\hotspot\share\interpreter\linkResolver.cpp, line 773]
Event: 849.136 Thread 0x000002175f678bf0 Exception <a 'java/lang/NoSuchMethodError'{0x00000000a92990a8}: 'void java.lang.invoke.Invokers$Holder.invokeExact_MT(java.lang.Object, int, java.lang.Object)'> (0x00000000a92990a8) 
thrown [s\src\hotspot\share\interpreter\linkResolver.cpp, line 773]
Event: 849.148 Thread 0x000002175f678bf0 Exception <a 'java/lang/IncompatibleClassChangeError'{0x00000000a92ae758}: Found class java.lang.Object, but interface was expected> (0x00000000a92ae758) 
thrown [s\src\hotspot\share\interpreter\linkResolver.cpp, line 840]
Event: 849.262 Thread 0x000002175f678bf0 Exception <a 'sun/nio/fs/WindowsException'{0x00000000a9193920}> (0x00000000a9193920) 
thrown [s\src\hotspot\share\prims\jni.cpp, line 520]
Event: 849.263 Thread 0x000002175f678bf0 Exception <a 'sun/nio/fs/WindowsException'{0x00000000a9194e48}> (0x00000000a9194e48) 
thrown [s\src\hotspot\share\prims\jni.cpp, line 520]
Event: 849.264 Thread 0x000002175f678bf0 Exception <a 'sun/nio/fs/WindowsException'{0x00000000a9196318}> (0x00000000a9196318) 
thrown [s\src\hotspot\share\prims\jni.cpp, line 520]
Event: 849.265 Thread 0x000002175f678bf0 Exception <a 'sun/nio/fs/WindowsException'{0x00000000a9197410}> (0x00000000a9197410) 
thrown [s\src\hotspot\share\prims\jni.cpp, line 520]

ZGC Phase Switch (0 events):
No events

VM Operations (20 events):
Event: 847.644 Executing safepoint VM operation: G1CollectForAllocation (G1 Evacuation Pause)
Event: 847.655 Executing safepoint VM operation: G1CollectForAllocation (G1 Evacuation Pause) done
Event: 848.666 Executing safepoint VM operation: Cleanup
Event: 848.666 Executing safepoint VM operation: Cleanup done
Event: 848.791 Executing safepoint VM operation: CollectForMetadataAllocation (Metadata GC Threshold)
Event: 848.800 Executing safepoint VM operation: CollectForMetadataAllocation (Metadata GC Threshold) done
Event: 848.835 Executing safepoint VM operation: G1PauseRemark
Event: 848.859 Executing safepoint VM operation: G1PauseRemark done
Event: 848.869 Executing safepoint VM operation: G1PauseCleanup
Event: 848.869 Executing safepoint VM operation: G1PauseCleanup done
Event: 849.003 Executing non-safepoint VM operation: HandshakeAllThreads (Deoptimize)
Event: 849.003 Executing non-safepoint VM operation: HandshakeAllThreads (Deoptimize) done
Event: 850.017 Executing safepoint VM operation: Cleanup
Event: 850.032 Executing safepoint VM operation: Cleanup done
Event: 855.061 Executing safepoint VM operation: Cleanup
Event: 855.061 Executing safepoint VM operation: Cleanup done
Event: 863.110 Executing safepoint VM operation: Cleanup
Event: 863.110 Executing safepoint VM operation: Cleanup done
Event: 865.119 Executing safepoint VM operation: Cleanup
Event: 865.119 Executing safepoint VM operation: Cleanup done

Memory protections (0 events):
No events

Nmethod flushes (20 events):
Event: 848.851 Thread 0x0000021718440820 flushing  nmethod 0x000002170492fc10
Event: 848.851 Thread 0x0000021718440820 flushing  nmethod 0x0000021704931190
Event: 848.851 Thread 0x0000021718440820 flushing  nmethod 0x0000021704932390
Event: 848.851 Thread 0x0000021718440820 flushing  nmethod 0x000002170c08b490
Event: 848.851 Thread 0x0000021718440820 flushing  nmethod 0x000002170c18c810
Event: 848.851 Thread 0x0000021718440820 flushing  nmethod 0x00000217046a8b90
Event: 848.851 Thread 0x0000021718440820 flushing  nmethod 0x00000217046a9b10
Event: 848.851 Thread 0x0000021718440820 flushing  nmethod 0x00000217046aa190
Event: 848.851 Thread 0x0000021718440820 flushing  nmethod 0x00000217046acd90
Event: 848.851 Thread 0x0000021718440820 flushing  nmethod 0x00000217046ad490
Event: 848.851 Thread 0x0000021718440820 flushing  nmethod 0x00000217046af010
Event: 848.851 Thread 0x0000021718440820 flushing  nmethod 0x00000217046b0610
Event: 848.851 Thread 0x0000021718440820 flushing  nmethod 0x00000217046b9510
Event: 848.851 Thread 0x0000021718440820 flushing  nmethod 0x000002170476e390
Event: 848.851 Thread 0x0000021718440820 flushing  nmethod 0x0000021704770210
Event: 848.851 Thread 0x0000021718440820 flushing  nmethod 0x000002170477ea10
Event: 848.851 Thread 0x0000021718440820 flushing  nmethod 0x000002170477f210
Event: 848.851 Thread 0x0000021718440820 flushing  nmethod 0x000002170477f910
Event: 848.851 Thread 0x0000021718440820 flushing  nmethod 0x0000021704882a10
Event: 848.851 Thread 0x0000021718440820 flushing  nmethod 0x0000021704883e10

Events (20 events):
Event: 46.745 Thread 0x000002175f679910 Thread added: 0x000002175f678bf0
Event: 46.770 Thread 0x000002175f678bf0 Thread added: 0x000002175f679280
Event: 46.779 Thread 0x000002175f678bf0 Thread added: 0x000002175f67b9e0
Event: 46.784 Thread 0x000002175f678bf0 Thread added: 0x000002175f67c070
Event: 48.396 Thread 0x000002175f678bf0 Thread added: 0x000002175f679fa0
Event: 48.819 Thread 0x000002175f678bf0 Thread added: 0x000002175f67a630
Event: 49.817 Thread 0x000002175f67a630 Thread added: 0x000002175fb39560
Event: 49.874 Thread 0x000002175f678bf0 Thread added: 0x000002175fb3bcc0
Event: 52.282 Thread 0x000002175f678bf0 Thread added: 0x000002175fb3b630
Event: 52.400 Thread 0x000002175f678bf0 Thread added: 0x000002175fb3c350
Event: 54.618 Thread 0x000002175f678bf0 Thread added: 0x000002175fb3a280
Event: 54.824 Thread 0x000002175f678bf0 Thread added: 0x000002175fb39bf0
Event: 119.469 Thread 0x000002175fb39560 Thread exited: 0x000002175fb39560
Event: 755.545 Thread 0x000002175f67a630 Thread added: 0x000002175fb3a910
Event: 755.923 Thread 0x000002175f678bf0 Thread added: 0x000002175fb3c9e0
Event: 822.545 Thread 0x000002175fb3a910 Thread exited: 0x000002175fb3a910
Event: 832.391 Thread 0x000002175f67a630 Thread added: 0x000002175fb3a910
Event: 832.393 Thread 0x000002175f678bf0 Thread added: 0x000002175fb39560
Event: 847.992 Thread 0x000002175f678bf0 Thread added: 0x000002175fb404f0
Event: 848.181 Thread 0x000002175f678bf0 Thread added: 0x000002175fb3d070


Dynamic libraries:
0x00007ff6906c0000 - 0x00007ff6906ce000 	C:\Users\ishas\.vscode\extensions\redhat.java-1.56.0-win32-x64\jre\21.0.12.1-win32-x86_64\bin\java.exe
0x00007fff22660000 - 0x00007fff228c7000 	C:\Windows\SYSTEM32\ntdll.dll
0x00007fff21bc0000 - 0x00007fff21c8b000 	C:\Windows\System32\KERNEL32.DLL
0x00007fff1fcd0000 - 0x00007fff200d2000 	C:\Windows\System32\KERNELBASE.dll
0x00007fff1fb70000 - 0x00007fff1fcbc000 	C:\Windows\System32\ucrtbase.dll
0x00007ffeb4c70000 - 0x00007ffeb4c88000 	C:\Users\ishas\.vscode\extensions\redhat.java-1.56.0-win32-x64\jre\21.0.12.1-win32-x86_64\bin\jli.dll
0x00007ffee06c0000 - 0x00007ffee06de000 	C:\Users\ishas\.vscode\extensions\redhat.java-1.56.0-win32-x64\jre\21.0.12.1-win32-x86_64\bin\VCRUNTIME140.dll
0x00007fff222b0000 - 0x00007fff2247f000 	C:\Windows\System32\USER32.dll
0x00007fff20220000 - 0x00007fff20247000 	C:\Windows\System32\win32u.dll
0x00007fff08e50000 - 0x00007fff090e0000 	C:\Windows\WinSxS\amd64_microsoft.windows.common-controls_6595b64144ccf1df_6.0.26100.9278_none_3e0d1ba8e3303201\COMCTL32.dll
0x00007fff21d20000 - 0x00007fff21d4b000 	C:\Windows\System32\GDI32.dll
0x00007fff20460000 - 0x00007fff20509000 	C:\Windows\System32\msvcrt.dll
0x00007fff20250000 - 0x00007fff20379000 	C:\Windows\System32\gdi32full.dll
0x00007fff200e0000 - 0x00007fff20183000 	C:\Windows\System32\msvcp_win.dll
0x00007fff21eb0000 - 0x00007fff21ee1000 	C:\Windows\System32\IMM32.DLL
0x00007fff1bf50000 - 0x00007fff1bf5c000 	C:\Users\ishas\.vscode\extensions\redhat.java-1.56.0-win32-x64\jre\21.0.12.1-win32-x86_64\bin\vcruntime140_1.dll
0x00007ffeac2d0000 - 0x00007ffeac35d000 	C:\Users\ishas\.vscode\extensions\redhat.java-1.56.0-win32-x64\jre\21.0.12.1-win32-x86_64\bin\msvcp140.dll
0x00007ffe828b0000 - 0x00007ffe83652000 	C:\Users\ishas\.vscode\extensions\redhat.java-1.56.0-win32-x64\jre\21.0.12.1-win32-x86_64\bin\server\jvm.dll
0x00007fff21ef0000 - 0x00007fff21fac000 	C:\Windows\System32\ADVAPI32.dll
0x00007fff21e00000 - 0x00007fff21ea9000 	C:\Windows\System32\sechost.dll
0x00007fff22500000 - 0x00007fff22618000 	C:\Windows\System32\RPCRT4.dll
0x00007fff21c90000 - 0x00007fff21d10000 	C:\Windows\System32\WS2_32.dll
0x00007fff1f6c0000 - 0x00007fff1f71e000 	C:\Windows\SYSTEM32\POWRPROF.dll
0x00007fff17580000 - 0x00007fff175b6000 	C:\Windows\SYSTEM32\WINMM.dll
0x00007fff0cde0000 - 0x00007fff0cdeb000 	C:\Windows\SYSTEM32\VERSION.dll
0x00007fff1f6a0000 - 0x00007fff1f6b5000 	C:\Windows\SYSTEM32\UMPDC.dll
0x00007fff1e530000 - 0x00007fff1e54b000 	C:\Windows\SYSTEM32\kernel.appcore.dll
0x00007fff17090000 - 0x00007fff1709a000 	C:\Users\ishas\.vscode\extensions\redhat.java-1.56.0-win32-x64\jre\21.0.12.1-win32-x86_64\bin\jimage.dll
0x00007fff1ce70000 - 0x00007fff1d0bc000 	C:\Windows\SYSTEM32\DBGHELP.DLL
0x00007fff20ed0000 - 0x00007fff21255000 	C:\Windows\System32\combase.dll
0x00007fff21a50000 - 0x00007fff21b29000 	C:\Windows\System32\OLEAUT32.dll
0x00007fff17540000 - 0x00007fff1757b000 	C:\Windows\SYSTEM32\dbgcore.DLL
0x00007fff1fab0000 - 0x00007fff1fb5c000 	C:\Windows\System32\bcryptPrimitives.dll
0x00007ffebe020000 - 0x00007ffebe02f000 	C:\Users\ishas\.vscode\extensions\redhat.java-1.56.0-win32-x64\jre\21.0.12.1-win32-x86_64\bin\instrument.dll
0x00007ffedcd90000 - 0x00007ffedcdb0000 	C:\Users\ishas\.vscode\extensions\redhat.java-1.56.0-win32-x64\jre\21.0.12.1-win32-x86_64\bin\java.dll
0x00007fff20510000 - 0x00007fff20ca8000 	C:\Windows\System32\SHELL32.dll
0x00007fff1d290000 - 0x00007fff1db3e000 	C:\Windows\SYSTEM32\windows.storage.dll
0x00007fff21fc0000 - 0x00007fff220bb000 	C:\Windows\System32\SHCORE.dll
0x00007fff22490000 - 0x00007fff224f6000 	C:\Windows\System32\shlwapi.dll
0x00007fff1f780000 - 0x00007fff1f7a9000 	C:\Windows\SYSTEM32\profapi.dll
0x00007ffedcd70000 - 0x00007ffedcd88000 	C:\Users\ishas\.vscode\extensions\redhat.java-1.56.0-win32-x64\jre\21.0.12.1-win32-x86_64\bin\zip.dll
0x00007ffee04e0000 - 0x00007ffee04f0000 	C:\Users\ishas\.vscode\extensions\redhat.java-1.56.0-win32-x64\jre\21.0.12.1-win32-x86_64\bin\net.dll
0x00007fff0dc00000 - 0x00007fff0dd2a000 	C:\Windows\SYSTEM32\WINHTTP.dll
0x00007fff1eaf0000 - 0x00007fff1eb5c000 	C:\Windows\system32\mswsock.dll
0x00007ffedcd50000 - 0x00007ffedcd66000 	C:\Users\ishas\.vscode\extensions\redhat.java-1.56.0-win32-x64\jre\21.0.12.1-win32-x86_64\bin\nio.dll
0x00007ffebc9a0000 - 0x00007ffebc9b0000 	C:\Users\ishas\.vscode\extensions\redhat.java-1.56.0-win32-x64\jre\21.0.12.1-win32-x86_64\bin\verify.dll
0x00007ffeac360000 - 0x00007ffeac387000 	C:\Users\ishas\.gradle\native\1def1411415f61bf3af743bc5b6707747c0891f09f0c88961ee8f79bc544acac\windows-amd64\native-platform.dll
0x00007ffe88010000 - 0x00007ffe88088000 	C:\Users\ishas\.gradle\native\0.2.7\x86_64-windows-gnu\gradle-fileevents.dll
0x00007ffebc890000 - 0x00007ffebc89a000 	C:\Users\ishas\.vscode\extensions\redhat.java-1.56.0-win32-x64\jre\21.0.12.1-win32-x86_64\bin\management.dll
0x00007ffebc430000 - 0x00007ffebc43c000 	C:\Users\ishas\.vscode\extensions\redhat.java-1.56.0-win32-x64\jre\21.0.12.1-win32-x86_64\bin\management_ext.dll
0x00007fff20380000 - 0x00007fff20388000 	C:\Windows\System32\PSAPI.DLL
0x00007fff1df00000 - 0x00007fff1df33000 	C:\Windows\SYSTEM32\IPHLPAPI.DLL
0x00007fff22280000 - 0x00007fff2228a000 	C:\Windows\System32\NSI.dll
0x00007ffeb9d70000 - 0x00007ffeb9d79000 	C:\Users\ishas\.vscode\extensions\redhat.java-1.56.0-win32-x64\jre\21.0.12.1-win32-x86_64\bin\extnet.dll
0x00007fff1ede0000 - 0x00007fff1edfb000 	C:\Windows\SYSTEM32\CRYPTSP.dll
0x00007fff1e490000 - 0x00007fff1e4c9000 	C:\Windows\system32\rsaenh.dll
0x00007fff1eba0000 - 0x00007fff1ebd4000 	C:\Windows\SYSTEM32\USERENV.dll
0x00007fff1f750000 - 0x00007fff1f77a000 	C:\Windows\SYSTEM32\bcrypt.dll
0x00007fff1ee00000 - 0x00007fff1ee0c000 	C:\Windows\SYSTEM32\CRYPTBASE.dll
0x00007ffeb9300000 - 0x00007ffeb930e000 	C:\Users\ishas\.vscode\extensions\redhat.java-1.56.0-win32-x64\jre\21.0.12.1-win32-x86_64\bin\sunmscapi.dll
0x00007fff1f860000 - 0x00007fff1f9de000 	C:\Windows\System32\CRYPT32.dll
0x00007fff1f020000 - 0x00007fff1f050000 	C:\Windows\SYSTEM32\ncrypt.dll
0x00007fff1efd0000 - 0x00007fff1f00f000 	C:\Windows\SYSTEM32\NTASN1.dll
0x00007fff01a10000 - 0x00007fff01a18000 	C:\Windows\system32\wshunix.dll

JVMTI agents:
C:\Users\ishas\.gradle\wrapper\dists\gradle-8.14.3-all\10utluxaxniiv4wxiphsi49nj\gradle-8.14.3\lib\agents\gradle-instrumentation-agent-8.14.3.jar path:C:\Users\ishas\.vscode\extensions\redhat.java-1.56.0-win32-x64\jre\21.0.12.1-win32-x86_64\bin\instrument.dll, loaded, initialized, instrumentlib options:none

dbghelp: loaded successfully - version: 4.0.5 - missing functions: none
symbol engine: initialized successfully - sym options: 0x614 - pdb path: .;C:\Users\ishas\.vscode\extensions\redhat.java-1.56.0-win32-x64\jre\21.0.12.1-win32-x86_64\bin;C:\Windows\SYSTEM32;C:\Windows\WinSxS\amd64_microsoft.windows.common-controls_6595b64144ccf1df_6.0.26100.9278_none_3e0d1ba8e3303201;C:\Users\ishas\.vscode\extensions\redhat.java-1.56.0-win32-x64\jre\21.0.12.1-win32-x86_64\bin\server;C:\Users\ishas\.gradle\native\1def1411415f61bf3af743bc5b6707747c0891f09f0c88961ee8f79bc544acac\windows-amd64;C:\Users\ishas\.gradle\native\0.2.7\x86_64-windows-gnu

VM Arguments:
jvm_args: --add-opens=java.base/java.lang=ALL-UNNAMED --add-opens=java.base/java.lang.invoke=ALL-UNNAMED --add-opens=java.base/java.util=ALL-UNNAMED --add-opens=java.prefs/java.util.prefs=ALL-UNNAMED --add-exports=jdk.compiler/com.sun.tools.javac.api=ALL-UNNAMED --add-exports=jdk.compiler/com.sun.tools.javac.util=ALL-UNNAMED --add-opens=java.base/java.util=ALL-UNNAMED --add-opens=java.prefs/java.util.prefs=ALL-UNNAMED --add-opens=java.base/java.nio.charset=ALL-UNNAMED --add-opens=java.base/java.net=ALL-UNNAMED --add-opens=java.base/java.util.concurrent.atomic=ALL-UNNAMED --add-opens=java.xml/javax.xml.namespace=ALL-UNNAMED -Xmx1536m -Dfile.encoding=UTF-8 -Duser.country=IN -Duser.language=en -Duser.variant -javaagent:C:\Users\ishas\.gradle\wrapper\dists\gradle-8.14.3-all\10utluxaxniiv4wxiphsi49nj\gradle-8.14.3\lib\agents\gradle-instrumentation-agent-8.14.3.jar 
java_command: org.gradle.launcher.daemon.bootstrap.GradleDaemon 8.14.3
java_class_path (initial): C:\Users\ishas\.gradle\wrapper\dists\gradle-8.14.3-all\10utluxaxniiv4wxiphsi49nj\gradle-8.14.3\lib\gradle-daemon-main-8.14.3.jar
Launcher Type: SUN_STANDARD

[Global flags]
     intx CICompilerCount                          = 4                                         {product} {ergonomic}
     uint ConcGCThreads                            = 3                                         {product} {ergonomic}
     uint G1ConcRefinementThreads                  = 10                                        {product} {ergonomic}
   size_t G1HeapRegionSize                         = 1048576                                   {product} {ergonomic}
    uintx GCDrainStackTargetSize                   = 64                                        {product} {ergonomic}
   size_t InitialHeapSize                          = 264241152                                 {product} {ergonomic}
   size_t MarkStackSize                            = 4194304                                   {product} {ergonomic}
   size_t MaxHeapSize                              = 1610612736                                {product} {command line}
   size_t MaxNewSize                               = 965738496                                 {product} {ergonomic}
   size_t MinHeapDeltaBytes                        = 1048576                                   {product} {ergonomic}
   size_t MinHeapSize                              = 8388608                                   {product} {ergonomic}
    uintx NonNMethodCodeHeapSize                   = 5839372                                {pd product} {ergonomic}
    uintx NonProfiledCodeHeapSize                  = 122909434                              {pd product} {ergonomic}
    uintx ProfiledCodeHeapSize                     = 122909434                              {pd product} {ergonomic}
    uintx ReservedCodeCacheSize                    = 251658240                              {pd product} {ergonomic}
     bool SegmentedCodeCache                       = true                                      {product} {ergonomic}
   size_t SoftMaxHeapSize                          = 1610612736                             {manageable} {ergonomic}
     bool UseCompressedOops                        = true                           {product lp64_product} {ergonomic}
     bool UseG1GC                                  = true                                      {product} {ergonomic}
     bool UseLargePagesIndividualAllocation        = false                                  {pd product} {ergonomic}

Logging:
Log output configuration:
 #0: stdout all=warning uptime,level,tags foldmultilines=false
 #1: stderr all=off uptime,level,tags foldmultilines=false

Release file:
JAVA_VERSION="21.0.12.1" 
MODULES="java.base java.compiler java.datatransfer java.xml java.prefs java.desktop java.instrument java.logging java.management java.security.sasl java.naming java.rmi java.management.rmi java.net.http java.scripting java.security.jgss java.transaction.xa java.sql java.sql.rowset java.xml.crypto java.se java.smartcardio jdk.accessibility jdk.internal.jvmstat jdk.attach jdk.charsets jdk.internal.opt jdk.zipfs jdk.compiler jdk.crypto.ec jdk.crypto.cryptoki jdk.crypto.mscapi jdk.dynalink jdk.internal.ed jdk.editpad jdk.hotspot.agent jdk.httpserver jdk.internal.le jdk.internal.vm.ci jdk.internal.vm.compiler jdk.internal.vm.compiler.management jdk.jartool jdk.javadoc jdk.jcmd jdk.management jdk.management.agent jdk.jconsole jdk.jdeps jdk.jdwp.agent jdk.jdi jdk.jfr jdk.jshell jdk.jsobject jdk.jstatd jdk.localedata jdk.management.jfr jdk.naming.dns jdk.naming.rmi jdk.net jdk.nio.mapmode jdk.random jdk.sctp jdk.security.auth jdk.security.jgss jdk.unsupported jdk.unsupported.desktop jdk.xml.dom" 

Environment Variables:
PATH=C:\Program Files\Microsoft\jdk-17.0.12.7-hotspot\bin;C:\Program Files\Eclipse Adoptium\jdk-17.0.17.10-hotspot\bin;C:\Windows\system32;C:\Windows;C:\Windows\System32\Wbem;C:\Windows\System32\WindowsPowerShell\v1.0\;C:\Windows\System32\OpenSSH\;C:\Program Files\nodejs\;C:\Users\ishas\Downloads\apache-maven-3.9.11-bin\apache-maven-3.9.11\bin;C:\Users\ishas\Downloads\apache-maven-3.9.11-bin\apache-maven-3.9.11\bin;C:\Program Files\MySQL\MySQL Server 8.0\bin;C:\Users\ishas\AppData\Local\Programs\Python\Python313;C:\Program Files\Git\cmd;C:\Users\ishas\AppData\Local\Programs\Python\Launcher\;C:\Program Files\MySQL\MySQL Shell 8.0\bin\;C:\Users\ishas\AppData\Local\Microsoft\WindowsApps;C:\Users\ishas\AppData\Local\Programs\Microsoft VS Code\bin;C:\Users\ishas\AppData\Roaming\npm
USERNAME=ishas
OS=Windows_NT
PROCESSOR_IDENTIFIER=Intel64 Family 6 Model 186 Stepping 2, GenuineIntel
TMP=C:\Users\ishas\AppData\Local\Temp
TEMP=C:\Users\ishas\AppData\Local\Temp




Periodic native trim disabled

---------------  S Y S T E M  ---------------

OS:
 Windows 11 , 64 bit Build 26100 (10.0.26100.9444)
OS uptime: 0 days 0:21 hours
Hyper-V role detected

CPU: total 12 (initial active 12) (6 cores per cpu, 2 threads per core) family 6 model 186 stepping 2 microcode 0x4122, cx8, cmov, fxsr, ht, mmx, 3dnowpref, sse, sse2, sse3, ssse3, sse4.1, sse4.2, popcnt, lzcnt, tsc, tscinvbit, avx, avx2, aes, erms, clmul, bmi1, bmi2, adx, sha, fma, vzeroupper, clflush, clflushopt, clwb, hv, serialize, rdtscp, rdpid, fsrm, f16c, cet_ibt, cet_ss
Processor Information for processor 0
  Max Mhz: 2100, Current Mhz: 2100, Mhz Limit: 2100
Processor Information for processor 1
  Max Mhz: 2100, Current Mhz: 2100, Mhz Limit: 2100
Processor Information for processor 2
  Max Mhz: 2100, Current Mhz: 2100, Mhz Limit: 2100
Processor Information for processor 3
  Max Mhz: 2100, Current Mhz: 2100, Mhz Limit: 2100
Processor Information for processor 4
  Max Mhz: 2100, Current Mhz: 2100, Mhz Limit: 2100
Processor Information for processor 5
  Max Mhz: 2100, Current Mhz: 2100, Mhz Limit: 2100
Processor Information for processor 6
  Max Mhz: 2100, Current Mhz: 2100, Mhz Limit: 2100
Processor Information for processor 7
  Max Mhz: 2100, Current Mhz: 2100, Mhz Limit: 2100
Processor Information for processor 8
  Max Mhz: 2100, Current Mhz: 2100, Mhz Limit: 2100
Processor Information for processor 9
  Max Mhz: 2100, Current Mhz: 1540, Mhz Limit: 2100
Processor Information for processor 10
  Max Mhz: 2100, Current Mhz: 2100, Mhz Limit: 2100
Processor Information for processor 11
  Max Mhz: 2100, Current Mhz: 2100, Mhz Limit: 2100

Memory: 4k page, system-wide physical 16076M (606M free)
TotalPageFile size 65228M (AvailPageFile size 0M)
current process WorkingSet (physical memory assigned to process): 174M, peak: 246M
current process commit charge ("private bytes"): 262M, peak: 423M

vm_info: OpenJDK 64-Bit Server VM (21.0.12.1+1-LTS) for windows-amd64 JRE (21.0.12.1+1-LTS), built on 2026-08-18T00:00:00Z by "admin" with MS VC++ 17.12 (VS2022)

END.
