#
# There is insufficient memory for the Java Runtime Environment to continue.
# Native memory allocation (malloc) failed to allocate 32784 bytes. Error detail: Chunk::new
# Possible reasons:
#   The system is out of physical RAM or swap space
#   This process is running with CompressedOops enabled, and the Java Heap may be blocking the growth of the native heap
# Possible solutions:
#   Reduce memory load on the system
#   Increase physical memory or swap space
#   Check if swap backing store is full
#   Decrease Java heap size (-Xmx/-Xms)
#   Decrease number of Java threads
#   Decrease Java thread stack sizes (-Xss)
#   Set larger code cache with -XX:ReservedCodeCacheSize=
#   JVM is running with Unscaled Compressed Oops mode in which the Java heap is
#     placed in the first 4GB address space. The Java Heap base address is the
#     maximum limit for the native heap growth. Please use -XX:HeapBaseMinAddress
#     to set the Java Heap base and to place the Java Heap above 4GB virtual address.
# This output file may be truncated or incomplete.
#
#  Out of Memory Error (arena.cpp:168), pid=38476, tid=16292
#
# JRE version: OpenJDK Runtime Environment Temurin-21.0.12.1+1 (21.0.12.1+1) (build 21.0.12.1+1-LTS)
# Java VM: OpenJDK 64-Bit Server VM Temurin-21.0.12.1+1 (21.0.12.1+1-LTS, mixed mode, sharing, tiered, compressed oops, compressed class ptrs, g1 gc, windows-amd64)
# No core dump will be written. Minidumps are not enabled by default on client versions of Windows
#

---------------  S U M M A R Y ------------

Command Line: --add-opens=java.base/java.lang=ALL-UNNAMED --add-opens=java.base/java.lang.invoke=ALL-UNNAMED --add-opens=java.base/java.util=ALL-UNNAMED --add-opens=java.prefs/java.util.prefs=ALL-UNNAMED --add-exports=jdk.compiler/com.sun.tools.javac.api=ALL-UNNAMED --add-exports=jdk.compiler/com.sun.tools.javac.util=ALL-UNNAMED --add-opens=java.base/java.util=ALL-UNNAMED --add-opens=java.prefs/java.util.prefs=ALL-UNNAMED --add-opens=java.base/java.nio.charset=ALL-UNNAMED --add-opens=java.base/java.net=ALL-UNNAMED --add-opens=java.base/java.util.concurrent.atomic=ALL-UNNAMED --add-opens=java.xml/javax.xml.namespace=ALL-UNNAMED -Xmx1536m -Dfile.encoding=UTF-8 -Duser.country=IN -Duser.language=en -Duser.variant -javaagent:C:\Users\ishas\.gradle\wrapper\dists\gradle-8.14.3-all\10utluxaxniiv4wxiphsi49nj\gradle-8.14.3\lib\agents\gradle-instrumentation-agent-8.14.3.jar org.gradle.launcher.daemon.bootstrap.GradleDaemon 8.14.3

Host: 13th Gen Intel(R) Core(TM) i5-13420H, 12 cores, 15G,  Windows 11 , 64 bit Build 26100 (10.0.26100.9444)
Time: Mon Sep 14 17:51:44 2026 India Standard Time elapsed time: 432.078804 seconds (0d 0h 7m 12s)

---------------  T H R E A D  ---------------

Current thread (0x0000021619030e20):  JavaThread "C2 CompilerThread0" daemon [_thread_in_native, id=16292, stack(0x000000afd9700000,0x000000afd9800000) (1024K)]


Current CompileTask:
C2:432078 4282       4       java.util.HashMap$ValueSpliterator::forEachRemaining (186 bytes)

Stack: [0x000000afd9700000,0x000000afd9800000]
Native frames: (J=compiled Java code, j=interpreted, Vv=VM code, C=native code)
V  [jvm.dll+0x6d83e9]
V  [jvm.dll+0x8b5736]
V  [jvm.dll+0x8b7cee]
V  [jvm.dll+0x8b83d3]
V  [jvm.dll+0x284596]
V  [jvm.dll+0xc685d]
V  [jvm.dll+0xc6da1]
V  [jvm.dll+0xd283d]
V  [jvm.dll+0x5ff0af]
V  [jvm.dll+0x255d67]
V  [jvm.dll+0x24ddab]
V  [jvm.dll+0x24bbe6]
V  [jvm.dll+0x1cb4ae]
V  [jvm.dll+0x25baad]
V  [jvm.dll+0x25a03a]
V  [jvm.dll+0x3f8aae]
V  [jvm.dll+0x8600cd]
V  [jvm.dll+0x6d6c1d]
C  [ucrtbase.dll+0x2cd30]
C  [KERNEL32.DLL+0x2cd87]
C  [ntdll.dll+0xacaec]


---------------  P R O C E S S  ---------------

Threads class SMR info:
_java_thread_list=0x000002161e422dc0, length=29, elements={
0x00000215c0a2e3b0, 0x0000021619025ea0, 0x0000021619029830, 0x000002161902d450,
0x000002161902deb0, 0x000002161902f630, 0x0000021619030090, 0x0000021619030e20,
0x00000216190318c0, 0x00000216192d6940, 0x0000021619223170, 0x000002161eccfc60,
0x0000021619233690, 0x000002161efc13e0, 0x00000216195394b0, 0x000002161926f890,
0x000002161954a8f0, 0x000002161954a260, 0x000002161954bca0, 0x000002161954b610,
0x000002161954af80, 0x000002161954c330, 0x000002161954c9c0, 0x0000021619549bd0,
0x000002161f57cd00, 0x000002161f57d390, 0x000002161f57e740, 0x000002161f57da20,
0x000002161f57e0b0
}

Java Threads: ( => current thread )
  0x00000215c0a2e3b0 JavaThread "main"                              [_thread_blocked, id=39752, stack(0x000000afd8900000,0x000000afd8a00000) (1024K)]
  0x0000021619025ea0 JavaThread "Reference Handler"          daemon [_thread_blocked, id=35984, stack(0x000000afd9100000,0x000000afd9200000) (1024K)]
  0x0000021619029830 JavaThread "Finalizer"                  daemon [_thread_blocked, id=36176, stack(0x000000afd9200000,0x000000afd9300000) (1024K)]
  0x000002161902d450 JavaThread "Signal Dispatcher"          daemon [_thread_blocked, id=37772, stack(0x000000afd9300000,0x000000afd9400000) (1024K)]
  0x000002161902deb0 JavaThread "Attach Listener"            daemon [_thread_blocked, id=37684, stack(0x000000afd9400000,0x000000afd9500000) (1024K)]
  0x000002161902f630 JavaThread "Service Thread"             daemon [_thread_blocked, id=36440, stack(0x000000afd9500000,0x000000afd9600000) (1024K)]
  0x0000021619030090 JavaThread "Monitor Deflation Thread"   daemon [_thread_blocked, id=38712, stack(0x000000afd9600000,0x000000afd9700000) (1024K)]
=>0x0000021619030e20 JavaThread "C2 CompilerThread0"         daemon [_thread_in_native, id=16292, stack(0x000000afd9700000,0x000000afd9800000) (1024K)]
  0x00000216190318c0 JavaThread "C1 CompilerThread0"         daemon [_thread_blocked, id=18632, stack(0x000000afd9800000,0x000000afd9900000) (1024K)]
  0x00000216192d6940 JavaThread "Common-Cleaner"             daemon [_thread_blocked, id=39060, stack(0x000000afd9900000,0x000000afd9a00000) (1024K)]
  0x0000021619223170 JavaThread "Notification Thread"        daemon [_thread_blocked, id=38168, stack(0x000000afd9a00000,0x000000afd9b00000) (1024K)]
  0x000002161eccfc60 JavaThread "Daemon health stats"               [_thread_blocked, id=40344, stack(0x000000afda000000,0x000000afda100000) (1024K)]
  0x0000021619233690 JavaThread "Incoming local TCP Connector on port 54610"        [_thread_in_native, id=41048, stack(0x000000afda400000,0x000000afda500000) (1024K)]
  0x000002161efc13e0 JavaThread "Daemon periodic checks"            [_thread_blocked, id=41808, stack(0x000000afda500000,0x000000afda600000) (1024K)]
  0x00000216195394b0 JavaThread "Daemon"                            [_thread_blocked, id=39664, stack(0x000000afda700000,0x000000afda800000) (1024K)]
  0x000002161926f890 JavaThread "Handler for socket connection from /127.0.0.1:54610 to /127.0.0.1:54696"        [_thread_in_native, id=45572, stack(0x000000afda800000,0x000000afda900000) (1024K)]
  0x000002161954a8f0 JavaThread "Cancel handler"                    [_thread_blocked, id=45660, stack(0x000000afda900000,0x000000afdaa00000) (1024K)]
  0x000002161954a260 JavaThread "Daemon worker"                     [_thread_blocked, id=39380, stack(0x000000afda600000,0x000000afda700000) (1024K)]
  0x000002161954bca0 JavaThread "Asynchronous log dispatcher for DefaultDaemonConnection: socket connection from /127.0.0.1:54610 to /127.0.0.1:54696"        [_thread_blocked, id=45568, stack(0x000000afdaa00000,0x000000afdab00000) (1024K)]
  0x000002161954b610 JavaThread "Stdin handler"                     [_thread_blocked, id=41092, stack(0x000000afdab00000,0x000000afdac00000) (1024K)]
  0x000002161954af80 JavaThread "Daemon client event forwarder"        [_thread_blocked, id=45632, stack(0x000000afdac00000,0x000000afdad00000) (1024K)]
  0x000002161954c330 JavaThread "Cache worker for journal cache (C:\Users\ishas\.gradle\caches\journal-1)"        [_thread_blocked, id=46372, stack(0x000000afdad00000,0x000000afdae00000) (1024K)]
  0x000002161954c9c0 JavaThread "File lock request listener"        [_thread_in_native, id=39744, stack(0x000000afdae00000,0x000000afdaf00000) (1024K)]
  0x0000021619549bd0 JavaThread "Cache worker for file hash cache (C:\Users\ishas\.gradle\caches\8.14.3\fileHashes)"        [_thread_blocked, id=29556, stack(0x000000afdb000000,0x000000afdb100000) (1024K)]
  0x000002161f57cd00 JavaThread "Cache worker for file hash cache (C:\Users\ishas\Downloads\ai-yoga-assistant-razorpay-v9\yoga3\android\.gradle\8.14.3\fileHashes)"        [_thread_blocked, id=48020, stack(0x000000afdb400000,0x000000afdb500000) (1024K)]
  0x000002161f57d390 JavaThread "Cache worker for Build Output Cleanup Cache (C:\Users\ishas\Downloads\ai-yoga-assistant-razorpay-v9\yoga3\android\.gradle\buildOutputCleanup)"        [_thread_blocked, id=18872, stack(0x000000afdb500000,0x000000afdb600000) (1024K)]
  0x000002161f57e740 JavaThread "File watcher server"        daemon [_thread_in_native, id=48044, stack(0x000000afdb600000,0x000000afdb700000) (1024K)]
  0x000002161f57da20 JavaThread "File watcher consumer"      daemon [_thread_blocked, id=47880, stack(0x000000afdb700000,0x000000afdb800000) (1024K)]
  0x000002161f57e0b0 JavaThread "jar transforms"                    [_thread_blocked, id=49352, stack(0x000000afdb800000,0x000000afdb900000) (1024K)]
Total: 29

Other Threads:
  0x0000021619004fe0 VMThread "VM Thread"                           [id=10028, stack(0x000000afd9000000,0x000000afd9100000) (1024K)]
  0x00000215d7c324d0 WatcherThread "VM Periodic Task Thread"        [id=39140, stack(0x000000afd8f00000,0x000000afd9000000) (1024K)]
  0x00000215c0a75b00 WorkerThread "GC Thread#0"                     [id=39164, stack(0x000000afd8a00000,0x000000afd8b00000) (1024K)]
  0x0000021619312560 WorkerThread "GC Thread#1"                     [id=37092, stack(0x000000afd9b00000,0x000000afd9c00000) (1024K)]
  0x0000021619312910 WorkerThread "GC Thread#2"                     [id=28848, stack(0x000000afd9c00000,0x000000afd9d00000) (1024K)]
  0x0000021619312cc0 WorkerThread "GC Thread#3"                     [id=38760, stack(0x000000afd9d00000,0x000000afd9e00000) (1024K)]
  0x00000216193e1e70 WorkerThread "GC Thread#4"                     [id=35240, stack(0x000000afd9e00000,0x000000afd9f00000) (1024K)]
  0x00000216193e2220 WorkerThread "GC Thread#5"                     [id=39940, stack(0x000000afd9f00000,0x000000afda000000) (1024K)]
  0x00000216197e40f0 WorkerThread "GC Thread#6"                     [id=40352, stack(0x000000afda100000,0x000000afda200000) (1024K)]
  0x000002161edbb9d0 WorkerThread "GC Thread#7"                     [id=40364, stack(0x000000afda200000,0x000000afda300000) (1024K)]
  0x0000021619166ac0 WorkerThread "GC Thread#8"                     [id=40368, stack(0x000000afda300000,0x000000afda400000) (1024K)]
  0x000002161ee1cfe0 WorkerThread "GC Thread#9"                     [id=47900, stack(0x000000afdb100000,0x000000afdb200000) (1024K)]
  0x00000215c0a83e10 ConcurrentGCThread "G1 Main Marker"            [id=39624, stack(0x000000afd8b00000,0x000000afd8c00000) (1024K)]
  0x00000215c0a856b0 WorkerThread "G1 Conc#0"                       [id=37788, stack(0x000000afd8c00000,0x000000afd8d00000) (1024K)]
  0x000002161ee19890 WorkerThread "G1 Conc#1"                       [id=47908, stack(0x000000afdb200000,0x000000afdb300000) (1024K)]
  0x000002161ee19ff0 WorkerThread "G1 Conc#2"                       [id=47912, stack(0x000000afdb300000,0x000000afdb400000) (1024K)]
  0x00000215d7b017a0 ConcurrentGCThread "G1 Refine#0"               [id=37820, stack(0x000000afd8d00000,0x000000afd8e00000) (1024K)]
  0x00000215d7b02fe0 ConcurrentGCThread "G1 Service"                [id=1552, stack(0x000000afd8e00000,0x000000afd8f00000) (1024K)]
Total: 18

Threads with active compile tasks:
C2 CompilerThread0  432554 4282       4       java.util.HashMap$ValueSpliterator::forEachRemaining (186 bytes)
Total: 1

VM state: not at safepoint (normal execution)

VM Mutex/Monitor currently owned by a thread: None

Heap address: 0x00000000a0000000, size: 1536 MB, Compressed Oops mode: 32-bit

CDS archive(s) mapped at: [0x00000215d8000000-0x00000215d8ba0000-0x00000215d8ba0000), size 12189696, SharedBaseAddress: 0x00000215d8000000, ArchiveRelocationMode: 1.
Compressed class space mapped at: 0x00000215d9000000-0x0000021619000000, reserved size: 1073741824
Narrow klass base: 0x00000215d8000000, Narrow klass shift: 0, Narrow klass range: 0x100000000

GC Precious Log:
 CardTable entry size: 512
 Card Set container configuration: InlinePtr #cards 5 size 8 Array Of Cards #cards 12 size 40 Howl #buckets 4 coarsen threshold 1843 Howl Bitmap #cards 512 size 80 coarsen threshold 460 Card regions per heap region 1 cards per card region 2048
 CPUs: 12 total, 12 available
 Memory: 16076M
 Large Page Support: Disabled
 NUMA Support: Disabled
 Compressed Oops: Enabled (32-bit)
 Heap Region Size: 1M
 Heap Min Capacity: 8M
 Heap Initial Capacity: 252M
 Heap Max Capacity: 1536M
 Pre-touch: Disabled
 Parallel Workers: 10
 Concurrent Workers: 3
 Concurrent Refinement Workers: 10
 Periodic GC: Disabled

Heap:
 garbage-first heap   total 97280K, used 53658K [0x00000000a0000000, 0x0000000100000000)
  region size 1024K, 36 young (36864K), 9 survivors (9216K)
 Metaspace       used 26924K, committed 27840K, reserved 1114112K
  class space    used 4035K, committed 4480K, reserved 1048576K

Heap Regions: E=young(eden), S=young(survivor), O=old, HS=humongous(starts), HC=humongous(continues), CS=collection set, F=free, TAMS=top-at-mark-start, PB=parsable bottom
|   0|0x00000000a0000000, 0x00000000a0100000, 0x00000000a0100000|100%|HS|  |TAMS 0x00000000a0000000| PB 0x00000000a0000000| Complete 
|   1|0x00000000a0100000, 0x00000000a0200000, 0x00000000a0200000|100%|HC|  |TAMS 0x00000000a0100000| PB 0x00000000a0100000| Complete 
|   2|0x00000000a0200000, 0x00000000a0300000, 0x00000000a0300000|100%|HC|  |TAMS 0x00000000a0200000| PB 0x00000000a0200000| Complete 
|   3|0x00000000a0300000, 0x00000000a0400000, 0x00000000a0400000|100%| O|  |TAMS 0x00000000a0300000| PB 0x00000000a0300000| Untracked 
|   4|0x00000000a0400000, 0x00000000a0500000, 0x00000000a0500000|100%| O|  |TAMS 0x00000000a0400000| PB 0x00000000a0400000| Untracked 
|   5|0x00000000a0500000, 0x00000000a0600000, 0x00000000a0600000|100%| O|  |TAMS 0x00000000a0500000| PB 0x00000000a0500000| Untracked 
|   6|0x00000000a0600000, 0x00000000a0700000, 0x00000000a0700000|100%|HS|  |TAMS 0x00000000a0600000| PB 0x00000000a0600000| Complete 
|   7|0x00000000a0700000, 0x00000000a0700000, 0x00000000a0800000|  0%| F|  |TAMS 0x00000000a0700000| PB 0x00000000a0700000| Untracked 
|   8|0x00000000a0800000, 0x00000000a0900000, 0x00000000a0900000|100%| O|  |TAMS 0x00000000a0800000| PB 0x00000000a0800000| Untracked 
|   9|0x00000000a0900000, 0x00000000a0a00000, 0x00000000a0a00000|100%| O|  |TAMS 0x00000000a0900000| PB 0x00000000a0900000| Untracked 
|  10|0x00000000a0a00000, 0x00000000a0b00000, 0x00000000a0b00000|100%| O|  |TAMS 0x00000000a0a00000| PB 0x00000000a0a00000| Untracked 
|  11|0x00000000a0b00000, 0x00000000a0c00000, 0x00000000a0c00000|100%| O|  |TAMS 0x00000000a0b00000| PB 0x00000000a0b00000| Untracked 
|  12|0x00000000a0c00000, 0x00000000a0cb2f48, 0x00000000a0d00000| 69%| O|Cm|TAMS 0x00000000a0c00000| PB 0x00000000a0c00000| Complete 
|  13|0x00000000a0d00000, 0x00000000a0d00000, 0x00000000a0e00000|  0%| F|  |TAMS 0x00000000a0d00000| PB 0x00000000a0d00000| Untracked 
|  14|0x00000000a0e00000, 0x00000000a0e00000, 0x00000000a0f00000|  0%| F|  |TAMS 0x00000000a0e00000| PB 0x00000000a0e00000| Untracked 
|  15|0x00000000a0f00000, 0x00000000a0f00000, 0x00000000a1000000|  0%| F|  |TAMS 0x00000000a0f00000| PB 0x00000000a0f00000| Untracked 
|  16|0x00000000a1000000, 0x00000000a1000000, 0x00000000a1100000|  0%| F|  |TAMS 0x00000000a1000000| PB 0x00000000a1000000| Untracked 
|  17|0x00000000a1100000, 0x00000000a1100000, 0x00000000a1200000|  0%| F|  |TAMS 0x00000000a1100000| PB 0x00000000a1100000| Untracked 
|  18|0x00000000a1200000, 0x00000000a1200000, 0x00000000a1300000|  0%| F|  |TAMS 0x00000000a1200000| PB 0x00000000a1200000| Untracked 
|  19|0x00000000a1300000, 0x00000000a1300000, 0x00000000a1400000|  0%| F|  |TAMS 0x00000000a1300000| PB 0x00000000a1300000| Untracked 
|  20|0x00000000a1400000, 0x00000000a1400000, 0x00000000a1500000|  0%| F|  |TAMS 0x00000000a1400000| PB 0x00000000a1400000| Untracked 
|  21|0x00000000a1500000, 0x00000000a1500000, 0x00000000a1600000|  0%| F|  |TAMS 0x00000000a1500000| PB 0x00000000a1500000| Untracked 
|  22|0x00000000a1600000, 0x00000000a1600000, 0x00000000a1700000|  0%| F|  |TAMS 0x00000000a1600000| PB 0x00000000a1600000| Untracked 
|  23|0x00000000a1700000, 0x00000000a1700000, 0x00000000a1800000|  0%| F|  |TAMS 0x00000000a1700000| PB 0x00000000a1700000| Untracked 
|  24|0x00000000a1800000, 0x00000000a1800000, 0x00000000a1900000|  0%| F|  |TAMS 0x00000000a1800000| PB 0x00000000a1800000| Untracked 
|  25|0x00000000a1900000, 0x00000000a1900000, 0x00000000a1a00000|  0%| F|  |TAMS 0x00000000a1900000| PB 0x00000000a1900000| Untracked 
|  26|0x00000000a1a00000, 0x00000000a1a00000, 0x00000000a1b00000|  0%| F|  |TAMS 0x00000000a1a00000| PB 0x00000000a1a00000| Untracked 
|  27|0x00000000a1b00000, 0x00000000a1b00000, 0x00000000a1c00000|  0%| F|  |TAMS 0x00000000a1b00000| PB 0x00000000a1b00000| Untracked 
|  28|0x00000000a1c00000, 0x00000000a1c00000, 0x00000000a1d00000|  0%| F|  |TAMS 0x00000000a1c00000| PB 0x00000000a1c00000| Untracked 
|  29|0x00000000a1d00000, 0x00000000a1d00000, 0x00000000a1e00000|  0%| F|  |TAMS 0x00000000a1d00000| PB 0x00000000a1d00000| Untracked 
|  30|0x00000000a1e00000, 0x00000000a1e00000, 0x00000000a1f00000|  0%| F|  |TAMS 0x00000000a1e00000| PB 0x00000000a1e00000| Untracked 
|  31|0x00000000a1f00000, 0x00000000a1f00000, 0x00000000a2000000|  0%| F|  |TAMS 0x00000000a1f00000| PB 0x00000000a1f00000| Untracked 
|  32|0x00000000a2000000, 0x00000000a2000000, 0x00000000a2100000|  0%| F|  |TAMS 0x00000000a2000000| PB 0x00000000a2000000| Untracked 
|  33|0x00000000a2100000, 0x00000000a2100000, 0x00000000a2200000|  0%| F|  |TAMS 0x00000000a2100000| PB 0x00000000a2100000| Untracked 
|  34|0x00000000a2200000, 0x00000000a2200000, 0x00000000a2300000|  0%| F|  |TAMS 0x00000000a2200000| PB 0x00000000a2200000| Untracked 
|  35|0x00000000a2300000, 0x00000000a2300000, 0x00000000a2400000|  0%| F|  |TAMS 0x00000000a2300000| PB 0x00000000a2300000| Untracked 
|  36|0x00000000a2400000, 0x00000000a2400000, 0x00000000a2500000|  0%| F|  |TAMS 0x00000000a2400000| PB 0x00000000a2400000| Untracked 
|  37|0x00000000a2500000, 0x00000000a2500000, 0x00000000a2600000|  0%| F|  |TAMS 0x00000000a2500000| PB 0x00000000a2500000| Untracked 
|  38|0x00000000a2600000, 0x00000000a2600000, 0x00000000a2700000|  0%| F|  |TAMS 0x00000000a2600000| PB 0x00000000a2600000| Untracked 
|  39|0x00000000a2700000, 0x00000000a2700000, 0x00000000a2800000|  0%| F|  |TAMS 0x00000000a2700000| PB 0x00000000a2700000| Untracked 
|  40|0x00000000a2800000, 0x00000000a2800000, 0x00000000a2900000|  0%| F|  |TAMS 0x00000000a2800000| PB 0x00000000a2800000| Untracked 
|  41|0x00000000a2900000, 0x00000000a2900000, 0x00000000a2a00000|  0%| F|  |TAMS 0x00000000a2900000| PB 0x00000000a2900000| Untracked 
|  42|0x00000000a2a00000, 0x00000000a2a00000, 0x00000000a2b00000|  0%| F|  |TAMS 0x00000000a2a00000| PB 0x00000000a2a00000| Untracked 
|  43|0x00000000a2b00000, 0x00000000a2b00000, 0x00000000a2c00000|  0%| F|  |TAMS 0x00000000a2b00000| PB 0x00000000a2b00000| Untracked 
|  44|0x00000000a2c00000, 0x00000000a2c00000, 0x00000000a2d00000|  0%| F|  |TAMS 0x00000000a2c00000| PB 0x00000000a2c00000| Untracked 
|  45|0x00000000a2d00000, 0x00000000a2d00000, 0x00000000a2e00000|  0%| F|  |TAMS 0x00000000a2d00000| PB 0x00000000a2d00000| Untracked 
|  46|0x00000000a2e00000, 0x00000000a2e00000, 0x00000000a2f00000|  0%| F|  |TAMS 0x00000000a2e00000| PB 0x00000000a2e00000| Untracked 
|  47|0x00000000a2f00000, 0x00000000a2f00000, 0x00000000a3000000|  0%| F|  |TAMS 0x00000000a2f00000| PB 0x00000000a2f00000| Untracked 
|  48|0x00000000a3000000, 0x00000000a3000000, 0x00000000a3100000|  0%| F|  |TAMS 0x00000000a3000000| PB 0x00000000a3000000| Untracked 
|  49|0x00000000a3100000, 0x00000000a3100000, 0x00000000a3200000|  0%| F|  |TAMS 0x00000000a3100000| PB 0x00000000a3100000| Untracked 
|  50|0x00000000a3200000, 0x00000000a3200000, 0x00000000a3300000|  0%| F|  |TAMS 0x00000000a3200000| PB 0x00000000a3200000| Untracked 
|  51|0x00000000a3300000, 0x00000000a3300000, 0x00000000a3400000|  0%| F|  |TAMS 0x00000000a3300000| PB 0x00000000a3300000| Untracked 
|  52|0x00000000a3400000, 0x00000000a3400000, 0x00000000a3500000|  0%| F|  |TAMS 0x00000000a3400000| PB 0x00000000a3400000| Untracked 
|  53|0x00000000a3500000, 0x00000000a3600000, 0x00000000a3600000|100%| E|  |TAMS 0x00000000a3500000| PB 0x00000000a3500000| Complete 
|  54|0x00000000a3600000, 0x00000000a3700000, 0x00000000a3700000|100%| E|CS|TAMS 0x00000000a3600000| PB 0x00000000a3600000| Complete 
|  55|0x00000000a3700000, 0x00000000a3800000, 0x00000000a3800000|100%| E|CS|TAMS 0x00000000a3700000| PB 0x00000000a3700000| Complete 
|  56|0x00000000a3800000, 0x00000000a3900000, 0x00000000a3900000|100%| E|CS|TAMS 0x00000000a3800000| PB 0x00000000a3800000| Complete 
|  57|0x00000000a3900000, 0x00000000a3a00000, 0x00000000a3a00000|100%| E|CS|TAMS 0x00000000a3900000| PB 0x00000000a3900000| Complete 
|  58|0x00000000a3a00000, 0x00000000a3b00000, 0x00000000a3b00000|100%| E|CS|TAMS 0x00000000a3a00000| PB 0x00000000a3a00000| Complete 
|  59|0x00000000a3b00000, 0x00000000a3c00000, 0x00000000a3c00000|100%| E|CS|TAMS 0x00000000a3b00000| PB 0x00000000a3b00000| Complete 
|  60|0x00000000a3c00000, 0x00000000a3d00000, 0x00000000a3d00000|100%| E|CS|TAMS 0x00000000a3c00000| PB 0x00000000a3c00000| Complete 
|  61|0x00000000a3d00000, 0x00000000a3e00000, 0x00000000a3e00000|100%| E|CS|TAMS 0x00000000a3d00000| PB 0x00000000a3d00000| Complete 
|  62|0x00000000a3e00000, 0x00000000a3f00000, 0x00000000a3f00000|100%| E|CS|TAMS 0x00000000a3e00000| PB 0x00000000a3e00000| Complete 
|  63|0x00000000a3f00000, 0x00000000a4000000, 0x00000000a4000000|100%| E|CS|TAMS 0x00000000a3f00000| PB 0x00000000a3f00000| Complete 
|  64|0x00000000a4000000, 0x00000000a4100000, 0x00000000a4100000|100%| E|CS|TAMS 0x00000000a4000000| PB 0x00000000a4000000| Complete 
|  65|0x00000000a4100000, 0x00000000a4200000, 0x00000000a4200000|100%| E|CS|TAMS 0x00000000a4100000| PB 0x00000000a4100000| Complete 
|  66|0x00000000a4200000, 0x00000000a4300000, 0x00000000a4300000|100%| E|CS|TAMS 0x00000000a4200000| PB 0x00000000a4200000| Complete 
|  67|0x00000000a4300000, 0x00000000a4400000, 0x00000000a4400000|100%| S|CS|TAMS 0x00000000a4300000| PB 0x00000000a4300000| Complete 
|  68|0x00000000a4400000, 0x00000000a4500000, 0x00000000a4500000|100%| S|CS|TAMS 0x00000000a4400000| PB 0x00000000a4400000| Complete 
|  69|0x00000000a4500000, 0x00000000a4600000, 0x00000000a4600000|100%| S|CS|TAMS 0x00000000a4500000| PB 0x00000000a4500000| Complete 
|  70|0x00000000a4600000, 0x00000000a4700000, 0x00000000a4700000|100%| S|CS|TAMS 0x00000000a4600000| PB 0x00000000a4600000| Complete 
|  71|0x00000000a4700000, 0x00000000a4800000, 0x00000000a4800000|100%| S|CS|TAMS 0x00000000a4700000| PB 0x00000000a4700000| Complete 
|  72|0x00000000a4800000, 0x00000000a4900000, 0x00000000a4900000|100%| S|CS|TAMS 0x00000000a4800000| PB 0x00000000a4800000| Complete 
|  73|0x00000000a4900000, 0x00000000a4a00000, 0x00000000a4a00000|100%| S|CS|TAMS 0x00000000a4900000| PB 0x00000000a4900000| Complete 
|  74|0x00000000a4a00000, 0x00000000a4b00000, 0x00000000a4b00000|100%| S|CS|TAMS 0x00000000a4a00000| PB 0x00000000a4a00000| Complete 
|  75|0x00000000a4b00000, 0x00000000a4bd2618, 0x00000000a4c00000| 82%| S|CS|TAMS 0x00000000a4b00000| PB 0x00000000a4b00000| Complete 
| 141|0x00000000a8d00000, 0x00000000a8e00000, 0x00000000a8e00000|100%| E|CS|TAMS 0x00000000a8d00000| PB 0x00000000a8d00000| Complete 
| 142|0x00000000a8e00000, 0x00000000a8f00000, 0x00000000a8f00000|100%| E|CS|TAMS 0x00000000a8e00000| PB 0x00000000a8e00000| Complete 
| 143|0x00000000a8f00000, 0x00000000a9000000, 0x00000000a9000000|100%| E|CS|TAMS 0x00000000a8f00000| PB 0x00000000a8f00000| Complete 
| 144|0x00000000a9000000, 0x00000000a9100000, 0x00000000a9100000|100%| E|CS|TAMS 0x00000000a9000000| PB 0x00000000a9000000| Complete 
| 145|0x00000000a9100000, 0x00000000a9200000, 0x00000000a9200000|100%| E|CS|TAMS 0x00000000a9100000| PB 0x00000000a9100000| Complete 
| 146|0x00000000a9200000, 0x00000000a9300000, 0x00000000a9300000|100%| E|CS|TAMS 0x00000000a9200000| PB 0x00000000a9200000| Complete 
| 147|0x00000000a9300000, 0x00000000a9400000, 0x00000000a9400000|100%| E|CS|TAMS 0x00000000a9300000| PB 0x00000000a9300000| Complete 
| 148|0x00000000a9400000, 0x00000000a9500000, 0x00000000a9500000|100%| E|CS|TAMS 0x00000000a9400000| PB 0x00000000a9400000| Complete 
| 149|0x00000000a9500000, 0x00000000a9600000, 0x00000000a9600000|100%| E|CS|TAMS 0x00000000a9500000| PB 0x00000000a9500000| Complete 
| 150|0x00000000a9600000, 0x00000000a9700000, 0x00000000a9700000|100%| E|CS|TAMS 0x00000000a9600000| PB 0x00000000a9600000| Complete 
| 151|0x00000000a9700000, 0x00000000a9800000, 0x00000000a9800000|100%| E|CS|TAMS 0x00000000a9700000| PB 0x00000000a9700000| Complete 
| 152|0x00000000a9800000, 0x00000000a9900000, 0x00000000a9900000|100%| E|CS|TAMS 0x00000000a9800000| PB 0x00000000a9800000| Complete 
| 251|0x00000000afb00000, 0x00000000afc00000, 0x00000000afc00000|100%| E|CS|TAMS 0x00000000afb00000| PB 0x00000000afb00000| Complete 
|1530|0x00000000ffa00000, 0x00000000ffae1500, 0x00000000ffb00000| 88%| O|  |TAMS 0x00000000ffa00000| PB 0x00000000ffa00000| Untracked 
|1531|0x00000000ffb00000, 0x00000000ffc00000, 0x00000000ffc00000|100%| O|  |TAMS 0x00000000ffb00000| PB 0x00000000ffb00000| Untracked 
|1532|0x00000000ffc00000, 0x00000000ffd00000, 0x00000000ffd00000|100%| O|  |TAMS 0x00000000ffc00000| PB 0x00000000ffc00000| Untracked 
|1533|0x00000000ffd00000, 0x00000000ffe00000, 0x00000000ffe00000|100%| O|  |TAMS 0x00000000ffd00000| PB 0x00000000ffd00000| Untracked 
|1534|0x00000000ffe00000, 0x00000000fff00000, 0x00000000fff00000|100%| O|  |TAMS 0x00000000ffe00000| PB 0x00000000ffe00000| Untracked 
|1535|0x00000000fff00000, 0x0000000100000000, 0x0000000100000000|100%| O|  |TAMS 0x00000000fff00000| PB 0x00000000fff00000| Untracked 

Card table byte_map: [0x00000215d3480000,0x00000215d3780000] _byte_map_base: 0x00000215d2f80000

Marking Bits: (CMBitMap*) 0x00000215c0a76120
 Bits: [0x00000215d3780000, 0x00000215d4f80000)

Polling page: 0x00000215be810000

Metaspace:

Usage:
  Non-class:     22.35 MB used.
      Class:      3.94 MB used.
       Both:     26.29 MB used.

Virtual space:
  Non-class space:       64.00 MB reserved,      22.81 MB ( 36%) committed,  1 nodes.
      Class space:        1.00 GB reserved,       4.38 MB ( <1%) committed,  1 nodes.
             Both:        1.06 GB reserved,      27.19 MB (  2%) committed. 

Chunk freelists:
   Non-Class:  8.34 MB
       Class:  11.45 MB
        Both:  19.80 MB

MaxMetaspaceSize: unlimited
CompressedClassSpaceSize: 1.00 GB
Initial GC threshold: 21.00 MB
Current GC threshold: 35.12 MB
CDS: on
 - commit_granule_bytes: 65536.
 - commit_granule_words: 8192.
 - virtual_space_node_default_size: 8388608.
 - enlarge_chunks_in_place: 1.
 - use_allocation_guard: 0.


Internal statistics:

num_allocs_failed_limit: 3.
num_arena_births: 1486.
num_arena_deaths: 0.
num_vsnodes_births: 2.
num_vsnodes_deaths: 0.
num_space_committed: 435.
num_space_uncommitted: 0.
num_chunks_returned_to_freelist: 3.
num_chunks_taken_from_freelist: 2668.
num_chunk_merges: 3.
num_chunk_splits: 1733.
num_chunks_enlarged: 1109.
num_inconsistent_stats: 0.

CodeHeap 'non-profiled nmethods': size=120000Kb used=2480Kb max_used=2480Kb free=117519Kb
 bounds [0x00000215cb700000, 0x00000215cb970000, 0x00000215d2c30000]
CodeHeap 'profiled nmethods': size=120000Kb used=8397Kb max_used=8397Kb free=111602Kb
 bounds [0x00000215c3c30000, 0x00000215c4470000, 0x00000215cb160000]
CodeHeap 'non-nmethods': size=5760Kb used=1432Kb max_used=1475Kb free=4328Kb
 bounds [0x00000215cb160000, 0x00000215cb3d0000, 0x00000215cb700000]
CodeCache: size=245760Kb, used=12309Kb, max_used=12352Kb, free=233449Kb
 total_blobs=4865, nmethods=4279, adapters=490, full_count=0
Compilation: enabled, stopped_count=0, restarted_count=0

Compilation events (20 events):
Event: 394.078 Thread 0x00000216190318c0 nmethod 4271 0x00000215c445fe10 code [0x00000215c4460040, 0x00000215c4460880]
Event: 395.190 Thread 0x00000216190318c0 4273       3       java.util.concurrent.LinkedBlockingDeque::unlinkFirst (74 bytes)
Event: 395.194 Thread 0x00000216190318c0 nmethod 4273 0x00000215c4460c10 code [0x00000215c4460e20, 0x00000215c4461428]
Event: 395.194 Thread 0x00000216190318c0 4274   !   3       java.util.concurrent.LinkedBlockingDeque::peekLast (41 bytes)
Event: 395.195 Thread 0x00000216190318c0 nmethod 4274 0x00000215c4461610 code [0x00000215c4461840, 0x00000215c4462190]
Event: 396.049 Thread 0x00000216190318c0 4275       3       org.gradle.cache.internal.locklistener.DefaultFileLockContentionHandler::access$500 (7 bytes)
Event: 396.060 Thread 0x00000216190318c0 nmethod 4275 0x00000215c4462510 code [0x00000215c44626c0, 0x00000215c44627e0]
Event: 396.060 Thread 0x00000216190318c0 4276       3       org.gradle.cache.internal.locklistener.DefaultFileLockContentionHandler::acceptConfirmationAsLockRequester (108 bytes)
Event: 396.073 Thread 0x00000216190318c0 nmethod 4276 0x00000215c4462890 code [0x00000215c4462b20, 0x00000215c4463410]
Event: 399.234 Thread 0x0000021619030e20 4277       4       java.io.WinNTFileSystem::prefixLength (91 bytes)
Event: 399.245 Thread 0x0000021619030e20 nmethod 4277 0x00000215cb968b10 code [0x00000215cb968ce0, 0x00000215cb969060]
Event: 403.155 Thread 0x0000021619030e20 4278       4       sun.management.spi.PlatformMBeanProvider$PlatformComponent::getMBeans (87 bytes)
Event: 403.303 Thread 0x0000021619030e20 nmethod 4278 0x00000215cb969410 code [0x00000215cb969720, 0x00000215cb96aa98]
Event: 406.256 Thread 0x0000021619030e20 4279       4       java.util.stream.ReferencePipeline$2$1::accept (27 bytes)
Event: 406.265 Thread 0x0000021619030e20 nmethod 4279 0x00000215cb96b510 code [0x00000215cb96b6c0, 0x00000215cb96b938]
Event: 409.217 Thread 0x00000216190318c0 4280       1       org.gradle.cache.internal.filelock.DefaultLockStateSerializer::getVersion (2 bytes)
Event: 409.217 Thread 0x00000216190318c0 nmethod 4280 0x00000215cb96bb10 code [0x00000215cb96bca0, 0x00000215cb96bd68]
Event: 420.846 Thread 0x0000021619030e20 4281       4       java.lang.String::equalsIgnoreCase (45 bytes)
Event: 420.849 Thread 0x0000021619030e20 nmethod 4281 0x00000215cb96be10 code [0x00000215cb96bfa0, 0x00000215cb96c0d0]
Event: 431.997 Thread 0x0000021619030e20 4282       4       java.util.HashMap$ValueSpliterator::forEachRemaining (186 bytes)

GC Heap History (10 events):
Event: 2.596 GC heap before
{Heap before GC invocations=0 (full 0):
 garbage-first heap   total 258048K, used 23552K [0x00000000a0000000, 0x0000000100000000)
  region size 1024K, 23 young (23552K), 0 survivors (0K)
 Metaspace       used 906K, committed 1024K, reserved 1114112K
  class space    used 73K, committed 128K, reserved 1048576K
}
Event: 2.930 GC heap after
{Heap after GC invocations=1 (full 0):
 garbage-first heap   total 258048K, used 1450K [0x00000000a0000000, 0x0000000100000000)
  region size 1024K, 2 young (2048K), 2 survivors (2048K)
 Metaspace       used 906K, committed 1024K, reserved 1114112K
  class space    used 73K, committed 128K, reserved 1048576K
}
Event: 6.252 GC heap before
{Heap before GC invocations=1 (full 0):
 garbage-first heap   total 258048K, used 40362K [0x00000000a0000000, 0x0000000100000000)
  region size 1024K, 38 young (38912K), 2 survivors (2048K)
 Metaspace       used 4398K, committed 4544K, reserved 1114112K
  class space    used 558K, committed 640K, reserved 1048576K
}
Event: 6.259 GC heap after
{Heap after GC invocations=2 (full 0):
 garbage-first heap   total 258048K, used 10897K [0x00000000a0000000, 0x0000000100000000)
  region size 1024K, 5 young (5120K), 5 survivors (5120K)
 Metaspace       used 4398K, committed 4544K, reserved 1114112K
  class space    used 558K, committed 640K, reserved 1048576K
}
Event: 12.120 GC heap before
{Heap before GC invocations=2 (full 0):
 garbage-first heap   total 258048K, used 69265K [0x00000000a0000000, 0x0000000100000000)
  region size 1024K, 60 young (61440K), 5 survivors (5120K)
 Metaspace       used 6994K, committed 7296K, reserved 1114112K
  class space    used 950K, committed 1088K, reserved 1048576K
}
Event: 12.128 GC heap after
{Heap after GC invocations=3 (full 0):
 garbage-first heap   total 258048K, used 18348K [0x00000000a0000000, 0x0000000100000000)
  region size 1024K, 7 young (7168K), 7 survivors (7168K)
 Metaspace       used 6994K, committed 7296K, reserved 1114112K
  class space    used 950K, committed 1088K, reserved 1048576K
}
Event: 117.345 GC heap before
{Heap before GC invocations=3 (full 0):
 garbage-first heap   total 258048K, used 111532K [0x00000000a0000000, 0x0000000100000000)
  region size 1024K, 99 young (101376K), 7 survivors (7168K)
 Metaspace       used 20845K, committed 21504K, reserved 1114112K
  class space    used 3056K, committed 3392K, reserved 1048576K
}
Event: 117.389 GC heap after
{Heap after GC invocations=4 (full 0):
 garbage-first heap   total 258048K, used 24127K [0x00000000a0000000, 0x0000000100000000)
  region size 1024K, 12 young (12288K), 12 survivors (12288K)
 Metaspace       used 20845K, committed 21504K, reserved 1114112K
  class space    used 3056K, committed 3392K, reserved 1048576K
}
Event: 200.033 GC heap before
{Heap before GC invocations=5 (full 0):
 garbage-first heap   total 81920K, used 81471K [0x00000000a0000000, 0x0000000100000000)
  region size 1024K, 68 young (69632K), 12 survivors (12288K)
 Metaspace       used 26845K, committed 27776K, reserved 1114112K
  class space    used 4035K, committed 4480K, reserved 1048576K
}
Event: 200.111 GC heap after
{Heap after GC invocations=6 (full 0):
 garbage-first heap   total 97280K, used 27034K [0x00000000a0000000, 0x0000000100000000)
  region size 1024K, 9 young (9216K), 9 survivors (9216K)
 Metaspace       used 26845K, committed 27776K, reserved 1114112K
  class space    used 4035K, committed 4480K, reserved 1048576K
}

Dll operation events (20 events):
Event: 0.679 Attempting to load shared library C:\Users\ishas\.vscode\extensions\redhat.java-1.56.0-win32-x64\jre\21.0.12.1-win32-x86_64\bin\nio.dll
Event: 0.679 Loaded shared library C:\Users\ishas\.vscode\extensions\redhat.java-1.56.0-win32-x64\jre\21.0.12.1-win32-x86_64\bin\nio.dll
Event: 0.684 Attempting to load shared library C:\Users\ishas\.vscode\extensions\redhat.java-1.56.0-win32-x64\jre\21.0.12.1-win32-x86_64\bin\zip.dll
Event: 0.684 Loaded shared library C:\Users\ishas\.vscode\extensions\redhat.java-1.56.0-win32-x64\jre\21.0.12.1-win32-x86_64\bin\zip.dll
Event: 2.449 Attempting to load shared library C:\Users\ishas\.vscode\extensions\redhat.java-1.56.0-win32-x64\jre\21.0.12.1-win32-x86_64\bin\jimage.dll
Event: 2.449 Loaded shared library C:\Users\ishas\.vscode\extensions\redhat.java-1.56.0-win32-x64\jre\21.0.12.1-win32-x86_64\bin\jimage.dll
Event: 3.624 Attempting to load shared library C:\Users\ishas\.vscode\extensions\redhat.java-1.56.0-win32-x64\jre\21.0.12.1-win32-x86_64\bin\verify.dll
Event: 3.625 Loaded shared library C:\Users\ishas\.vscode\extensions\redhat.java-1.56.0-win32-x64\jre\21.0.12.1-win32-x86_64\bin\verify.dll
Event: 4.205 Attempting to load shared library C:\Users\ishas\.gradle\native\1def1411415f61bf3af743bc5b6707747c0891f09f0c88961ee8f79bc544acac\windows-amd64\native-platform.dll
Event: 4.206 Loaded shared library C:\Users\ishas\.gradle\native\1def1411415f61bf3af743bc5b6707747c0891f09f0c88961ee8f79bc544acac\windows-amd64\native-platform.dll
Event: 4.221 Attempting to load shared library C:\Users\ishas\.gradle\native\0.2.7\x86_64-windows-gnu\gradle-fileevents.dll
Event: 4.222 Loaded shared library C:\Users\ishas\.gradle\native\0.2.7\x86_64-windows-gnu\gradle-fileevents.dll
Event: 11.801 Attempting to load shared library C:\Users\ishas\.vscode\extensions\redhat.java-1.56.0-win32-x64\jre\21.0.12.1-win32-x86_64\bin\management.dll
Event: 11.802 Loaded shared library C:\Users\ishas\.vscode\extensions\redhat.java-1.56.0-win32-x64\jre\21.0.12.1-win32-x86_64\bin\management.dll
Event: 11.805 Attempting to load shared library C:\Users\ishas\.vscode\extensions\redhat.java-1.56.0-win32-x64\jre\21.0.12.1-win32-x86_64\bin\management_ext.dll
Event: 11.815 Loaded shared library C:\Users\ishas\.vscode\extensions\redhat.java-1.56.0-win32-x64\jre\21.0.12.1-win32-x86_64\bin\management_ext.dll
Event: 13.281 Attempting to load shared library C:\Users\ishas\.vscode\extensions\redhat.java-1.56.0-win32-x64\jre\21.0.12.1-win32-x86_64\bin\extnet.dll
Event: 13.289 Loaded shared library C:\Users\ishas\.vscode\extensions\redhat.java-1.56.0-win32-x64\jre\21.0.12.1-win32-x86_64\bin\extnet.dll
Event: 97.425 Attempting to load shared library C:\Users\ishas\.vscode\extensions\redhat.java-1.56.0-win32-x64\jre\21.0.12.1-win32-x86_64\bin\sunmscapi.dll
Event: 97.459 Loaded shared library C:\Users\ishas\.vscode\extensions\redhat.java-1.56.0-win32-x64\jre\21.0.12.1-win32-x86_64\bin\sunmscapi.dll

Deoptimization events (20 events):
Event: 137.552 Thread 0x000002161954c330 Uncommon trap: trap_request=0xffffffde fr.pc=0x00000215cb92074c relative=0x0000000000000aec
Event: 137.552 Thread 0x000002161954c330 Uncommon trap: reason=class_check action=maybe_recompile pc=0x00000215cb92074c method=java.io.BufferedInputStream.implRead([BII)I @ 100 c2
Event: 137.552 Thread 0x000002161954c330 DEOPT PACKING pc=0x00000215cb92074c sp=0x000000afdadfe1e0
Event: 137.552 Thread 0x000002161954c330 DEOPT UNPACKING pc=0x00000215cb1b4422 sp=0x000000afdadfe1a8 mode 2
Event: 137.566 Thread 0x0000021619549bd0 Uncommon trap: trap_request=0xffffffde fr.pc=0x00000215cb92074c relative=0x0000000000000aec
Event: 137.566 Thread 0x0000021619549bd0 Uncommon trap: reason=class_check action=maybe_recompile pc=0x00000215cb92074c method=java.io.BufferedInputStream.implRead([BII)I @ 100 c2
Event: 137.566 Thread 0x0000021619549bd0 DEOPT PACKING pc=0x00000215cb92074c sp=0x000000afdb0fe030
Event: 137.566 Thread 0x0000021619549bd0 DEOPT UNPACKING pc=0x00000215cb1b4422 sp=0x000000afdb0fdff8 mode 2
Event: 137.576 Thread 0x0000021619549bd0 Uncommon trap: trap_request=0xffffffde fr.pc=0x00000215cb92074c relative=0x0000000000000aec
Event: 137.576 Thread 0x0000021619549bd0 Uncommon trap: reason=class_check action=maybe_recompile pc=0x00000215cb92074c method=java.io.BufferedInputStream.implRead([BII)I @ 100 c2
Event: 137.576 Thread 0x0000021619549bd0 DEOPT PACKING pc=0x00000215cb92074c sp=0x000000afdb0fe080
Event: 137.576 Thread 0x0000021619549bd0 DEOPT UNPACKING pc=0x00000215cb1b4422 sp=0x000000afdb0fe048 mode 2
Event: 263.201 Thread 0x000002161954c9c0 Uncommon trap: trap_request=0xffffff45 fr.pc=0x00000215cb8800c8 relative=0x00000000000001a8
Event: 263.202 Thread 0x000002161954c9c0 Uncommon trap: reason=unstable_if action=reinterpret pc=0x00000215cb8800c8 method=java.util.concurrent.locks.ReentrantLock$NonfairSync.initialTryLock()Z @ 25 c2
Event: 263.202 Thread 0x000002161954c9c0 DEOPT PACKING pc=0x00000215cb8800c8 sp=0x000000afdaefed20
Event: 263.203 Thread 0x000002161954c9c0 DEOPT UNPACKING pc=0x00000215cb1b4422 sp=0x000000afdaefec08 mode 2
Event: 317.237 Thread 0x000002161954c9c0 Uncommon trap: trap_request=0xffffff45 fr.pc=0x00000215cb7f271c relative=0x000000000000017c
Event: 317.238 Thread 0x000002161954c9c0 Uncommon trap: reason=unstable_if action=reinterpret pc=0x00000215cb7f271c method=java.util.concurrent.locks.ReentrantLock$NonfairSync.initialTryLock()Z @ 25 c2
Event: 317.238 Thread 0x000002161954c9c0 DEOPT PACKING pc=0x00000215cb7f271c sp=0x000000afdaefecd0
Event: 317.238 Thread 0x000002161954c9c0 DEOPT UNPACKING pc=0x00000215cb1b4422 sp=0x000000afdaefec70 mode 2

Classes loaded (20 events):
Event: 131.166 Loading class java/nio/file/FileTreeWalker$DirectoryNode
Event: 131.166 Loading class java/nio/file/FileTreeWalker$DirectoryNode done
Event: 131.166 Loading class java/nio/file/FileTreeWalker$Event
Event: 131.167 Loading class java/nio/file/FileTreeWalker$Event done
Event: 131.167 Loading class java/nio/file/FileTreeWalker$EventType
Event: 131.167 Loading class java/nio/file/FileTreeWalker$EventType done
Event: 131.167 Loading class java/nio/file/Files$3
Event: 131.167 Loading class java/nio/file/Files$3 done
Event: 131.178 Loading class java/nio/file/FileVisitResult
Event: 131.178 Loading class java/nio/file/FileVisitResult done
Event: 131.196 Loading class java/nio/charset/CharacterCodingException
Event: 131.196 Loading class java/nio/charset/CharacterCodingException done
Event: 131.870 Loading class java/util/stream/IntStream
Event: 131.871 Loading class java/util/stream/IntStream done
Event: 131.871 Loading class java/util/stream/Streams$RangeIntSpliterator
Event: 131.871 Loading class java/util/stream/Streams$RangeIntSpliterator done
Event: 131.871 Loading class java/util/stream/IntPipeline$Head
Event: 131.871 Loading class java/util/stream/IntPipeline
Event: 131.872 Loading class java/util/stream/IntPipeline done
Event: 131.872 Loading class java/util/stream/IntPipeline$Head done

Classes unloaded (0 events):
No events

Classes redefined (0 events):
No events

Internal exceptions (20 events):
Event: 119.489 Thread 0x000002161954a260 Exception <a 'java/lang/NoSuchMethodError'{0x00000000a3678210}: 'java.lang.Object java.lang.invoke.DirectMethodHandle$Holder.invokeStaticInit(java.lang.Object, java.lang.Object, java.lang.Object, java.lang.Object)'> (0x00000000a3678210) 
thrown [s\src\hotspot\share\interpreter\linkResolver.cpp, line 773]
Event: 119.578 Thread 0x000002161954a260 Exception <a 'java/lang/NoSuchMethodError'{0x00000000a344c658}: 'java.lang.Object java.lang.invoke.DirectMethodHandle$Holder.newInvokeSpecial(java.lang.Object, java.lang.Object, java.lang.Object, java.lang.Object, java.lang.Object, java.lang.Object, java.lang.Object, java.lang.Object)'> (0x00000000a344c658) 
thrown [s\src\hotspot\share\interpreter\linkResolver.cpp, line 773]
Event: 119.779 Thread 0x000002161954a260 Exception <a 'java/lang/IncompatibleClassChangeError'{0x00000000a338f020}: Found class java.lang.Object, but interface was expected> (0x00000000a338f020) 
thrown [s\src\hotspot\share\interpreter\linkResolver.cpp, line 840]
Event: 119.807 Thread 0x000002161954a260 Exception <a 'java/lang/NoSuchMethodError'{0x00000000a3208cc8}: 'java.lang.Object java.lang.invoke.DirectMethodHandle$Holder.invokeVirtual(java.lang.Object, java.lang.Object, java.lang.Object, java.lang.Object, java.lang.Object, java.lang.Object, java.lang.Object, java.lang.Object, java.lang.Object, java.lang.Object, java.lang.Object, java.lang.Object, java.lang.Object)'> (0x00000000a3208cc8) 
thrown [s\src\hotspot\share\interpreter\linkResolver.cpp, line 773]
Event: 119.808 Thread 0x000002161954a260 Exception <a 'java/lang/NoSuchMethodError'{0x00000000a320df00}: 'java.lang.Object java.lang.invoke.DirectMethodHandle$Holder.invokeSpecial(java.lang.Object, java.lang.Object, java.lang.Object, java.lang.Object, java.lang.Object, java.lang.Object, java.lang.Object, java.lang.Object, java.lang.Object, java.lang.Object, java.lang.Object, java.lang.Object, java.lang.Object, java.lang.Object)'> (0x00000000a320df00) 
thrown [s\src\hotspot\share\interpreter\linkResolver.cpp, line 773]
Event: 119.809 Thread 0x000002161954a260 Exception <a 'java/lang/NoSuchMethodError'{0x00000000a3212c50}: 'java.lang.Object java.lang.invoke.DelegatingMethodHandle$Holder.reinvoke_L(java.lang.Object, java.lang.Object, java.lang.Object, java.lang.Object, java.lang.Object, java.lang.Object, java.lang.Object, java.lang.Object, java.lang.Object, java.lang.Object, java.lang.Object, java.lang.Object, java.lang.Object)'> (0x00000000a3212c50) 
thrown [s\src\hotspot\share\interpreter\linkResolver.cpp, line 773]
Event: 119.953 Thread 0x000002161954a260 Exception <a 'java/lang/NoSuchMethodError'{0x00000000a31db410}: 'void java.lang.invoke.DirectMethodHandle$Holder.invokeStaticInit(java.lang.Object, java.lang.Object)'> (0x00000000a31db410) 
thrown [s\src\hotspot\share\interpreter\linkResolver.cpp, line 773]
Event: 120.226 Thread 0x000002161954a260 Exception <a 'java/lang/NoSuchMethodError'{0x00000000a2df4d18}: 'java.lang.Object java.lang.invoke.DirectMethodHandle$Holder.newInvokeSpecial(java.lang.Object, java.lang.Object, java.lang.Object, java.lang.Object, java.lang.Object, java.lang.Object, java.lang.Object, java.lang.Object, java.lang.Object)'> (0x00000000a2df4d18) 
thrown [s\src\hotspot\share\interpreter\linkResolver.cpp, line 773]
Event: 121.108 Thread 0x000002161954a260 Exception <a 'java/lang/NoSuchMethodError'{0x00000000a2aefa68}: 'int java.lang.invoke.DirectMethodHandle$Holder.invokeVirtual(java.lang.Object, java.lang.Object)'> (0x00000000a2aefa68) 
thrown [s\src\hotspot\share\interpreter\linkResolver.cpp, line 773]
Event: 121.694 Thread 0x000002161954a260 Exception <a 'java/lang/NoSuchMethodError'{0x00000000a26e2bd8}: 'void java.lang.invoke.DirectMethodHandle$Holder.invokeInterface(java.lang.Object, java.lang.Object, java.lang.Object, java.lang.Object, java.lang.Object)'> (0x00000000a26e2bd8) 
thrown [s\src\hotspot\share\interpreter\linkResolver.cpp, line 773]
Event: 121.723 Thread 0x000002161954a260 Exception <a 'java/lang/NoSuchMethodError'{0x00000000a2560278}: 'void java.lang.invoke.DirectMethodHandle$Holder.invokeStatic(java.lang.Object, java.lang.Object, java.lang.Object, java.lang.Object, java.lang.Object, java.lang.Object)'> (0x00000000a2560278) 
thrown [s\src\hotspot\share\interpreter\linkResolver.cpp, line 773]
Event: 123.010 Thread 0x000002161954a260 Exception <a 'java/lang/IncompatibleClassChangeError'{0x00000000a1de4b00}: Found class java.lang.Object, but interface was expected> (0x00000000a1de4b00) 
thrown [s\src\hotspot\share\interpreter\linkResolver.cpp, line 840]
Event: 131.115 Thread 0x000002161954a260 Exception <a 'java/lang/NoSuchMethodError'{0x00000000a1a09bd8}: 'java.lang.Object java.lang.invoke.DirectMethodHandle$Holder.newInvokeSpecial(java.lang.Object, java.lang.Object, long)'> (0x00000000a1a09bd8) 
thrown [s\src\hotspot\share\interpreter\linkResolver.cpp, line 773]
Event: 131.115 Thread 0x000002161954a260 Exception <a 'java/lang/NoSuchMethodError'{0x00000000a1a0df80}: 'java.lang.Object java.lang.invoke.Invokers$Holder.linkToTargetMethod(java.lang.Object, long, java.lang.Object)'> (0x00000000a1a0df80) 
thrown [s\src\hotspot\share\interpreter\linkResolver.cpp, line 773]
Event: 131.178 Thread 0x000002161954c330 Implicit null exception at 0x00000215cb895de1 to 0x00000215cb896420
Event: 131.491 Thread 0x000002161954a260 Exception <a 'java/lang/NoSuchMethodError'{0x00000000a181f0c8}: 'int java.lang.invoke.DirectMethodHandle$Holder.invokeInterface(java.lang.Object, java.lang.Object)'> (0x00000000a181f0c8) 
thrown [s\src\hotspot\share\interpreter\linkResolver.cpp, line 773]
Event: 131.868 Thread 0x000002161954a260 Exception <a 'java/lang/NoSuchMethodError'{0x00000000a18a94f8}: 'java.lang.Object java.lang.invoke.DirectMethodHandle$Holder.invokeVirtual(java.lang.Object, java.lang.Object, int)'> (0x00000000a18a94f8) 
thrown [s\src\hotspot\share\interpreter\linkResolver.cpp, line 773]
Event: 134.129 Thread 0x000002161954a260 Exception <a 'java/lang/NoSuchMethodError'{0x00000000a177d358}: 'java.lang.Object java.lang.invoke.DirectMethodHandle$Holder.invokeStatic(java.lang.Object, java.lang.Object, int, java.lang.Object)'> (0x00000000a177d358) 
thrown [s\src\hotspot\share\interpreter\linkResolver.cpp, line 773]
Event: 134.133 Thread 0x000002161954a260 Exception <a 'java/lang/NoSuchMethodError'{0x00000000a1784a08}: 'java.lang.Object java.lang.invoke.DirectMethodHandle$Holder.newInvokeSpecial(java.lang.Object, java.lang.Object, int, java.lang.Object)'> (0x00000000a1784a08) 
thrown [s\src\hotspot\share\interpreter\linkResolver.cpp, line 773]
Event: 134.135 Thread 0x000002161954a260 Exception <a 'java/lang/NoSuchMethodError'{0x00000000a17891a0}: 'java.lang.Object java.lang.invoke.DirectMethodHandle$Holder.invokeSpecial(java.lang.Object, java.lang.Object, java.lang.Object, int, java.lang.Object)'> (0x00000000a17891a0) 
thrown [s\src\hotspot\share\interpreter\linkResolver.cpp, line 773]

ZGC Phase Switch (0 events):
No events

VM Operations (20 events):
Event: 324.374 Executing safepoint VM operation: Cleanup
Event: 324.374 Executing safepoint VM operation: Cleanup done
Event: 329.407 Executing safepoint VM operation: Cleanup
Event: 329.407 Executing safepoint VM operation: Cleanup done
Event: 338.477 Executing safepoint VM operation: Cleanup
Event: 338.477 Executing safepoint VM operation: Cleanup done
Event: 359.624 Executing safepoint VM operation: Cleanup
Event: 359.624 Executing safepoint VM operation: Cleanup done
Event: 363.662 Executing safepoint VM operation: Cleanup
Event: 363.662 Executing safepoint VM operation: Cleanup done
Event: 369.697 Executing safepoint VM operation: Cleanup
Event: 369.697 Executing safepoint VM operation: Cleanup done
Event: 393.850 Executing safepoint VM operation: Cleanup
Event: 393.850 Executing safepoint VM operation: Cleanup done
Event: 401.881 Executing safepoint VM operation: Cleanup
Event: 401.881 Executing safepoint VM operation: Cleanup done
Event: 403.881 Executing safepoint VM operation: Cleanup
Event: 403.881 Executing safepoint VM operation: Cleanup done
Event: 407.902 Executing safepoint VM operation: Cleanup
Event: 407.902 Executing safepoint VM operation: Cleanup done

Memory protections (0 events):
No events

Nmethod flushes (0 events):
No events

Events (20 events):
Event: 19.194 Thread 0x00000215c0a2e3b0 Thread added: 0x000002161efc13e0
Event: 97.522 Thread 0x00000216190318c0 Thread added: 0x00000216192b3290
Event: 97.596 Thread 0x0000021619233690 Thread added: 0x00000216195394b0
Event: 97.610 Thread 0x00000216195394b0 Thread added: 0x000002161926f890
Event: 97.731 Thread 0x00000216195394b0 Thread added: 0x000002161954a8f0
Event: 97.810 Thread 0x00000216192b3290 Thread exited: 0x00000216192b3290
Event: 98.517 Thread 0x00000216195394b0 Thread added: 0x000002161954a260
Event: 98.638 Thread 0x000002161954a260 Thread added: 0x000002161954bca0
Event: 98.651 Thread 0x000002161954a260 Thread added: 0x000002161954b610
Event: 98.658 Thread 0x000002161954a260 Thread added: 0x000002161954af80
Event: 104.436 Thread 0x000002161954a260 Thread added: 0x000002161954c330
Event: 106.717 Thread 0x000002161954a260 Thread added: 0x000002161954c9c0
Event: 111.178 Thread 0x000002161954c9c0 Thread added: 0x000002161954d050
Event: 111.321 Thread 0x000002161954a260 Thread added: 0x0000021619549bd0
Event: 118.273 Thread 0x000002161954a260 Thread added: 0x000002161f57cd00
Event: 118.648 Thread 0x000002161954a260 Thread added: 0x000002161f57d390
Event: 120.573 Thread 0x000002161954a260 Thread added: 0x000002161f57e740
Event: 121.105 Thread 0x000002161954a260 Thread added: 0x000002161f57da20
Event: 134.139 Thread 0x000002161954a260 Thread added: 0x000002161f57e0b0
Event: 197.880 Thread 0x000002161954d050 Thread exited: 0x000002161954d050


Dynamic libraries:
0x00007ff7bb1c0000 - 0x00007ff7bb1ce000 	C:\Users\ishas\.vscode\extensions\redhat.java-1.56.0-win32-x64\jre\21.0.12.1-win32-x86_64\bin\java.exe
0x00007ffc1f9e0000 - 0x00007ffc1fc47000 	C:\Windows\SYSTEM32\ntdll.dll
0x00007ffc1edb0000 - 0x00007ffc1ee7b000 	C:\Windows\System32\KERNEL32.DLL
0x00007ffc1d2f0000 - 0x00007ffc1d6f2000 	C:\Windows\System32\KERNELBASE.dll
0x00007ffc1d190000 - 0x00007ffc1d2dc000 	C:\Windows\System32\ucrtbase.dll
0x00007ffb853f0000 - 0x00007ffb85408000 	C:\Users\ishas\.vscode\extensions\redhat.java-1.56.0-win32-x64\jre\21.0.12.1-win32-x86_64\bin\jli.dll
0x00007ffb883c0000 - 0x00007ffb883de000 	C:\Users\ishas\.vscode\extensions\redhat.java-1.56.0-win32-x64\jre\21.0.12.1-win32-x86_64\bin\VCRUNTIME140.dll
0x00007ffc1e120000 - 0x00007ffc1e2ef000 	C:\Windows\System32\USER32.dll
0x00007ffc1d0a0000 - 0x00007ffc1d0c7000 	C:\Windows\System32\win32u.dll
0x00007ffc05f40000 - 0x00007ffc061d0000 	C:\Windows\WinSxS\amd64_microsoft.windows.common-controls_6595b64144ccf1df_6.0.26100.9278_none_3e0d1ba8e3303201\COMCTL32.dll
0x00007ffc1e0f0000 - 0x00007ffc1e11b000 	C:\Windows\System32\GDI32.dll
0x00007ffc1cd50000 - 0x00007ffc1ce79000 	C:\Windows\System32\gdi32full.dll
0x00007ffc1f160000 - 0x00007ffc1f209000 	C:\Windows\System32\msvcrt.dll
0x00007ffc1cca0000 - 0x00007ffc1cd43000 	C:\Windows\System32\msvcp_win.dll
0x00007ffc1ee80000 - 0x00007ffc1eeb1000 	C:\Windows\System32\IMM32.DLL
0x00007ffbdb670000 - 0x00007ffbdb67c000 	C:\Users\ishas\.vscode\extensions\redhat.java-1.56.0-win32-x64\jre\21.0.12.1-win32-x86_64\bin\vcruntime140_1.dll
0x00007ffb7ce90000 - 0x00007ffb7cf1d000 	C:\Users\ishas\.vscode\extensions\redhat.java-1.56.0-win32-x64\jre\21.0.12.1-win32-x86_64\bin\msvcp140.dll
0x00007ffb2d4f0000 - 0x00007ffb2e292000 	C:\Users\ishas\.vscode\extensions\redhat.java-1.56.0-win32-x64\jre\21.0.12.1-win32-x86_64\bin\server\jvm.dll
0x00007ffc1dc40000 - 0x00007ffc1dcfc000 	C:\Windows\System32\ADVAPI32.dll
0x00007ffc1ef50000 - 0x00007ffc1eff9000 	C:\Windows\System32\sechost.dll
0x00007ffc1db20000 - 0x00007ffc1dc38000 	C:\Windows\System32\RPCRT4.dll
0x00007ffc1da10000 - 0x00007ffc1da90000 	C:\Windows\System32\WS2_32.dll
0x00007ffc1ca40000 - 0x00007ffc1ca9e000 	C:\Windows\SYSTEM32\POWRPROF.dll
0x00007ffc14900000 - 0x00007ffc14936000 	C:\Windows\SYSTEM32\WINMM.dll
0x00007ffc07f70000 - 0x00007ffc07f7b000 	C:\Windows\SYSTEM32\VERSION.dll
0x00007ffc1ca20000 - 0x00007ffc1ca35000 	C:\Windows\SYSTEM32\UMPDC.dll
0x00007ffc1b8b0000 - 0x00007ffc1b8cb000 	C:\Windows\SYSTEM32\kernel.appcore.dll
0x00007ffbdb520000 - 0x00007ffbdb52a000 	C:\Users\ishas\.vscode\extensions\redhat.java-1.56.0-win32-x64\jre\21.0.12.1-win32-x86_64\bin\jimage.dll
0x00007ffc1a1f0000 - 0x00007ffc1a43c000 	C:\Windows\SYSTEM32\DBGHELP.DLL
0x00007ffc1dd60000 - 0x00007ffc1e0e5000 	C:\Windows\System32\combase.dll
0x00007ffc1e310000 - 0x00007ffc1e3e9000 	C:\Windows\System32\OLEAUT32.dll
0x00007ffc148c0000 - 0x00007ffc148fb000 	C:\Windows\SYSTEM32\dbgcore.DLL
0x00007ffc1d0d0000 - 0x00007ffc1d17c000 	C:\Windows\System32\bcryptPrimitives.dll
0x00007ffbda4a0000 - 0x00007ffbda4af000 	C:\Users\ishas\.vscode\extensions\redhat.java-1.56.0-win32-x64\jre\21.0.12.1-win32-x86_64\bin\instrument.dll
0x00007ffba78c0000 - 0x00007ffba78e0000 	C:\Users\ishas\.vscode\extensions\redhat.java-1.56.0-win32-x64\jre\21.0.12.1-win32-x86_64\bin\java.dll
0x00007ffc1e3f0000 - 0x00007ffc1eb88000 	C:\Windows\System32\SHELL32.dll
0x00007ffc1a610000 - 0x00007ffc1aebe000 	C:\Windows\SYSTEM32\windows.storage.dll
0x00007ffc1d910000 - 0x00007ffc1da0b000 	C:\Windows\System32\SHCORE.dll
0x00007ffc1f440000 - 0x00007ffc1f4a6000 	C:\Windows\System32\shlwapi.dll
0x00007ffc1cb00000 - 0x00007ffc1cb29000 	C:\Windows\SYSTEM32\profapi.dll
0x00007ffb849f0000 - 0x00007ffb84a08000 	C:\Users\ishas\.vscode\extensions\redhat.java-1.56.0-win32-x64\jre\21.0.12.1-win32-x86_64\bin\zip.dll
0x00007ffbdad80000 - 0x00007ffbdad90000 	C:\Users\ishas\.vscode\extensions\redhat.java-1.56.0-win32-x64\jre\21.0.12.1-win32-x86_64\bin\net.dll
0x00007ffc0b510000 - 0x00007ffc0b63a000 	C:\Windows\SYSTEM32\WINHTTP.dll
0x00007ffc1be70000 - 0x00007ffc1bedc000 	C:\Windows\system32\mswsock.dll
0x00007ffb833b0000 - 0x00007ffb833c6000 	C:\Users\ishas\.vscode\extensions\redhat.java-1.56.0-win32-x64\jre\21.0.12.1-win32-x86_64\bin\nio.dll
0x00007ffbd33f0000 - 0x00007ffbd3400000 	C:\Users\ishas\.vscode\extensions\redhat.java-1.56.0-win32-x64\jre\21.0.12.1-win32-x86_64\bin\verify.dll
0x00007ffc06640000 - 0x00007ffc06667000 	C:\Users\ishas\.gradle\native\1def1411415f61bf3af743bc5b6707747c0891f09f0c88961ee8f79bc544acac\windows-amd64\native-platform.dll
0x00007ffbe8340000 - 0x00007ffbe83b8000 	C:\Users\ishas\.gradle\native\0.2.7\x86_64-windows-gnu\gradle-fileevents.dll
0x00007ffc08f90000 - 0x00007ffc08f9a000 	C:\Users\ishas\.vscode\extensions\redhat.java-1.56.0-win32-x64\jre\21.0.12.1-win32-x86_64\bin\management.dll
0x00007ffc06630000 - 0x00007ffc0663c000 	C:\Users\ishas\.vscode\extensions\redhat.java-1.56.0-win32-x64\jre\21.0.12.1-win32-x86_64\bin\management_ext.dll
0x00007ffc1e300000 - 0x00007ffc1e308000 	C:\Windows\System32\PSAPI.DLL
0x00007ffc1b2e0000 - 0x00007ffc1b313000 	C:\Windows\SYSTEM32\IPHLPAPI.DLL
0x00007ffc1d700000 - 0x00007ffc1d70a000 	C:\Windows\System32\NSI.dll
0x00007ffbfeb60000 - 0x00007ffbfeb69000 	C:\Users\ishas\.vscode\extensions\redhat.java-1.56.0-win32-x64\jre\21.0.12.1-win32-x86_64\bin\extnet.dll
0x00007ffc1c160000 - 0x00007ffc1c17b000 	C:\Windows\SYSTEM32\CRYPTSP.dll
0x00007ffc1b810000 - 0x00007ffc1b849000 	C:\Windows\system32\rsaenh.dll
0x00007ffc1bf20000 - 0x00007ffc1bf54000 	C:\Windows\SYSTEM32\USERENV.dll
0x00007ffc1cad0000 - 0x00007ffc1cafa000 	C:\Windows\SYSTEM32\bcrypt.dll
0x00007ffc1c180000 - 0x00007ffc1c18c000 	C:\Windows\SYSTEM32\CRYPTBASE.dll
0x00007ffc01000000 - 0x00007ffc0100e000 	C:\Users\ishas\.vscode\extensions\redhat.java-1.56.0-win32-x64\jre\21.0.12.1-win32-x86_64\bin\sunmscapi.dll
0x00007ffc1ce80000 - 0x00007ffc1cffe000 	C:\Windows\System32\CRYPT32.dll
0x00007ffc1c3a0000 - 0x00007ffc1c3d0000 	C:\Windows\SYSTEM32\ncrypt.dll
0x00007ffc1c350000 - 0x00007ffc1c38f000 	C:\Windows\SYSTEM32\NTASN1.dll
0x00007ffc00f20000 - 0x00007ffc00f28000 	C:\Windows\system32\wshunix.dll

JVMTI agents:
C:\Users\ishas\.gradle\wrapper\dists\gradle-8.14.3-all\10utluxaxniiv4wxiphsi49nj\gradle-8.14.3\lib\agents\gradle-instrumentation-agent-8.14.3.jar path:C:\Users\ishas\.vscode\extensions\redhat.java-1.56.0-win32-x64\jre\21.0.12.1-win32-x86_64\bin\instrument.dll, loaded, initialized, instrumentlib options:none

dbghelp: loaded successfully - version: 4.0.5 - missing functions: none
symbol engine: initialized successfully - sym options: 0x614 - pdb path: .;C:\Users\ishas\.vscode\extensions\redhat.java-1.56.0-win32-x64\jre\21.0.12.1-win32-x86_64\bin;C:\Windows\SYSTEM32;C:\Windows\WinSxS\amd64_microsoft.windows.common-controls_6595b64144ccf1df_6.0.26100.9278_none_3e0d1ba8e3303201;C:\Users\ishas\.vscode\extensions\redhat.java-1.56.0-win32-x64\jre\21.0.12.1-win32-x86_64\bin\server;C:\Users\ishas\.gradle\native\1def1411415f61bf3af743bc5b6707747c0891f09f0c88961ee8f79bc544acac\windows-amd64;C:\Users\ishas\.gradle\native\0.2.7\x86_64-windows-gnu

VM Arguments:
jvm_args: --add-opens=java.base/java.lang=ALL-UNNAMED --add-opens=java.base/java.lang.invoke=ALL-UNNAMED --add-opens=java.base/java.util=ALL-UNNAMED --add-opens=java.prefs/java.util.prefs=ALL-UNNAMED --add-exports=jdk.compiler/com.sun.tools.javac.api=ALL-UNNAMED --add-exports=jdk.compiler/com.sun.tools.javac.util=ALL-UNNAMED --add-opens=java.base/java.util=ALL-UNNAMED --add-opens=java.prefs/java.util.prefs=ALL-UNNAMED --add-opens=java.base/java.nio.charset=ALL-UNNAMED --add-opens=java.base/java.net=ALL-UNNAMED --add-opens=java.base/java.util.concurrent.atomic=ALL-UNNAMED --add-opens=java.xml/javax.xml.namespace=ALL-UNNAMED -Xmx1536m -Dfile.encoding=UTF-8 -Duser.country=IN -Duser.language=en -Duser.variant -javaagent:C:\Users\ishas\.gradle\wrapper\dists\gradle-8.14.3-all\10utluxaxniiv4wxiphsi49nj\gradle-8.14.3\lib\agents\gradle-instrumentation-agent-8.14.3.jar 
java_command: org.gradle.launcher.daemon.bootstrap.GradleDaemon 8.14.3
java_class_path (initial): C:\Users\ishas\.gradle\wrapper\dists\gradle-8.14.3-all\10utluxaxniiv4wxiphsi49nj\gradle-8.14.3\lib\gradle-daemon-main-8.14.3.jar
Launcher Type: SUN_STANDARD

[Global flags]
     intx CICompilerCount                          = 4                                         {product} {ergonomic}
     uint ConcGCThreads                            = 3                                         {product} {ergonomic}
     uint G1ConcRefinementThreads                  = 10                                        {product} {ergonomic}
   size_t G1HeapRegionSize                         = 1048576                                   {product} {ergonomic}
    uintx GCDrainStackTargetSize                   = 64                                        {product} {ergonomic}
   size_t InitialHeapSize                          = 264241152                                 {product} {ergonomic}
   size_t MarkStackSize                            = 4194304                                   {product} {ergonomic}
   size_t MaxHeapSize                              = 1610612736                                {product} {command line}
   size_t MaxNewSize                               = 965738496                                 {product} {ergonomic}
   size_t MinHeapDeltaBytes                        = 1048576                                   {product} {ergonomic}
   size_t MinHeapSize                              = 8388608                                   {product} {ergonomic}
    uintx NonNMethodCodeHeapSize                   = 5839372                                {pd product} {ergonomic}
    uintx NonProfiledCodeHeapSize                  = 122909434                              {pd product} {ergonomic}
    uintx ProfiledCodeHeapSize                     = 122909434                              {pd product} {ergonomic}
    uintx ReservedCodeCacheSize                    = 251658240                              {pd product} {ergonomic}
     bool SegmentedCodeCache                       = true                                      {product} {ergonomic}
   size_t SoftMaxHeapSize                          = 1610612736                             {manageable} {ergonomic}
     bool UseCompressedOops                        = true                           {product lp64_product} {ergonomic}
     bool UseG1GC                                  = true                                      {product} {ergonomic}
     bool UseLargePagesIndividualAllocation        = false                                  {pd product} {ergonomic}

Logging:
Log output configuration:
 #0: stdout all=warning uptime,level,tags foldmultilines=false
 #1: stderr all=off uptime,level,tags foldmultilines=false

Release file:
JAVA_VERSION="21.0.12.1" 
MODULES="java.base java.compiler java.datatransfer java.xml java.prefs java.desktop java.instrument java.logging java.management java.security.sasl java.naming java.rmi java.management.rmi java.net.http java.scripting java.security.jgss java.transaction.xa java.sql java.sql.rowset java.xml.crypto java.se java.smartcardio jdk.accessibility jdk.internal.jvmstat jdk.attach jdk.charsets jdk.internal.opt jdk.zipfs jdk.compiler jdk.crypto.ec jdk.crypto.cryptoki jdk.crypto.mscapi jdk.dynalink jdk.internal.ed jdk.editpad jdk.hotspot.agent jdk.httpserver jdk.internal.le jdk.internal.vm.ci jdk.internal.vm.compiler jdk.internal.vm.compiler.management jdk.jartool jdk.javadoc jdk.jcmd jdk.management jdk.management.agent jdk.jconsole jdk.jdeps jdk.jdwp.agent jdk.jdi jdk.jfr jdk.jshell jdk.jsobject jdk.jstatd jdk.localedata jdk.management.jfr jdk.naming.dns jdk.naming.rmi jdk.net jdk.nio.mapmode jdk.random jdk.sctp jdk.security.auth jdk.security.jgss jdk.unsupported jdk.unsupported.desktop jdk.xml.dom" 

Environment Variables:
PATH=C:\Program Files\Microsoft\jdk-17.0.12.7-hotspot\bin;C:\Program Files\Eclipse Adoptium\jdk-17.0.17.10-hotspot\bin;C:\Windows\system32;C:\Windows;C:\Windows\System32\Wbem;C:\Windows\System32\WindowsPowerShell\v1.0\;C:\Windows\System32\OpenSSH\;C:\Program Files\nodejs\;C:\Users\ishas\Downloads\apache-maven-3.9.11-bin\apache-maven-3.9.11\bin;C:\Users\ishas\Downloads\apache-maven-3.9.11-bin\apache-maven-3.9.11\bin;C:\Program Files\MySQL\MySQL Server 8.0\bin;C:\Users\ishas\AppData\Local\Programs\Python\Python313;C:\Program Files\Git\cmd;C:\Users\ishas\AppData\Local\Programs\Python\Launcher\;C:\Program Files\MySQL\MySQL Shell 8.0\bin\;C:\Users\ishas\AppData\Local\Microsoft\WindowsApps;C:\Users\ishas\AppData\Local\Programs\Microsoft VS Code\bin;C:\Users\ishas\AppData\Roaming\npm
USERNAME=ishas
OS=Windows_NT
PROCESSOR_IDENTIFIER=Intel64 Family 6 Model 186 Stepping 2, GenuineIntel
TMP=C:\Users\ishas\AppData\Local\Temp
TEMP=C:\Users\ishas\AppData\Local\Temp




Periodic native trim disabled

---------------  S Y S T E M  ---------------

OS:
 Windows 11 , 64 bit Build 26100 (10.0.26100.9444)
OS uptime: 0 days 0:20 hours
Hyper-V role detected

CPU: total 12 (initial active 12) (6 cores per cpu, 2 threads per core) family 6 model 186 stepping 2 microcode 0x4122, cx8, cmov, fxsr, ht, mmx, 3dnowpref, sse, sse2, sse3, ssse3, sse4.1, sse4.2, popcnt, lzcnt, tsc, tscinvbit, avx, avx2, aes, erms, clmul, bmi1, bmi2, adx, sha, fma, vzeroupper, clflush, clflushopt, clwb, hv, serialize, rdtscp, rdpid, fsrm, f16c, cet_ibt, cet_ss
Processor Information for processor 0
  Max Mhz: 2100, Current Mhz: 2100, Mhz Limit: 2100
Processor Information for processor 1
  Max Mhz: 2100, Current Mhz: 2100, Mhz Limit: 2100
Processor Information for processor 2
  Max Mhz: 2100, Current Mhz: 2100, Mhz Limit: 2100
Processor Information for processor 3
  Max Mhz: 2100, Current Mhz: 2100, Mhz Limit: 2100
Processor Information for processor 4
  Max Mhz: 2100, Current Mhz: 2100, Mhz Limit: 2100
Processor Information for processor 5
  Max Mhz: 2100, Current Mhz: 2100, Mhz Limit: 2100
Processor Information for processor 6
  Max Mhz: 2100, Current Mhz: 2100, Mhz Limit: 2100
Processor Information for processor 7
  Max Mhz: 2100, Current Mhz: 1453, Mhz Limit: 2100
Processor Information for processor 8
  Max Mhz: 2100, Current Mhz: 1540, Mhz Limit: 2100
Processor Information for processor 9
  Max Mhz: 2100, Current Mhz: 2100, Mhz Limit: 2100
Processor Information for processor 10
  Max Mhz: 2100, Current Mhz: 1540, Mhz Limit: 2100
Processor Information for processor 11
  Max Mhz: 2100, Current Mhz: 1540, Mhz Limit: 2100

Memory: 4k page, system-wide physical 16076M (374M free)
TotalPageFile size 65228M (AvailPageFile size 8M)
current process WorkingSet (physical memory assigned to process): 22M, peak: 170M
current process commit charge ("private bytes"): 249M, peak: 416M

vm_info: OpenJDK 64-Bit Server VM (21.0.12.1+1-LTS) for windows-amd64 JRE (21.0.12.1+1-LTS), built on 2026-08-18T00:00:00Z by "admin" with MS VC++ 17.12 (VS2022)

END.
