#
# There is insufficient memory for the Java Runtime Environment to continue.
# Native memory allocation (malloc) failed to allocate 32744 bytes. Error detail: Chunk::new
# Possible reasons:
#   The system is out of physical RAM or swap space
#   This process is running with CompressedOops enabled, and the Java Heap may be blocking the growth of the native heap
# Possible solutions:
#   Reduce memory load on the system
#   Increase physical memory or swap space
#   Check if swap backing store is full
#   Decrease Java heap size (-Xmx/-Xms)
#   Decrease number of Java threads
#   Decrease Java thread stack sizes (-Xss)
#   Set larger code cache with -XX:ReservedCodeCacheSize=
#   JVM is running with Unscaled Compressed Oops mode in which the Java heap is
#     placed in the first 4GB address space. The Java Heap base address is the
#     maximum limit for the native heap growth. Please use -XX:HeapBaseMinAddress
#     to set the Java Heap base and to place the Java Heap above 4GB virtual address.
# This output file may be truncated or incomplete.
#
#  Out of Memory Error (arena.cpp:168), pid=27720, tid=32016
#
# JRE version: OpenJDK Runtime Environment Temurin-21.0.12.1+1 (21.0.12.1+1) (build 21.0.12.1+1-LTS)
# Java VM: OpenJDK 64-Bit Server VM Temurin-21.0.12.1+1 (21.0.12.1+1-LTS, mixed mode, sharing, tiered, compressed oops, compressed class ptrs, g1 gc, windows-amd64)
# No core dump will be written. Minidumps are not enabled by default on client versions of Windows
#

---------------  S U M M A R Y ------------

Command Line: --add-opens=java.base/java.lang=ALL-UNNAMED --add-opens=java.base/java.lang.invoke=ALL-UNNAMED --add-opens=java.base/java.util=ALL-UNNAMED --add-opens=java.prefs/java.util.prefs=ALL-UNNAMED --add-exports=jdk.compiler/com.sun.tools.javac.api=ALL-UNNAMED --add-exports=jdk.compiler/com.sun.tools.javac.util=ALL-UNNAMED --add-opens=java.base/java.util=ALL-UNNAMED --add-opens=java.prefs/java.util.prefs=ALL-UNNAMED --add-opens=java.base/java.nio.charset=ALL-UNNAMED --add-opens=java.base/java.net=ALL-UNNAMED --add-opens=java.base/java.util.concurrent.atomic=ALL-UNNAMED --add-opens=java.xml/javax.xml.namespace=ALL-UNNAMED -Xmx1536m -Dfile.encoding=UTF-8 -Duser.country=IN -Duser.language=en -Duser.variant -javaagent:C:\Users\ishas\.gradle\wrapper\dists\gradle-8.14.3-all\10utluxaxniiv4wxiphsi49nj\gradle-8.14.3\lib\agents\gradle-instrumentation-agent-8.14.3.jar org.gradle.launcher.daemon.bootstrap.GradleDaemon 8.14.3

Host: 13th Gen Intel(R) Core(TM) i5-13420H, 12 cores, 15G,  Windows 11 , 64 bit Build 26100 (10.0.26100.9444)
Time: Mon Sep 14 18:23:59 2026 India Standard Time elapsed time: 993.423051 seconds (0d 0h 16m 33s)

---------------  T H R E A D  ---------------

Current thread (0x0000018e9282b4c0):  JavaThread "C2 CompilerThread0" daemon [_thread_in_native, id=32016, stack(0x0000007ea4b00000,0x0000007ea4c00000) (1024K)]


Current CompileTask:
C2:993423 5178       4       org.gradle.internal.time.ExponentialBackoff::retryUntil (65 bytes)

Stack: [0x0000007ea4b00000,0x0000007ea4c00000]
Native frames: (J=compiled Java code, j=interpreted, Vv=VM code, C=native code)
V  [jvm.dll+0x6d83e9]
V  [jvm.dll+0x8b5736]
V  [jvm.dll+0x8b7cee]
V  [jvm.dll+0x8b83d3]
V  [jvm.dll+0x284596]
V  [jvm.dll+0xc685d]
V  [jvm.dll+0xc6da1]
V  [jvm.dll+0xc6985]
V  [jvm.dll+0x89f18c]
V  [jvm.dll+0xd38c8]
V  [jvm.dll+0x6ec214]
V  [jvm.dll+0x6eaa9f]
V  [jvm.dll+0x6ea069]
V  [jvm.dll+0x6e80ee]
V  [jvm.dll+0x1ce4fc]
V  [jvm.dll+0x1cf09e]
V  [jvm.dll+0x1cf09e]
V  [jvm.dll+0x2fa7dc]
V  [jvm.dll+0x6f2873]
V  [jvm.dll+0x6ea969]
V  [jvm.dll+0x6ea069]
V  [jvm.dll+0x6e80ee]
V  [jvm.dll+0x1ce4fc]
V  [jvm.dll+0x24b919]
V  [jvm.dll+0x1cb4ae]
V  [jvm.dll+0x25baad]
V  [jvm.dll+0x25a03a]
V  [jvm.dll+0x3f8aae]
V  [jvm.dll+0x8600cd]
V  [jvm.dll+0x6d6c1d]
C  [ucrtbase.dll+0x2cd30]
C  [KERNEL32.DLL+0x2cd87]
C  [ntdll.dll+0xacaec]


---------------  P R O C E S S  ---------------

Threads class SMR info:
_java_thread_list=0x0000018ed87fbf60, length=33, elements={
0x0000018efb05ff00, 0x0000018e928216f0, 0x0000018e92822f70, 0x0000018e92828810,
0x0000018e92829270, 0x0000018e92829cd0, 0x0000018e9282a730, 0x0000018e9282b4c0,
0x0000018e9282d9a0, 0x0000018e92ac2880, 0x0000018e92a11770, 0x0000018ed972e8e0,
0x0000018ed87f1430, 0x0000018ed946ced0, 0x0000018ed8ae3450, 0x0000018ed840bfc0,
0x0000018e92a454b0, 0x0000018e92a433e0, 0x0000018e92a426c0, 0x0000018e92a42d50,
0x0000018e92a44790, 0x0000018e92a44e20, 0x0000018e92a43a70, 0x0000018e92a42030,
0x0000018ed8c76c00, 0x0000018ed8c744a0, 0x0000018ed8c77290, 0x0000018ed8c77920,
0x0000018ed8c74b30, 0x0000018ed8c75ee0, 0x0000018e92a44100, 0x0000018ed9f9ee00,
0x0000018ed9f9f490
}

Java Threads: ( => current thread )
  0x0000018efb05ff00 JavaThread "main"                              [_thread_blocked, id=31760, stack(0x0000007ea3d00000,0x0000007ea3e00000) (1024K)]
  0x0000018e928216f0 JavaThread "Reference Handler"          daemon [_thread_blocked, id=31992, stack(0x0000007ea4500000,0x0000007ea4600000) (1024K)]
  0x0000018e92822f70 JavaThread "Finalizer"                  daemon [_thread_blocked, id=31996, stack(0x0000007ea4600000,0x0000007ea4700000) (1024K)]
  0x0000018e92828810 JavaThread "Signal Dispatcher"          daemon [_thread_blocked, id=32000, stack(0x0000007ea4700000,0x0000007ea4800000) (1024K)]
  0x0000018e92829270 JavaThread "Attach Listener"            daemon [_thread_blocked, id=32004, stack(0x0000007ea4800000,0x0000007ea4900000) (1024K)]
  0x0000018e92829cd0 JavaThread "Service Thread"             daemon [_thread_blocked, id=32008, stack(0x0000007ea4900000,0x0000007ea4a00000) (1024K)]
  0x0000018e9282a730 JavaThread "Monitor Deflation Thread"   daemon [_thread_blocked, id=32012, stack(0x0000007ea4a00000,0x0000007ea4b00000) (1024K)]
=>0x0000018e9282b4c0 JavaThread "C2 CompilerThread0"         daemon [_thread_in_native, id=32016, stack(0x0000007ea4b00000,0x0000007ea4c00000) (1024K)]
  0x0000018e9282d9a0 JavaThread "C1 CompilerThread0"         daemon [_thread_blocked, id=32020, stack(0x0000007ea4c00000,0x0000007ea4d00000) (1024K)]
  0x0000018e92ac2880 JavaThread "Common-Cleaner"             daemon [_thread_blocked, id=32164, stack(0x0000007ea4d00000,0x0000007ea4e00000) (1024K)]
  0x0000018e92a11770 JavaThread "Notification Thread"        daemon [_thread_blocked, id=32396, stack(0x0000007ea4e00000,0x0000007ea4f00000) (1024K)]
  0x0000018ed972e8e0 JavaThread "Daemon health stats"               [_thread_blocked, id=17092, stack(0x0000007ea5400000,0x0000007ea5500000) (1024K)]
  0x0000018ed87f1430 JavaThread "Incoming local TCP Connector on port 59835"        [_thread_in_native, id=36124, stack(0x0000007ea5500000,0x0000007ea5600000) (1024K)]
  0x0000018ed946ced0 JavaThread "Daemon periodic checks"            [_thread_blocked, id=36532, stack(0x0000007ea5600000,0x0000007ea5700000) (1024K)]
  0x0000018ed8ae3450 JavaThread "Daemon"                            [_thread_blocked, id=37428, stack(0x0000007ea3a00000,0x0000007ea3b00000) (1024K)]
  0x0000018ed840bfc0 JavaThread "Handler for socket connection from /127.0.0.1:59835 to /127.0.0.1:59851"        [_thread_in_native, id=37544, stack(0x0000007ea5700000,0x0000007ea5800000) (1024K)]
  0x0000018e92a454b0 JavaThread "Cancel handler"                    [_thread_blocked, id=37596, stack(0x0000007ea5800000,0x0000007ea5900000) (1024K)]
  0x0000018e92a433e0 JavaThread "Daemon worker"                     [_thread_blocked, id=38612, stack(0x0000007ea5900000,0x0000007ea5a00000) (1024K)]
  0x0000018e92a426c0 JavaThread "Asynchronous log dispatcher for DefaultDaemonConnection: socket connection from /127.0.0.1:59835 to /127.0.0.1:59851"        [_thread_blocked, id=38624, stack(0x0000007ea5a00000,0x0000007ea5b00000) (1024K)]
  0x0000018e92a42d50 JavaThread "Stdin handler"                     [_thread_blocked, id=38628, stack(0x0000007ea5b00000,0x0000007ea5c00000) (1024K)]
  0x0000018e92a44790 JavaThread "Daemon client event forwarder"        [_thread_blocked, id=38632, stack(0x0000007ea5c00000,0x0000007ea5d00000) (1024K)]
  0x0000018e92a44e20 JavaThread "Cache worker for journal cache (C:\Users\ishas\.gradle\caches\journal-1)"        [_thread_blocked, id=38876, stack(0x0000007ea5d00000,0x0000007ea5e00000) (1024K)]
  0x0000018e92a43a70 JavaThread "File lock request listener"        [_thread_in_native, id=38360, stack(0x0000007ea5e00000,0x0000007ea5f00000) (1024K)]
  0x0000018e92a42030 JavaThread "Cache worker for file hash cache (C:\Users\ishas\.gradle\caches\8.14.3\fileHashes)"        [_thread_blocked, id=37000, stack(0x0000007ea6000000,0x0000007ea6100000) (1024K)]
  0x0000018ed8c76c00 JavaThread "Cache worker for file hash cache (C:\Users\ishas\Downloads\ai-yoga-assistant-razorpay-v9\yoga3\android\.gradle\8.14.3\fileHashes)"        [_thread_blocked, id=39064, stack(0x0000007ea6700000,0x0000007ea6800000) (1024K)]
  0x0000018ed8c744a0 JavaThread "Cache worker for Build Output Cleanup Cache (C:\Users\ishas\Downloads\ai-yoga-assistant-razorpay-v9\yoga3\android\.gradle\buildOutputCleanup)"        [_thread_blocked, id=39120, stack(0x0000007ea6800000,0x0000007ea6900000) (1024K)]
  0x0000018ed8c77290 JavaThread "File watcher server"        daemon [_thread_in_native, id=39588, stack(0x0000007ea6900000,0x0000007ea6a00000) (1024K)]
  0x0000018ed8c77920 JavaThread "File watcher consumer"      daemon [_thread_blocked, id=39592, stack(0x0000007ea6a00000,0x0000007ea6b00000) (1024K)]
  0x0000018ed8c74b30 JavaThread "jar transforms"                    [_thread_blocked, id=42284, stack(0x0000007ea3b00000,0x0000007ea3c00000) (1024K)]
  0x0000018ed8c75ee0 JavaThread "jar transforms Thread 2"           [_thread_blocked, id=46156, stack(0x0000007ea6d00000,0x0000007ea6e00000) (1024K)]
  0x0000018e92a44100 JavaThread "Cache worker for checksums cache (C:\Users\ishas\Downloads\ai-yoga-assistant-razorpay-v9\yoga3\android\.gradle\8.14.3\checksums)"        [_thread_blocked, id=63632, stack(0x0000007ea6e00000,0x0000007ea6f00000) (1024K)]
  0x0000018ed9f9ee00 JavaThread "Cache worker for file content cache (C:\Users\ishas\.gradle\caches\8.14.3\fileContent)"        [_thread_blocked, id=63640, stack(0x0000007ea6f00000,0x0000007ea7000000) (1024K)]
  0x0000018ed9f9f490 JavaThread "jar transforms Thread 3"           [_thread_blocked, id=63976, stack(0x0000007ea3c00000,0x0000007ea3d00000) (1024K)]
Total: 33

Other Threads:
  0x0000018e92805690 VMThread "VM Thread"                           [id=31916, stack(0x0000007ea4400000,0x0000007ea4500000) (1024K)]
  0x0000018effa53530 WatcherThread "VM Periodic Task Thread"        [id=31912, stack(0x0000007ea4300000,0x0000007ea4400000) (1024K)]
  0x0000018efb0a6b40 WorkerThread "GC Thread#0"                     [id=31840, stack(0x0000007ea3e00000,0x0000007ea3f00000) (1024K)]
  0x0000018e92955410 WorkerThread "GC Thread#1"                     [id=32572, stack(0x0000007ea4f00000,0x0000007ea5000000) (1024K)]
  0x0000018e929fcbd0 WorkerThread "GC Thread#2"                     [id=32580, stack(0x0000007ea5000000,0x0000007ea5100000) (1024K)]
  0x0000018e929fcf80 WorkerThread "GC Thread#3"                     [id=32584, stack(0x0000007ea5100000,0x0000007ea5200000) (1024K)]
  0x0000018e929fd330 WorkerThread "GC Thread#4"                     [id=32696, stack(0x0000007ea5200000,0x0000007ea5300000) (1024K)]
  0x0000018e92b25fb0 WorkerThread "GC Thread#5"                     [id=32732, stack(0x0000007ea5300000,0x0000007ea5400000) (1024K)]
  0x0000018eda511480 WorkerThread "GC Thread#6"                     [id=38444, stack(0x0000007ea6100000,0x0000007ea6200000) (1024K)]
  0x0000018eda50efa0 WorkerThread "GC Thread#7"                     [id=37780, stack(0x0000007ea6200000,0x0000007ea6300000) (1024K)]
  0x0000018eda511830 WorkerThread "GC Thread#8"                     [id=38824, stack(0x0000007ea6300000,0x0000007ea6400000) (1024K)]
  0x0000018eda511be0 WorkerThread "GC Thread#9"                     [id=33964, stack(0x0000007ea6400000,0x0000007ea6500000) (1024K)]
  0x0000018efb0b3ac0 ConcurrentGCThread "G1 Main Marker"            [id=31844, stack(0x0000007ea3f00000,0x0000007ea4000000) (1024K)]
  0x0000018efb0b44e0 WorkerThread "G1 Conc#0"                       [id=31848, stack(0x0000007ea4000000,0x0000007ea4100000) (1024K)]
  0x0000018eda511f90 WorkerThread "G1 Conc#1"                       [id=38936, stack(0x0000007ea6500000,0x0000007ea6600000) (1024K)]
  0x0000018eda512340 WorkerThread "G1 Conc#2"                       [id=38940, stack(0x0000007ea6600000,0x0000007ea6700000) (1024K)]
  0x0000018eff920680 ConcurrentGCThread "G1 Refine#0"               [id=31856, stack(0x0000007ea4100000,0x0000007ea4200000) (1024K)]
  0x0000018eff922be0 ConcurrentGCThread "G1 Service"                [id=31860, stack(0x0000007ea4200000,0x0000007ea4300000) (1024K)]
Total: 18

Threads with active compile tasks:
C2 CompilerThread0  993678 5178       4       org.gradle.internal.time.ExponentialBackoff::retryUntil (65 bytes)
Total: 1

VM state: not at safepoint (normal execution)

VM Mutex/Monitor currently owned by a thread: None

Heap address: 0x00000000a0000000, size: 1536 MB, Compressed Oops mode: 32-bit

CDS archive(s) mapped at: [0x0000018e93000000-0x0000018e93ba0000-0x0000018e93ba0000), size 12189696, SharedBaseAddress: 0x0000018e93000000, ArchiveRelocationMode: 1.
Compressed class space mapped at: 0x0000018e94000000-0x0000018ed4000000, reserved size: 1073741824
Narrow klass base: 0x0000018e93000000, Narrow klass shift: 0, Narrow klass range: 0x100000000

GC Precious Log:
 CardTable entry size: 512
 Card Set container configuration: InlinePtr #cards 5 size 8 Array Of Cards #cards 12 size 40 Howl #buckets 4 coarsen threshold 1843 Howl Bitmap #cards 512 size 80 coarsen threshold 460 Card regions per heap region 1 cards per card region 2048
 CPUs: 12 total, 12 available
 Memory: 16076M
 Large Page Support: Disabled
 NUMA Support: Disabled
 Compressed Oops: Enabled (32-bit)
 Heap Region Size: 1M
 Heap Min Capacity: 8M
 Heap Initial Capacity: 252M
 Heap Max Capacity: 1536M
 Pre-touch: Disabled
 Parallel Workers: 10
 Concurrent Workers: 3
 Concurrent Refinement Workers: 10
 Periodic GC: Disabled

Heap:
 garbage-first heap   total 98304K, used 33803K [0x00000000a0000000, 0x0000000100000000)
  region size 1024K, 4 young (4096K), 2 survivors (2048K)
 Metaspace       used 36067K, committed 37248K, reserved 1114112K
  class space    used 5120K, committed 5696K, reserved 1048576K

Heap Regions: E=young(eden), S=young(survivor), O=old, HS=humongous(starts), HC=humongous(continues), CS=collection set, F=free, TAMS=top-at-mark-start, PB=parsable bottom
|   0|0x00000000a0000000, 0x00000000a0100000, 0x00000000a0100000|100%|HS|  |TAMS 0x00000000a0000000| PB 0x00000000a0000000| Complete 
|   1|0x00000000a0100000, 0x00000000a0200000, 0x00000000a0200000|100%|HC|  |TAMS 0x00000000a0100000| PB 0x00000000a0100000| Complete 
|   2|0x00000000a0200000, 0x00000000a0300000, 0x00000000a0300000|100%|HC|  |TAMS 0x00000000a0200000| PB 0x00000000a0200000| Complete 
|   3|0x00000000a0300000, 0x00000000a0400000, 0x00000000a0400000|100%| O|  |TAMS 0x00000000a0300000| PB 0x00000000a0300000| Untracked 
|   4|0x00000000a0400000, 0x00000000a0500000, 0x00000000a0500000|100%| O|  |TAMS 0x00000000a0400000| PB 0x00000000a0400000| Untracked 
|   5|0x00000000a0500000, 0x00000000a0600000, 0x00000000a0600000|100%| O|  |TAMS 0x00000000a0500000| PB 0x00000000a0500000| Untracked 
|   6|0x00000000a0600000, 0x00000000a0700000, 0x00000000a0700000|100%|HS|  |TAMS 0x00000000a0600000| PB 0x00000000a0600000| Complete 
|   7|0x00000000a0700000, 0x00000000a0800000, 0x00000000a0800000|100%| O|  |TAMS 0x00000000a0700000| PB 0x00000000a0700000| Untracked 
|   8|0x00000000a0800000, 0x00000000a0900000, 0x00000000a0900000|100%| O|  |TAMS 0x00000000a0800000| PB 0x00000000a0800000| Untracked 
|   9|0x00000000a0900000, 0x00000000a0a00000, 0x00000000a0a00000|100%| O|  |TAMS 0x00000000a0900000| PB 0x00000000a0900000| Untracked 
|  10|0x00000000a0a00000, 0x00000000a0b00000, 0x00000000a0b00000|100%| O|  |TAMS 0x00000000a0a00000| PB 0x00000000a0a00000| Untracked 
|  11|0x00000000a0b00000, 0x00000000a0c00000, 0x00000000a0c00000|100%| O|  |TAMS 0x00000000a0b00000| PB 0x00000000a0b00000| Untracked 
|  12|0x00000000a0c00000, 0x00000000a0c00000, 0x00000000a0d00000|  0%| F|  |TAMS 0x00000000a0c00000| PB 0x00000000a0c00000| Untracked 
|  13|0x00000000a0d00000, 0x00000000a0e00000, 0x00000000a0e00000|100%| O|  |TAMS 0x00000000a0d00000| PB 0x00000000a0d00000| Untracked 
|  14|0x00000000a0e00000, 0x00000000a0f00000, 0x00000000a0f00000|100%| O|  |TAMS 0x00000000a0e00000| PB 0x00000000a0e00000| Untracked 
|  15|0x00000000a0f00000, 0x00000000a1000000, 0x00000000a1000000|100%| O|  |TAMS 0x00000000a0f00000| PB 0x00000000a0f00000| Untracked 
|  16|0x00000000a1000000, 0x00000000a1100000, 0x00000000a1100000|100%| O|  |TAMS 0x00000000a1000000| PB 0x00000000a1000000| Untracked 
|  17|0x00000000a1100000, 0x00000000a1200000, 0x00000000a1200000|100%| O|  |TAMS 0x00000000a1100000| PB 0x00000000a1100000| Untracked 
|  18|0x00000000a1200000, 0x00000000a1300000, 0x00000000a1300000|100%| O|  |TAMS 0x00000000a1200000| PB 0x00000000a1200000| Untracked 
|  19|0x00000000a1300000, 0x00000000a1400000, 0x00000000a1400000|100%| O|Cm|TAMS 0x00000000a1300000| PB 0x00000000a1300000| Complete 
|  20|0x00000000a1400000, 0x00000000a1400000, 0x00000000a1500000|  0%| F|  |TAMS 0x00000000a1400000| PB 0x00000000a1400000| Untracked 
|  21|0x00000000a1500000, 0x00000000a1500000, 0x00000000a1600000|  0%| F|  |TAMS 0x00000000a1500000| PB 0x00000000a1500000| Untracked 
|  22|0x00000000a1600000, 0x00000000a1600000, 0x00000000a1700000|  0%| F|  |TAMS 0x00000000a1600000| PB 0x00000000a1600000| Untracked 
|  23|0x00000000a1700000, 0x00000000a1700000, 0x00000000a1800000|  0%| F|  |TAMS 0x00000000a1700000| PB 0x00000000a1700000| Untracked 
|  24|0x00000000a1800000, 0x00000000a1900000, 0x00000000a1900000|100%| O|  |TAMS 0x00000000a1800000| PB 0x00000000a1800000| Untracked 
|  25|0x00000000a1900000, 0x00000000a1a00000, 0x00000000a1a00000|100%| O|  |TAMS 0x00000000a1900000| PB 0x00000000a1900000| Untracked 
|  26|0x00000000a1a00000, 0x00000000a1a00000, 0x00000000a1b00000|  0%| F|  |TAMS 0x00000000a1a00000| PB 0x00000000a1a00000| Untracked 
|  27|0x00000000a1b00000, 0x00000000a1b00000, 0x00000000a1c00000|  0%| F|  |TAMS 0x00000000a1b00000| PB 0x00000000a1b00000| Untracked 
|  28|0x00000000a1c00000, 0x00000000a1c00000, 0x00000000a1d00000|  0%| F|  |TAMS 0x00000000a1c00000| PB 0x00000000a1c00000| Untracked 
|  29|0x00000000a1d00000, 0x00000000a1d00000, 0x00000000a1e00000|  0%| F|  |TAMS 0x00000000a1d00000| PB 0x00000000a1d00000| Untracked 
|  30|0x00000000a1e00000, 0x00000000a1e00000, 0x00000000a1f00000|  0%| F|  |TAMS 0x00000000a1e00000| PB 0x00000000a1e00000| Untracked 
|  31|0x00000000a1f00000, 0x00000000a2000000, 0x00000000a2000000|100%| O|  |TAMS 0x00000000a1f00000| PB 0x00000000a1f00000| Untracked 
|  32|0x00000000a2000000, 0x00000000a2100000, 0x00000000a2100000|100%| O|  |TAMS 0x00000000a2000000| PB 0x00000000a2000000| Untracked 
|  33|0x00000000a2100000, 0x00000000a2200000, 0x00000000a2200000|100%| O|  |TAMS 0x00000000a2100000| PB 0x00000000a2100000| Untracked 
|  34|0x00000000a2200000, 0x00000000a2200000, 0x00000000a2300000|  0%| F|  |TAMS 0x00000000a2200000| PB 0x00000000a2200000| Untracked 
|  35|0x00000000a2300000, 0x00000000a2300000, 0x00000000a2400000|  0%| F|  |TAMS 0x00000000a2300000| PB 0x00000000a2300000| Untracked 
|  36|0x00000000a2400000, 0x00000000a2480eb0, 0x00000000a2500000| 50%| S|CS|TAMS 0x00000000a2400000| PB 0x00000000a2400000| Complete 
|  37|0x00000000a2500000, 0x00000000a2600000, 0x00000000a2600000|100%| O|  |TAMS 0x00000000a2500000| PB 0x00000000a2500000| Untracked 
|  38|0x00000000a2600000, 0x00000000a2681e70, 0x00000000a2700000| 50%| O|  |TAMS 0x00000000a2600000| PB 0x00000000a2600000| Untracked 
|  39|0x00000000a2700000, 0x00000000a2800000, 0x00000000a2800000|100%| S|CS|TAMS 0x00000000a2700000| PB 0x00000000a2700000| Complete 
|  40|0x00000000a2800000, 0x00000000a2800000, 0x00000000a2900000|  0%| F|  |TAMS 0x00000000a2800000| PB 0x00000000a2800000| Untracked 
|  41|0x00000000a2900000, 0x00000000a2900000, 0x00000000a2a00000|  0%| F|  |TAMS 0x00000000a2900000| PB 0x00000000a2900000| Untracked 
|  42|0x00000000a2a00000, 0x00000000a2a00000, 0x00000000a2b00000|  0%| F|  |TAMS 0x00000000a2a00000| PB 0x00000000a2a00000| Untracked 
|  43|0x00000000a2b00000, 0x00000000a2b00000, 0x00000000a2c00000|  0%| F|  |TAMS 0x00000000a2b00000| PB 0x00000000a2b00000| Untracked 
|  44|0x00000000a2c00000, 0x00000000a2c00000, 0x00000000a2d00000|  0%| F|  |TAMS 0x00000000a2c00000| PB 0x00000000a2c00000| Untracked 
|  45|0x00000000a2d00000, 0x00000000a2d00000, 0x00000000a2e00000|  0%| F|  |TAMS 0x00000000a2d00000| PB 0x00000000a2d00000| Untracked 
|  46|0x00000000a2e00000, 0x00000000a2e00000, 0x00000000a2f00000|  0%| F|  |TAMS 0x00000000a2e00000| PB 0x00000000a2e00000| Untracked 
|  47|0x00000000a2f00000, 0x00000000a2f00000, 0x00000000a3000000|  0%| F|  |TAMS 0x00000000a2f00000| PB 0x00000000a2f00000| Untracked 
|  48|0x00000000a3000000, 0x00000000a3000000, 0x00000000a3100000|  0%| F|  |TAMS 0x00000000a3000000| PB 0x00000000a3000000| Untracked 
|  49|0x00000000a3100000, 0x00000000a3100000, 0x00000000a3200000|  0%| F|  |TAMS 0x00000000a3100000| PB 0x00000000a3100000| Untracked 
|  50|0x00000000a3200000, 0x00000000a3200000, 0x00000000a3300000|  0%| F|  |TAMS 0x00000000a3200000| PB 0x00000000a3200000| Untracked 
|  51|0x00000000a3300000, 0x00000000a3300000, 0x00000000a3400000|  0%| F|  |TAMS 0x00000000a3300000| PB 0x00000000a3300000| Untracked 
|  52|0x00000000a3400000, 0x00000000a3400000, 0x00000000a3500000|  0%| F|  |TAMS 0x00000000a3400000| PB 0x00000000a3400000| Untracked 
|  53|0x00000000a3500000, 0x00000000a3500000, 0x00000000a3600000|  0%| F|  |TAMS 0x00000000a3500000| PB 0x00000000a3500000| Untracked 
|  54|0x00000000a3600000, 0x00000000a3600000, 0x00000000a3700000|  0%| F|  |TAMS 0x00000000a3600000| PB 0x00000000a3600000| Untracked 
|  55|0x00000000a3700000, 0x00000000a3700000, 0x00000000a3800000|  0%| F|  |TAMS 0x00000000a3700000| PB 0x00000000a3700000| Untracked 
|  56|0x00000000a3800000, 0x00000000a3800000, 0x00000000a3900000|  0%| F|  |TAMS 0x00000000a3800000| PB 0x00000000a3800000| Untracked 
|  57|0x00000000a3900000, 0x00000000a3900000, 0x00000000a3a00000|  0%| F|  |TAMS 0x00000000a3900000| PB 0x00000000a3900000| Untracked 
|  58|0x00000000a3a00000, 0x00000000a3a00000, 0x00000000a3b00000|  0%| F|  |TAMS 0x00000000a3a00000| PB 0x00000000a3a00000| Untracked 
|  59|0x00000000a3b00000, 0x00000000a3b00000, 0x00000000a3c00000|  0%| F|  |TAMS 0x00000000a3b00000| PB 0x00000000a3b00000| Untracked 
|  60|0x00000000a3c00000, 0x00000000a3c00000, 0x00000000a3d00000|  0%| F|  |TAMS 0x00000000a3c00000| PB 0x00000000a3c00000| Untracked 
|  61|0x00000000a3d00000, 0x00000000a3d00000, 0x00000000a3e00000|  0%| F|  |TAMS 0x00000000a3d00000| PB 0x00000000a3d00000| Untracked 
|  62|0x00000000a3e00000, 0x00000000a3e00000, 0x00000000a3f00000|  0%| F|  |TAMS 0x00000000a3e00000| PB 0x00000000a3e00000| Untracked 
|  63|0x00000000a3f00000, 0x00000000a3f00000, 0x00000000a4000000|  0%| F|  |TAMS 0x00000000a3f00000| PB 0x00000000a3f00000| Untracked 
|  64|0x00000000a4000000, 0x00000000a4000000, 0x00000000a4100000|  0%| F|  |TAMS 0x00000000a4000000| PB 0x00000000a4000000| Untracked 
|  65|0x00000000a4100000, 0x00000000a4100000, 0x00000000a4200000|  0%| F|  |TAMS 0x00000000a4100000| PB 0x00000000a4100000| Untracked 
|  66|0x00000000a4200000, 0x00000000a4200000, 0x00000000a4300000|  0%| F|  |TAMS 0x00000000a4200000| PB 0x00000000a4200000| Untracked 
|  67|0x00000000a4300000, 0x00000000a4300000, 0x00000000a4400000|  0%| F|  |TAMS 0x00000000a4300000| PB 0x00000000a4300000| Untracked 
|  68|0x00000000a4400000, 0x00000000a4400000, 0x00000000a4500000|  0%| F|  |TAMS 0x00000000a4400000| PB 0x00000000a4400000| Untracked 
|  69|0x00000000a4500000, 0x00000000a4500000, 0x00000000a4600000|  0%| F|  |TAMS 0x00000000a4500000| PB 0x00000000a4500000| Untracked 
|  70|0x00000000a4600000, 0x00000000a4600000, 0x00000000a4700000|  0%| F|  |TAMS 0x00000000a4600000| PB 0x00000000a4600000| Untracked 
|  71|0x00000000a4700000, 0x00000000a4700000, 0x00000000a4800000|  0%| F|  |TAMS 0x00000000a4700000| PB 0x00000000a4700000| Untracked 
|  72|0x00000000a4800000, 0x00000000a4800000, 0x00000000a4900000|  0%| F|  |TAMS 0x00000000a4800000| PB 0x00000000a4800000| Untracked 
|  73|0x00000000a4900000, 0x00000000a4900000, 0x00000000a4a00000|  0%| F|  |TAMS 0x00000000a4900000| PB 0x00000000a4900000| Untracked 
|  74|0x00000000a4a00000, 0x00000000a4a00000, 0x00000000a4b00000|  0%| F|  |TAMS 0x00000000a4a00000| PB 0x00000000a4a00000| Untracked 
|  75|0x00000000a4b00000, 0x00000000a4b00000, 0x00000000a4c00000|  0%| F|  |TAMS 0x00000000a4b00000| PB 0x00000000a4b00000| Untracked 
|  76|0x00000000a4c00000, 0x00000000a4c00000, 0x00000000a4d00000|  0%| F|  |TAMS 0x00000000a4c00000| PB 0x00000000a4c00000| Untracked 
|  77|0x00000000a4d00000, 0x00000000a4d00000, 0x00000000a4e00000|  0%| F|  |TAMS 0x00000000a4d00000| PB 0x00000000a4d00000| Untracked 
| 136|0x00000000a8800000, 0x00000000a8800000, 0x00000000a8900000|  0%| F|  |TAMS 0x00000000a8800000| PB 0x00000000a8800000| Untracked 
| 137|0x00000000a8900000, 0x00000000a8900000, 0x00000000a8a00000|  0%| F|  |TAMS 0x00000000a8900000| PB 0x00000000a8900000| Untracked 
| 138|0x00000000a8a00000, 0x00000000a8a00000, 0x00000000a8b00000|  0%| F|  |TAMS 0x00000000a8a00000| PB 0x00000000a8a00000| Untracked 
| 139|0x00000000a8b00000, 0x00000000a8b00000, 0x00000000a8c00000|  0%| F|  |TAMS 0x00000000a8b00000| PB 0x00000000a8b00000| Untracked 
| 140|0x00000000a8c00000, 0x00000000a8c00000, 0x00000000a8d00000|  0%| F|  |TAMS 0x00000000a8c00000| PB 0x00000000a8c00000| Untracked 
| 141|0x00000000a8d00000, 0x00000000a8d00000, 0x00000000a8e00000|  0%| F|  |TAMS 0x00000000a8d00000| PB 0x00000000a8d00000| Untracked 
| 142|0x00000000a8e00000, 0x00000000a8e00000, 0x00000000a8f00000|  0%| F|  |TAMS 0x00000000a8e00000| PB 0x00000000a8e00000| Untracked 
| 143|0x00000000a8f00000, 0x00000000a8f00000, 0x00000000a9000000|  0%| F|  |TAMS 0x00000000a8f00000| PB 0x00000000a8f00000| Untracked 
| 144|0x00000000a9000000, 0x00000000a9000000, 0x00000000a9100000|  0%| F|  |TAMS 0x00000000a9000000| PB 0x00000000a9000000| Untracked 
| 145|0x00000000a9100000, 0x00000000a9100000, 0x00000000a9200000|  0%| F|  |TAMS 0x00000000a9100000| PB 0x00000000a9100000| Untracked 
| 146|0x00000000a9200000, 0x00000000a9200000, 0x00000000a9300000|  0%| F|  |TAMS 0x00000000a9200000| PB 0x00000000a9200000| Untracked 
| 147|0x00000000a9300000, 0x00000000a9400000, 0x00000000a9400000|100%| E|  |TAMS 0x00000000a9300000| PB 0x00000000a9300000| Complete 
| 251|0x00000000afb00000, 0x00000000afc00000, 0x00000000afc00000|100%| E|CS|TAMS 0x00000000afb00000| PB 0x00000000afb00000| Complete 
|1531|0x00000000ffb00000, 0x00000000ffc00000, 0x00000000ffc00000|100%| O|  |TAMS 0x00000000ffb00000| PB 0x00000000ffb00000| Untracked 
|1532|0x00000000ffc00000, 0x00000000ffd00000, 0x00000000ffd00000|100%| O|  |TAMS 0x00000000ffc00000| PB 0x00000000ffc00000| Untracked 
|1533|0x00000000ffd00000, 0x00000000ffe00000, 0x00000000ffe00000|100%| O|  |TAMS 0x00000000ffd00000| PB 0x00000000ffd00000| Untracked 
|1534|0x00000000ffe00000, 0x00000000fff00000, 0x00000000fff00000|100%| O|  |TAMS 0x00000000ffe00000| PB 0x00000000ffe00000| Untracked 
|1535|0x00000000fff00000, 0x0000000100000000, 0x0000000100000000|100%| O|  |TAMS 0x00000000fff00000| PB 0x00000000fff00000| Untracked 

Card table byte_map: [0x0000018efeab0000,0x0000018efedb0000] _byte_map_base: 0x0000018efe5b0000

Marking Bits: (CMBitMap*) 0x0000018efb0a7160
 Bits: [0x0000018e8f000000, 0x0000018e90800000)

Polling page: 0x0000018ef8e60000

Metaspace:

Usage:
  Non-class:     30.22 MB used.
      Class:      5.00 MB used.
       Both:     35.22 MB used.

Virtual space:
  Non-class space:       64.00 MB reserved,      30.81 MB ( 48%) committed,  1 nodes.
      Class space:        1.00 GB reserved,       5.56 MB ( <1%) committed,  1 nodes.
             Both:        1.06 GB reserved,      36.38 MB (  3%) committed. 

Chunk freelists:
   Non-Class:  1.10 MB
       Class:  10.29 MB
        Both:  11.38 MB

MaxMetaspaceSize: unlimited
CompressedClassSpaceSize: 1.00 GB
Initial GC threshold: 21.00 MB
Current GC threshold: 59.00 MB
CDS: on
 - commit_granule_bytes: 65536.
 - commit_granule_words: 8192.
 - virtual_space_node_default_size: 8388608.
 - enlarge_chunks_in_place: 1.
 - use_allocation_guard: 0.


Internal statistics:

num_allocs_failed_limit: 6.
num_arena_births: 1810.
num_arena_deaths: 0.
num_vsnodes_births: 2.
num_vsnodes_deaths: 0.
num_space_committed: 582.
num_space_uncommitted: 0.
num_chunks_returned_to_freelist: 6.
num_chunks_taken_from_freelist: 3327.
num_chunk_merges: 6.
num_chunk_splits: 2173.
num_chunks_enlarged: 1392.
num_inconsistent_stats: 0.

CodeHeap 'non-profiled nmethods': size=120000Kb used=3211Kb max_used=3287Kb free=116788Kb
 bounds [0x0000018e87ad0000, 0x0000018e87e20000, 0x0000018e8f000000]
CodeHeap 'profiled nmethods': size=120000Kb used=8725Kb max_used=9844Kb free=111274Kb
 bounds [0x0000018e80000000, 0x0000018e809a0000, 0x0000018e87530000]
CodeHeap 'non-nmethods': size=5760Kb used=2551Kb max_used=2597Kb free=3208Kb
 bounds [0x0000018e87530000, 0x0000018e877d0000, 0x0000018e87ad0000]
CodeCache: size=245760Kb, used=14487Kb, max_used=15728Kb, free=231270Kb
 total_blobs=5463, nmethods=4637, adapters=730, full_count=0
Compilation: enabled, stopped_count=0, restarted_count=0

Compilation events (20 events):
Event: 933.689 Thread 0x0000018e9282d9a0 nmethod 5168 0x0000018e80395510 code [0x0000018e803956c0, 0x0000018e803957f0]
Event: 935.941 Thread 0x0000018e9282b4c0 5169       4       org.gradle.cache.internal.DefaultFileLockManager$DefaultFileLock$1::run (252 bytes)
Event: 936.378 Thread 0x0000018e9282b4c0 nmethod 5169 0x0000018e87e15b10 code [0x0000018e87e161e0, 0x0000018e87e1aa48]
Event: 940.363 Thread 0x0000018e9282b4c0 5170       4       com.google.common.collect.TransformedIterator::hasNext (10 bytes)
Event: 940.369 Thread 0x0000018e9282b4c0 nmethod 5170 0x0000018e87ba5b10 code [0x0000018e87ba5ca0, 0x0000018e87ba5d90]
Event: 940.369 Thread 0x0000018e9282b4c0 5171       4       com.google.common.collect.TransformedIterator::next (14 bytes)
Event: 940.394 Thread 0x0000018e9282b4c0 nmethod 5171 0x0000018e87ba5210 code [0x0000018e87ba53e0, 0x0000018e87ba5810]
Event: 950.314 Thread 0x0000018e9282d9a0 5172       3       java.util.concurrent.atomic.AtomicLong::<init> (10 bytes)
Event: 950.316 Thread 0x0000018e9282d9a0 nmethod 5172 0x0000018e801e5710 code [0x0000018e801e58c0, 0x0000018e801e5aa0]
Event: 950.527 Thread 0x0000018e9282d9a0 5173       3       org.gradle.cache.internal.filelock.DefaultLockStateSerializer$SequenceNumberLockState::<init> (21 bytes)
Event: 950.532 Thread 0x0000018e9282d9a0 nmethod 5173 0x0000018e8016b410 code [0x0000018e8016b5c0, 0x0000018e8016b730]
Event: 950.817 Thread 0x0000018e9282d9a0 5174       3       org.gradle.internal.serialize.InputStreamBackedDecoder::readBoolean (8 bytes)
Event: 950.833 Thread 0x0000018e9282d9a0 nmethod 5174 0x0000018e80058190 code [0x0000018e80058380, 0x0000018e80058778]
Event: 960.368 Thread 0x0000018e9282d9a0 5175       3       java.util.Random::<init> (53 bytes)
Event: 960.371 Thread 0x0000018e9282d9a0 nmethod 5175 0x0000018e801f6610 code [0x0000018e801f6820, 0x0000018e801f6f00]
Event: 990.330 Thread 0x0000018e9282d9a0 5176       3       java.util.Random::<init> (12 bytes)
Event: 990.331 Thread 0x0000018e9282d9a0 nmethod 5176 0x0000018e80498110 code [0x0000018e804982e0, 0x0000018e80498490]
Event: 990.331 Thread 0x0000018e9282d9a0 5177       3       java.util.Random::seedUniquifier (29 bytes)
Event: 990.331 Thread 0x0000018e9282d9a0 nmethod 5177 0x0000018e80146310 code [0x0000018e801464c0, 0x0000018e801466c8]
Event: 993.351 Thread 0x0000018e9282b4c0 5178       4       org.gradle.internal.time.ExponentialBackoff::retryUntil (65 bytes)

GC Heap History (18 events):
Event: 10.549 GC heap before
{Heap before GC invocations=0 (full 0):
 garbage-first heap   total 258048K, used 23552K [0x00000000a0000000, 0x0000000100000000)
  region size 1024K, 23 young (23552K), 0 survivors (0K)
 Metaspace       used 1057K, committed 1152K, reserved 1114112K
  class space    used 81K, committed 128K, reserved 1048576K
}
Event: 11.349 GC heap after
{Heap after GC invocations=1 (full 0):
 garbage-first heap   total 258048K, used 2048K [0x00000000a0000000, 0x0000000100000000)
  region size 1024K, 2 young (2048K), 2 survivors (2048K)
 Metaspace       used 1057K, committed 1152K, reserved 1114112K
  class space    used 81K, committed 128K, reserved 1048576K
}
Event: 20.653 GC heap before
{Heap before GC invocations=1 (full 0):
 garbage-first heap   total 258048K, used 37888K [0x00000000a0000000, 0x0000000100000000)
  region size 1024K, 35 young (35840K), 2 survivors (2048K)
 Metaspace       used 4383K, committed 4544K, reserved 1114112K
  class space    used 557K, committed 640K, reserved 1048576K
}
Event: 20.662 GC heap after
{Heap after GC invocations=2 (full 0):
 garbage-first heap   total 258048K, used 10830K [0x00000000a0000000, 0x0000000100000000)
  region size 1024K, 5 young (5120K), 5 survivors (5120K)
 Metaspace       used 4383K, committed 4544K, reserved 1114112K
  class space    used 557K, committed 640K, reserved 1048576K
}
Event: 31.839 GC heap before
{Heap before GC invocations=2 (full 0):
 garbage-first heap   total 258048K, used 59982K [0x00000000a0000000, 0x0000000100000000)
  region size 1024K, 51 young (52224K), 5 survivors (5120K)
 Metaspace       used 4676K, committed 4928K, reserved 1114112K
  class space    used 601K, committed 704K, reserved 1048576K
}
Event: 31.849 GC heap after
{Heap after GC invocations=3 (full 0):
 garbage-first heap   total 258048K, used 16376K [0x00000000a0000000, 0x0000000100000000)
  region size 1024K, 5 young (5120K), 5 survivors (5120K)
 Metaspace       used 4676K, committed 4928K, reserved 1114112K
  class space    used 601K, committed 704K, reserved 1048576K
}
Event: 88.931 GC heap before
{Heap before GC invocations=3 (full 0):
 garbage-first heap   total 258048K, used 116728K [0x00000000a0000000, 0x0000000100000000)
  region size 1024K, 104 young (106496K), 5 survivors (5120K)
 Metaspace       used 20842K, committed 21504K, reserved 1114112K
  class space    used 3064K, committed 3392K, reserved 1048576K
}
Event: 89.065 GC heap after
{Heap after GC invocations=4 (full 0):
 garbage-first heap   total 258048K, used 24235K [0x00000000a0000000, 0x0000000100000000)
  region size 1024K, 12 young (12288K), 12 survivors (12288K)
 Metaspace       used 20842K, committed 21504K, reserved 1114112K
  class space    used 3064K, committed 3392K, reserved 1048576K
}
Event: 203.742 GC heap before
{Heap before GC invocations=5 (full 0):
 garbage-first heap   total 81920K, used 80555K [0x00000000a0000000, 0x0000000100000000)
  region size 1024K, 68 young (69632K), 12 survivors (12288K)
 Metaspace       used 26807K, committed 27776K, reserved 1114112K
  class space    used 4038K, committed 4480K, reserved 1048576K
}
Event: 203.786 GC heap after
{Heap after GC invocations=6 (full 0):
 garbage-first heap   total 98304K, used 26872K [0x00000000a0000000, 0x0000000100000000)
  region size 1024K, 11 young (11264K), 11 survivors (11264K)
 Metaspace       used 26807K, committed 27776K, reserved 1114112K
  class space    used 4038K, committed 4480K, reserved 1048576K
}
Event: 635.630 GC heap before
{Heap before GC invocations=6 (full 0):
 garbage-first heap   total 98304K, used 73976K [0x00000000a0000000, 0x0000000100000000)
  region size 1024K, 57 young (58368K), 11 survivors (11264K)
 Metaspace       used 26983K, committed 27968K, reserved 1114112K
  class space    used 4051K, committed 4544K, reserved 1048576K
}
Event: 636.193 GC heap after
{Heap after GC invocations=7 (full 0):
 garbage-first heap   total 98304K, used 26915K [0x00000000a0000000, 0x0000000100000000)
  region size 1024K, 3 young (3072K), 3 survivors (3072K)
 Metaspace       used 26983K, committed 27968K, reserved 1114112K
  class space    used 4051K, committed 4544K, reserved 1048576K
}
Event: 643.112 GC heap before
{Heap before GC invocations=7 (full 0):
 garbage-first heap   total 98304K, used 81187K [0x00000000a0000000, 0x0000000100000000)
  region size 1024K, 57 young (58368K), 3 survivors (3072K)
 Metaspace       used 33668K, committed 34688K, reserved 1114112K
  class space    used 4832K, committed 5312K, reserved 1048576K
}
Event: 643.130 GC heap after
{Heap after GC invocations=8 (full 0):
 garbage-first heap   total 98304K, used 31990K [0x00000000a0000000, 0x0000000100000000)
  region size 1024K, 8 young (8192K), 8 survivors (8192K)
 Metaspace       used 33668K, committed 34688K, reserved 1114112K
  class space    used 4832K, committed 5312K, reserved 1048576K
}
Event: 643.469 GC heap before
{Heap before GC invocations=8 (full 0):
 garbage-first heap   total 98304K, used 43254K [0x00000000a0000000, 0x0000000100000000)
  region size 1024K, 16 young (16384K), 8 survivors (8192K)
 Metaspace       used 35097K, committed 36160K, reserved 1114112K
  class space    used 4952K, committed 5504K, reserved 1048576K
}
Event: 643.479 GC heap after
{Heap after GC invocations=9 (full 0):
 garbage-first heap   total 98304K, used 32623K [0x00000000a0000000, 0x0000000100000000)
  region size 1024K, 2 young (2048K), 2 survivors (2048K)
 Metaspace       used 35097K, committed 36160K, reserved 1114112K
  class space    used 4952K, committed 5504K, reserved 1048576K
}
Event: 980.935 GC heap before
{Heap before GC invocations=10 (full 0):
 garbage-first heap   total 98304K, used 82799K [0x00000000a0000000, 0x0000000100000000)
  region size 1024K, 51 young (52224K), 2 survivors (2048K)
 Metaspace       used 36066K, committed 37248K, reserved 1114112K
  class space    used 5120K, committed 5696K, reserved 1048576K
}
Event: 981.067 GC heap after
{Heap after GC invocations=11 (full 0):
 garbage-first heap   total 98304K, used 32779K [0x00000000a0000000, 0x0000000100000000)
  region size 1024K, 2 young (2048K), 2 survivors (2048K)
 Metaspace       used 36066K, committed 37248K, reserved 1114112K
  class space    used 5120K, committed 5696K, reserved 1048576K
}

Dll operation events (20 events):
Event: 2.330 Attempting to load shared library C:\Users\ishas\.vscode\extensions\redhat.java-1.56.0-win32-x64\jre\21.0.12.1-win32-x86_64\bin\nio.dll
Event: 2.331 Loaded shared library C:\Users\ishas\.vscode\extensions\redhat.java-1.56.0-win32-x64\jre\21.0.12.1-win32-x86_64\bin\nio.dll
Event: 2.340 Attempting to load shared library C:\Users\ishas\.vscode\extensions\redhat.java-1.56.0-win32-x64\jre\21.0.12.1-win32-x86_64\bin\zip.dll
Event: 2.340 Loaded shared library C:\Users\ishas\.vscode\extensions\redhat.java-1.56.0-win32-x64\jre\21.0.12.1-win32-x86_64\bin\zip.dll
Event: 9.494 Attempting to load shared library C:\Users\ishas\.vscode\extensions\redhat.java-1.56.0-win32-x64\jre\21.0.12.1-win32-x86_64\bin\jimage.dll
Event: 9.494 Loaded shared library C:\Users\ishas\.vscode\extensions\redhat.java-1.56.0-win32-x64\jre\21.0.12.1-win32-x86_64\bin\jimage.dll
Event: 13.557 Attempting to load shared library C:\Users\ishas\.vscode\extensions\redhat.java-1.56.0-win32-x64\jre\21.0.12.1-win32-x86_64\bin\verify.dll
Event: 13.558 Loaded shared library C:\Users\ishas\.vscode\extensions\redhat.java-1.56.0-win32-x64\jre\21.0.12.1-win32-x86_64\bin\verify.dll
Event: 15.658 Attempting to load shared library C:\Users\ishas\.gradle\native\1def1411415f61bf3af743bc5b6707747c0891f09f0c88961ee8f79bc544acac\windows-amd64\native-platform.dll
Event: 15.659 Loaded shared library C:\Users\ishas\.gradle\native\1def1411415f61bf3af743bc5b6707747c0891f09f0c88961ee8f79bc544acac\windows-amd64\native-platform.dll
Event: 15.672 Attempting to load shared library C:\Users\ishas\.gradle\native\0.2.7\x86_64-windows-gnu\gradle-fileevents.dll
Event: 15.673 Loaded shared library C:\Users\ishas\.gradle\native\0.2.7\x86_64-windows-gnu\gradle-fileevents.dll
Event: 33.503 Attempting to load shared library C:\Users\ishas\.vscode\extensions\redhat.java-1.56.0-win32-x64\jre\21.0.12.1-win32-x86_64\bin\management.dll
Event: 33.504 Loaded shared library C:\Users\ishas\.vscode\extensions\redhat.java-1.56.0-win32-x64\jre\21.0.12.1-win32-x86_64\bin\management.dll
Event: 33.508 Attempting to load shared library C:\Users\ishas\.vscode\extensions\redhat.java-1.56.0-win32-x64\jre\21.0.12.1-win32-x86_64\bin\management_ext.dll
Event: 33.509 Loaded shared library C:\Users\ishas\.vscode\extensions\redhat.java-1.56.0-win32-x64\jre\21.0.12.1-win32-x86_64\bin\management_ext.dll
Event: 39.381 Attempting to load shared library C:\Users\ishas\.vscode\extensions\redhat.java-1.56.0-win32-x64\jre\21.0.12.1-win32-x86_64\bin\extnet.dll
Event: 39.387 Loaded shared library C:\Users\ishas\.vscode\extensions\redhat.java-1.56.0-win32-x64\jre\21.0.12.1-win32-x86_64\bin\extnet.dll
Event: 72.045 Attempting to load shared library C:\Users\ishas\.vscode\extensions\redhat.java-1.56.0-win32-x64\jre\21.0.12.1-win32-x86_64\bin\sunmscapi.dll
Event: 72.049 Loaded shared library C:\Users\ishas\.vscode\extensions\redhat.java-1.56.0-win32-x64\jre\21.0.12.1-win32-x86_64\bin\sunmscapi.dll

Deoptimization events (20 events):
Event: 931.294 Thread 0x0000018ed946ced0 Uncommon trap: trap_request=0xffffff45 fr.pc=0x0000018e87cfecdc relative=0x000000000000067c
Event: 931.295 Thread 0x0000018ed946ced0 Uncommon trap: reason=unstable_if action=reinterpret pc=0x0000018e87cfecdc method=java.io.DataInputStream.readBoolean()Z @ 4 c2
Event: 931.295 Thread 0x0000018ed946ced0 DEOPT PACKING pc=0x0000018e87cfecdc sp=0x0000007ea56fe520
Event: 931.295 Thread 0x0000018ed946ced0 DEOPT UNPACKING pc=0x0000018e87584422 sp=0x0000007ea56fe490 mode 2
Event: 948.052 Thread 0x0000018e92a433e0 Uncommon trap: trap_request=0xffffffbe fr.pc=0x0000018e87e0b708 relative=0x0000000000004b68
Event: 948.052 Thread 0x0000018e92a433e0 Uncommon trap: reason=profile_predicate action=maybe_recompile pc=0x0000018e87e0b708 method=org.gradle.internal.time.ExponentialBackoff.retryUntil(Lorg/gradle/internal/time/ExponentialBackoff$Query;)Ljava/lang/Object; @ 13 c2
Event: 948.052 Thread 0x0000018e92a433e0 DEOPT PACKING pc=0x0000018e87e0b708 sp=0x0000007ea59f9e40
Event: 948.053 Thread 0x0000018e92a433e0 DEOPT UNPACKING pc=0x0000018e87584422 sp=0x0000007ea59f9e78 mode 2
Event: 956.388 Thread 0x0000018e92a433e0 Uncommon trap: trap_request=0xffffffbe fr.pc=0x0000018e87e0b708 relative=0x0000000000004b68
Event: 956.388 Thread 0x0000018e92a433e0 Uncommon trap: reason=profile_predicate action=maybe_recompile pc=0x0000018e87e0b708 method=org.gradle.internal.time.ExponentialBackoff.retryUntil(Lorg/gradle/internal/time/ExponentialBackoff$Query;)Ljava/lang/Object; @ 13 c2
Event: 956.388 Thread 0x0000018e92a433e0 DEOPT PACKING pc=0x0000018e87e0b708 sp=0x0000007ea59f9e40
Event: 956.388 Thread 0x0000018e92a433e0 DEOPT UNPACKING pc=0x0000018e87584422 sp=0x0000007ea59f9e78 mode 2
Event: 962.595 Thread 0x0000018e92a433e0 Uncommon trap: trap_request=0xffffffbe fr.pc=0x0000018e87e0b708 relative=0x0000000000004b68
Event: 962.595 Thread 0x0000018e92a433e0 Uncommon trap: reason=profile_predicate action=maybe_recompile pc=0x0000018e87e0b708 method=org.gradle.internal.time.ExponentialBackoff.retryUntil(Lorg/gradle/internal/time/ExponentialBackoff$Query;)Ljava/lang/Object; @ 13 c2
Event: 962.595 Thread 0x0000018e92a433e0 DEOPT PACKING pc=0x0000018e87e0b708 sp=0x0000007ea59f9e40
Event: 962.595 Thread 0x0000018e92a433e0 DEOPT UNPACKING pc=0x0000018e87584422 sp=0x0000007ea59f9e78 mode 2
Event: 964.280 Thread 0x0000018e92a433e0 Uncommon trap: trap_request=0xffffffbe fr.pc=0x0000018e87e0b708 relative=0x0000000000004b68
Event: 964.280 Thread 0x0000018e92a433e0 Uncommon trap: reason=profile_predicate action=maybe_recompile pc=0x0000018e87e0b708 method=org.gradle.internal.time.ExponentialBackoff.retryUntil(Lorg/gradle/internal/time/ExponentialBackoff$Query;)Ljava/lang/Object; @ 13 c2
Event: 964.280 Thread 0x0000018e92a433e0 DEOPT PACKING pc=0x0000018e87e0b708 sp=0x0000007ea59f9e40
Event: 964.280 Thread 0x0000018e92a433e0 DEOPT UNPACKING pc=0x0000018e87584422 sp=0x0000007ea59f9e78 mode 2

Classes loaded (20 events):
Event: 643.155 Loading class sun/reflect/generics/tree/ArrayTypeSignature
Event: 643.156 Loading class sun/reflect/generics/tree/ArrayTypeSignature done
Event: 643.160 Loading class com/sun/beans/finder/MethodFinder
Event: 643.161 Loading class com/sun/beans/finder/AbstractFinder
Event: 643.161 Loading class com/sun/beans/finder/AbstractFinder done
Event: 643.161 Loading class com/sun/beans/finder/MethodFinder done
Event: 643.161 Loading class com/sun/beans/finder/MethodFinder$1
Event: 643.162 Loading class com/sun/beans/finder/MethodFinder$1 done
Event: 643.162 Loading class com/sun/beans/finder/FinderUtils
Event: 643.162 Loading class com/sun/beans/finder/FinderUtils done
Event: 643.362 Loading class java/lang/invoke/SerializedLambda
Event: 643.363 Loading class java/lang/invoke/SerializedLambda done
Event: 643.458 Loading class java/util/BitSet$1BitSetSpliterator
Event: 643.459 Loading class java/util/BitSet$1BitSetSpliterator done
Event: 643.610 Loading class java/lang/SafeVarargs
Event: 643.611 Loading class java/lang/SafeVarargs done
Event: 643.648 Loading class jdk/internal/reflect/MethodHandleIntegerFieldAccessorImpl
Event: 643.650 Loading class jdk/internal/reflect/MethodHandleIntegerFieldAccessorImpl done
Event: 643.709 Loading class sun/nio/fs/WindowsException
Event: 643.710 Loading class sun/nio/fs/WindowsException done

Classes unloaded (0 events):
No events

Classes redefined (0 events):
No events

Internal exceptions (20 events):
Event: 643.150 Thread 0x0000018e92a433e0 Exception <a 'java/lang/ClassNotFoundException'{0x00000000afb78618}: groovy/lang/Closure$1BeanInfo> (0x00000000afb78618) 
thrown [s\src\hotspot\share\classfile\systemDictionary.cpp, line 313]
Event: 643.151 Thread 0x0000018e92a433e0 Exception <a 'java/lang/ClassNotFoundException'{0x00000000afb85778}: groovy/lang/ClosureBeanInfo> (0x00000000afb85778) 
thrown [s\src\hotspot\share\classfile\systemDictionary.cpp, line 313]
Event: 643.152 Thread 0x0000018e92a433e0 Exception <a 'java/lang/ClassNotFoundException'{0x00000000afb92ac8}: groovy/lang/ClosureCustomizer> (0x00000000afb92ac8) 
thrown [s\src\hotspot\share\classfile\systemDictionary.cpp, line 313]
Event: 643.160 Thread 0x0000018e92a433e0 Exception <a 'java/lang/ClassNotFoundException'{0x00000000afbc4888}: groovy/lang/Closure$1Customizer> (0x00000000afbc4888) 
thrown [s\src\hotspot\share\classfile\systemDictionary.cpp, line 313]
Event: 643.251 Thread 0x0000018e92a433e0 Exception <a 'java/lang/NoSuchMethodError'{0x00000000a93d92b0}: 'void java.lang.invoke.Invokers$Holder.invoke_MT(java.lang.Object, java.lang.Object, java.lang.Object, java.lang.Object)'> (0x00000000a93d92b0) 
thrown [s\src\hotspot\share\interpreter\linkResolver.cpp, line 773]
Event: 643.298 Thread 0x0000018e92a433e0 Exception <a 'java/lang/ClassNotFoundException'{0x00000000a91c8168}: org/gradle/invocation/DefaultGradle_DecoratedBeanInfo> (0x00000000a91c8168) 
thrown [s\src\hotspot\share\classfile\systemDictionary.cpp, line 313]
Event: 643.299 Thread 0x0000018e92a433e0 Exception <a 'java/lang/ClassNotFoundException'{0x00000000a91d5738}: org/gradle/invocation/DefaultGradleBeanInfo> (0x00000000a91d5738) 
thrown [s\src\hotspot\share\classfile\systemDictionary.cpp, line 313]
Event: 643.300 Thread 0x0000018e92a433e0 Exception <a 'java/lang/ClassNotFoundException'{0x00000000a91e3298}: org/gradle/api/internal/project/AbstractPluginAwareBeanInfo> (0x00000000a91e3298) 
thrown [s\src\hotspot\share\classfile\systemDictionary.cpp, line 313]
Event: 643.301 Thread 0x0000018e92a433e0 Exception <a 'java/lang/ClassNotFoundException'{0x00000000a91f0e98}: org/gradle/api/internal/project/AbstractPluginAwareCustomizer> (0x00000000a91f0e98) 
thrown [s\src\hotspot\share\classfile\systemDictionary.cpp, line 313]
Event: 643.303 Thread 0x0000018e92a433e0 Exception <a 'java/lang/ClassNotFoundException'{0x00000000a90047b8}: org/gradle/invocation/DefaultGradleCustomizer> (0x00000000a90047b8) 
thrown [s\src\hotspot\share\classfile\systemDictionary.cpp, line 313]
Event: 643.308 Thread 0x0000018e92a433e0 Exception <a 'java/lang/ClassNotFoundException'{0x00000000a9046658}: org/gradle/invocation/DefaultGradle_DecoratedCustomizer> (0x00000000a9046658) 
thrown [s\src\hotspot\share\classfile\systemDictionary.cpp, line 313]
Event: 643.640 Thread 0x0000018e92a433e0 Exception <a 'java/lang/NoSuchMethodError'{0x00000000a9110630}: 'java.lang.Object java.lang.invoke.DirectMethodHandle$Holder.newInvokeSpecial(java.lang.Object, java.lang.Object, int, int)'> (0x00000000a9110630) 
thrown [s\src\hotspot\share\interpreter\linkResolver.cpp, line 773]
Event: 643.650 Thread 0x0000018e92a433e0 Exception <a 'java/lang/NoSuchMethodError'{0x00000000a914aa08}: 'void java.lang.invoke.DirectMethodHandle$Holder.invokeSpecial(java.lang.Object, java.lang.Object, int)'> (0x00000000a914aa08) 
thrown [s\src\hotspot\share\interpreter\linkResolver.cpp, line 773]
Event: 643.651 Thread 0x0000018e92a433e0 Exception <a 'java/lang/NoSuchMethodError'{0x00000000a914ecf8}: 'void java.lang.invoke.Invokers$Holder.invokeExact_MT(java.lang.Object, int, java.lang.Object)'> (0x00000000a914ecf8) 
thrown [s\src\hotspot\share\interpreter\linkResolver.cpp, line 773]
Event: 643.656 Thread 0x0000018e92a433e0 Exception <a 'java/lang/IncompatibleClassChangeError'{0x00000000a91643a8}: Found class java.lang.Object, but interface was expected> (0x00000000a91643a8) 
thrown [s\src\hotspot\share\interpreter\linkResolver.cpp, line 840]
Event: 643.710 Thread 0x0000018e92a433e0 Exception <a 'sun/nio/fs/WindowsException'{0x00000000a905ee90}> (0x00000000a905ee90) 
thrown [s\src\hotspot\share\prims\jni.cpp, line 520]
Event: 643.710 Thread 0x0000018e92a433e0 Exception <a 'sun/nio/fs/WindowsException'{0x00000000a90603b8}> (0x00000000a90603b8) 
thrown [s\src\hotspot\share\prims\jni.cpp, line 520]
Event: 643.711 Thread 0x0000018e92a433e0 Exception <a 'sun/nio/fs/WindowsException'{0x00000000a9061888}> (0x00000000a9061888) 
thrown [s\src\hotspot\share\prims\jni.cpp, line 520]
Event: 643.711 Thread 0x0000018e92a433e0 Exception <a 'sun/nio/fs/WindowsException'{0x00000000a9062980}> (0x00000000a9062980) 
thrown [s\src\hotspot\share\prims\jni.cpp, line 520]
Event: 709.620 Thread 0x0000018e92a433e0 Exception <a 'java/lang/IncompatibleClassChangeError'{0x00000000a48b7608}: Found class java.lang.Object, but interface was expected> (0x00000000a48b7608) 
thrown [s\src\hotspot\share\interpreter\linkResolver.cpp, line 840]

ZGC Phase Switch (0 events):
No events

VM Operations (20 events):
Event: 768.913 Executing safepoint VM operation: Cleanup
Event: 768.914 Executing safepoint VM operation: Cleanup done
Event: 770.926 Executing safepoint VM operation: Cleanup
Event: 770.926 Executing safepoint VM operation: Cleanup done
Event: 850.459 Executing safepoint VM operation: Cleanup
Event: 850.460 Executing safepoint VM operation: Cleanup done
Event: 877.627 Executing safepoint VM operation: Cleanup
Event: 877.627 Executing safepoint VM operation: Cleanup done
Event: 882.665 Executing safepoint VM operation: Cleanup
Event: 882.681 Executing safepoint VM operation: Cleanup done
Event: 901.793 Executing safepoint VM operation: Cleanup
Event: 901.794 Executing safepoint VM operation: Cleanup done
Event: 932.013 Executing safepoint VM operation: Cleanup
Event: 932.013 Executing safepoint VM operation: Cleanup done
Event: 948.147 Executing safepoint VM operation: Cleanup
Event: 948.147 Executing safepoint VM operation: Cleanup done
Event: 951.172 Executing safepoint VM operation: Cleanup
Event: 951.172 Executing safepoint VM operation: Cleanup done
Event: 980.934 Executing safepoint VM operation: G1CollectForAllocation (G1 Evacuation Pause)
Event: 981.067 Executing safepoint VM operation: G1CollectForAllocation (G1 Evacuation Pause) done

Memory protections (0 events):
No events

Nmethod flushes (20 events):
Event: 643.529 Thread 0x0000018e92805690 flushing  nmethod 0x0000018e80154d90
Event: 643.529 Thread 0x0000018e92805690 flushing  nmethod 0x0000018e80157a10
Event: 643.529 Thread 0x0000018e92805690 flushing  nmethod 0x0000018e80157e10
Event: 643.529 Thread 0x0000018e92805690 flushing  nmethod 0x0000018e80159390
Event: 643.529 Thread 0x0000018e92805690 flushing  nmethod 0x0000018e80196690
Event: 643.529 Thread 0x0000018e92805690 flushing  nmethod 0x0000018e80197f10
Event: 643.529 Thread 0x0000018e92805690 flushing  nmethod 0x0000018e80198d90
Event: 643.529 Thread 0x0000018e92805690 flushing  nmethod 0x0000018e80199210
Event: 643.529 Thread 0x0000018e92805690 flushing  nmethod 0x0000018e80199610
Event: 643.529 Thread 0x0000018e92805690 flushing  nmethod 0x0000018e80264890
Event: 643.529 Thread 0x0000018e92805690 flushing  nmethod 0x0000018e80266990
Event: 643.529 Thread 0x0000018e92805690 flushing  nmethod 0x0000018e80293010
Event: 643.529 Thread 0x0000018e92805690 flushing  nmethod 0x0000018e803d2110
Event: 643.529 Thread 0x0000018e92805690 flushing  nmethod 0x0000018e803d3a10
Event: 643.529 Thread 0x0000018e92805690 flushing  nmethod 0x0000018e803d4e10
Event: 643.529 Thread 0x0000018e92805690 flushing  nmethod 0x0000018e803d5310
Event: 643.529 Thread 0x0000018e92805690 flushing  nmethod 0x0000018e803d8790
Event: 643.529 Thread 0x0000018e92805690 flushing  nmethod 0x0000018e803dc210
Event: 643.529 Thread 0x0000018e92805690 flushing  nmethod 0x0000018e803dd510
Event: 643.529 Thread 0x0000018e92805690 flushing  nmethod 0x0000018e803ddd90

Events (20 events):
Event: 81.680 Thread 0x0000018e92a433e0 Thread added: 0x0000018e92a44e20
Event: 82.480 Thread 0x0000018e92a433e0 Thread added: 0x0000018e92a43a70
Event: 83.738 Thread 0x0000018e92a43a70 Thread added: 0x0000018e92a44100
Event: 83.811 Thread 0x0000018e92a433e0 Thread added: 0x0000018e92a42030
Event: 89.382 Thread 0x0000018e92a433e0 Thread added: 0x0000018ed8c76c00
Event: 89.596 Thread 0x0000018e92a433e0 Thread added: 0x0000018ed8c744a0
Event: 91.379 Thread 0x0000018e92a433e0 Thread added: 0x0000018ed8c77290
Event: 91.395 Thread 0x0000018e92a433e0 Thread added: 0x0000018ed8c77920
Event: 125.770 Thread 0x0000018e92a433e0 Thread added: 0x0000018ed8c74b30
Event: 190.415 Thread 0x0000018e92a44100 Thread exited: 0x0000018e92a44100
Event: 630.836 Thread 0x0000018e92a43a70 Thread added: 0x0000018ed8c751c0
Event: 631.012 Thread 0x0000018e92a433e0 Thread added: 0x0000018ed8c75ee0
Event: 640.000 Thread 0x0000018e9282d9a0 Thread added: 0x0000018ed89a4e20
Event: 640.109 Thread 0x0000018e9282d9a0 Thread added: 0x0000018edbe53f80
Event: 641.434 Thread 0x0000018edbe53f80 Thread exited: 0x0000018edbe53f80
Event: 641.543 Thread 0x0000018ed89a4e20 Thread exited: 0x0000018ed89a4e20
Event: 642.817 Thread 0x0000018e92a433e0 Thread added: 0x0000018e92a44100
Event: 643.018 Thread 0x0000018e92a433e0 Thread added: 0x0000018ed9f9ee00
Event: 705.284 Thread 0x0000018e92a433e0 Thread added: 0x0000018ed9f9f490
Event: 770.543 Thread 0x0000018ed8c751c0 Thread exited: 0x0000018ed8c751c0


Dynamic libraries:
0x00007ff6906c0000 - 0x00007ff6906ce000 	C:\Users\ishas\.vscode\extensions\redhat.java-1.56.0-win32-x64\jre\21.0.12.1-win32-x86_64\bin\java.exe
0x00007fff22660000 - 0x00007fff228c7000 	C:\Windows\SYSTEM32\ntdll.dll
0x00007fff21bc0000 - 0x00007fff21c8b000 	C:\Windows\System32\KERNEL32.DLL
0x00007fff1fcd0000 - 0x00007fff200d2000 	C:\Windows\System32\KERNELBASE.dll
0x00007fff1fb70000 - 0x00007fff1fcbc000 	C:\Windows\System32\ucrtbase.dll
0x00007ffeb4c70000 - 0x00007ffeb4c88000 	C:\Users\ishas\.vscode\extensions\redhat.java-1.56.0-win32-x64\jre\21.0.12.1-win32-x86_64\bin\jli.dll
0x00007fff222b0000 - 0x00007fff2247f000 	C:\Windows\System32\USER32.dll
0x00007fff20220000 - 0x00007fff20247000 	C:\Windows\System32\win32u.dll
0x00007fff21d20000 - 0x00007fff21d4b000 	C:\Windows\System32\GDI32.dll
0x00007fff20250000 - 0x00007fff20379000 	C:\Windows\System32\gdi32full.dll
0x00007fff200e0000 - 0x00007fff20183000 	C:\Windows\System32\msvcp_win.dll
0x00007fff08e50000 - 0x00007fff090e0000 	C:\Windows\WinSxS\amd64_microsoft.windows.common-controls_6595b64144ccf1df_6.0.26100.9278_none_3e0d1ba8e3303201\COMCTL32.dll
0x00007fff20460000 - 0x00007fff20509000 	C:\Windows\System32\msvcrt.dll
0x00007ffee06c0000 - 0x00007ffee06de000 	C:\Users\ishas\.vscode\extensions\redhat.java-1.56.0-win32-x64\jre\21.0.12.1-win32-x86_64\bin\VCRUNTIME140.dll
0x00007fff21eb0000 - 0x00007fff21ee1000 	C:\Windows\System32\IMM32.DLL
0x00007fff1bf50000 - 0x00007fff1bf5c000 	C:\Users\ishas\.vscode\extensions\redhat.java-1.56.0-win32-x64\jre\21.0.12.1-win32-x86_64\bin\vcruntime140_1.dll
0x00007ffeac2d0000 - 0x00007ffeac35d000 	C:\Users\ishas\.vscode\extensions\redhat.java-1.56.0-win32-x64\jre\21.0.12.1-win32-x86_64\bin\msvcp140.dll
0x00007ffe828b0000 - 0x00007ffe83652000 	C:\Users\ishas\.vscode\extensions\redhat.java-1.56.0-win32-x64\jre\21.0.12.1-win32-x86_64\bin\server\jvm.dll
0x00007fff21ef0000 - 0x00007fff21fac000 	C:\Windows\System32\ADVAPI32.dll
0x00007fff21e00000 - 0x00007fff21ea9000 	C:\Windows\System32\sechost.dll
0x00007fff22500000 - 0x00007fff22618000 	C:\Windows\System32\RPCRT4.dll
0x00007fff21c90000 - 0x00007fff21d10000 	C:\Windows\System32\WS2_32.dll
0x00007fff1f6c0000 - 0x00007fff1f71e000 	C:\Windows\SYSTEM32\POWRPROF.dll
0x00007fff17580000 - 0x00007fff175b6000 	C:\Windows\SYSTEM32\WINMM.dll
0x00007fff0cde0000 - 0x00007fff0cdeb000 	C:\Windows\SYSTEM32\VERSION.dll
0x00007fff1f6a0000 - 0x00007fff1f6b5000 	C:\Windows\SYSTEM32\UMPDC.dll
0x00007fff1e530000 - 0x00007fff1e54b000 	C:\Windows\SYSTEM32\kernel.appcore.dll
0x00007fff17090000 - 0x00007fff1709a000 	C:\Users\ishas\.vscode\extensions\redhat.java-1.56.0-win32-x64\jre\21.0.12.1-win32-x86_64\bin\jimage.dll
0x00007fff1ce70000 - 0x00007fff1d0bc000 	C:\Windows\SYSTEM32\DBGHELP.DLL
0x00007fff20ed0000 - 0x00007fff21255000 	C:\Windows\System32\combase.dll
0x00007fff21a50000 - 0x00007fff21b29000 	C:\Windows\System32\OLEAUT32.dll
0x00007fff17540000 - 0x00007fff1757b000 	C:\Windows\SYSTEM32\dbgcore.DLL
0x00007fff1fab0000 - 0x00007fff1fb5c000 	C:\Windows\System32\bcryptPrimitives.dll
0x00007ffebe020000 - 0x00007ffebe02f000 	C:\Users\ishas\.vscode\extensions\redhat.java-1.56.0-win32-x64\jre\21.0.12.1-win32-x86_64\bin\instrument.dll
0x00007ffedcd90000 - 0x00007ffedcdb0000 	C:\Users\ishas\.vscode\extensions\redhat.java-1.56.0-win32-x64\jre\21.0.12.1-win32-x86_64\bin\java.dll
0x00007fff20510000 - 0x00007fff20ca8000 	C:\Windows\System32\SHELL32.dll
0x00007fff1d290000 - 0x00007fff1db3e000 	C:\Windows\SYSTEM32\windows.storage.dll
0x00007fff21fc0000 - 0x00007fff220bb000 	C:\Windows\System32\SHCORE.dll
0x00007fff22490000 - 0x00007fff224f6000 	C:\Windows\System32\shlwapi.dll
0x00007fff1f780000 - 0x00007fff1f7a9000 	C:\Windows\SYSTEM32\profapi.dll
0x00007ffedcd70000 - 0x00007ffedcd88000 	C:\Users\ishas\.vscode\extensions\redhat.java-1.56.0-win32-x64\jre\21.0.12.1-win32-x86_64\bin\zip.dll
0x00007ffee04e0000 - 0x00007ffee04f0000 	C:\Users\ishas\.vscode\extensions\redhat.java-1.56.0-win32-x64\jre\21.0.12.1-win32-x86_64\bin\net.dll
0x00007fff0dc00000 - 0x00007fff0dd2a000 	C:\Windows\SYSTEM32\WINHTTP.dll
0x00007fff1eaf0000 - 0x00007fff1eb5c000 	C:\Windows\system32\mswsock.dll
0x00007ffedcd50000 - 0x00007ffedcd66000 	C:\Users\ishas\.vscode\extensions\redhat.java-1.56.0-win32-x64\jre\21.0.12.1-win32-x86_64\bin\nio.dll
0x00007ffebc9a0000 - 0x00007ffebc9b0000 	C:\Users\ishas\.vscode\extensions\redhat.java-1.56.0-win32-x64\jre\21.0.12.1-win32-x86_64\bin\verify.dll
0x00007ffeac360000 - 0x00007ffeac387000 	C:\Users\ishas\.gradle\native\1def1411415f61bf3af743bc5b6707747c0891f09f0c88961ee8f79bc544acac\windows-amd64\native-platform.dll
0x00007ffe88010000 - 0x00007ffe88088000 	C:\Users\ishas\.gradle\native\0.2.7\x86_64-windows-gnu\gradle-fileevents.dll
0x00007ffebc890000 - 0x00007ffebc89a000 	C:\Users\ishas\.vscode\extensions\redhat.java-1.56.0-win32-x64\jre\21.0.12.1-win32-x86_64\bin\management.dll
0x00007ffebc430000 - 0x00007ffebc43c000 	C:\Users\ishas\.vscode\extensions\redhat.java-1.56.0-win32-x64\jre\21.0.12.1-win32-x86_64\bin\management_ext.dll
0x00007fff20380000 - 0x00007fff20388000 	C:\Windows\System32\PSAPI.DLL
0x00007fff1df00000 - 0x00007fff1df33000 	C:\Windows\SYSTEM32\IPHLPAPI.DLL
0x00007fff22280000 - 0x00007fff2228a000 	C:\Windows\System32\NSI.dll
0x00007ffeb9d70000 - 0x00007ffeb9d79000 	C:\Users\ishas\.vscode\extensions\redhat.java-1.56.0-win32-x64\jre\21.0.12.1-win32-x86_64\bin\extnet.dll
0x00007fff1ede0000 - 0x00007fff1edfb000 	C:\Windows\SYSTEM32\CRYPTSP.dll
0x00007fff1e490000 - 0x00007fff1e4c9000 	C:\Windows\system32\rsaenh.dll
0x00007fff1eba0000 - 0x00007fff1ebd4000 	C:\Windows\SYSTEM32\USERENV.dll
0x00007fff1f750000 - 0x00007fff1f77a000 	C:\Windows\SYSTEM32\bcrypt.dll
0x00007fff1ee00000 - 0x00007fff1ee0c000 	C:\Windows\SYSTEM32\CRYPTBASE.dll
0x00007ffeb9300000 - 0x00007ffeb930e000 	C:\Users\ishas\.vscode\extensions\redhat.java-1.56.0-win32-x64\jre\21.0.12.1-win32-x86_64\bin\sunmscapi.dll
0x00007fff1f860000 - 0x00007fff1f9de000 	C:\Windows\System32\CRYPT32.dll
0x00007fff1f020000 - 0x00007fff1f050000 	C:\Windows\SYSTEM32\ncrypt.dll
0x00007fff1efd0000 - 0x00007fff1f00f000 	C:\Windows\SYSTEM32\NTASN1.dll
0x00007fff01a10000 - 0x00007fff01a18000 	C:\Windows\system32\wshunix.dll

JVMTI agents:
C:\Users\ishas\.gradle\wrapper\dists\gradle-8.14.3-all\10utluxaxniiv4wxiphsi49nj\gradle-8.14.3\lib\agents\gradle-instrumentation-agent-8.14.3.jar path:C:\Users\ishas\.vscode\extensions\redhat.java-1.56.0-win32-x64\jre\21.0.12.1-win32-x86_64\bin\instrument.dll, loaded, initialized, instrumentlib options:none

dbghelp: loaded successfully - version: 4.0.5 - missing functions: none
symbol engine: initialized successfully - sym options: 0x614 - pdb path: .;C:\Users\ishas\.vscode\extensions\redhat.java-1.56.0-win32-x64\jre\21.0.12.1-win32-x86_64\bin;C:\Windows\SYSTEM32;C:\Windows\WinSxS\amd64_microsoft.windows.common-controls_6595b64144ccf1df_6.0.26100.9278_none_3e0d1ba8e3303201;C:\Users\ishas\.vscode\extensions\redhat.java-1.56.0-win32-x64\jre\21.0.12.1-win32-x86_64\bin\server;C:\Users\ishas\.gradle\native\1def1411415f61bf3af743bc5b6707747c0891f09f0c88961ee8f79bc544acac\windows-amd64;C:\Users\ishas\.gradle\native\0.2.7\x86_64-windows-gnu

VM Arguments:
jvm_args: --add-opens=java.base/java.lang=ALL-UNNAMED --add-opens=java.base/java.lang.invoke=ALL-UNNAMED --add-opens=java.base/java.util=ALL-UNNAMED --add-opens=java.prefs/java.util.prefs=ALL-UNNAMED --add-exports=jdk.compiler/com.sun.tools.javac.api=ALL-UNNAMED --add-exports=jdk.compiler/com.sun.tools.javac.util=ALL-UNNAMED --add-opens=java.base/java.util=ALL-UNNAMED --add-opens=java.prefs/java.util.prefs=ALL-UNNAMED --add-opens=java.base/java.nio.charset=ALL-UNNAMED --add-opens=java.base/java.net=ALL-UNNAMED --add-opens=java.base/java.util.concurrent.atomic=ALL-UNNAMED --add-opens=java.xml/javax.xml.namespace=ALL-UNNAMED -Xmx1536m -Dfile.encoding=UTF-8 -Duser.country=IN -Duser.language=en -Duser.variant -javaagent:C:\Users\ishas\.gradle\wrapper\dists\gradle-8.14.3-all\10utluxaxniiv4wxiphsi49nj\gradle-8.14.3\lib\agents\gradle-instrumentation-agent-8.14.3.jar 
java_command: org.gradle.launcher.daemon.bootstrap.GradleDaemon 8.14.3
java_class_path (initial): C:\Users\ishas\.gradle\wrapper\dists\gradle-8.14.3-all\10utluxaxniiv4wxiphsi49nj\gradle-8.14.3\lib\gradle-daemon-main-8.14.3.jar
Launcher Type: SUN_STANDARD

[Global flags]
     intx CICompilerCount                          = 4                                         {product} {ergonomic}
     uint ConcGCThreads                            = 3                                         {product} {ergonomic}
     uint G1ConcRefinementThreads                  = 10                                        {product} {ergonomic}
   size_t G1HeapRegionSize                         = 1048576                                   {product} {ergonomic}
    uintx GCDrainStackTargetSize                   = 64                                        {product} {ergonomic}
   size_t InitialHeapSize                          = 264241152                                 {product} {ergonomic}
   size_t MarkStackSize                            = 4194304                                   {product} {ergonomic}
   size_t MaxHeapSize                              = 1610612736                                {product} {command line}
   size_t MaxNewSize                               = 965738496                                 {product} {ergonomic}
   size_t MinHeapDeltaBytes                        = 1048576                                   {product} {ergonomic}
   size_t MinHeapSize                              = 8388608                                   {product} {ergonomic}
    uintx NonNMethodCodeHeapSize                   = 5839372                                {pd product} {ergonomic}
    uintx NonProfiledCodeHeapSize                  = 122909434                              {pd product} {ergonomic}
    uintx ProfiledCodeHeapSize                     = 122909434                              {pd product} {ergonomic}
    uintx ReservedCodeCacheSize                    = 251658240                              {pd product} {ergonomic}
     bool SegmentedCodeCache                       = true                                      {product} {ergonomic}
   size_t SoftMaxHeapSize                          = 1610612736                             {manageable} {ergonomic}
     bool UseCompressedOops                        = true                           {product lp64_product} {ergonomic}
     bool UseG1GC                                  = true                                      {product} {ergonomic}
     bool UseLargePagesIndividualAllocation        = false                                  {pd product} {ergonomic}

Logging:
Log output configuration:
 #0: stdout all=warning uptime,level,tags foldmultilines=false
 #1: stderr all=off uptime,level,tags foldmultilines=false

Release file:
JAVA_VERSION="21.0.12.1" 
MODULES="java.base java.compiler java.datatransfer java.xml java.prefs java.desktop java.instrument java.logging java.management java.security.sasl java.naming java.rmi java.management.rmi java.net.http java.scripting java.security.jgss java.transaction.xa java.sql java.sql.rowset java.xml.crypto java.se java.smartcardio jdk.accessibility jdk.internal.jvmstat jdk.attach jdk.charsets jdk.internal.opt jdk.zipfs jdk.compiler jdk.crypto.ec jdk.crypto.cryptoki jdk.crypto.mscapi jdk.dynalink jdk.internal.ed jdk.editpad jdk.hotspot.agent jdk.httpserver jdk.internal.le jdk.internal.vm.ci jdk.internal.vm.compiler jdk.internal.vm.compiler.management jdk.jartool jdk.javadoc jdk.jcmd jdk.management jdk.management.agent jdk.jconsole jdk.jdeps jdk.jdwp.agent jdk.jdi jdk.jfr jdk.jshell jdk.jsobject jdk.jstatd jdk.localedata jdk.management.jfr jdk.naming.dns jdk.naming.rmi jdk.net jdk.nio.mapmode jdk.random jdk.sctp jdk.security.auth jdk.security.jgss jdk.unsupported jdk.unsupported.desktop jdk.xml.dom" 

Environment Variables:
PATH=C:\Program Files\Microsoft\jdk-17.0.12.7-hotspot\bin;C:\Program Files\Eclipse Adoptium\jdk-17.0.17.10-hotspot\bin;C:\Windows\system32;C:\Windows;C:\Windows\System32\Wbem;C:\Windows\System32\WindowsPowerShell\v1.0\;C:\Windows\System32\OpenSSH\;C:\Program Files\nodejs\;C:\Users\ishas\Downloads\apache-maven-3.9.11-bin\apache-maven-3.9.11\bin;C:\Users\ishas\Downloads\apache-maven-3.9.11-bin\apache-maven-3.9.11\bin;C:\Program Files\MySQL\MySQL Server 8.0\bin;C:\Users\ishas\AppData\Local\Programs\Python\Python313;C:\Program Files\Git\cmd;C:\Users\ishas\AppData\Local\Programs\Python\Launcher\;C:\Program Files\MySQL\MySQL Shell 8.0\bin\;C:\Users\ishas\AppData\Local\Microsoft\WindowsApps;C:\Users\ishas\AppData\Local\Programs\Microsoft VS Code\bin;C:\Users\ishas\AppData\Roaming\npm
USERNAME=ishas
OS=Windows_NT
PROCESSOR_IDENTIFIER=Intel64 Family 6 Model 186 Stepping 2, GenuineIntel
TMP=C:\Users\ishas\AppData\Local\Temp
TEMP=C:\Users\ishas\AppData\Local\Temp




Periodic native trim disabled

---------------  S Y S T E M  ---------------

OS:
 Windows 11 , 64 bit Build 26100 (10.0.26100.9444)
OS uptime: 0 days 0:25 hours
Hyper-V role detected

CPU: total 12 (initial active 12) (6 cores per cpu, 2 threads per core) family 6 model 186 stepping 2 microcode 0x4122, cx8, cmov, fxsr, ht, mmx, 3dnowpref, sse, sse2, sse3, ssse3, sse4.1, sse4.2, popcnt, lzcnt, tsc, tscinvbit, avx, avx2, aes, erms, clmul, bmi1, bmi2, adx, sha, fma, vzeroupper, clflush, clflushopt, clwb, hv, serialize, rdtscp, rdpid, fsrm, f16c, cet_ibt, cet_ss
Processor Information for processor 0
  Max Mhz: 2100, Current Mhz: 2100, Mhz Limit: 2100
Processor Information for processor 1
  Max Mhz: 2100, Current Mhz: 2100, Mhz Limit: 2100
Processor Information for processor 2
  Max Mhz: 2100, Current Mhz: 2100, Mhz Limit: 2100
Processor Information for processor 3
  Max Mhz: 2100, Current Mhz: 2100, Mhz Limit: 2100
Processor Information for processor 4
  Max Mhz: 2100, Current Mhz: 2100, Mhz Limit: 2100
Processor Information for processor 5
  Max Mhz: 2100, Current Mhz: 2100, Mhz Limit: 2100
Processor Information for processor 6
  Max Mhz: 2100, Current Mhz: 2100, Mhz Limit: 2100
Processor Information for processor 7
  Max Mhz: 2100, Current Mhz: 2100, Mhz Limit: 2100
Processor Information for processor 8
  Max Mhz: 2100, Current Mhz: 2100, Mhz Limit: 2100
Processor Information for processor 9
  Max Mhz: 2100, Current Mhz: 2100, Mhz Limit: 2100
Processor Information for processor 10
  Max Mhz: 2100, Current Mhz: 1540, Mhz Limit: 2100
Processor Information for processor 11
  Max Mhz: 2100, Current Mhz: 2100, Mhz Limit: 2100

Memory: 4k page, system-wide physical 16076M (278M free)
TotalPageFile size 65228M (AvailPageFile size 0M)
current process WorkingSet (physical memory assigned to process): 45M, peak: 237M
current process commit charge ("private bytes"): 269M, peak: 413M

vm_info: OpenJDK 64-Bit Server VM (21.0.12.1+1-LTS) for windows-amd64 JRE (21.0.12.1+1-LTS), built on 2026-08-18T00:00:00Z by "admin" with MS VC++ 17.12 (VS2022)

END.
