#
# There is insufficient memory for the Java Runtime Environment to continue.
# Native memory allocation (malloc) failed to allocate 1413472 bytes. Error detail: Chunk::new
# Possible reasons:
#   The system is out of physical RAM or swap space
#   This process is running with CompressedOops enabled, and the Java Heap may be blocking the growth of the native heap
# Possible solutions:
#   Reduce memory load on the system
#   Increase physical memory or swap space
#   Check if swap backing store is full
#   Decrease Java heap size (-Xmx/-Xms)
#   Decrease number of Java threads
#   Decrease Java thread stack sizes (-Xss)
#   Set larger code cache with -XX:ReservedCodeCacheSize=
#   JVM is running with Unscaled Compressed Oops mode in which the Java heap is
#     placed in the first 4GB address space. The Java Heap base address is the
#     maximum limit for the native heap growth. Please use -XX:HeapBaseMinAddress
#     to set the Java Heap base and to place the Java Heap above 4GB virtual address.
# This output file may be truncated or incomplete.
#
#  Out of Memory Error (arena.cpp:168), pid=16740, tid=13040
#
# JRE version: OpenJDK Runtime Environment Temurin-21.0.12.1+1 (21.0.12.1+1) (build 21.0.12.1+1-LTS)
# Java VM: OpenJDK 64-Bit Server VM Temurin-21.0.12.1+1 (21.0.12.1+1-LTS, mixed mode, sharing, tiered, compressed oops, compressed class ptrs, g1 gc, windows-amd64)
# No core dump will be written. Minidumps are not enabled by default on client versions of Windows
#

---------------  S U M M A R Y ------------

Command Line: --add-opens=java.base/java.lang=ALL-UNNAMED --add-opens=java.base/java.lang.invoke=ALL-UNNAMED --add-opens=java.base/java.util=ALL-UNNAMED --add-opens=java.prefs/java.util.prefs=ALL-UNNAMED --add-exports=jdk.compiler/com.sun.tools.javac.api=ALL-UNNAMED --add-exports=jdk.compiler/com.sun.tools.javac.util=ALL-UNNAMED --add-opens=java.base/java.util=ALL-UNNAMED --add-opens=java.prefs/java.util.prefs=ALL-UNNAMED --add-opens=java.base/java.nio.charset=ALL-UNNAMED --add-opens=java.base/java.net=ALL-UNNAMED --add-opens=java.base/java.util.concurrent.atomic=ALL-UNNAMED --add-opens=java.xml/javax.xml.namespace=ALL-UNNAMED -Xmx1536m -Dfile.encoding=UTF-8 -Duser.country=IN -Duser.language=en -Duser.variant -javaagent:C:\Users\ishas\.gradle\wrapper\dists\gradle-8.14.3-all\10utluxaxniiv4wxiphsi49nj\gradle-8.14.3\lib\agents\gradle-instrumentation-agent-8.14.3.jar org.gradle.launcher.daemon.bootstrap.GradleDaemon 8.14.3

Host: 13th Gen Intel(R) Core(TM) i5-13420H, 12 cores, 15G,  Windows 11 , 64 bit Build 26100 (10.0.26100.9444)
Time: Mon Sep 14 18:23:38 2026 India Standard Time elapsed time: 1070.869926 seconds (0d 0h 17m 50s)

---------------  T H R E A D  ---------------

Current thread (0x0000020e6b7b5d30):  JavaThread "C2 CompilerThread0" daemon [_thread_in_native, id=13040, stack(0x0000005a0a300000,0x0000005a0a400000) (1024K)]


Current CompileTask:
C2:1070870 5149       4       org.gradle.cache.internal.DefaultFileLockManager$DefaultFileLock$1::run (252 bytes)

Stack: [0x0000005a0a300000,0x0000005a0a400000]
Native frames: (J=compiled Java code, j=interpreted, Vv=VM code, C=native code)
V  [jvm.dll+0x6d83e9]
V  [jvm.dll+0x8b5736]
V  [jvm.dll+0x8b7cee]
V  [jvm.dll+0x8b83d3]
V  [jvm.dll+0x284596]
V  [jvm.dll+0xc685d]
V  [jvm.dll+0xc6da1]
V  [jvm.dll+0x3bf18b]
V  [jvm.dll+0x1e3f42]
V  [jvm.dll+0x24c853]
V  [jvm.dll+0x24bce0]
V  [jvm.dll+0x1cb4ae]
V  [jvm.dll+0x25baad]
V  [jvm.dll+0x25a03a]
V  [jvm.dll+0x3f8aae]
V  [jvm.dll+0x8600cd]
V  [jvm.dll+0x6d6c1d]
C  [ucrtbase.dll+0x2cd30]
C  [KERNEL32.DLL+0x2cd87]
C  [ntdll.dll+0xacaec]


---------------  P R O C E S S  ---------------

Threads class SMR info:
_java_thread_list=0x0000020e71988960, length=33, elements={
0x0000020e521b85f0, 0x0000020e6b7ad9a0, 0x0000020e6b7b0610, 0x0000020e6b7b3080,
0x0000020e6b7b3ae0, 0x0000020e6b7b4540, 0x0000020e6b7b4fa0, 0x0000020e6b7b5d30,
0x0000020e6b7b67d0, 0x0000020e6ba40d00, 0x0000020e6bb0a6f0, 0x0000020e71639ea0,
0x0000020e716a1bf0, 0x0000020e7020ae20, 0x0000020e7198b870, 0x0000020e719897a0,
0x0000020e71989110, 0x0000020e7198bf00, 0x0000020e7198ab50, 0x0000020e71989e30,
0x0000020e7198b1e0, 0x0000020e7198a4c0, 0x0000020e71988a80, 0x0000020e71aa59a0,
0x0000020e71aa66c0, 0x0000020e71aa6d50, 0x0000020e71aa73e0, 0x0000020e71aa4c80,
0x0000020e71aa3f60, 0x0000020e71aa7a70, 0x0000020e71aaa1d0, 0x0000020e71aaa860,
0x0000020e71aa8790
}

Java Threads: ( => current thread )
  0x0000020e521b85f0 JavaThread "main"                              [_thread_blocked, id=4284, stack(0x0000005a09500000,0x0000005a09600000) (1024K)]
  0x0000020e6b7ad9a0 JavaThread "Reference Handler"          daemon [_thread_blocked, id=15620, stack(0x0000005a09d00000,0x0000005a09e00000) (1024K)]
  0x0000020e6b7b0610 JavaThread "Finalizer"                  daemon [_thread_blocked, id=10172, stack(0x0000005a09e00000,0x0000005a09f00000) (1024K)]
  0x0000020e6b7b3080 JavaThread "Signal Dispatcher"          daemon [_thread_blocked, id=3376, stack(0x0000005a09f00000,0x0000005a0a000000) (1024K)]
  0x0000020e6b7b3ae0 JavaThread "Attach Listener"            daemon [_thread_blocked, id=13572, stack(0x0000005a0a000000,0x0000005a0a100000) (1024K)]
  0x0000020e6b7b4540 JavaThread "Service Thread"             daemon [_thread_blocked, id=1592, stack(0x0000005a0a100000,0x0000005a0a200000) (1024K)]
  0x0000020e6b7b4fa0 JavaThread "Monitor Deflation Thread"   daemon [_thread_blocked, id=7604, stack(0x0000005a0a200000,0x0000005a0a300000) (1024K)]
=>0x0000020e6b7b5d30 JavaThread "C2 CompilerThread0"         daemon [_thread_in_native, id=13040, stack(0x0000005a0a300000,0x0000005a0a400000) (1024K)]
  0x0000020e6b7b67d0 JavaThread "C1 CompilerThread0"         daemon [_thread_blocked, id=19884, stack(0x0000005a0a400000,0x0000005a0a500000) (1024K)]
  0x0000020e6ba40d00 JavaThread "Common-Cleaner"             daemon [_thread_blocked, id=21352, stack(0x0000005a0a500000,0x0000005a0a600000) (1024K)]
  0x0000020e6bb0a6f0 JavaThread "Notification Thread"        daemon [_thread_blocked, id=2344, stack(0x0000005a0a600000,0x0000005a0a700000) (1024K)]
  0x0000020e71639ea0 JavaThread "Daemon health stats"               [_thread_blocked, id=23040, stack(0x0000005a0a800000,0x0000005a0a900000) (1024K)]
  0x0000020e716a1bf0 JavaThread "Incoming local TCP Connector on port 54909"        [_thread_in_native, id=10136, stack(0x0000005a0a700000,0x0000005a0a800000) (1024K)]
  0x0000020e7020ae20 JavaThread "Daemon periodic checks"            [_thread_blocked, id=16436, stack(0x0000005a0b100000,0x0000005a0b200000) (1024K)]
  0x0000020e7198b870 JavaThread "Daemon"                            [_thread_blocked, id=18380, stack(0x0000005a0b200000,0x0000005a0b300000) (1024K)]
  0x0000020e719897a0 JavaThread "Handler for socket connection from /127.0.0.1:54909 to /127.0.0.1:54912"        [_thread_in_native, id=10336, stack(0x0000005a0b300000,0x0000005a0b400000) (1024K)]
  0x0000020e71989110 JavaThread "Cancel handler"                    [_thread_blocked, id=12736, stack(0x0000005a0b400000,0x0000005a0b500000) (1024K)]
  0x0000020e7198bf00 JavaThread "Daemon worker"                     [_thread_blocked, id=18916, stack(0x0000005a0b500000,0x0000005a0b600000) (1024K)]
  0x0000020e7198ab50 JavaThread "Asynchronous log dispatcher for DefaultDaemonConnection: socket connection from /127.0.0.1:54909 to /127.0.0.1:54912"        [_thread_blocked, id=12936, stack(0x0000005a0b600000,0x0000005a0b700000) (1024K)]
  0x0000020e71989e30 JavaThread "Stdin handler"                     [_thread_blocked, id=4204, stack(0x0000005a0b700000,0x0000005a0b800000) (1024K)]
  0x0000020e7198b1e0 JavaThread "Daemon client event forwarder"        [_thread_blocked, id=13744, stack(0x0000005a0b800000,0x0000005a0b900000) (1024K)]
  0x0000020e7198a4c0 JavaThread "Cache worker for journal cache (C:\Users\ishas\.gradle\caches\journal-1)"        [_thread_blocked, id=21068, stack(0x0000005a0b900000,0x0000005a0ba00000) (1024K)]
  0x0000020e71988a80 JavaThread "File lock request listener"        [_thread_in_native, id=5152, stack(0x0000005a0ba00000,0x0000005a0bb00000) (1024K)]
  0x0000020e71aa59a0 JavaThread "Cache worker for file hash cache (C:\Users\ishas\.gradle\caches\8.14.3\fileHashes)"        [_thread_blocked, id=16428, stack(0x0000005a0bc00000,0x0000005a0bd00000) (1024K)]
  0x0000020e71aa66c0 JavaThread "Cache worker for file hash cache (C:\Users\ishas\Downloads\ai-yoga-assistant-razorpay-v9\yoga3\android\.gradle\8.14.3\fileHashes)"        [_thread_blocked, id=8096, stack(0x0000005a0c000000,0x0000005a0c100000) (1024K)]
  0x0000020e71aa6d50 JavaThread "Cache worker for Build Output Cleanup Cache (C:\Users\ishas\Downloads\ai-yoga-assistant-razorpay-v9\yoga3\android\.gradle\buildOutputCleanup)"        [_thread_blocked, id=24164, stack(0x0000005a0c100000,0x0000005a0c200000) (1024K)]
  0x0000020e71aa73e0 JavaThread "File watcher server"        daemon [_thread_in_native, id=25060, stack(0x0000005a0c200000,0x0000005a0c300000) (1024K)]
  0x0000020e71aa4c80 JavaThread "File watcher consumer"      daemon [_thread_blocked, id=25160, stack(0x0000005a0c300000,0x0000005a0c400000) (1024K)]
  0x0000020e71aa3f60 JavaThread "jar transforms"                    [_thread_blocked, id=26368, stack(0x0000005a0c400000,0x0000005a0c500000) (1024K)]
  0x0000020e71aa7a70 JavaThread "jar transforms Thread 2"           [_thread_blocked, id=24952, stack(0x0000005a09300000,0x0000005a09400000) (1024K)]
  0x0000020e71aaa1d0 JavaThread "Cache worker for checksums cache (C:\Users\ishas\Downloads\ai-yoga-assistant-razorpay-v9\yoga3\android\.gradle\8.14.3\checksums)"        [_thread_blocked, id=17772, stack(0x0000005a0c500000,0x0000005a0c600000) (1024K)]
  0x0000020e71aaa860 JavaThread "Cache worker for file content cache (C:\Users\ishas\.gradle\caches\8.14.3\fileContent)"        [_thread_blocked, id=10992, stack(0x0000005a0c600000,0x0000005a0c700000) (1024K)]
  0x0000020e71aa8790 JavaThread "jar transforms Thread 3"           [_thread_blocked, id=55704, stack(0x0000005a0c700000,0x0000005a0c800000) (1024K)]
Total: 33

Other Threads:
  0x0000020e6b790c10 VMThread "VM Thread"                           [id=16836, stack(0x0000005a09c00000,0x0000005a09d00000) (1024K)]
  0x0000020e545d7c90 WatcherThread "VM Periodic Task Thread"        [id=14100, stack(0x0000005a09b00000,0x0000005a09c00000) (1024K)]
  0x0000020e54627e10 WorkerThread "GC Thread#0"                     [id=17420, stack(0x0000005a09600000,0x0000005a09700000) (1024K)]
  0x0000020e700f0570 WorkerThread "GC Thread#1"                     [id=6668, stack(0x0000005a0a900000,0x0000005a0aa00000) (1024K)]
  0x0000020e700f0920 WorkerThread "GC Thread#2"                     [id=6136, stack(0x0000005a0aa00000,0x0000005a0ab00000) (1024K)]
  0x0000020e7022be60 WorkerThread "GC Thread#3"                     [id=6700, stack(0x0000005a0ab00000,0x0000005a0ac00000) (1024K)]
  0x0000020e7022c210 WorkerThread "GC Thread#4"                     [id=6468, stack(0x0000005a0ac00000,0x0000005a0ad00000) (1024K)]
  0x0000020e7022c5c0 WorkerThread "GC Thread#5"                     [id=1804, stack(0x0000005a0ad00000,0x0000005a0ae00000) (1024K)]
  0x0000020e70015cf0 WorkerThread "GC Thread#6"                     [id=14620, stack(0x0000005a0ae00000,0x0000005a0af00000) (1024K)]
  0x0000020e700162b0 WorkerThread "GC Thread#7"                     [id=2424, stack(0x0000005a0af00000,0x0000005a0b000000) (1024K)]
  0x0000020e717321a0 WorkerThread "GC Thread#8"                     [id=12832, stack(0x0000005a0b000000,0x0000005a0b100000) (1024K)]
  0x0000020e725c0e60 WorkerThread "GC Thread#9"                     [id=24380, stack(0x0000005a0bd00000,0x0000005a0be00000) (1024K)]
  0x0000020e54634d10 ConcurrentGCThread "G1 Main Marker"            [id=12432, stack(0x0000005a09700000,0x0000005a09800000) (1024K)]
  0x0000020e54635730 WorkerThread "G1 Conc#0"                       [id=20216, stack(0x0000005a09800000,0x0000005a09900000) (1024K)]
  0x0000020e725bf840 WorkerThread "G1 Conc#1"                       [id=24388, stack(0x0000005a0be00000,0x0000005a0bf00000) (1024K)]
  0x0000020e725bfbf0 WorkerThread "G1 Conc#2"                       [id=24392, stack(0x0000005a0bf00000,0x0000005a0c000000) (1024K)]
  0x0000020e6b6d4ba0 ConcurrentGCThread "G1 Refine#0"               [id=22780, stack(0x0000005a09900000,0x0000005a09a00000) (1024K)]
  0x0000020e6b6d63e0 ConcurrentGCThread "G1 Service"                [id=18808, stack(0x0000005a09a00000,0x0000005a09b00000) (1024K)]
Total: 18

Threads with active compile tasks:
C2 CompilerThread0  1071069 5149       4       org.gradle.cache.internal.DefaultFileLockManager$DefaultFileLock$1::run (252 bytes)
Total: 1

VM state: not at safepoint (normal execution)

VM Mutex/Monitor currently owned by a thread: None

Heap address: 0x00000000a0000000, size: 1536 MB, Compressed Oops mode: 32-bit

CDS archive(s) mapped at: [0x0000020e00000000-0x0000020e00ba0000-0x0000020e00ba0000), size 12189696, SharedBaseAddress: 0x0000020e00000000, ArchiveRelocationMode: 1.
Compressed class space mapped at: 0x0000020e01000000-0x0000020e41000000, reserved size: 1073741824
Narrow klass base: 0x0000020e00000000, Narrow klass shift: 0, Narrow klass range: 0x100000000

GC Precious Log:
 CardTable entry size: 512
 Card Set container configuration: InlinePtr #cards 5 size 8 Array Of Cards #cards 12 size 40 Howl #buckets 4 coarsen threshold 1843 Howl Bitmap #cards 512 size 80 coarsen threshold 460 Card regions per heap region 1 cards per card region 2048
 CPUs: 12 total, 12 available
 Memory: 16076M
 Large Page Support: Disabled
 NUMA Support: Disabled
 Compressed Oops: Enabled (32-bit)
 Heap Region Size: 1M
 Heap Min Capacity: 8M
 Heap Initial Capacity: 252M
 Heap Max Capacity: 1536M
 Pre-touch: Disabled
 Parallel Workers: 10
 Concurrent Workers: 3
 Concurrent Refinement Workers: 10
 Periodic GC: Disabled

Heap:
 garbage-first heap   total 81920K, used 66538K [0x00000000a0000000, 0x0000000100000000)
  region size 1024K, 35 young (35840K), 1 survivors (1024K)
 Metaspace       used 36053K, committed 37248K, reserved 1114112K
  class space    used 5117K, committed 5696K, reserved 1048576K

Heap Regions: E=young(eden), S=young(survivor), O=old, HS=humongous(starts), HC=humongous(continues), CS=collection set, F=free, TAMS=top-at-mark-start, PB=parsable bottom
|   0|0x00000000a0000000, 0x00000000a0100000, 0x00000000a0100000|100%|HS|  |TAMS 0x00000000a0000000| PB 0x00000000a0000000| Complete 
|   1|0x00000000a0100000, 0x00000000a0200000, 0x00000000a0200000|100%|HC|  |TAMS 0x00000000a0100000| PB 0x00000000a0100000| Complete 
|   2|0x00000000a0200000, 0x00000000a0300000, 0x00000000a0300000|100%|HC|  |TAMS 0x00000000a0200000| PB 0x00000000a0200000| Complete 
|   3|0x00000000a0300000, 0x00000000a0400000, 0x00000000a0400000|100%| O|  |TAMS 0x00000000a0300000| PB 0x00000000a0300000| Untracked 
|   4|0x00000000a0400000, 0x00000000a0500000, 0x00000000a0500000|100%| O|  |TAMS 0x00000000a0400000| PB 0x00000000a0400000| Untracked 
|   5|0x00000000a0500000, 0x00000000a0600000, 0x00000000a0600000|100%| O|  |TAMS 0x00000000a0500000| PB 0x00000000a0500000| Untracked 
|   6|0x00000000a0600000, 0x00000000a0700000, 0x00000000a0700000|100%|HS|  |TAMS 0x00000000a0600000| PB 0x00000000a0600000| Complete 
|   7|0x00000000a0700000, 0x00000000a0800000, 0x00000000a0800000|100%| O|  |TAMS 0x00000000a0700000| PB 0x00000000a0700000| Untracked 
|   8|0x00000000a0800000, 0x00000000a0900000, 0x00000000a0900000|100%| O|  |TAMS 0x00000000a0800000| PB 0x00000000a0800000| Untracked 
|   9|0x00000000a0900000, 0x00000000a0a00000, 0x00000000a0a00000|100%| O|  |TAMS 0x00000000a0900000| PB 0x00000000a0900000| Untracked 
|  10|0x00000000a0a00000, 0x00000000a0b00000, 0x00000000a0b00000|100%| O|  |TAMS 0x00000000a0a00000| PB 0x00000000a0a00000| Untracked 
|  11|0x00000000a0b00000, 0x00000000a0c00000, 0x00000000a0c00000|100%| O|  |TAMS 0x00000000a0b00000| PB 0x00000000a0b00000| Untracked 
|  12|0x00000000a0c00000, 0x00000000a0d00000, 0x00000000a0d00000|100%| O|  |TAMS 0x00000000a0c00000| PB 0x00000000a0c00000| Untracked 
|  13|0x00000000a0d00000, 0x00000000a0e00000, 0x00000000a0e00000|100%| O|  |TAMS 0x00000000a0d00000| PB 0x00000000a0d00000| Untracked 
|  14|0x00000000a0e00000, 0x00000000a0f00000, 0x00000000a0f00000|100%| O|  |TAMS 0x00000000a0e00000| PB 0x00000000a0e00000| Untracked 
|  15|0x00000000a0f00000, 0x00000000a1000000, 0x00000000a1000000|100%| O|  |TAMS 0x00000000a0f00000| PB 0x00000000a0f00000| Untracked 
|  16|0x00000000a1000000, 0x00000000a1100000, 0x00000000a1100000|100%| O|  |TAMS 0x00000000a1000000| PB 0x00000000a1000000| Untracked 
|  17|0x00000000a1100000, 0x00000000a1200000, 0x00000000a1200000|100%| O|  |TAMS 0x00000000a1100000| PB 0x00000000a1100000| Untracked 
|  18|0x00000000a1200000, 0x00000000a1300000, 0x00000000a1300000|100%| O|  |TAMS 0x00000000a1200000| PB 0x00000000a1200000| Untracked 
|  19|0x00000000a1300000, 0x00000000a1400000, 0x00000000a1400000|100%| O|  |TAMS 0x00000000a1300000| PB 0x00000000a1300000| Untracked 
|  20|0x00000000a1400000, 0x00000000a1500000, 0x00000000a1500000|100%| O|  |TAMS 0x00000000a1400000| PB 0x00000000a1400000| Untracked 
|  21|0x00000000a1500000, 0x00000000a1600000, 0x00000000a1600000|100%| O|  |TAMS 0x00000000a1500000| PB 0x00000000a1500000| Untracked 
|  22|0x00000000a1600000, 0x00000000a1700000, 0x00000000a1700000|100%| O|  |TAMS 0x00000000a1600000| PB 0x00000000a1600000| Untracked 
|  23|0x00000000a1700000, 0x00000000a1700000, 0x00000000a1800000|  0%| F|  |TAMS 0x00000000a1700000| PB 0x00000000a1700000| Untracked 
|  24|0x00000000a1800000, 0x00000000a1900000, 0x00000000a1900000|100%| O|  |TAMS 0x00000000a1800000| PB 0x00000000a1800000| Untracked 
|  25|0x00000000a1900000, 0x00000000a1a00000, 0x00000000a1a00000|100%| O|  |TAMS 0x00000000a1900000| PB 0x00000000a1900000| Untracked 
|  26|0x00000000a1a00000, 0x00000000a1b00000, 0x00000000a1b00000|100%| O|  |TAMS 0x00000000a1a00000| PB 0x00000000a1a00000| Untracked 
|  27|0x00000000a1b00000, 0x00000000a1b99410, 0x00000000a1c00000| 59%| O|  |TAMS 0x00000000a1b00000| PB 0x00000000a1b00000| Untracked 
|  28|0x00000000a1c00000, 0x00000000a1c00000, 0x00000000a1d00000|  0%| F|  |TAMS 0x00000000a1c00000| PB 0x00000000a1c00000| Untracked 
|  29|0x00000000a1d00000, 0x00000000a1e00000, 0x00000000a1e00000|100%| O|  |TAMS 0x00000000a1d00000| PB 0x00000000a1d00000| Untracked 
|  30|0x00000000a1e00000, 0x00000000a1f00000, 0x00000000a1f00000|100%| O|  |TAMS 0x00000000a1e00000| PB 0x00000000a1e00000| Untracked 
|  31|0x00000000a1f00000, 0x00000000a2000000, 0x00000000a2000000|100%| O|  |TAMS 0x00000000a1f00000| PB 0x00000000a1f00000| Untracked 
|  32|0x00000000a2000000, 0x00000000a2100000, 0x00000000a2100000|100%| O|  |TAMS 0x00000000a2000000| PB 0x00000000a2000000| Untracked 
|  33|0x00000000a2100000, 0x00000000a2200000, 0x00000000a2200000|100%| O|  |TAMS 0x00000000a2100000| PB 0x00000000a2100000| Untracked 
|  34|0x00000000a2200000, 0x00000000a2200000, 0x00000000a2300000|  0%| F|  |TAMS 0x00000000a2200000| PB 0x00000000a2200000| Untracked 
|  35|0x00000000a2300000, 0x00000000a2300000, 0x00000000a2400000|  0%| F|  |TAMS 0x00000000a2300000| PB 0x00000000a2300000| Untracked 
|  36|0x00000000a2400000, 0x00000000a2400000, 0x00000000a2500000|  0%| F|  |TAMS 0x00000000a2400000| PB 0x00000000a2400000| Untracked 
|  37|0x00000000a2500000, 0x00000000a2500000, 0x00000000a2600000|  0%| F|  |TAMS 0x00000000a2500000| PB 0x00000000a2500000| Untracked 
|  38|0x00000000a2600000, 0x00000000a2600000, 0x00000000a2700000|  0%| F|  |TAMS 0x00000000a2600000| PB 0x00000000a2600000| Untracked 
|  39|0x00000000a2700000, 0x00000000a2700000, 0x00000000a2800000|  0%| F|  |TAMS 0x00000000a2700000| PB 0x00000000a2700000| Untracked 
|  40|0x00000000a2800000, 0x00000000a2800000, 0x00000000a2900000|  0%| F|  |TAMS 0x00000000a2800000| PB 0x00000000a2800000| Untracked 
|  41|0x00000000a2900000, 0x00000000a2900000, 0x00000000a2a00000|  0%| F|  |TAMS 0x00000000a2900000| PB 0x00000000a2900000| Untracked 
|  42|0x00000000a2a00000, 0x00000000a2a61538, 0x00000000a2b00000| 38%| S|CS|TAMS 0x00000000a2a00000| PB 0x00000000a2a00000| Complete 
|  43|0x00000000a2b00000, 0x00000000a2b00000, 0x00000000a2c00000|  0%| F|  |TAMS 0x00000000a2b00000| PB 0x00000000a2b00000| Untracked 
|  44|0x00000000a2c00000, 0x00000000a2c00000, 0x00000000a2d00000|  0%| F|  |TAMS 0x00000000a2c00000| PB 0x00000000a2c00000| Untracked 
|  45|0x00000000a2d00000, 0x00000000a2d00000, 0x00000000a2e00000|  0%| F|  |TAMS 0x00000000a2d00000| PB 0x00000000a2d00000| Untracked 
|  46|0x00000000a2e00000, 0x00000000a2eeaff8, 0x00000000a2f00000| 91%| E|  |TAMS 0x00000000a2e00000| PB 0x00000000a2e00000| Complete 
|  47|0x00000000a2f00000, 0x00000000a3000000, 0x00000000a3000000|100%| E|CS|TAMS 0x00000000a2f00000| PB 0x00000000a2f00000| Complete 
|  48|0x00000000a3000000, 0x00000000a3100000, 0x00000000a3100000|100%| E|CS|TAMS 0x00000000a3000000| PB 0x00000000a3000000| Complete 
|  49|0x00000000a3100000, 0x00000000a3200000, 0x00000000a3200000|100%| E|CS|TAMS 0x00000000a3100000| PB 0x00000000a3100000| Complete 
|  50|0x00000000a3200000, 0x00000000a3300000, 0x00000000a3300000|100%| E|CS|TAMS 0x00000000a3200000| PB 0x00000000a3200000| Complete 
|  51|0x00000000a3300000, 0x00000000a3400000, 0x00000000a3400000|100%| E|CS|TAMS 0x00000000a3300000| PB 0x00000000a3300000| Complete 
|  52|0x00000000a3400000, 0x00000000a3500000, 0x00000000a3500000|100%| E|CS|TAMS 0x00000000a3400000| PB 0x00000000a3400000| Complete 
|  53|0x00000000a3500000, 0x00000000a3600000, 0x00000000a3600000|100%| E|CS|TAMS 0x00000000a3500000| PB 0x00000000a3500000| Complete 
|  54|0x00000000a3600000, 0x00000000a3700000, 0x00000000a3700000|100%| E|CS|TAMS 0x00000000a3600000| PB 0x00000000a3600000| Complete 
|  55|0x00000000a3700000, 0x00000000a3800000, 0x00000000a3800000|100%| E|CS|TAMS 0x00000000a3700000| PB 0x00000000a3700000| Complete 
|  56|0x00000000a3800000, 0x00000000a3900000, 0x00000000a3900000|100%| E|CS|TAMS 0x00000000a3800000| PB 0x00000000a3800000| Complete 
|  57|0x00000000a3900000, 0x00000000a3a00000, 0x00000000a3a00000|100%| E|CS|TAMS 0x00000000a3900000| PB 0x00000000a3900000| Complete 
|  58|0x00000000a3a00000, 0x00000000a3b00000, 0x00000000a3b00000|100%| E|CS|TAMS 0x00000000a3a00000| PB 0x00000000a3a00000| Complete 
|  59|0x00000000a3b00000, 0x00000000a3c00000, 0x00000000a3c00000|100%| E|CS|TAMS 0x00000000a3b00000| PB 0x00000000a3b00000| Complete 
|  60|0x00000000a3c00000, 0x00000000a3d00000, 0x00000000a3d00000|100%| E|CS|TAMS 0x00000000a3c00000| PB 0x00000000a3c00000| Complete 
|  61|0x00000000a3d00000, 0x00000000a3e00000, 0x00000000a3e00000|100%| E|CS|TAMS 0x00000000a3d00000| PB 0x00000000a3d00000| Complete 
|  62|0x00000000a3e00000, 0x00000000a3f00000, 0x00000000a3f00000|100%| E|CS|TAMS 0x00000000a3e00000| PB 0x00000000a3e00000| Complete 
|  63|0x00000000a3f00000, 0x00000000a4000000, 0x00000000a4000000|100%| E|CS|TAMS 0x00000000a3f00000| PB 0x00000000a3f00000| Complete 
| 148|0x00000000a9400000, 0x00000000a9500000, 0x00000000a9500000|100%| E|CS|TAMS 0x00000000a9400000| PB 0x00000000a9400000| Complete 
| 149|0x00000000a9500000, 0x00000000a9600000, 0x00000000a9600000|100%| E|CS|TAMS 0x00000000a9500000| PB 0x00000000a9500000| Complete 
| 150|0x00000000a9600000, 0x00000000a9700000, 0x00000000a9700000|100%| E|CS|TAMS 0x00000000a9600000| PB 0x00000000a9600000| Complete 
| 151|0x00000000a9700000, 0x00000000a9800000, 0x00000000a9800000|100%| E|CS|TAMS 0x00000000a9700000| PB 0x00000000a9700000| Complete 
| 152|0x00000000a9800000, 0x00000000a9900000, 0x00000000a9900000|100%| E|CS|TAMS 0x00000000a9800000| PB 0x00000000a9800000| Complete 
| 153|0x00000000a9900000, 0x00000000a9a00000, 0x00000000a9a00000|100%| E|CS|TAMS 0x00000000a9900000| PB 0x00000000a9900000| Complete 
| 154|0x00000000a9a00000, 0x00000000a9b00000, 0x00000000a9b00000|100%| E|CS|TAMS 0x00000000a9a00000| PB 0x00000000a9a00000| Complete 
| 155|0x00000000a9b00000, 0x00000000a9c00000, 0x00000000a9c00000|100%| E|CS|TAMS 0x00000000a9b00000| PB 0x00000000a9b00000| Complete 
| 156|0x00000000a9c00000, 0x00000000a9d00000, 0x00000000a9d00000|100%| E|CS|TAMS 0x00000000a9c00000| PB 0x00000000a9c00000| Complete 
| 157|0x00000000a9d00000, 0x00000000a9e00000, 0x00000000a9e00000|100%| E|CS|TAMS 0x00000000a9d00000| PB 0x00000000a9d00000| Complete 
| 158|0x00000000a9e00000, 0x00000000a9f00000, 0x00000000a9f00000|100%| E|CS|TAMS 0x00000000a9e00000| PB 0x00000000a9e00000| Complete 
| 159|0x00000000a9f00000, 0x00000000aa000000, 0x00000000aa000000|100%| E|CS|TAMS 0x00000000a9f00000| PB 0x00000000a9f00000| Complete 
| 248|0x00000000af800000, 0x00000000af900000, 0x00000000af900000|100%| E|CS|TAMS 0x00000000af800000| PB 0x00000000af800000| Complete 
| 249|0x00000000af900000, 0x00000000afa00000, 0x00000000afa00000|100%| E|CS|TAMS 0x00000000af900000| PB 0x00000000af900000| Complete 
| 250|0x00000000afa00000, 0x00000000afb00000, 0x00000000afb00000|100%| E|CS|TAMS 0x00000000afa00000| PB 0x00000000afa00000| Complete 
| 251|0x00000000afb00000, 0x00000000afc00000, 0x00000000afc00000|100%| E|CS|TAMS 0x00000000afb00000| PB 0x00000000afb00000| Complete 

Card table byte_map: [0x0000020e67030000,0x0000020e67330000] _byte_map_base: 0x0000020e66b30000

Marking Bits: (CMBitMap*) 0x0000020e54628430
 Bits: [0x0000020e67330000, 0x0000020e68b30000)

Polling page: 0x0000020e52660000

Metaspace:

Usage:
  Non-class:     30.21 MB used.
      Class:      5.00 MB used.
       Both:     35.21 MB used.

Virtual space:
  Non-class space:       64.00 MB reserved,      30.81 MB ( 48%) committed,  1 nodes.
      Class space:        1.00 GB reserved,       5.56 MB ( <1%) committed,  1 nodes.
             Both:        1.06 GB reserved,      36.38 MB (  3%) committed. 

Chunk freelists:
   Non-Class:  1008.00 KB
       Class:  10.29 MB
        Both:  11.27 MB

MaxMetaspaceSize: unlimited
CompressedClassSpaceSize: 1.00 GB
Initial GC threshold: 21.00 MB
Current GC threshold: 59.69 MB
CDS: on
 - commit_granule_bytes: 65536.
 - commit_granule_words: 8192.
 - virtual_space_node_default_size: 8388608.
 - enlarge_chunks_in_place: 1.
 - use_allocation_guard: 0.


Internal statistics:

num_allocs_failed_limit: 9.
num_arena_births: 1810.
num_arena_deaths: 0.
num_vsnodes_births: 2.
num_vsnodes_deaths: 0.
num_space_committed: 582.
num_space_uncommitted: 0.
num_chunks_returned_to_freelist: 9.
num_chunks_taken_from_freelist: 3357.
num_chunk_merges: 9.
num_chunk_splits: 2164.
num_chunks_enlarged: 1349.
num_inconsistent_stats: 0.

CodeHeap 'non-profiled nmethods': size=120000Kb used=3052Kb max_used=3052Kb free=116947Kb
 bounds [0x0000020e5f2b0000, 0x0000020e5f5b0000, 0x0000020e667e0000]
CodeHeap 'profiled nmethods': size=120000Kb used=8765Kb max_used=9058Kb free=111234Kb
 bounds [0x0000020e577e0000, 0x0000020e580c0000, 0x0000020e5ed10000]
CodeHeap 'non-nmethods': size=5760Kb used=2557Kb max_used=2610Kb free=3202Kb
 bounds [0x0000020e5ed10000, 0x0000020e5efb0000, 0x0000020e5f2b0000]
CodeCache: size=245760Kb, used=14374Kb, max_used=14720Kb, free=231383Kb
 total_blobs=5447, nmethods=4621, adapters=730, full_count=0
Compilation: enabled, stopped_count=0, restarted_count=0

Compilation events (20 events):
Event: 1030.887 Thread 0x0000020e6b7b5d30 nmethod 5138 0x0000020e5f592790 code [0x0000020e5f592e40, 0x0000020e5f5992c8]
Event: 1040.602 Thread 0x0000020e6b7b67d0 5140   !   3       java.io.File::mkdirs (67 bytes)
Event: 1040.610 Thread 0x0000020e6b7b67d0 nmethod 5140 0x0000020e5782c890 code [0x0000020e5782cba0, 0x0000020e5782da10]
Event: 1045.652 Thread 0x0000020e6b7b5d30 5141       4       java.util.Random::nextInt (74 bytes)
Event: 1045.664 Thread 0x0000020e6b7b5d30 nmethod 5141 0x0000020e5f39d210 code [0x0000020e5f39d3a0, 0x0000020e5f39d578]
Event: 1050.329 Thread 0x0000020e6b7b67d0 5142       3       org.gradle.internal.serialize.AbstractDecoder::<init> (5 bytes)
Event: 1050.330 Thread 0x0000020e6b7b67d0 nmethod 5142 0x0000020e578fab90 code [0x0000020e578fad40, 0x0000020e578faea8]
Event: 1050.417 Thread 0x0000020e6b7b67d0 5143       3       org.gradle.internal.serialize.InputStreamBackedDecoder::readBoolean (8 bytes)
Event: 1050.425 Thread 0x0000020e6b7b67d0 nmethod 5143 0x0000020e578fa410 code [0x0000020e578fa600, 0x0000020e578fa9f8]
Event: 1050.425 Thread 0x0000020e6b7b67d0 5144       3       java.io.DataInputStream::readBoolean (13 bytes)
Event: 1050.426 Thread 0x0000020e6b7b67d0 nmethod 5144 0x0000020e578f9d10 code [0x0000020e578f9ee0, 0x0000020e578fa270]
Event: 1059.154 Thread 0x0000020e6b7b5d30 5145       4       sun.nio.ch.FileDispatcherImpl::release (8 bytes)
Event: 1059.155 Thread 0x0000020e6b7b5d30 nmethod 5145 0x0000020e5f39cf10 code [0x0000020e5f39d0a0, 0x0000020e5f39d158]
Event: 1059.821 Thread 0x0000020e6b7b5d30 5146       4       org.gradle.internal.time.ExponentialBackoff::retryUntil (65 bytes)
Event: 1060.079 Thread 0x0000020e6b7b67d0 5147       3       java.util.concurrent.CopyOnWriteArraySet::add (9 bytes)
Event: 1060.080 Thread 0x0000020e6b7b67d0 nmethod 5147 0x0000020e578f9910 code [0x0000020e578f9ac0, 0x0000020e578f9c20]
Event: 1060.080 Thread 0x0000020e6b7b67d0 5148       3       java.util.concurrent.CopyOnWriteArrayList::addIfAbsent (31 bytes)
Event: 1060.081 Thread 0x0000020e6b7b67d0 nmethod 5148 0x0000020e578f9410 code [0x0000020e578f95e0, 0x0000020e578f9820]
Event: 1060.673 Thread 0x0000020e6b7b5d30 nmethod 5146 0x0000020e5f59bf90 code [0x0000020e5f59caa0, 0x0000020e5f5a65d8]
Event: 1069.824 Thread 0x0000020e6b7b5d30 5149       4       org.gradle.cache.internal.DefaultFileLockManager$DefaultFileLock$1::run (252 bytes)

GC Heap History (20 events):
Event: 0.951 GC heap before
{Heap before GC invocations=0 (full 0):
 garbage-first heap   total 258048K, used 23552K [0x00000000a0000000, 0x0000000100000000)
  region size 1024K, 23 young (23552K), 0 survivors (0K)
 Metaspace       used 923K, committed 1088K, reserved 1114112K
  class space    used 73K, committed 128K, reserved 1048576K
}
Event: 0.955 GC heap after
{Heap after GC invocations=1 (full 0):
 garbage-first heap   total 258048K, used 1557K [0x00000000a0000000, 0x0000000100000000)
  region size 1024K, 2 young (2048K), 2 survivors (2048K)
 Metaspace       used 923K, committed 1088K, reserved 1114112K
  class space    used 73K, committed 128K, reserved 1048576K
}
Event: 2.577 GC heap before
{Heap before GC invocations=1 (full 0):
 garbage-first heap   total 258048K, used 40469K [0x00000000a0000000, 0x0000000100000000)
  region size 1024K, 38 young (38912K), 2 survivors (2048K)
 Metaspace       used 4393K, committed 4544K, reserved 1114112K
  class space    used 559K, committed 640K, reserved 1048576K
}
Event: 2.583 GC heap after
{Heap after GC invocations=2 (full 0):
 garbage-first heap   total 258048K, used 10727K [0x00000000a0000000, 0x0000000100000000)
  region size 1024K, 5 young (5120K), 5 survivors (5120K)
 Metaspace       used 4393K, committed 4544K, reserved 1114112K
  class space    used 559K, committed 640K, reserved 1048576K
}
Event: 6.067 GC heap before
{Heap before GC invocations=2 (full 0):
 garbage-first heap   total 258048K, used 69095K [0x00000000a0000000, 0x0000000100000000)
  region size 1024K, 60 young (61440K), 5 survivors (5120K)
 Metaspace       used 7013K, committed 7296K, reserved 1114112K
  class space    used 951K, committed 1088K, reserved 1048576K
}
Event: 6.084 GC heap after
{Heap after GC invocations=3 (full 0):
 garbage-first heap   total 258048K, used 18365K [0x00000000a0000000, 0x0000000100000000)
  region size 1024K, 7 young (7168K), 7 survivors (7168K)
 Metaspace       used 7013K, committed 7296K, reserved 1114112K
  class space    used 951K, committed 1088K, reserved 1048576K
}
Event: 18.155 GC heap before
{Heap before GC invocations=3 (full 0):
 garbage-first heap   total 258048K, used 104381K [0x00000000a0000000, 0x0000000100000000)
  region size 1024K, 92 young (94208K), 7 survivors (7168K)
 Metaspace       used 20791K, committed 21504K, reserved 1114112K
  class space    used 3071K, committed 3456K, reserved 1048576K
}
Event: 18.166 GC heap after
{Heap after GC invocations=4 (full 0):
 garbage-first heap   total 258048K, used 24192K [0x00000000a0000000, 0x0000000100000000)
  region size 1024K, 12 young (12288K), 12 survivors (12288K)
 Metaspace       used 20791K, committed 21504K, reserved 1114112K
  class space    used 3071K, committed 3456K, reserved 1048576K
}
Event: 25.454 GC heap before
{Heap before GC invocations=5 (full 0):
 garbage-first heap   total 81920K, used 61056K [0x00000000a0000000, 0x0000000100000000)
  region size 1024K, 48 young (49152K), 12 survivors (12288K)
 Metaspace       used 25439K, committed 26368K, reserved 1114112K
  class space    used 3828K, committed 4288K, reserved 1048576K
}
Event: 25.465 GC heap after
{Heap after GC invocations=6 (full 0):
 garbage-first heap   total 81920K, used 26672K [0x00000000a0000000, 0x0000000100000000)
  region size 1024K, 3 young (3072K), 3 survivors (3072K)
 Metaspace       used 25439K, committed 26368K, reserved 1114112K
  class space    used 3828K, committed 4288K, reserved 1048576K
}
Event: 38.121 GC heap before
{Heap before GC invocations=6 (full 0):
 garbage-first heap   total 81920K, used 64560K [0x00000000a0000000, 0x0000000100000000)
  region size 1024K, 41 young (41984K), 3 survivors (3072K)
 Metaspace       used 32655K, committed 33600K, reserved 1114112K
  class space    used 4721K, committed 5184K, reserved 1048576K
}
Event: 38.129 GC heap after
{Heap after GC invocations=7 (full 0):
 garbage-first heap   total 81920K, used 30209K [0x00000000a0000000, 0x0000000100000000)
  region size 1024K, 6 young (6144K), 6 survivors (6144K)
 Metaspace       used 32655K, committed 33600K, reserved 1114112K
  class space    used 4721K, committed 5184K, reserved 1048576K
}
Event: 51.161 GC heap before
{Heap before GC invocations=7 (full 0):
 garbage-first heap   total 81920K, used 71169K [0x00000000a0000000, 0x0000000100000000)
  region size 1024K, 42 young (43008K), 6 survivors (6144K)
 Metaspace       used 35262K, committed 36352K, reserved 1114112K
  class space    used 5016K, committed 5568K, reserved 1048576K
}
Event: 51.170 GC heap after
{Heap after GC invocations=8 (full 0):
 garbage-first heap   total 81920K, used 33034K [0x00000000a0000000, 0x0000000100000000)
  region size 1024K, 4 young (4096K), 4 survivors (4096K)
 Metaspace       used 35262K, committed 36352K, reserved 1114112K
  class space    used 5016K, committed 5568K, reserved 1048576K
}
Event: 51.222 GC heap before
{Heap before GC invocations=8 (full 0):
 garbage-first heap   total 81920K, used 33034K [0x00000000a0000000, 0x0000000100000000)
  region size 1024K, 5 young (5120K), 4 survivors (4096K)
 Metaspace       used 35405K, committed 36480K, reserved 1114112K
  class space    used 5041K, committed 5568K, reserved 1048576K
}
Event: 51.227 GC heap after
{Heap after GC invocations=9 (full 0):
 garbage-first heap   total 81920K, used 33589K [0x00000000a0000000, 0x0000000100000000)
  region size 1024K, 1 young (1024K), 1 survivors (1024K)
 Metaspace       used 35405K, committed 36480K, reserved 1114112K
  class space    used 5041K, committed 5568K, reserved 1048576K
}
Event: 450.099 GC heap before
{Heap before GC invocations=10 (full 0):
 garbage-first heap   total 81920K, used 68405K [0x00000000a0000000, 0x0000000100000000)
  region size 1024K, 35 young (35840K), 1 survivors (1024K)
 Metaspace       used 35668K, committed 36800K, reserved 1114112K
  class space    used 5068K, committed 5632K, reserved 1048576K
}
Event: 450.150 GC heap after
{Heap after GC invocations=11 (full 0):
 garbage-first heap   total 81920K, used 33359K [0x00000000a0000000, 0x0000000100000000)
  region size 1024K, 1 young (1024K), 1 survivors (1024K)
 Metaspace       used 35668K, committed 36800K, reserved 1114112K
  class space    used 5068K, committed 5632K, reserved 1048576K
}
Event: 770.090 GC heap before
{Heap before GC invocations=11 (full 0):
 garbage-first heap   total 81920K, used 70223K [0x00000000a0000000, 0x0000000100000000)
  region size 1024K, 37 young (37888K), 1 survivors (1024K)
 Metaspace       used 36025K, committed 37120K, reserved 1114112K
  class space    used 5116K, committed 5696K, reserved 1048576K
}
Event: 770.204 GC heap after
{Heap after GC invocations=12 (full 0):
 garbage-first heap   total 81920K, used 32746K [0x00000000a0000000, 0x0000000100000000)
  region size 1024K, 1 young (1024K), 1 survivors (1024K)
 Metaspace       used 36025K, committed 37120K, reserved 1114112K
  class space    used 5116K, committed 5696K, reserved 1048576K
}

Dll operation events (20 events):
Event: 0.208 Attempting to load shared library C:\Users\ishas\.vscode\extensions\redhat.java-1.56.0-win32-x64\jre\21.0.12.1-win32-x86_64\bin\nio.dll
Event: 0.208 Loaded shared library C:\Users\ishas\.vscode\extensions\redhat.java-1.56.0-win32-x64\jre\21.0.12.1-win32-x86_64\bin\nio.dll
Event: 0.212 Attempting to load shared library C:\Users\ishas\.vscode\extensions\redhat.java-1.56.0-win32-x64\jre\21.0.12.1-win32-x86_64\bin\zip.dll
Event: 0.212 Loaded shared library C:\Users\ishas\.vscode\extensions\redhat.java-1.56.0-win32-x64\jre\21.0.12.1-win32-x86_64\bin\zip.dll
Event: 0.907 Attempting to load shared library C:\Users\ishas\.vscode\extensions\redhat.java-1.56.0-win32-x64\jre\21.0.12.1-win32-x86_64\bin\jimage.dll
Event: 0.907 Loaded shared library C:\Users\ishas\.vscode\extensions\redhat.java-1.56.0-win32-x64\jre\21.0.12.1-win32-x86_64\bin\jimage.dll
Event: 1.269 Attempting to load shared library C:\Users\ishas\.vscode\extensions\redhat.java-1.56.0-win32-x64\jre\21.0.12.1-win32-x86_64\bin\verify.dll
Event: 1.269 Loaded shared library C:\Users\ishas\.vscode\extensions\redhat.java-1.56.0-win32-x64\jre\21.0.12.1-win32-x86_64\bin\verify.dll
Event: 1.467 Attempting to load shared library C:\Users\ishas\.gradle\native\1def1411415f61bf3af743bc5b6707747c0891f09f0c88961ee8f79bc544acac\windows-amd64\native-platform.dll
Event: 1.467 Loaded shared library C:\Users\ishas\.gradle\native\1def1411415f61bf3af743bc5b6707747c0891f09f0c88961ee8f79bc544acac\windows-amd64\native-platform.dll
Event: 1.488 Attempting to load shared library C:\Users\ishas\.gradle\native\0.2.7\x86_64-windows-gnu\gradle-fileevents.dll
Event: 1.489 Loaded shared library C:\Users\ishas\.gradle\native\0.2.7\x86_64-windows-gnu\gradle-fileevents.dll
Event: 5.824 Attempting to load shared library C:\Users\ishas\.vscode\extensions\redhat.java-1.56.0-win32-x64\jre\21.0.12.1-win32-x86_64\bin\management.dll
Event: 5.825 Loaded shared library C:\Users\ishas\.vscode\extensions\redhat.java-1.56.0-win32-x64\jre\21.0.12.1-win32-x86_64\bin\management.dll
Event: 5.829 Attempting to load shared library C:\Users\ishas\.vscode\extensions\redhat.java-1.56.0-win32-x64\jre\21.0.12.1-win32-x86_64\bin\management_ext.dll
Event: 5.835 Loaded shared library C:\Users\ishas\.vscode\extensions\redhat.java-1.56.0-win32-x64\jre\21.0.12.1-win32-x86_64\bin\management_ext.dll
Event: 7.457 Attempting to load shared library C:\Users\ishas\.vscode\extensions\redhat.java-1.56.0-win32-x64\jre\21.0.12.1-win32-x86_64\bin\extnet.dll
Event: 7.458 Loaded shared library C:\Users\ishas\.vscode\extensions\redhat.java-1.56.0-win32-x64\jre\21.0.12.1-win32-x86_64\bin\extnet.dll
Event: 10.178 Attempting to load shared library C:\Users\ishas\.vscode\extensions\redhat.java-1.56.0-win32-x64\jre\21.0.12.1-win32-x86_64\bin\sunmscapi.dll
Event: 10.180 Loaded shared library C:\Users\ishas\.vscode\extensions\redhat.java-1.56.0-win32-x64\jre\21.0.12.1-win32-x86_64\bin\sunmscapi.dll

Deoptimization events (20 events):
Event: 688.025 Thread 0x0000020e71639ea0 Uncommon trap: trap_request=0xffffffd6 fr.pc=0x0000020e5f3bb92c relative=0x00000000000006ec
Event: 688.025 Thread 0x0000020e71639ea0 Uncommon trap: reason=array_check action=maybe_recompile pc=0x0000020e5f3bb92c method=java.util.ComparableTimSort.reverseRange([Ljava/lang/Object;II)V @ 20 c2
Event: 688.025 Thread 0x0000020e71639ea0 DEOPT PACKING pc=0x0000020e5f3bb92c sp=0x0000005a0a8fe4d0
Event: 688.026 Thread 0x0000020e71639ea0 DEOPT UNPACKING pc=0x0000020e5ed64422 sp=0x0000005a0a8fe480 mode 2
Event: 688.026 Thread 0x0000020e71639ea0 Uncommon trap: trap_request=0xffffffd6 fr.pc=0x0000020e5f3bb92c relative=0x00000000000006ec
Event: 688.026 Thread 0x0000020e71639ea0 Uncommon trap: reason=array_check action=maybe_recompile pc=0x0000020e5f3bb92c method=java.util.ComparableTimSort.reverseRange([Ljava/lang/Object;II)V @ 20 c2
Event: 688.026 Thread 0x0000020e71639ea0 DEOPT PACKING pc=0x0000020e5f3bb92c sp=0x0000005a0a8fe4d0
Event: 688.026 Thread 0x0000020e71639ea0 DEOPT UNPACKING pc=0x0000020e5ed64422 sp=0x0000005a0a8fe480 mode 2
Event: 705.002 Thread 0x0000020e71639ea0 Uncommon trap: trap_request=0xffffffd6 fr.pc=0x0000020e5f3b8ec8 relative=0x00000000000008e8
Event: 705.002 Thread 0x0000020e71639ea0 Uncommon trap: reason=array_check action=maybe_recompile pc=0x0000020e5f3b8ec8 method=java.util.ComparableTimSort.reverseRange([Ljava/lang/Object;II)V @ 27 c2
Event: 705.002 Thread 0x0000020e71639ea0 DEOPT PACKING pc=0x0000020e5f3b8ec8 sp=0x0000005a0a8fe4c0
Event: 705.002 Thread 0x0000020e71639ea0 DEOPT UNPACKING pc=0x0000020e5ed64422 sp=0x0000005a0a8fe480 mode 2
Event: 705.002 Thread 0x0000020e71639ea0 Uncommon trap: trap_request=0xffffffd6 fr.pc=0x0000020e5f3b8ec8 relative=0x00000000000008e8
Event: 705.002 Thread 0x0000020e71639ea0 Uncommon trap: reason=array_check action=maybe_recompile pc=0x0000020e5f3b8ec8 method=java.util.ComparableTimSort.reverseRange([Ljava/lang/Object;II)V @ 27 c2
Event: 705.002 Thread 0x0000020e71639ea0 DEOPT PACKING pc=0x0000020e5f3b8ec8 sp=0x0000005a0a8fe4c0
Event: 705.002 Thread 0x0000020e71639ea0 DEOPT UNPACKING pc=0x0000020e5ed64422 sp=0x0000005a0a8fe480 mode 2
Event: 1020.739 Thread 0x0000020e7020ae20 Uncommon trap: trap_request=0xffffff45 fr.pc=0x0000020e5f382ae4 relative=0x0000000000000684
Event: 1020.740 Thread 0x0000020e7020ae20 Uncommon trap: reason=unstable_if action=reinterpret pc=0x0000020e5f382ae4 method=java.io.DataInputStream.readBoolean()Z @ 4 c2
Event: 1020.741 Thread 0x0000020e7020ae20 DEOPT PACKING pc=0x0000020e5f382ae4 sp=0x0000005a0b1fe990
Event: 1020.743 Thread 0x0000020e7020ae20 DEOPT UNPACKING pc=0x0000020e5ed64422 sp=0x0000005a0b1fe900 mode 2

Classes loaded (20 events):
Event: 46.004 Loading class sun/reflect/generics/tree/ArrayTypeSignature
Event: 46.004 Loading class sun/reflect/generics/tree/ArrayTypeSignature done
Event: 46.329 Loading class com/sun/beans/finder/MethodFinder
Event: 46.330 Loading class com/sun/beans/finder/AbstractFinder
Event: 46.330 Loading class com/sun/beans/finder/AbstractFinder done
Event: 46.330 Loading class com/sun/beans/finder/MethodFinder done
Event: 46.330 Loading class com/sun/beans/finder/MethodFinder$1
Event: 46.330 Loading class com/sun/beans/finder/MethodFinder$1 done
Event: 46.330 Loading class com/sun/beans/finder/FinderUtils
Event: 46.331 Loading class com/sun/beans/finder/FinderUtils done
Event: 48.422 Loading class java/lang/invoke/SerializedLambda
Event: 48.423 Loading class java/lang/invoke/SerializedLambda done
Event: 49.478 Loading class java/util/BitSet$1BitSetSpliterator
Event: 49.478 Loading class java/util/BitSet$1BitSetSpliterator done
Event: 50.984 Loading class java/lang/SafeVarargs
Event: 50.984 Loading class java/lang/SafeVarargs done
Event: 51.194 Loading class jdk/internal/reflect/MethodHandleIntegerFieldAccessorImpl
Event: 51.195 Loading class jdk/internal/reflect/MethodHandleIntegerFieldAccessorImpl done
Event: 51.368 Loading class sun/nio/fs/WindowsException
Event: 51.369 Loading class sun/nio/fs/WindowsException done

Classes unloaded (0 events):
No events

Classes redefined (0 events):
No events

Internal exceptions (20 events):
Event: 45.999 Thread 0x0000020e7198bf00 Exception <a 'java/lang/ClassNotFoundException'{0x00000000a36b3778}: groovy/lang/Closure$1BeanInfo> (0x00000000a36b3778) 
thrown [s\src\hotspot\share\classfile\systemDictionary.cpp, line 313]
Event: 46.000 Thread 0x0000020e7198bf00 Exception <a 'java/lang/ClassNotFoundException'{0x00000000a36c08f0}: groovy/lang/ClosureBeanInfo> (0x00000000a36c08f0) 
thrown [s\src\hotspot\share\classfile\systemDictionary.cpp, line 313]
Event: 46.001 Thread 0x0000020e7198bf00 Exception <a 'java/lang/ClassNotFoundException'{0x00000000a36cda30}: groovy/lang/ClosureCustomizer> (0x00000000a36cda30) 
thrown [s\src\hotspot\share\classfile\systemDictionary.cpp, line 313]
Event: 46.329 Thread 0x0000020e7198bf00 Exception <a 'java/lang/ClassNotFoundException'{0x00000000a36ff868}: groovy/lang/Closure$1Customizer> (0x00000000a36ff868) 
thrown [s\src\hotspot\share\classfile\systemDictionary.cpp, line 313]
Event: 46.794 Thread 0x0000020e7198bf00 Exception <a 'java/lang/NoSuchMethodError'{0x00000000a34858b8}: 'void java.lang.invoke.Invokers$Holder.invoke_MT(java.lang.Object, java.lang.Object, java.lang.Object, java.lang.Object)'> (0x00000000a34858b8) 
thrown [s\src\hotspot\share\interpreter\linkResolver.cpp, line 773]
Event: 47.123 Thread 0x0000020e7198bf00 Exception <a 'java/lang/ClassNotFoundException'{0x00000000a33f5008}: org/gradle/invocation/DefaultGradle_DecoratedBeanInfo> (0x00000000a33f5008) 
thrown [s\src\hotspot\share\classfile\systemDictionary.cpp, line 313]
Event: 47.124 Thread 0x0000020e7198bf00 Exception <a 'java/lang/ClassNotFoundException'{0x00000000a32028b0}: org/gradle/invocation/DefaultGradleBeanInfo> (0x00000000a32028b0) 
thrown [s\src\hotspot\share\classfile\systemDictionary.cpp, line 313]
Event: 47.126 Thread 0x0000020e7198bf00 Exception <a 'java/lang/ClassNotFoundException'{0x00000000a3210488}: org/gradle/api/internal/project/AbstractPluginAwareBeanInfo> (0x00000000a3210488) 
thrown [s\src\hotspot\share\classfile\systemDictionary.cpp, line 313]
Event: 47.127 Thread 0x0000020e7198bf00 Exception <a 'java/lang/ClassNotFoundException'{0x00000000a321e100}: org/gradle/api/internal/project/AbstractPluginAwareCustomizer> (0x00000000a321e100) 
thrown [s\src\hotspot\share\classfile\systemDictionary.cpp, line 313]
Event: 47.634 Thread 0x0000020e7198bf00 Exception <a 'java/lang/ClassNotFoundException'{0x00000000a32317d8}: org/gradle/invocation/DefaultGradleCustomizer> (0x00000000a32317d8) 
thrown [s\src\hotspot\share\classfile\systemDictionary.cpp, line 313]
Event: 47.643 Thread 0x0000020e7198bf00 Exception <a 'java/lang/ClassNotFoundException'{0x00000000a3273648}: org/gradle/invocation/DefaultGradle_DecoratedCustomizer> (0x00000000a3273648) 
thrown [s\src\hotspot\share\classfile\systemDictionary.cpp, line 313]
Event: 51.174 Thread 0x0000020e7198bf00 Exception <a 'java/lang/NoSuchMethodError'{0x00000000afb1ad70}: 'java.lang.Object java.lang.invoke.DirectMethodHandle$Holder.newInvokeSpecial(java.lang.Object, java.lang.Object, int, int)'> (0x00000000afb1ad70) 
thrown [s\src\hotspot\share\interpreter\linkResolver.cpp, line 773]
Event: 51.195 Thread 0x0000020e7198bf00 Exception <a 'java/lang/NoSuchMethodError'{0x00000000afb54bc8}: 'void java.lang.invoke.DirectMethodHandle$Holder.invokeSpecial(java.lang.Object, java.lang.Object, int)'> (0x00000000afb54bc8) 
thrown [s\src\hotspot\share\interpreter\linkResolver.cpp, line 773]
Event: 51.196 Thread 0x0000020e7198bf00 Exception <a 'java/lang/NoSuchMethodError'{0x00000000afb58eb8}: 'void java.lang.invoke.Invokers$Holder.invokeExact_MT(java.lang.Object, int, java.lang.Object)'> (0x00000000afb58eb8) 
thrown [s\src\hotspot\share\interpreter\linkResolver.cpp, line 773]
Event: 51.200 Thread 0x0000020e7198bf00 Exception <a 'java/lang/IncompatibleClassChangeError'{0x00000000afb6e1a0}: Found class java.lang.Object, but interface was expected> (0x00000000afb6e1a0) 
thrown [s\src\hotspot\share\interpreter\linkResolver.cpp, line 840]
Event: 51.369 Thread 0x0000020e7198bf00 Exception <a 'sun/nio/fs/WindowsException'{0x00000000afb7eb18}> (0x00000000afb7eb18) 
thrown [s\src\hotspot\share\prims\jni.cpp, line 520]
Event: 51.384 Thread 0x0000020e7198bf00 Exception <a 'sun/nio/fs/WindowsException'{0x00000000afb80040}> (0x00000000afb80040) 
thrown [s\src\hotspot\share\prims\jni.cpp, line 520]
Event: 51.388 Thread 0x0000020e7198bf00 Exception <a 'sun/nio/fs/WindowsException'{0x00000000afb81510}> (0x00000000afb81510) 
thrown [s\src\hotspot\share\prims\jni.cpp, line 520]
Event: 51.390 Thread 0x0000020e7198bf00 Exception <a 'sun/nio/fs/WindowsException'{0x00000000afb82608}> (0x00000000afb82608) 
thrown [s\src\hotspot\share\prims\jni.cpp, line 520]
Event: 659.384 Thread 0x0000020e7198bf00 Exception <a 'java/lang/IncompatibleClassChangeError'{0x00000000a3bfd888}: Found class java.lang.Object, but interface was expected> (0x00000000a3bfd888) 
thrown [s\src\hotspot\share\interpreter\linkResolver.cpp, line 840]

ZGC Phase Switch (0 events):
No events

VM Operations (20 events):
Event: 780.265 Executing safepoint VM operation: Cleanup
Event: 780.265 Executing safepoint VM operation: Cleanup done
Event: 790.337 Executing safepoint VM operation: Cleanup
Event: 790.337 Executing safepoint VM operation: Cleanup done
Event: 820.555 Executing safepoint VM operation: Cleanup
Event: 820.556 Executing safepoint VM operation: Cleanup done
Event: 830.640 Executing safepoint VM operation: Cleanup
Event: 830.640 Executing safepoint VM operation: Cleanup done
Event: 854.851 Executing safepoint VM operation: Cleanup
Event: 854.852 Executing safepoint VM operation: Cleanup done
Event: 873.973 Executing safepoint VM operation: Cleanup
Event: 873.974 Executing safepoint VM operation: Cleanup done
Event: 1020.996 Executing safepoint VM operation: Cleanup
Event: 1020.998 Executing safepoint VM operation: Cleanup done
Event: 1046.173 Executing safepoint VM operation: Cleanup
Event: 1046.174 Executing safepoint VM operation: Cleanup done
Event: 1051.206 Executing safepoint VM operation: Cleanup
Event: 1051.206 Executing safepoint VM operation: Cleanup done
Event: 1062.268 Executing safepoint VM operation: Cleanup
Event: 1062.268 Executing safepoint VM operation: Cleanup done

Memory protections (0 events):
No events

Nmethod flushes (20 events):
Event: 51.332 Thread 0x0000020e6b790c10 flushing  nmethod 0x0000020e579d5810
Event: 51.332 Thread 0x0000020e6b790c10 flushing  nmethod 0x0000020e57a0c790
Event: 51.332 Thread 0x0000020e6b790c10 flushing  nmethod 0x0000020e57a0e510
Event: 51.332 Thread 0x0000020e6b790c10 flushing  nmethod 0x0000020e57a11490
Event: 51.332 Thread 0x0000020e6b790c10 flushing  nmethod 0x0000020e57a11810
Event: 51.332 Thread 0x0000020e6b790c10 flushing  nmethod 0x0000020e57a13090
Event: 51.332 Thread 0x0000020e6b790c10 flushing  nmethod 0x0000020e57a1d690
Event: 51.332 Thread 0x0000020e6b790c10 flushing  nmethod 0x0000020e57a1dd90
Event: 51.332 Thread 0x0000020e6b790c10 flushing  nmethod 0x0000020e57a24a90
Event: 51.332 Thread 0x0000020e6b790c10 flushing  nmethod 0x0000020e57a48f90
Event: 51.332 Thread 0x0000020e6b790c10 flushing  nmethod 0x0000020e57a9b410
Event: 51.332 Thread 0x0000020e6b790c10 flushing  nmethod 0x0000020e57c73a90
Event: 51.332 Thread 0x0000020e6b790c10 flushing  nmethod 0x0000020e57cd9790
Event: 51.332 Thread 0x0000020e6b790c10 flushing  nmethod 0x0000020e579dfb90
Event: 51.332 Thread 0x0000020e6b790c10 flushing  nmethod 0x0000020e579e0810
Event: 51.332 Thread 0x0000020e6b790c10 flushing  nmethod 0x0000020e579e3090
Event: 51.332 Thread 0x0000020e6b790c10 flushing  nmethod 0x0000020e579e3490
Event: 51.332 Thread 0x0000020e6b790c10 flushing  nmethod 0x0000020e57b89a10
Event: 51.332 Thread 0x0000020e6b790c10 flushing  nmethod 0x0000020e57b8e610
Event: 51.332 Thread 0x0000020e6b790c10 flushing  nmethod 0x0000020e57d3ce10

Events (20 events):
Event: 23.449 Thread 0x0000020e7198bf00 Thread added: 0x0000020e71aa73e0
Event: 23.672 Thread 0x0000020e7198bf00 Thread added: 0x0000020e71aa4c80
Event: 26.523 Thread 0x0000020e6b7b5d30 Thread added: 0x0000020e727263e0
Event: 26.935 Thread 0x0000020e727263e0 Thread exited: 0x0000020e727263e0
Event: 29.568 Thread 0x0000020e7198bf00 Thread added: 0x0000020e71aa3f60
Event: 31.685 Thread 0x0000020e7198bf00 Thread added: 0x0000020e71aa7a70
Event: 33.587 Thread 0x0000020e6b7b67d0 Thread added: 0x0000020e722ca820
Event: 33.782 Thread 0x0000020e722ca820 Thread exited: 0x0000020e722ca820
Event: 35.533 Thread 0x0000020e6b7b67d0 Thread added: 0x0000020e73fda5d0
Event: 35.814 Thread 0x0000020e73fda5d0 Thread exited: 0x0000020e73fda5d0
Event: 38.157 Thread 0x0000020e6b7b67d0 Thread added: 0x0000020e73731270
Event: 38.453 Thread 0x0000020e73731270 Thread exited: 0x0000020e73731270
Event: 39.195 Thread 0x0000020e6b7b67d0 Thread added: 0x0000020e7404ff00
Event: 40.010 Thread 0x0000020e7404ff00 Thread exited: 0x0000020e7404ff00
Event: 40.192 Thread 0x0000020e7198bf00 Thread added: 0x0000020e71aaa1d0
Event: 41.555 Thread 0x0000020e7198bf00 Thread added: 0x0000020e71aaa860
Event: 112.954 Thread 0x0000020e71aa5310 Thread exited: 0x0000020e71aa5310
Event: 647.951 Thread 0x0000020e71988a80 Thread added: 0x0000020e71aa8100
Event: 650.143 Thread 0x0000020e7198bf00 Thread added: 0x0000020e71aa8790
Event: 720.853 Thread 0x0000020e71aa8100 Thread exited: 0x0000020e71aa8100


Dynamic libraries:
0x00007ff6906c0000 - 0x00007ff6906ce000 	C:\Users\ishas\.vscode\extensions\redhat.java-1.56.0-win32-x64\jre\21.0.12.1-win32-x86_64\bin\java.exe
0x00007fff22660000 - 0x00007fff228c7000 	C:\Windows\SYSTEM32\ntdll.dll
0x00007fff21bc0000 - 0x00007fff21c8b000 	C:\Windows\System32\KERNEL32.DLL
0x00007fff1fcd0000 - 0x00007fff200d2000 	C:\Windows\System32\KERNELBASE.dll
0x00007fff1fb70000 - 0x00007fff1fcbc000 	C:\Windows\System32\ucrtbase.dll
0x00007ffeb4c70000 - 0x00007ffeb4c88000 	C:\Users\ishas\.vscode\extensions\redhat.java-1.56.0-win32-x64\jre\21.0.12.1-win32-x86_64\bin\jli.dll
0x00007fff222b0000 - 0x00007fff2247f000 	C:\Windows\System32\USER32.dll
0x00007ffee06c0000 - 0x00007ffee06de000 	C:\Users\ishas\.vscode\extensions\redhat.java-1.56.0-win32-x64\jre\21.0.12.1-win32-x86_64\bin\VCRUNTIME140.dll
0x00007fff20220000 - 0x00007fff20247000 	C:\Windows\System32\win32u.dll
0x00007fff08e50000 - 0x00007fff090e0000 	C:\Windows\WinSxS\amd64_microsoft.windows.common-controls_6595b64144ccf1df_6.0.26100.9278_none_3e0d1ba8e3303201\COMCTL32.dll
0x00007fff21d20000 - 0x00007fff21d4b000 	C:\Windows\System32\GDI32.dll
0x00007fff20460000 - 0x00007fff20509000 	C:\Windows\System32\msvcrt.dll
0x00007fff20250000 - 0x00007fff20379000 	C:\Windows\System32\gdi32full.dll
0x00007fff200e0000 - 0x00007fff20183000 	C:\Windows\System32\msvcp_win.dll
0x00007fff21eb0000 - 0x00007fff21ee1000 	C:\Windows\System32\IMM32.DLL
0x00007fff1bf50000 - 0x00007fff1bf5c000 	C:\Users\ishas\.vscode\extensions\redhat.java-1.56.0-win32-x64\jre\21.0.12.1-win32-x86_64\bin\vcruntime140_1.dll
0x00007ffeac2d0000 - 0x00007ffeac35d000 	C:\Users\ishas\.vscode\extensions\redhat.java-1.56.0-win32-x64\jre\21.0.12.1-win32-x86_64\bin\msvcp140.dll
0x00007ffe828b0000 - 0x00007ffe83652000 	C:\Users\ishas\.vscode\extensions\redhat.java-1.56.0-win32-x64\jre\21.0.12.1-win32-x86_64\bin\server\jvm.dll
0x00007fff21ef0000 - 0x00007fff21fac000 	C:\Windows\System32\ADVAPI32.dll
0x00007fff21e00000 - 0x00007fff21ea9000 	C:\Windows\System32\sechost.dll
0x00007fff22500000 - 0x00007fff22618000 	C:\Windows\System32\RPCRT4.dll
0x00007fff21c90000 - 0x00007fff21d10000 	C:\Windows\System32\WS2_32.dll
0x00007fff1f6c0000 - 0x00007fff1f71e000 	C:\Windows\SYSTEM32\POWRPROF.dll
0x00007fff17580000 - 0x00007fff175b6000 	C:\Windows\SYSTEM32\WINMM.dll
0x00007fff0cde0000 - 0x00007fff0cdeb000 	C:\Windows\SYSTEM32\VERSION.dll
0x00007fff1f6a0000 - 0x00007fff1f6b5000 	C:\Windows\SYSTEM32\UMPDC.dll
0x00007fff1e530000 - 0x00007fff1e54b000 	C:\Windows\SYSTEM32\kernel.appcore.dll
0x00007fff17090000 - 0x00007fff1709a000 	C:\Users\ishas\.vscode\extensions\redhat.java-1.56.0-win32-x64\jre\21.0.12.1-win32-x86_64\bin\jimage.dll
0x00007fff1ce70000 - 0x00007fff1d0bc000 	C:\Windows\SYSTEM32\DBGHELP.DLL
0x00007fff20ed0000 - 0x00007fff21255000 	C:\Windows\System32\combase.dll
0x00007fff21a50000 - 0x00007fff21b29000 	C:\Windows\System32\OLEAUT32.dll
0x00007fff17540000 - 0x00007fff1757b000 	C:\Windows\SYSTEM32\dbgcore.DLL
0x00007fff1fab0000 - 0x00007fff1fb5c000 	C:\Windows\System32\bcryptPrimitives.dll
0x00007ffebe020000 - 0x00007ffebe02f000 	C:\Users\ishas\.vscode\extensions\redhat.java-1.56.0-win32-x64\jre\21.0.12.1-win32-x86_64\bin\instrument.dll
0x00007ffedcd90000 - 0x00007ffedcdb0000 	C:\Users\ishas\.vscode\extensions\redhat.java-1.56.0-win32-x64\jre\21.0.12.1-win32-x86_64\bin\java.dll
0x00007fff20510000 - 0x00007fff20ca8000 	C:\Windows\System32\SHELL32.dll
0x00007fff1d290000 - 0x00007fff1db3e000 	C:\Windows\SYSTEM32\windows.storage.dll
0x00007fff21fc0000 - 0x00007fff220bb000 	C:\Windows\System32\SHCORE.dll
0x00007fff22490000 - 0x00007fff224f6000 	C:\Windows\System32\shlwapi.dll
0x00007fff1f780000 - 0x00007fff1f7a9000 	C:\Windows\SYSTEM32\profapi.dll
0x00007ffedcd70000 - 0x00007ffedcd88000 	C:\Users\ishas\.vscode\extensions\redhat.java-1.56.0-win32-x64\jre\21.0.12.1-win32-x86_64\bin\zip.dll
0x00007ffee04e0000 - 0x00007ffee04f0000 	C:\Users\ishas\.vscode\extensions\redhat.java-1.56.0-win32-x64\jre\21.0.12.1-win32-x86_64\bin\net.dll
0x00007fff0dc00000 - 0x00007fff0dd2a000 	C:\Windows\SYSTEM32\WINHTTP.dll
0x00007fff1eaf0000 - 0x00007fff1eb5c000 	C:\Windows\system32\mswsock.dll
0x00007ffedcd50000 - 0x00007ffedcd66000 	C:\Users\ishas\.vscode\extensions\redhat.java-1.56.0-win32-x64\jre\21.0.12.1-win32-x86_64\bin\nio.dll
0x00007ffebc9a0000 - 0x00007ffebc9b0000 	C:\Users\ishas\.vscode\extensions\redhat.java-1.56.0-win32-x64\jre\21.0.12.1-win32-x86_64\bin\verify.dll
0x00007ffeac360000 - 0x00007ffeac387000 	C:\Users\ishas\.gradle\native\1def1411415f61bf3af743bc5b6707747c0891f09f0c88961ee8f79bc544acac\windows-amd64\native-platform.dll
0x00007ffe88010000 - 0x00007ffe88088000 	C:\Users\ishas\.gradle\native\0.2.7\x86_64-windows-gnu\gradle-fileevents.dll
0x00007ffebc890000 - 0x00007ffebc89a000 	C:\Users\ishas\.vscode\extensions\redhat.java-1.56.0-win32-x64\jre\21.0.12.1-win32-x86_64\bin\management.dll
0x00007ffebc430000 - 0x00007ffebc43c000 	C:\Users\ishas\.vscode\extensions\redhat.java-1.56.0-win32-x64\jre\21.0.12.1-win32-x86_64\bin\management_ext.dll
0x00007fff20380000 - 0x00007fff20388000 	C:\Windows\System32\PSAPI.DLL
0x00007fff1df00000 - 0x00007fff1df33000 	C:\Windows\SYSTEM32\IPHLPAPI.DLL
0x00007fff22280000 - 0x00007fff2228a000 	C:\Windows\System32\NSI.dll
0x00007ffeb9d70000 - 0x00007ffeb9d79000 	C:\Users\ishas\.vscode\extensions\redhat.java-1.56.0-win32-x64\jre\21.0.12.1-win32-x86_64\bin\extnet.dll
0x00007fff1ede0000 - 0x00007fff1edfb000 	C:\Windows\SYSTEM32\CRYPTSP.dll
0x00007fff1e490000 - 0x00007fff1e4c9000 	C:\Windows\system32\rsaenh.dll
0x00007fff1eba0000 - 0x00007fff1ebd4000 	C:\Windows\SYSTEM32\USERENV.dll
0x00007fff1f750000 - 0x00007fff1f77a000 	C:\Windows\SYSTEM32\bcrypt.dll
0x00007fff1ee00000 - 0x00007fff1ee0c000 	C:\Windows\SYSTEM32\CRYPTBASE.dll
0x00007ffeb9300000 - 0x00007ffeb930e000 	C:\Users\ishas\.vscode\extensions\redhat.java-1.56.0-win32-x64\jre\21.0.12.1-win32-x86_64\bin\sunmscapi.dll
0x00007fff1f860000 - 0x00007fff1f9de000 	C:\Windows\System32\CRYPT32.dll
0x00007fff1f020000 - 0x00007fff1f050000 	C:\Windows\SYSTEM32\ncrypt.dll
0x00007fff1efd0000 - 0x00007fff1f00f000 	C:\Windows\SYSTEM32\NTASN1.dll
0x00007fff01a10000 - 0x00007fff01a18000 	C:\Windows\system32\wshunix.dll

JVMTI agents:
C:\Users\ishas\.gradle\wrapper\dists\gradle-8.14.3-all\10utluxaxniiv4wxiphsi49nj\gradle-8.14.3\lib\agents\gradle-instrumentation-agent-8.14.3.jar path:C:\Users\ishas\.vscode\extensions\redhat.java-1.56.0-win32-x64\jre\21.0.12.1-win32-x86_64\bin\instrument.dll, loaded, initialized, instrumentlib options:none

dbghelp: loaded successfully - version: 4.0.5 - missing functions: none
symbol engine: initialized successfully - sym options: 0x614 - pdb path: .;C:\Users\ishas\.vscode\extensions\redhat.java-1.56.0-win32-x64\jre\21.0.12.1-win32-x86_64\bin;C:\Windows\SYSTEM32;C:\Windows\WinSxS\amd64_microsoft.windows.common-controls_6595b64144ccf1df_6.0.26100.9278_none_3e0d1ba8e3303201;C:\Users\ishas\.vscode\extensions\redhat.java-1.56.0-win32-x64\jre\21.0.12.1-win32-x86_64\bin\server;C:\Users\ishas\.gradle\native\1def1411415f61bf3af743bc5b6707747c0891f09f0c88961ee8f79bc544acac\windows-amd64;C:\Users\ishas\.gradle\native\0.2.7\x86_64-windows-gnu

VM Arguments:
jvm_args: --add-opens=java.base/java.lang=ALL-UNNAMED --add-opens=java.base/java.lang.invoke=ALL-UNNAMED --add-opens=java.base/java.util=ALL-UNNAMED --add-opens=java.prefs/java.util.prefs=ALL-UNNAMED --add-exports=jdk.compiler/com.sun.tools.javac.api=ALL-UNNAMED --add-exports=jdk.compiler/com.sun.tools.javac.util=ALL-UNNAMED --add-opens=java.base/java.util=ALL-UNNAMED --add-opens=java.prefs/java.util.prefs=ALL-UNNAMED --add-opens=java.base/java.nio.charset=ALL-UNNAMED --add-opens=java.base/java.net=ALL-UNNAMED --add-opens=java.base/java.util.concurrent.atomic=ALL-UNNAMED --add-opens=java.xml/javax.xml.namespace=ALL-UNNAMED -Xmx1536m -Dfile.encoding=UTF-8 -Duser.country=IN -Duser.language=en -Duser.variant -javaagent:C:\Users\ishas\.gradle\wrapper\dists\gradle-8.14.3-all\10utluxaxniiv4wxiphsi49nj\gradle-8.14.3\lib\agents\gradle-instrumentation-agent-8.14.3.jar 
java_command: org.gradle.launcher.daemon.bootstrap.GradleDaemon 8.14.3
java_class_path (initial): C:\Users\ishas\.gradle\wrapper\dists\gradle-8.14.3-all\10utluxaxniiv4wxiphsi49nj\gradle-8.14.3\lib\gradle-daemon-main-8.14.3.jar
Launcher Type: SUN_STANDARD

[Global flags]
     intx CICompilerCount                          = 4                                         {product} {ergonomic}
     uint ConcGCThreads                            = 3                                         {product} {ergonomic}
     uint G1ConcRefinementThreads                  = 10                                        {product} {ergonomic}
   size_t G1HeapRegionSize                         = 1048576                                   {product} {ergonomic}
    uintx GCDrainStackTargetSize                   = 64                                        {product} {ergonomic}
   size_t InitialHeapSize                          = 264241152                                 {product} {ergonomic}
   size_t MarkStackSize                            = 4194304                                   {product} {ergonomic}
   size_t MaxHeapSize                              = 1610612736                                {product} {command line}
   size_t MaxNewSize                               = 965738496                                 {product} {ergonomic}
   size_t MinHeapDeltaBytes                        = 1048576                                   {product} {ergonomic}
   size_t MinHeapSize                              = 8388608                                   {product} {ergonomic}
    uintx NonNMethodCodeHeapSize                   = 5839372                                {pd product} {ergonomic}
    uintx NonProfiledCodeHeapSize                  = 122909434                              {pd product} {ergonomic}
    uintx ProfiledCodeHeapSize                     = 122909434                              {pd product} {ergonomic}
    uintx ReservedCodeCacheSize                    = 251658240                              {pd product} {ergonomic}
     bool SegmentedCodeCache                       = true                                      {product} {ergonomic}
   size_t SoftMaxHeapSize                          = 1610612736                             {manageable} {ergonomic}
     bool UseCompressedOops                        = true                           {product lp64_product} {ergonomic}
     bool UseG1GC                                  = true                                      {product} {ergonomic}
     bool UseLargePagesIndividualAllocation        = false                                  {pd product} {ergonomic}

Logging:
Log output configuration:
 #0: stdout all=warning uptime,level,tags foldmultilines=false
 #1: stderr all=off uptime,level,tags foldmultilines=false

Release file:
JAVA_VERSION="21.0.12.1" 
MODULES="java.base java.compiler java.datatransfer java.xml java.prefs java.desktop java.instrument java.logging java.management java.security.sasl java.naming java.rmi java.management.rmi java.net.http java.scripting java.security.jgss java.transaction.xa java.sql java.sql.rowset java.xml.crypto java.se java.smartcardio jdk.accessibility jdk.internal.jvmstat jdk.attach jdk.charsets jdk.internal.opt jdk.zipfs jdk.compiler jdk.crypto.ec jdk.crypto.cryptoki jdk.crypto.mscapi jdk.dynalink jdk.internal.ed jdk.editpad jdk.hotspot.agent jdk.httpserver jdk.internal.le jdk.internal.vm.ci jdk.internal.vm.compiler jdk.internal.vm.compiler.management jdk.jartool jdk.javadoc jdk.jcmd jdk.management jdk.management.agent jdk.jconsole jdk.jdeps jdk.jdwp.agent jdk.jdi jdk.jfr jdk.jshell jdk.jsobject jdk.jstatd jdk.localedata jdk.management.jfr jdk.naming.dns jdk.naming.rmi jdk.net jdk.nio.mapmode jdk.random jdk.sctp jdk.security.auth jdk.security.jgss jdk.unsupported jdk.unsupported.desktop jdk.xml.dom" 

Environment Variables:
PATH=C:\Program Files\Microsoft\jdk-17.0.12.7-hotspot\bin;C:\Program Files\Eclipse Adoptium\jdk-17.0.17.10-hotspot\bin;C:\Windows\system32;C:\Windows;C:\Windows\System32\Wbem;C:\Windows\System32\WindowsPowerShell\v1.0\;C:\Windows\System32\OpenSSH\;C:\Program Files\nodejs\;C:\Users\ishas\Downloads\apache-maven-3.9.11-bin\apache-maven-3.9.11\bin;C:\Users\ishas\Downloads\apache-maven-3.9.11-bin\apache-maven-3.9.11\bin;C:\Program Files\MySQL\MySQL Server 8.0\bin;C:\Users\ishas\AppData\Local\Programs\Python\Python313;C:\Program Files\Git\cmd;C:\Users\ishas\AppData\Local\Programs\Python\Launcher\;C:\Program Files\MySQL\MySQL Shell 8.0\bin\;C:\Users\ishas\AppData\Local\Microsoft\WindowsApps;C:\Users\ishas\AppData\Local\Programs\Microsoft VS Code\bin;C:\Users\ishas\AppData\Roaming\npm
USERNAME=ishas
OS=Windows_NT
PROCESSOR_IDENTIFIER=Intel64 Family 6 Model 186 Stepping 2, GenuineIntel
TMP=C:\Users\ishas\AppData\Local\Temp
TEMP=C:\Users\ishas\AppData\Local\Temp




Periodic native trim disabled

---------------  S Y S T E M  ---------------

OS:
 Windows 11 , 64 bit Build 26100 (10.0.26100.9444)
OS uptime: 0 days 0:24 hours
Hyper-V role detected

CPU: total 12 (initial active 12) (6 cores per cpu, 2 threads per core) family 6 model 186 stepping 2 microcode 0x4122, cx8, cmov, fxsr, ht, mmx, 3dnowpref, sse, sse2, sse3, ssse3, sse4.1, sse4.2, popcnt, lzcnt, tsc, tscinvbit, avx, avx2, aes, erms, clmul, bmi1, bmi2, adx, sha, fma, vzeroupper, clflush, clflushopt, clwb, hv, serialize, rdtscp, rdpid, fsrm, f16c, cet_ibt, cet_ss
Processor Information for processor 0
  Max Mhz: 2100, Current Mhz: 2100, Mhz Limit: 2100
Processor Information for processor 1
  Max Mhz: 2100, Current Mhz: 2100, Mhz Limit: 2100
Processor Information for processor 2
  Max Mhz: 2100, Current Mhz: 2100, Mhz Limit: 2100
Processor Information for processor 3
  Max Mhz: 2100, Current Mhz: 2100, Mhz Limit: 2100
Processor Information for processor 4
  Max Mhz: 2100, Current Mhz: 1453, Mhz Limit: 2100
Processor Information for processor 5
  Max Mhz: 2100, Current Mhz: 1453, Mhz Limit: 2100
Processor Information for processor 6
  Max Mhz: 2100, Current Mhz: 1453, Mhz Limit: 2100
Processor Information for processor 7
  Max Mhz: 2100, Current Mhz: 1453, Mhz Limit: 2100
Processor Information for processor 8
  Max Mhz: 2100, Current Mhz: 2100, Mhz Limit: 2100
Processor Information for processor 9
  Max Mhz: 2100, Current Mhz: 1540, Mhz Limit: 2100
Processor Information for processor 10
  Max Mhz: 2100, Current Mhz: 1540, Mhz Limit: 2100
Processor Information for processor 11
  Max Mhz: 2100, Current Mhz: 1540, Mhz Limit: 2100

Memory: 4k page, system-wide physical 16076M (854M free)
TotalPageFile size 65228M (AvailPageFile size 42M)
current process WorkingSet (physical memory assigned to process): 42M, peak: 230M
current process commit charge ("private bytes"): 265M, peak: 417M

vm_info: OpenJDK 64-Bit Server VM (21.0.12.1+1-LTS) for windows-amd64 JRE (21.0.12.1+1-LTS), built on 2026-08-18T00:00:00Z by "admin" with MS VC++ 17.12 (VS2022)

END.
