#
# There is insufficient memory for the Java Runtime Environment to continue.
# Native memory allocation (malloc) failed to allocate 621696 bytes. Error detail: Chunk::new
# Possible reasons:
#   The system is out of physical RAM or swap space
#   This process is running with CompressedOops enabled, and the Java Heap may be blocking the growth of the native heap
# Possible solutions:
#   Reduce memory load on the system
#   Increase physical memory or swap space
#   Check if swap backing store is full
#   Decrease Java heap size (-Xmx/-Xms)
#   Decrease number of Java threads
#   Decrease Java thread stack sizes (-Xss)
#   Set larger code cache with -XX:ReservedCodeCacheSize=
#   JVM is running with Unscaled Compressed Oops mode in which the Java heap is
#     placed in the first 4GB address space. The Java Heap base address is the
#     maximum limit for the native heap growth. Please use -XX:HeapBaseMinAddress
#     to set the Java Heap base and to place the Java Heap above 4GB virtual address.
# This output file may be truncated or incomplete.
#
#  Out of Memory Error (arena.cpp:168), pid=60640, tid=61456
#
# JRE version: OpenJDK Runtime Environment Temurin-21.0.12.1+1 (21.0.12.1+1) (build 21.0.12.1+1-LTS)
# Java VM: OpenJDK 64-Bit Server VM Temurin-21.0.12.1+1 (21.0.12.1+1-LTS, mixed mode, sharing, tiered, compressed oops, compressed class ptrs, g1 gc, windows-amd64)
# No core dump will be written. Minidumps are not enabled by default on client versions of Windows
#

---------------  S U M M A R Y ------------

Command Line: --add-opens=java.base/java.lang=ALL-UNNAMED --add-opens=java.base/java.lang.invoke=ALL-UNNAMED --add-opens=java.base/java.util=ALL-UNNAMED --add-opens=java.prefs/java.util.prefs=ALL-UNNAMED --add-exports=jdk.compiler/com.sun.tools.javac.api=ALL-UNNAMED --add-exports=jdk.compiler/com.sun.tools.javac.util=ALL-UNNAMED --add-opens=java.base/java.util=ALL-UNNAMED --add-opens=java.prefs/java.util.prefs=ALL-UNNAMED --add-opens=java.base/java.nio.charset=ALL-UNNAMED --add-opens=java.base/java.net=ALL-UNNAMED --add-opens=java.base/java.util.concurrent.atomic=ALL-UNNAMED --add-opens=java.xml/javax.xml.namespace=ALL-UNNAMED -Xmx1536m -Dfile.encoding=UTF-8 -Duser.country=IN -Duser.language=en -Duser.variant -javaagent:C:\Users\ishas\.gradle\wrapper\dists\gradle-8.14.3-all\10utluxaxniiv4wxiphsi49nj\gradle-8.14.3\lib\agents\gradle-instrumentation-agent-8.14.3.jar org.gradle.launcher.daemon.bootstrap.GradleDaemon 8.14.3

Host: 13th Gen Intel(R) Core(TM) i5-13420H, 12 cores, 15G,  Windows 11 , 64 bit Build 26100 (10.0.26100.9444)
Time: Mon Sep 14 18:20:59 2026 India Standard Time elapsed time: 319.402909 seconds (0d 0h 5m 19s)

---------------  T H R E A D  ---------------

Current thread (0x00000153bc703190):  JavaThread "C2 CompilerThread1" daemon [_thread_in_native, id=61456, stack(0x00000011e2e00000,0x00000011e2f00000) (1024K)]


Current CompileTask:
C2:319403 4804       4       jdk.internal.jimage.ImageLocation::getFullName (109 bytes)

Stack: [0x00000011e2e00000,0x00000011e2f00000]
Native frames: (J=compiled Java code, j=interpreted, Vv=VM code, C=native code)
V  [jvm.dll+0x6d83e9]
V  [jvm.dll+0x8b5736]
V  [jvm.dll+0x8b7cee]
V  [jvm.dll+0x8b83d3]
V  [jvm.dll+0x284596]
V  [jvm.dll+0xc685d]
V  [jvm.dll+0xc6da1]
V  [jvm.dll+0x2fb5ae]
V  [jvm.dll+0x5fee94]
V  [jvm.dll+0x255d67]
V  [jvm.dll+0x25612d]
V  [jvm.dll+0x24e6a0]
V  [jvm.dll+0x24bbe6]
V  [jvm.dll+0x1cb4ae]
V  [jvm.dll+0x25baad]
V  [jvm.dll+0x25a03a]
V  [jvm.dll+0x3f8aae]
V  [jvm.dll+0x8600cd]
V  [jvm.dll+0x6d6c1d]
C  [ucrtbase.dll+0x2cd30]
C  [KERNEL32.DLL+0x2cd87]
C  [ntdll.dll+0xacaec]


---------------  P R O C E S S  ---------------

Threads class SMR info:
_java_thread_list=0x00000153fe01add0, length=32, elements={
0x00000153a2fc8bd0, 0x00000153bc46abd0, 0x00000153bc46b8e0, 0x00000153bc470910,
0x00000153bc4748f0, 0x00000153bc475700, 0x00000153bc472900, 0x00000153bc473690,
0x00000153bc475d70, 0x00000153bc65df30, 0x00000153bc7913c0, 0x00000153ff5867b0,
0x00000153bc4a23c0, 0x00000153ff5f5b50, 0x00000153bc726030, 0x00000153bc7266a0,
0x00000153fec7ee60, 0x00000153bc6905f0, 0x00000153bc68e520, 0x00000153bc68ebb0,
0x00000153bc68f240, 0x00000153bc68de90, 0x00000153bc68f8d0, 0x00000153bc691310,
0x00000153850dd660, 0x00000153850db590, 0x00000153850daf00, 0x00000153850ddcf0,
0x00000153850dc2b0, 0x00000153850dcfd0, 0x00000153850dc940, 0x00000153bc703190
}

Java Threads: ( => current thread )
  0x00000153a2fc8bd0 JavaThread "main"                              [_thread_blocked, id=60912, stack(0x00000011dfe00000,0x00000011dff00000) (1024K)]
  0x00000153bc46abd0 JavaThread "Reference Handler"          daemon [_thread_blocked, id=61248, stack(0x00000011e0600000,0x00000011e0700000) (1024K)]
  0x00000153bc46b8e0 JavaThread "Finalizer"                  daemon [_thread_blocked, id=61252, stack(0x00000011e0700000,0x00000011e0800000) (1024K)]
  0x00000153bc470910 JavaThread "Signal Dispatcher"          daemon [_thread_blocked, id=61256, stack(0x00000011e0800000,0x00000011e0900000) (1024K)]
  0x00000153bc4748f0 JavaThread "Attach Listener"            daemon [_thread_blocked, id=61260, stack(0x00000011e0900000,0x00000011e0a00000) (1024K)]
  0x00000153bc475700 JavaThread "Service Thread"             daemon [_thread_blocked, id=61264, stack(0x00000011e0a00000,0x00000011e0b00000) (1024K)]
  0x00000153bc472900 JavaThread "Monitor Deflation Thread"   daemon [_thread_blocked, id=61268, stack(0x00000011e0b00000,0x00000011e0c00000) (1024K)]
  0x00000153bc473690 JavaThread "C2 CompilerThread0"         daemon [_thread_in_native, id=61272, stack(0x00000011e0c00000,0x00000011e0d00000) (1024K)]
  0x00000153bc475d70 JavaThread "C1 CompilerThread0"         daemon [_thread_in_native, id=61276, stack(0x00000011e0d00000,0x00000011e0e00000) (1024K)]
  0x00000153bc65df30 JavaThread "Common-Cleaner"             daemon [_thread_blocked, id=60064, stack(0x00000011e0e00000,0x00000011e0f00000) (1024K)]
  0x00000153bc7913c0 JavaThread "Notification Thread"        daemon [_thread_blocked, id=60856, stack(0x00000011e0f00000,0x00000011e1000000) (1024K)]
  0x00000153ff5867b0 JavaThread "Daemon health stats"               [_thread_blocked, id=57328, stack(0x00000011e1600000,0x00000011e1700000) (1024K)]
  0x00000153bc4a23c0 JavaThread "Incoming local TCP Connector on port 50320"        [_thread_in_native, id=53236, stack(0x00000011e1700000,0x00000011e1800000) (1024K)]
  0x00000153ff5f5b50 JavaThread "Daemon periodic checks"            [_thread_blocked, id=57640, stack(0x00000011e1800000,0x00000011e1900000) (1024K)]
  0x00000153bc726030 JavaThread "Daemon"                            [_thread_blocked, id=61680, stack(0x00000011dfb00000,0x00000011dfc00000) (1024K)]
  0x00000153bc7266a0 JavaThread "Handler for socket connection from /127.0.0.1:50320 to /127.0.0.1:50334"        [_thread_in_native, id=61684, stack(0x00000011e1900000,0x00000011e1a00000) (1024K)]
  0x00000153fec7ee60 JavaThread "Cancel handler"                    [_thread_blocked, id=61704, stack(0x00000011e1a00000,0x00000011e1b00000) (1024K)]
  0x00000153bc6905f0 JavaThread "Daemon worker"                     [_thread_in_Java, id=62436, stack(0x00000011e1b00000,0x00000011e1c00000) (1024K)]
  0x00000153bc68e520 JavaThread "Asynchronous log dispatcher for DefaultDaemonConnection: socket connection from /127.0.0.1:50320 to /127.0.0.1:50334"        [_thread_blocked, id=62452, stack(0x00000011e1c00000,0x00000011e1d00000) (1024K)]
  0x00000153bc68ebb0 JavaThread "Stdin handler"                     [_thread_blocked, id=61580, stack(0x00000011e1d00000,0x00000011e1e00000) (1024K)]
  0x00000153bc68f240 JavaThread "Daemon client event forwarder"        [_thread_blocked, id=53208, stack(0x00000011e1e00000,0x00000011e1f00000) (1024K)]
  0x00000153bc68de90 JavaThread "Cache worker for journal cache (C:\Users\ishas\.gradle\caches\journal-1)"        [_thread_blocked, id=50256, stack(0x00000011e1f00000,0x00000011e2000000) (1024K)]
  0x00000153bc68f8d0 JavaThread "File lock request listener"        [_thread_in_native, id=59704, stack(0x00000011e2000000,0x00000011e2100000) (1024K)]
  0x00000153bc691310 JavaThread "Cache worker for file hash cache (C:\Users\ishas\.gradle\caches\8.14.3\fileHashes)"        [_thread_blocked, id=61520, stack(0x00000011e2200000,0x00000011e2300000) (1024K)]
  0x00000153850dd660 JavaThread "Cache worker for file hash cache (C:\Users\ishas\Downloads\ai-yoga-assistant-razorpay-v9\yoga3\android\.gradle\8.14.3\fileHashes)"        [_thread_blocked, id=62504, stack(0x00000011e2800000,0x00000011e2900000) (1024K)]
  0x00000153850db590 JavaThread "Cache worker for Build Output Cleanup Cache (C:\Users\ishas\Downloads\ai-yoga-assistant-razorpay-v9\yoga3\android\.gradle\buildOutputCleanup)"        [_thread_blocked, id=62684, stack(0x00000011e2900000,0x00000011e2a00000) (1024K)]
  0x00000153850daf00 JavaThread "File watcher server"        daemon [_thread_in_native, id=62808, stack(0x00000011e2b00000,0x00000011e2c00000) (1024K)]
  0x00000153850ddcf0 JavaThread "File watcher consumer"      daemon [_thread_blocked, id=62864, stack(0x00000011e2c00000,0x00000011e2d00000) (1024K)]
  0x00000153850dc2b0 JavaThread "jar transforms"                    [_thread_blocked, id=39324, stack(0x00000011dfd00000,0x00000011dfe00000) (1024K)]
  0x00000153850dcfd0 JavaThread "File lock release action executor Thread 3"        [_thread_blocked, id=62220, stack(0x00000011e2a00000,0x00000011e2b00000) (1024K)]
  0x00000153850dc940 JavaThread "jar transforms Thread 2"           [_thread_blocked, id=64876, stack(0x00000011e2d00000,0x00000011e2e00000) (1024K)]
=>0x00000153bc703190 JavaThread "C2 CompilerThread1"         daemon [_thread_in_native, id=61456, stack(0x00000011e2e00000,0x00000011e2f00000) (1024K)]
Total: 32

Other Threads:
  0x00000153bc44df00 VMThread "VM Thread"                           [id=61188, stack(0x00000011e0500000,0x00000011e0600000) (1024K)]
  0x00000153bc43b510 WatcherThread "VM Periodic Task Thread"        [id=61184, stack(0x00000011e0400000,0x00000011e0500000) (1024K)]
  0x00000153a5295dc0 WorkerThread "GC Thread#0"                     [id=61056, stack(0x00000011dff00000,0x00000011e0000000) (1024K)]
  0x00000153fe131990 WorkerThread "GC Thread#1"                     [id=52404, stack(0x00000011e1000000,0x00000011e1100000) (1024K)]
  0x00000153bc4eef70 WorkerThread "GC Thread#2"                     [id=55472, stack(0x00000011e1100000,0x00000011e1200000) (1024K)]
  0x00000153bc4ef320 WorkerThread "GC Thread#3"                     [id=52680, stack(0x00000011e1200000,0x00000011e1300000) (1024K)]
  0x00000153bc7e3e10 WorkerThread "GC Thread#4"                     [id=58924, stack(0x00000011e1300000,0x00000011e1400000) (1024K)]
  0x00000153bc7e41c0 WorkerThread "GC Thread#5"                     [id=53456, stack(0x00000011e1400000,0x00000011e1500000) (1024K)]
  0x00000153bc4a9530 WorkerThread "GC Thread#6"                     [id=56132, stack(0x00000011e1500000,0x00000011e1600000) (1024K)]
  0x00000153846332c0 WorkerThread "GC Thread#7"                     [id=57724, stack(0x00000011e2300000,0x00000011e2400000) (1024K)]
  0x0000015384633670 WorkerThread "GC Thread#8"                     [id=53840, stack(0x00000011e2400000,0x00000011e2500000) (1024K)]
  0x0000015384633a20 WorkerThread "GC Thread#9"                     [id=59760, stack(0x00000011e2500000,0x00000011e2600000) (1024K)]
  0x00000153a52a2cc0 ConcurrentGCThread "G1 Main Marker"            [id=61060, stack(0x00000011e0000000,0x00000011e0100000) (1024K)]
  0x00000153a52a36e0 WorkerThread "G1 Conc#0"                       [id=61064, stack(0x00000011e0100000,0x00000011e0200000) (1024K)]
  0x00000153846327b0 WorkerThread "G1 Conc#1"                       [id=59044, stack(0x00000011e2600000,0x00000011e2700000) (1024K)]
  0x0000015384630de0 WorkerThread "G1 Conc#2"                       [id=59860, stack(0x00000011e2700000,0x00000011e2800000) (1024K)]
  0x00000153bc2fe660 ConcurrentGCThread "G1 Refine#0"               [id=61068, stack(0x00000011e0200000,0x00000011e0300000) (1024K)]
  0x00000153bc300000 ConcurrentGCThread "G1 Service"                [id=61072, stack(0x00000011e0300000,0x00000011e0400000) (1024K)]
Total: 18

Threads with active compile tasks:
C2 CompilerThread0  319445 4803       4       java.lang.String::split (148 bytes)
C2 CompilerThread1  319445 4804       4       jdk.internal.jimage.ImageLocation::getFullName (109 bytes)
Total: 2

VM state: not at safepoint (normal execution)

VM Mutex/Monitor currently owned by a thread: None

Heap address: 0x00000000a0000000, size: 1536 MB, Compressed Oops mode: 32-bit

CDS archive(s) mapped at: [0x00000153bd000000-0x00000153bdba0000-0x00000153bdba0000), size 12189696, SharedBaseAddress: 0x00000153bd000000, ArchiveRelocationMode: 1.
Compressed class space mapped at: 0x00000153be000000-0x00000153fe000000, reserved size: 1073741824
Narrow klass base: 0x00000153bd000000, Narrow klass shift: 0, Narrow klass range: 0x100000000

GC Precious Log:
 CardTable entry size: 512
 Card Set container configuration: InlinePtr #cards 5 size 8 Array Of Cards #cards 12 size 40 Howl #buckets 4 coarsen threshold 1843 Howl Bitmap #cards 512 size 80 coarsen threshold 460 Card regions per heap region 1 cards per card region 2048
 CPUs: 12 total, 12 available
 Memory: 16076M
 Large Page Support: Disabled
 NUMA Support: Disabled
 Compressed Oops: Enabled (32-bit)
 Heap Region Size: 1M
 Heap Min Capacity: 8M
 Heap Initial Capacity: 252M
 Heap Max Capacity: 1536M
 Pre-touch: Disabled
 Parallel Workers: 10
 Concurrent Workers: 3
 Concurrent Refinement Workers: 10
 Periodic GC: Disabled

Heap:
 garbage-first heap   total 98304K, used 48637K [0x00000000a0000000, 0x0000000100000000)
  region size 1024K, 27 young (27648K), 6 survivors (6144K)
 Metaspace       used 33012K, committed 34112K, reserved 1114112K
  class space    used 4724K, committed 5248K, reserved 1048576K

Heap Regions: E=young(eden), S=young(survivor), O=old, HS=humongous(starts), HC=humongous(continues), CS=collection set, F=free, TAMS=top-at-mark-start, PB=parsable bottom
|   0|0x00000000a0000000, 0x00000000a0100000, 0x00000000a0100000|100%|HS|  |TAMS 0x00000000a0000000| PB 0x00000000a0000000| Complete 
|   1|0x00000000a0100000, 0x00000000a0200000, 0x00000000a0200000|100%|HC|  |TAMS 0x00000000a0100000| PB 0x00000000a0100000| Complete 
|   2|0x00000000a0200000, 0x00000000a0300000, 0x00000000a0300000|100%|HC|  |TAMS 0x00000000a0200000| PB 0x00000000a0200000| Complete 
|   3|0x00000000a0300000, 0x00000000a0400000, 0x00000000a0400000|100%| O|  |TAMS 0x00000000a0300000| PB 0x00000000a0300000| Untracked 
|   4|0x00000000a0400000, 0x00000000a0500000, 0x00000000a0500000|100%| O|  |TAMS 0x00000000a0400000| PB 0x00000000a0400000| Untracked 
|   5|0x00000000a0500000, 0x00000000a0600000, 0x00000000a0600000|100%| O|  |TAMS 0x00000000a0500000| PB 0x00000000a0500000| Untracked 
|   6|0x00000000a0600000, 0x00000000a0700000, 0x00000000a0700000|100%|HS|  |TAMS 0x00000000a0600000| PB 0x00000000a0600000| Complete 
|   7|0x00000000a0700000, 0x00000000a0800000, 0x00000000a0800000|100%| O|  |TAMS 0x00000000a0700000| PB 0x00000000a0700000| Untracked 
|   8|0x00000000a0800000, 0x00000000a0900000, 0x00000000a0900000|100%| O|  |TAMS 0x00000000a0800000| PB 0x00000000a0800000| Untracked 
|   9|0x00000000a0900000, 0x00000000a0a00000, 0x00000000a0a00000|100%| O|  |TAMS 0x00000000a0900000| PB 0x00000000a0900000| Untracked 
|  10|0x00000000a0a00000, 0x00000000a0b00000, 0x00000000a0b00000|100%| O|  |TAMS 0x00000000a0a00000| PB 0x00000000a0a00000| Untracked 
|  11|0x00000000a0b00000, 0x00000000a0c00000, 0x00000000a0c00000|100%| O|  |TAMS 0x00000000a0b00000| PB 0x00000000a0b00000| Untracked 
|  12|0x00000000a0c00000, 0x00000000a0c00000, 0x00000000a0d00000|  0%| F|  |TAMS 0x00000000a0c00000| PB 0x00000000a0c00000| Untracked 
|  13|0x00000000a0d00000, 0x00000000a0e00000, 0x00000000a0e00000|100%| O|  |TAMS 0x00000000a0d00000| PB 0x00000000a0d00000| Untracked 
|  14|0x00000000a0e00000, 0x00000000a0f00000, 0x00000000a0f00000|100%| O|  |TAMS 0x00000000a0e00000| PB 0x00000000a0e00000| Untracked 
|  15|0x00000000a0f00000, 0x00000000a1000000, 0x00000000a1000000|100%| O|  |TAMS 0x00000000a0f00000| PB 0x00000000a0f00000| Untracked 
|  16|0x00000000a1000000, 0x00000000a1100000, 0x00000000a1100000|100%| O|  |TAMS 0x00000000a1000000| PB 0x00000000a1000000| Untracked 
|  17|0x00000000a1100000, 0x00000000a1200000, 0x00000000a1200000|100%| O|  |TAMS 0x00000000a1100000| PB 0x00000000a1100000| Untracked 
|  18|0x00000000a1200000, 0x00000000a122c5c0, 0x00000000a1300000| 17%| O|  |TAMS 0x00000000a1200000| PB 0x00000000a1200000| Untracked 
|  19|0x00000000a1300000, 0x00000000a1300000, 0x00000000a1400000|  0%| F|  |TAMS 0x00000000a1300000| PB 0x00000000a1300000| Untracked 
|  20|0x00000000a1400000, 0x00000000a1400000, 0x00000000a1500000|  0%| F|  |TAMS 0x00000000a1400000| PB 0x00000000a1400000| Untracked 
|  21|0x00000000a1500000, 0x00000000a1500000, 0x00000000a1600000|  0%| F|  |TAMS 0x00000000a1500000| PB 0x00000000a1500000| Untracked 
|  22|0x00000000a1600000, 0x00000000a1600000, 0x00000000a1700000|  0%| F|  |TAMS 0x00000000a1600000| PB 0x00000000a1600000| Untracked 
|  23|0x00000000a1700000, 0x00000000a1700000, 0x00000000a1800000|  0%| F|  |TAMS 0x00000000a1700000| PB 0x00000000a1700000| Untracked 
|  24|0x00000000a1800000, 0x00000000a1800000, 0x00000000a1900000|  0%| F|  |TAMS 0x00000000a1800000| PB 0x00000000a1800000| Untracked 
|  25|0x00000000a1900000, 0x00000000a1900000, 0x00000000a1a00000|  0%| F|  |TAMS 0x00000000a1900000| PB 0x00000000a1900000| Untracked 
|  26|0x00000000a1a00000, 0x00000000a1a00000, 0x00000000a1b00000|  0%| F|  |TAMS 0x00000000a1a00000| PB 0x00000000a1a00000| Untracked 
|  27|0x00000000a1b00000, 0x00000000a1b531a0, 0x00000000a1c00000| 32%| S|CS|TAMS 0x00000000a1b00000| PB 0x00000000a1b00000| Complete 
|  28|0x00000000a1c00000, 0x00000000a1d00000, 0x00000000a1d00000|100%| S|CS|TAMS 0x00000000a1c00000| PB 0x00000000a1c00000| Complete 
|  29|0x00000000a1d00000, 0x00000000a1e00000, 0x00000000a1e00000|100%| S|CS|TAMS 0x00000000a1d00000| PB 0x00000000a1d00000| Complete 
|  30|0x00000000a1e00000, 0x00000000a1f00000, 0x00000000a1f00000|100%| S|CS|TAMS 0x00000000a1e00000| PB 0x00000000a1e00000| Complete 
|  31|0x00000000a1f00000, 0x00000000a2000000, 0x00000000a2000000|100%| S|CS|TAMS 0x00000000a1f00000| PB 0x00000000a1f00000| Complete 
|  32|0x00000000a2000000, 0x00000000a2100000, 0x00000000a2100000|100%| S|CS|TAMS 0x00000000a2000000| PB 0x00000000a2000000| Complete 
|  33|0x00000000a2100000, 0x00000000a2100000, 0x00000000a2200000|  0%| F|  |TAMS 0x00000000a2100000| PB 0x00000000a2100000| Untracked 
|  34|0x00000000a2200000, 0x00000000a2200000, 0x00000000a2300000|  0%| F|  |TAMS 0x00000000a2200000| PB 0x00000000a2200000| Untracked 
|  35|0x00000000a2300000, 0x00000000a2300000, 0x00000000a2400000|  0%| F|  |TAMS 0x00000000a2300000| PB 0x00000000a2300000| Untracked 
|  36|0x00000000a2400000, 0x00000000a2400000, 0x00000000a2500000|  0%| F|  |TAMS 0x00000000a2400000| PB 0x00000000a2400000| Untracked 
|  37|0x00000000a2500000, 0x00000000a2500000, 0x00000000a2600000|  0%| F|  |TAMS 0x00000000a2500000| PB 0x00000000a2500000| Untracked 
|  38|0x00000000a2600000, 0x00000000a2600000, 0x00000000a2700000|  0%| F|  |TAMS 0x00000000a2600000| PB 0x00000000a2600000| Untracked 
|  39|0x00000000a2700000, 0x00000000a2700000, 0x00000000a2800000|  0%| F|  |TAMS 0x00000000a2700000| PB 0x00000000a2700000| Untracked 
|  40|0x00000000a2800000, 0x00000000a2800000, 0x00000000a2900000|  0%| F|  |TAMS 0x00000000a2800000| PB 0x00000000a2800000| Untracked 
|  41|0x00000000a2900000, 0x00000000a2900000, 0x00000000a2a00000|  0%| F|  |TAMS 0x00000000a2900000| PB 0x00000000a2900000| Untracked 
|  42|0x00000000a2a00000, 0x00000000a2a00000, 0x00000000a2b00000|  0%| F|  |TAMS 0x00000000a2a00000| PB 0x00000000a2a00000| Untracked 
|  43|0x00000000a2b00000, 0x00000000a2b00000, 0x00000000a2c00000|  0%| F|  |TAMS 0x00000000a2b00000| PB 0x00000000a2b00000| Untracked 
|  44|0x00000000a2c00000, 0x00000000a2c00000, 0x00000000a2d00000|  0%| F|  |TAMS 0x00000000a2c00000| PB 0x00000000a2c00000| Untracked 
|  45|0x00000000a2d00000, 0x00000000a2d00000, 0x00000000a2e00000|  0%| F|  |TAMS 0x00000000a2d00000| PB 0x00000000a2d00000| Untracked 
|  46|0x00000000a2e00000, 0x00000000a2e00000, 0x00000000a2f00000|  0%| F|  |TAMS 0x00000000a2e00000| PB 0x00000000a2e00000| Untracked 
|  47|0x00000000a2f00000, 0x00000000a2f00000, 0x00000000a3000000|  0%| F|  |TAMS 0x00000000a2f00000| PB 0x00000000a2f00000| Untracked 
|  48|0x00000000a3000000, 0x00000000a3000000, 0x00000000a3100000|  0%| F|  |TAMS 0x00000000a3000000| PB 0x00000000a3000000| Untracked 
|  49|0x00000000a3100000, 0x00000000a3100000, 0x00000000a3200000|  0%| F|  |TAMS 0x00000000a3100000| PB 0x00000000a3100000| Untracked 
|  50|0x00000000a3200000, 0x00000000a3200000, 0x00000000a3300000|  0%| F|  |TAMS 0x00000000a3200000| PB 0x00000000a3200000| Untracked 
|  51|0x00000000a3300000, 0x00000000a3300000, 0x00000000a3400000|  0%| F|  |TAMS 0x00000000a3300000| PB 0x00000000a3300000| Untracked 
|  52|0x00000000a3400000, 0x00000000a3400000, 0x00000000a3500000|  0%| F|  |TAMS 0x00000000a3400000| PB 0x00000000a3400000| Untracked 
|  53|0x00000000a3500000, 0x00000000a3500000, 0x00000000a3600000|  0%| F|  |TAMS 0x00000000a3500000| PB 0x00000000a3500000| Untracked 
|  54|0x00000000a3600000, 0x00000000a3600000, 0x00000000a3700000|  0%| F|  |TAMS 0x00000000a3600000| PB 0x00000000a3600000| Untracked 
|  55|0x00000000a3700000, 0x00000000a3700000, 0x00000000a3800000|  0%| F|  |TAMS 0x00000000a3700000| PB 0x00000000a3700000| Untracked 
|  56|0x00000000a3800000, 0x00000000a3800000, 0x00000000a3900000|  0%| F|  |TAMS 0x00000000a3800000| PB 0x00000000a3800000| Untracked 
|  57|0x00000000a3900000, 0x00000000a3900000, 0x00000000a3a00000|  0%| F|  |TAMS 0x00000000a3900000| PB 0x00000000a3900000| Untracked 
|  58|0x00000000a3a00000, 0x00000000a3a00000, 0x00000000a3b00000|  0%| F|  |TAMS 0x00000000a3a00000| PB 0x00000000a3a00000| Untracked 
|  59|0x00000000a3b00000, 0x00000000a3b00000, 0x00000000a3c00000|  0%| F|  |TAMS 0x00000000a3b00000| PB 0x00000000a3b00000| Untracked 
|  60|0x00000000a3c00000, 0x00000000a3c00000, 0x00000000a3d00000|  0%| F|  |TAMS 0x00000000a3c00000| PB 0x00000000a3c00000| Untracked 
|  61|0x00000000a3d00000, 0x00000000a3d00000, 0x00000000a3e00000|  0%| F|  |TAMS 0x00000000a3d00000| PB 0x00000000a3d00000| Untracked 
|  62|0x00000000a3e00000, 0x00000000a3e00000, 0x00000000a3f00000|  0%| F|  |TAMS 0x00000000a3e00000| PB 0x00000000a3e00000| Untracked 
|  63|0x00000000a3f00000, 0x00000000a3f00000, 0x00000000a4000000|  0%| F|  |TAMS 0x00000000a3f00000| PB 0x00000000a3f00000| Untracked 
|  64|0x00000000a4000000, 0x00000000a4000000, 0x00000000a4100000|  0%| F|  |TAMS 0x00000000a4000000| PB 0x00000000a4000000| Untracked 
|  65|0x00000000a4100000, 0x00000000a4100000, 0x00000000a4200000|  0%| F|  |TAMS 0x00000000a4100000| PB 0x00000000a4100000| Untracked 
|  66|0x00000000a4200000, 0x00000000a4200000, 0x00000000a4300000|  0%| F|  |TAMS 0x00000000a4200000| PB 0x00000000a4200000| Untracked 
|  67|0x00000000a4300000, 0x00000000a4300000, 0x00000000a4400000|  0%| F|  |TAMS 0x00000000a4300000| PB 0x00000000a4300000| Untracked 
|  68|0x00000000a4400000, 0x00000000a4400000, 0x00000000a4500000|  0%| E|  |TAMS 0x00000000a4400000| PB 0x00000000a4400000| Complete 
|  69|0x00000000a4500000, 0x00000000a4600000, 0x00000000a4600000|100%| E|CS|TAMS 0x00000000a4500000| PB 0x00000000a4500000| Complete 
|  70|0x00000000a4600000, 0x00000000a4700000, 0x00000000a4700000|100%| E|CS|TAMS 0x00000000a4600000| PB 0x00000000a4600000| Complete 
|  71|0x00000000a4700000, 0x00000000a4800000, 0x00000000a4800000|100%| E|CS|TAMS 0x00000000a4700000| PB 0x00000000a4700000| Complete 
|  72|0x00000000a4800000, 0x00000000a4900000, 0x00000000a4900000|100%| E|CS|TAMS 0x00000000a4800000| PB 0x00000000a4800000| Complete 
|  73|0x00000000a4900000, 0x00000000a4a00000, 0x00000000a4a00000|100%| E|CS|TAMS 0x00000000a4900000| PB 0x00000000a4900000| Complete 
|  74|0x00000000a4a00000, 0x00000000a4b00000, 0x00000000a4b00000|100%| E|CS|TAMS 0x00000000a4a00000| PB 0x00000000a4a00000| Complete 
|  75|0x00000000a4b00000, 0x00000000a4c00000, 0x00000000a4c00000|100%| E|CS|TAMS 0x00000000a4b00000| PB 0x00000000a4b00000| Complete 
|  76|0x00000000a4c00000, 0x00000000a4d00000, 0x00000000a4d00000|100%| E|CS|TAMS 0x00000000a4c00000| PB 0x00000000a4c00000| Complete 
| 143|0x00000000a8f00000, 0x00000000a9000000, 0x00000000a9000000|100%| E|CS|TAMS 0x00000000a8f00000| PB 0x00000000a8f00000| Complete 
| 144|0x00000000a9000000, 0x00000000a9100000, 0x00000000a9100000|100%| E|CS|TAMS 0x00000000a9000000| PB 0x00000000a9000000| Complete 
| 145|0x00000000a9100000, 0x00000000a9200000, 0x00000000a9200000|100%| E|CS|TAMS 0x00000000a9100000| PB 0x00000000a9100000| Complete 
| 146|0x00000000a9200000, 0x00000000a9300000, 0x00000000a9300000|100%| E|CS|TAMS 0x00000000a9200000| PB 0x00000000a9200000| Complete 
| 147|0x00000000a9300000, 0x00000000a9400000, 0x00000000a9400000|100%| E|CS|TAMS 0x00000000a9300000| PB 0x00000000a9300000| Complete 
| 148|0x00000000a9400000, 0x00000000a9500000, 0x00000000a9500000|100%| E|CS|TAMS 0x00000000a9400000| PB 0x00000000a9400000| Complete 
| 149|0x00000000a9500000, 0x00000000a9600000, 0x00000000a9600000|100%| E|CS|TAMS 0x00000000a9500000| PB 0x00000000a9500000| Complete 
| 150|0x00000000a9600000, 0x00000000a9700000, 0x00000000a9700000|100%| E|CS|TAMS 0x00000000a9600000| PB 0x00000000a9600000| Complete 
| 151|0x00000000a9700000, 0x00000000a9800000, 0x00000000a9800000|100%| E|CS|TAMS 0x00000000a9700000| PB 0x00000000a9700000| Complete 
| 152|0x00000000a9800000, 0x00000000a9900000, 0x00000000a9900000|100%| E|CS|TAMS 0x00000000a9800000| PB 0x00000000a9800000| Complete 
| 153|0x00000000a9900000, 0x00000000a9a00000, 0x00000000a9a00000|100%| E|  |TAMS 0x00000000a9900000| PB 0x00000000a9900000| Complete 
| 154|0x00000000a9a00000, 0x00000000a9b00000, 0x00000000a9b00000|100%| E|CS|TAMS 0x00000000a9a00000| PB 0x00000000a9a00000| Complete 
| 251|0x00000000afb00000, 0x00000000afc00000, 0x00000000afc00000|100%| E|CS|TAMS 0x00000000afb00000| PB 0x00000000afb00000| Complete 
|1530|0x00000000ffa00000, 0x00000000ffb00000, 0x00000000ffb00000|100%| O|  |TAMS 0x00000000ffa00000| PB 0x00000000ffa00000| Untracked 
|1531|0x00000000ffb00000, 0x00000000ffc00000, 0x00000000ffc00000|100%| O|  |TAMS 0x00000000ffb00000| PB 0x00000000ffb00000| Untracked 
|1532|0x00000000ffc00000, 0x00000000ffd00000, 0x00000000ffd00000|100%| O|  |TAMS 0x00000000ffc00000| PB 0x00000000ffc00000| Untracked 
|1533|0x00000000ffd00000, 0x00000000ffe00000, 0x00000000ffe00000|100%| O|  |TAMS 0x00000000ffd00000| PB 0x00000000ffd00000| Untracked 
|1534|0x00000000ffe00000, 0x00000000fff00000, 0x00000000fff00000|100%| O|  |TAMS 0x00000000ffe00000| PB 0x00000000ffe00000| Untracked 
|1535|0x00000000fff00000, 0x0000000100000000, 0x0000000100000000|100%| O|  |TAMS 0x00000000fff00000| PB 0x00000000fff00000| Untracked 

Card table byte_map: [0x00000153b7ca0000,0x00000153b7fa0000] _byte_map_base: 0x00000153b77a0000

Marking Bits: (CMBitMap*) 0x00000153a52963e0
 Bits: [0x00000153b7fa0000, 0x00000153b97a0000)

Polling page: 0x00000153a30c0000

Metaspace:

Usage:
  Non-class:     27.62 MB used.
      Class:      4.61 MB used.
       Both:     32.24 MB used.

Virtual space:
  Non-class space:       64.00 MB reserved,      28.19 MB ( 44%) committed,  1 nodes.
      Class space:        1.00 GB reserved,       5.12 MB ( <1%) committed,  1 nodes.
             Both:        1.06 GB reserved,      33.31 MB (  3%) committed. 

Chunk freelists:
   Non-Class:  3.61 MB
       Class:  10.72 MB
        Both:  14.33 MB

MaxMetaspaceSize: unlimited
CompressedClassSpaceSize: 1.00 GB
Initial GC threshold: 21.00 MB
Current GC threshold: 35.12 MB
CDS: on
 - commit_granule_bytes: 65536.
 - commit_granule_words: 8192.
 - virtual_space_node_default_size: 8388608.
 - enlarge_chunks_in_place: 1.
 - use_allocation_guard: 0.


Internal statistics:

num_allocs_failed_limit: 3.
num_arena_births: 1582.
num_arena_deaths: 0.
num_vsnodes_births: 2.
num_vsnodes_deaths: 0.
num_space_committed: 533.
num_space_uncommitted: 0.
num_chunks_returned_to_freelist: 3.
num_chunks_taken_from_freelist: 2901.
num_chunk_merges: 3.
num_chunk_splits: 1913.
num_chunks_enlarged: 1244.
num_inconsistent_stats: 0.

CodeHeap 'non-profiled nmethods': size=120000Kb used=2887Kb max_used=2887Kb free=117112Kb
 bounds [0x00000153aff20000, 0x00000153b0200000, 0x00000153b7450000]
CodeHeap 'profiled nmethods': size=120000Kb used=9505Kb max_used=9505Kb free=110494Kb
 bounds [0x00000153a8450000, 0x00000153a8da0000, 0x00000153af980000]
CodeHeap 'non-nmethods': size=5760Kb used=1806Kb max_used=1837Kb free=3953Kb
 bounds [0x00000153af980000, 0x00000153afbf0000, 0x00000153aff20000]
CodeCache: size=245760Kb, used=14198Kb, max_used=14229Kb, free=231559Kb
 total_blobs=5483, nmethods=4801, adapters=586, full_count=0
Compilation: enabled, stopped_count=0, restarted_count=0

Compilation events (20 events):
Event: 319.200 Thread 0x00000153bc475d70 4794   !   3       jdk.internal.jrtfs.JrtDirectoryStream$1::next (48 bytes)
Event: 319.200 Thread 0x00000153bc475d70 nmethod 4794 0x00000153a8d96310 code [0x00000153a8d96500, 0x00000153a8d969f8]
Event: 319.203 Thread 0x00000153bc703190 4795       4       java.util.regex.Pattern::compile (537 bytes)
Event: 319.218 Thread 0x00000153bc473690 4796 %     4       jdk.internal.jrtfs.JrtPath::normalize @ 15 (97 bytes)
Event: 319.221 Thread 0x00000153bc475d70 4797       3       jdk.internal.jimage.ImageBufferCache$2::compare (13 bytes)
Event: 319.221 Thread 0x00000153bc475d70 nmethod 4797 0x00000153a8d96c90 code [0x00000153a8d96ec0, 0x00000153a8d978a8]
Event: 319.222 Thread 0x00000153bc475d70 4798       3       jdk.internal.jimage.ImageBufferCache$2::compare (12 bytes)
Event: 319.222 Thread 0x00000153bc475d70 nmethod 4798 0x00000153a8d97b10 code [0x00000153a8d97d20, 0x00000153a8d98480]
Event: 319.223 Thread 0x00000153bc473690 nmethod 4796% 0x00000153b01ec790 code [0x00000153b01ec940, 0x00000153b01ecbe0]
Event: 319.241 Thread 0x00000153bc473690 4799       4       jdk.internal.jrtfs.JrtPath::normalize (97 bytes)
Event: 319.246 Thread 0x00000153bc473690 nmethod 4799 0x00000153b01ece90 code [0x00000153b01ed040, 0x00000153b01ed280]
Event: 319.252 Thread 0x00000153bc473690 4800       4       java.util.stream.ReferencePipeline$3$1::accept (23 bytes)
Event: 319.253 Thread 0x00000153bc473690 nmethod 4800 0x00000153b01ed510 code [0x00000153b01ed6a0, 0x00000153b01ed790]
Event: 319.275 Thread 0x00000153bc473690 4801       4       java.util.Spliterators$1Adapter::accept (11 bytes)
Event: 319.279 Thread 0x00000153bc473690 nmethod 4801 0x00000153b01ed890 code [0x00000153b01eda20, 0x00000153b01edb80]
Event: 319.285 Thread 0x00000153bc473690 4802       4       java.util.stream.Sink$ChainedReference::cancellationRequested (10 bytes)
Event: 319.285 Thread 0x00000153bc473690 nmethod 4802 0x00000153b01edc10 code [0x00000153b01edda0, 0x00000153b01ede50]
Event: 319.292 Thread 0x00000153bc473690 4803       4       java.lang.String::split (148 bytes)
Event: 319.332 Thread 0x00000153bc703190 nmethod 4795 0x00000153b01edf10 code [0x00000153b01ee300, 0x00000153b01f0c98]
Event: 319.333 Thread 0x00000153bc703190 4804       4       jdk.internal.jimage.ImageLocation::getFullName (109 bytes)

GC Heap History (12 events):
Event: 11.610 GC heap before
{Heap before GC invocations=0 (full 0):
 garbage-first heap   total 258048K, used 23552K [0x00000000a0000000, 0x0000000100000000)
  region size 1024K, 23 young (23552K), 0 survivors (0K)
 Metaspace       used 938K, committed 1088K, reserved 1114112K
  class space    used 73K, committed 128K, reserved 1048576K
}
Event: 11.616 GC heap after
{Heap after GC invocations=1 (full 0):
 garbage-first heap   total 258048K, used 1511K [0x00000000a0000000, 0x0000000100000000)
  region size 1024K, 2 young (2048K), 2 survivors (2048K)
 Metaspace       used 938K, committed 1088K, reserved 1114112K
  class space    used 73K, committed 128K, reserved 1048576K
}
Event: 15.030 GC heap before
{Heap before GC invocations=1 (full 0):
 garbage-first heap   total 258048K, used 40423K [0x00000000a0000000, 0x0000000100000000)
  region size 1024K, 38 young (38912K), 2 survivors (2048K)
 Metaspace       used 4385K, committed 4544K, reserved 1114112K
  class space    used 558K, committed 640K, reserved 1048576K
}
Event: 15.038 GC heap after
{Heap after GC invocations=2 (full 0):
 garbage-first heap   total 258048K, used 10880K [0x00000000a0000000, 0x0000000100000000)
  region size 1024K, 5 young (5120K), 5 survivors (5120K)
 Metaspace       used 4385K, committed 4544K, reserved 1114112K
  class space    used 558K, committed 640K, reserved 1048576K
}
Event: 19.218 GC heap before
{Heap before GC invocations=2 (full 0):
 garbage-first heap   total 258048K, used 64128K [0x00000000a0000000, 0x0000000100000000)
  region size 1024K, 55 young (56320K), 5 survivors (5120K)
 Metaspace       used 5738K, committed 6016K, reserved 1114112K
  class space    used 773K, committed 896K, reserved 1048576K
}
Event: 19.226 GC heap after
{Heap after GC invocations=3 (full 0):
 garbage-first heap   total 258048K, used 17497K [0x00000000a0000000, 0x0000000100000000)
  region size 1024K, 6 young (6144K), 6 survivors (6144K)
 Metaspace       used 5738K, committed 6016K, reserved 1114112K
  class space    used 773K, committed 896K, reserved 1048576K
}
Event: 59.194 GC heap before
{Heap before GC invocations=3 (full 0):
 garbage-first heap   total 258048K, used 109657K [0x00000000a0000000, 0x0000000100000000)
  region size 1024K, 97 young (99328K), 6 survivors (6144K)
 Metaspace       used 20882K, committed 21504K, reserved 1114112K
  class space    used 3062K, committed 3392K, reserved 1048576K
}
Event: 59.215 GC heap after
{Heap after GC invocations=4 (full 0):
 garbage-first heap   total 258048K, used 24181K [0x00000000a0000000, 0x0000000100000000)
  region size 1024K, 12 young (12288K), 12 survivors (12288K)
 Metaspace       used 20882K, committed 21504K, reserved 1114112K
  class space    used 3062K, committed 3392K, reserved 1048576K
}
Event: 153.746 GC heap before
{Heap before GC invocations=5 (full 0):
 garbage-first heap   total 81920K, used 81525K [0x00000000a0000000, 0x0000000100000000)
  region size 1024K, 68 young (69632K), 12 survivors (12288K)
 Metaspace       used 26455K, committed 27392K, reserved 1114112K
  class space    used 3974K, committed 4416K, reserved 1048576K
}
Event: 154.095 GC heap after
{Heap after GC invocations=6 (full 0):
 garbage-first heap   total 98304K, used 26479K [0x00000000a0000000, 0x0000000100000000)
  region size 1024K, 10 young (10240K), 10 survivors (10240K)
 Metaspace       used 26455K, committed 27392K, reserved 1114112K
  class space    used 3974K, committed 4416K, reserved 1048576K
}
Event: 318.539 GC heap before
{Heap before GC invocations=6 (full 0):
 garbage-first heap   total 98304K, used 74607K [0x00000000a0000000, 0x0000000100000000)
  region size 1024K, 57 young (58368K), 10 survivors (10240K)
 Metaspace       used 31761K, committed 32704K, reserved 1114112K
  class space    used 4600K, committed 5056K, reserved 1048576K
}
Event: 318.579 GC heap after
{Heap after GC invocations=7 (full 0):
 garbage-first heap   total 98304K, used 29181K [0x00000000a0000000, 0x0000000100000000)
  region size 1024K, 6 young (6144K), 6 survivors (6144K)
 Metaspace       used 31761K, committed 32704K, reserved 1114112K
  class space    used 4600K, committed 5056K, reserved 1048576K
}

Dll operation events (20 events):
Event: 4.142 Attempting to load shared library C:\Users\ishas\.vscode\extensions\redhat.java-1.56.0-win32-x64\jre\21.0.12.1-win32-x86_64\bin\nio.dll
Event: 4.143 Loaded shared library C:\Users\ishas\.vscode\extensions\redhat.java-1.56.0-win32-x64\jre\21.0.12.1-win32-x86_64\bin\nio.dll
Event: 4.147 Attempting to load shared library C:\Users\ishas\.vscode\extensions\redhat.java-1.56.0-win32-x64\jre\21.0.12.1-win32-x86_64\bin\zip.dll
Event: 4.147 Loaded shared library C:\Users\ishas\.vscode\extensions\redhat.java-1.56.0-win32-x64\jre\21.0.12.1-win32-x86_64\bin\zip.dll
Event: 11.212 Attempting to load shared library C:\Users\ishas\.vscode\extensions\redhat.java-1.56.0-win32-x64\jre\21.0.12.1-win32-x86_64\bin\jimage.dll
Event: 11.212 Loaded shared library C:\Users\ishas\.vscode\extensions\redhat.java-1.56.0-win32-x64\jre\21.0.12.1-win32-x86_64\bin\jimage.dll
Event: 12.529 Attempting to load shared library C:\Users\ishas\.vscode\extensions\redhat.java-1.56.0-win32-x64\jre\21.0.12.1-win32-x86_64\bin\verify.dll
Event: 12.529 Loaded shared library C:\Users\ishas\.vscode\extensions\redhat.java-1.56.0-win32-x64\jre\21.0.12.1-win32-x86_64\bin\verify.dll
Event: 13.104 Attempting to load shared library C:\Users\ishas\.gradle\native\1def1411415f61bf3af743bc5b6707747c0891f09f0c88961ee8f79bc544acac\windows-amd64\native-platform.dll
Event: 13.105 Loaded shared library C:\Users\ishas\.gradle\native\1def1411415f61bf3af743bc5b6707747c0891f09f0c88961ee8f79bc544acac\windows-amd64\native-platform.dll
Event: 13.124 Attempting to load shared library C:\Users\ishas\.gradle\native\0.2.7\x86_64-windows-gnu\gradle-fileevents.dll
Event: 13.125 Loaded shared library C:\Users\ishas\.gradle\native\0.2.7\x86_64-windows-gnu\gradle-fileevents.dll
Event: 19.429 Attempting to load shared library C:\Users\ishas\.vscode\extensions\redhat.java-1.56.0-win32-x64\jre\21.0.12.1-win32-x86_64\bin\management.dll
Event: 19.430 Loaded shared library C:\Users\ishas\.vscode\extensions\redhat.java-1.56.0-win32-x64\jre\21.0.12.1-win32-x86_64\bin\management.dll
Event: 19.434 Attempting to load shared library C:\Users\ishas\.vscode\extensions\redhat.java-1.56.0-win32-x64\jre\21.0.12.1-win32-x86_64\bin\management_ext.dll
Event: 19.434 Loaded shared library C:\Users\ishas\.vscode\extensions\redhat.java-1.56.0-win32-x64\jre\21.0.12.1-win32-x86_64\bin\management_ext.dll
Event: 20.585 Attempting to load shared library C:\Users\ishas\.vscode\extensions\redhat.java-1.56.0-win32-x64\jre\21.0.12.1-win32-x86_64\bin\extnet.dll
Event: 20.711 Loaded shared library C:\Users\ishas\.vscode\extensions\redhat.java-1.56.0-win32-x64\jre\21.0.12.1-win32-x86_64\bin\extnet.dll
Event: 32.703 Attempting to load shared library C:\Users\ishas\.vscode\extensions\redhat.java-1.56.0-win32-x64\jre\21.0.12.1-win32-x86_64\bin\sunmscapi.dll
Event: 32.712 Loaded shared library C:\Users\ishas\.vscode\extensions\redhat.java-1.56.0-win32-x64\jre\21.0.12.1-win32-x86_64\bin\sunmscapi.dll

Deoptimization events (20 events):
Event: 318.951 Thread 0x00000153bc6905f0 DEOPT PACKING pc=0x00000153b01c35f8 sp=0x00000011e1bf7ec0
Event: 318.951 Thread 0x00000153bc6905f0 DEOPT UNPACKING pc=0x00000153af9d4422 sp=0x00000011e1bf7e58 mode 2
Event: 318.951 Thread 0x00000153bc6905f0 Uncommon trap: trap_request=0xffffffc6 fr.pc=0x00000153b01c35f8 relative=0x0000000000000118
Event: 318.951 Thread 0x00000153bc6905f0 Uncommon trap: reason=bimorphic_or_optimized_type_check action=maybe_recompile pc=0x00000153b01c35f8 method=java.util.stream.MatchOps$1MatchSink.accept(Ljava/lang/Object;)V @ 12 c2
Event: 318.951 Thread 0x00000153bc6905f0 DEOPT PACKING pc=0x00000153b01c35f8 sp=0x00000011e1bf7ec0
Event: 318.951 Thread 0x00000153bc6905f0 DEOPT UNPACKING pc=0x00000153af9d4422 sp=0x00000011e1bf7e58 mode 2
Event: 318.951 Thread 0x00000153bc6905f0 Uncommon trap: trap_request=0xffffffc6 fr.pc=0x00000153b01c35f8 relative=0x0000000000000118
Event: 318.951 Thread 0x00000153bc6905f0 Uncommon trap: reason=bimorphic_or_optimized_type_check action=maybe_recompile pc=0x00000153b01c35f8 method=java.util.stream.MatchOps$1MatchSink.accept(Ljava/lang/Object;)V @ 12 c2
Event: 318.951 Thread 0x00000153bc6905f0 DEOPT PACKING pc=0x00000153b01c35f8 sp=0x00000011e1bf7ec0
Event: 318.951 Thread 0x00000153bc6905f0 DEOPT UNPACKING pc=0x00000153af9d4422 sp=0x00000011e1bf7e58 mode 2
Event: 318.951 Thread 0x00000153bc6905f0 Uncommon trap: trap_request=0xffffffc6 fr.pc=0x00000153b01c35f8 relative=0x0000000000000118
Event: 318.951 Thread 0x00000153bc6905f0 Uncommon trap: reason=bimorphic_or_optimized_type_check action=maybe_recompile pc=0x00000153b01c35f8 method=java.util.stream.MatchOps$1MatchSink.accept(Ljava/lang/Object;)V @ 12 c2
Event: 318.951 Thread 0x00000153bc6905f0 DEOPT PACKING pc=0x00000153b01c35f8 sp=0x00000011e1bf7ec0
Event: 318.951 Thread 0x00000153bc6905f0 DEOPT UNPACKING pc=0x00000153af9d4422 sp=0x00000011e1bf7e58 mode 2
Event: 319.003 Thread 0x00000153bc6905f0 Uncommon trap: trap_request=0xffffff6e fr.pc=0x00000153b01de904 relative=0x00000000000007c4
Event: 319.003 Thread 0x00000153bc6905f0 Uncommon trap: reason=loop_limit_check action=maybe_recompile pc=0x00000153b01de904 method=java.util.regex.Pattern$Start.match(Ljava/util/regex/Matcher;ILjava/lang/CharSequence;)Z @ 34 c2
Event: 319.003 Thread 0x00000153bc6905f0 DEOPT PACKING pc=0x00000153b01de904 sp=0x00000011e1bf8210
Event: 319.003 Thread 0x00000153bc6905f0 DEOPT UNPACKING pc=0x00000153af9d4422 sp=0x00000011e1bf8160 mode 2
Event: 319.241 Thread 0x00000153bc6905f0 DEOPT PACKING pc=0x00000153a8d72a40 sp=0x00000011e1bf7f60
Event: 319.241 Thread 0x00000153bc6905f0 DEOPT UNPACKING pc=0x00000153af9d4bc2 sp=0x00000011e1bf7450 mode 0

Classes loaded (20 events):
Event: 319.009 Loading class jdk/internal/jimage/ImageReader$Directory
Event: 319.009 Loading class jdk/internal/jimage/ImageReader$Node
Event: 319.009 Loading class jdk/internal/jimage/ImageReader$Node done
Event: 319.009 Loading class jdk/internal/jimage/ImageReader$Directory done
Event: 319.009 Loading class jdk/internal/jrtfs/SystemImage$1
Event: 319.009 Loading class jdk/internal/jrtfs/SystemImage$1 done
Event: 319.010 Loading class jdk/internal/jimage/ImageReader$SharedImageReader$LocationVisitor
Event: 319.010 Loading class jdk/internal/jimage/ImageReader$SharedImageReader$LocationVisitor done
Event: 319.010 Loading class java/nio/ByteBufferAsIntBufferL
Event: 319.012 Loading class java/nio/ByteBufferAsIntBufferL done
Event: 319.014 Loading class jdk/internal/jrtfs/JrtFileAttributes
Event: 319.014 Loading class jdk/internal/jrtfs/JrtFileAttributes done
Event: 319.014 Loading class jdk/internal/jrtfs/JrtDirectoryStream
Event: 319.014 Loading class jdk/internal/jrtfs/JrtDirectoryStream done
Event: 319.019 Loading class jdk/internal/jrtfs/JrtDirectoryStream$1
Event: 319.019 Loading class jdk/internal/jrtfs/JrtDirectoryStream$1 done
Event: 319.020 Loading class java/util/function/BooleanSupplier
Event: 319.020 Loading class java/util/function/BooleanSupplier done
Event: 319.021 Loading class jdk/internal/jimage/ImageReader$Resource
Event: 319.021 Loading class jdk/internal/jimage/ImageReader$Resource done

Classes unloaded (0 events):
No events

Classes redefined (0 events):
No events

Internal exceptions (20 events):
Event: 200.714 Thread 0x00000153bc6905f0 Exception <a 'java/lang/NoSuchMethodError'{0x00000000a9478030}: 'java.lang.Object java.lang.invoke.DirectMethodHandle$Holder.invokeSpecial(java.lang.Object, java.lang.Object, java.lang.Object, int, java.lang.Object)'> (0x00000000a9478030) 
thrown [s\src\hotspot\share\interpreter\linkResolver.cpp, line 773]
Event: 315.053 Thread 0x00000153bc6905f0 Exception <a 'java/lang/NoSuchMethodError'{0x00000000a37da740}: 'void java.lang.invoke.DirectMethodHandle$Holder.invokeInterface(java.lang.Object, java.lang.Object, java.lang.Object, java.lang.Object, java.lang.Object, java.lang.Object, java.lang.Object)'> (0x00000000a37da740) 
thrown [s\src\hotspot\share\interpreter\linkResolver.cpp, line 773]
Event: 315.061 Thread 0x00000153bc6905f0 Exception <a 'java/lang/NoSuchMethodError'{0x00000000a37df0c8}: 'void java.lang.invoke.DelegatingMethodHandle$Holder.reinvoke_L(java.lang.Object, java.lang.Object, java.lang.Object, java.lang.Object, java.lang.Object, java.lang.Object, java.lang.Object)'> (0x00000000a37df0c8) 
thrown [s\src\hotspot\share\interpreter\linkResolver.cpp, line 773]
Event: 315.708 Thread 0x00000153bc6905f0 Exception <a 'java/lang/NoSuchMethodError'{0x00000000a34a4aa8}: 'java.lang.Object java.lang.invoke.DirectMethodHandle$Holder.invokeStaticInit(java.lang.Object, java.lang.Object, java.lang.Object, java.lang.Object, java.lang.Object, java.lang.Object, java.lang.Object)'> (0x00000000a34a4aa8) 
thrown [s\src\hotspot\share\interpreter\linkResolver.cpp, line 773]
Event: 315.731 Thread 0x00000153bc6905f0 Exception <a 'java/lang/NoSuchMethodError'{0x00000000a34ca428}: 'java.lang.Object java.lang.invoke.DirectMethodHandle$Holder.invokeSpecial(java.lang.Object, java.lang.Object, java.lang.Object, int, java.lang.Object, java.lang.Object)'> (0x00000000a34ca428) 
thrown [s\src\hotspot\share\interpreter\linkResolver.cpp, line 773]
Event: 316.746 Thread 0x00000153bc6905f0 Implicit null exception at 0x00000153b00682b4 to 0x00000153b00687e4
Event: 316.746 Thread 0x00000153bc6905f0 Implicit null exception at 0x00000153b00fe998 to 0x00000153b00fed14
Event: 316.746 Thread 0x00000153bc6905f0 Implicit null exception at 0x00000153b0110030 to 0x00000153b01108f4
Event: 316.747 Thread 0x00000153bc6905f0 Exception <a 'java/lang/NoSuchMethodError'{0x00000000a2e9ceb0}: 'java.lang.reflect.Method[] java.lang.Class.getDeclaredMethods(java.lang.Class)'> (0x00000000a2e9ceb0) 
thrown [s\src\hotspot\share\interpreter\linkResolver.cpp, line 773]
Event: 316.831 Thread 0x00000153bc6905f0 Exception <a 'java/lang/NoSuchMethodError'{0x00000000a2d19d90}: 'java.lang.Object java.lang.invoke.DirectMethodHandle$Holder.invokeStaticInit(java.lang.Object, java.lang.Object, java.lang.Object)'> (0x00000000a2d19d90) 
thrown [s\src\hotspot\share\interpreter\linkResolver.cpp, line 773]
Event: 316.946 Thread 0x00000153bc6905f0 Exception <a 'java/lang/NoSuchMethodError'{0x00000000a2c31210}: 'void java.lang.invoke.DirectMethodHandle$Holder.invokeStaticInit(java.lang.Object, java.lang.Object, java.lang.Object)'> (0x00000000a2c31210) 
thrown [s\src\hotspot\share\interpreter\linkResolver.cpp, line 773]
Event: 316.998 Thread 0x00000153bc6905f0 Exception <a 'java/lang/NoSuchMethodError'{0x00000000a2c553a8}: 'void java.lang.invoke.DirectMethodHandle$Holder.invokeStaticInit(java.lang.Object, java.lang.Object, java.lang.Object, java.lang.Object, java.lang.Object)'> (0x00000000a2c553a8) 
thrown [s\src\hotspot\share\interpreter\linkResolver.cpp, line 773]
Event: 317.072 Thread 0x00000153bc6905f0 Exception <a 'java/lang/NoSuchMethodError'{0x00000000a2cae2f8}: 'int java.lang.invoke.DirectMethodHandle$Holder.invokeStaticInit(java.lang.Object, java.lang.Object, java.lang.Object, java.lang.Object)'> (0x00000000a2cae2f8) 
thrown [s\src\hotspot\share\interpreter\linkResolver.cpp, line 773]
Event: 318.329 Thread 0x00000153bc6905f0 Exception <a 'java/lang/ClassNotFoundException'{0x00000000a2101ec0}: groovy/lang/ExpandoMetaClassBeanInfo> (0x00000000a2101ec0) 
thrown [s\src\hotspot\share\classfile\systemDictionary.cpp, line 313]
Event: 318.330 Thread 0x00000153bc6905f0 Exception <a 'java/lang/ClassNotFoundException'{0x00000000a210a6d8}: groovy/lang/MetaClassImplBeanInfo> (0x00000000a210a6d8) 
thrown [s\src\hotspot\share\classfile\systemDictionary.cpp, line 313]
Event: 318.331 Thread 0x00000153bc6905f0 Exception <a 'java/lang/ClassNotFoundException'{0x00000000a210f2c0}: java/lang/ObjectBeanInfo> (0x00000000a210f2c0) 
thrown [s\src\hotspot\share\classfile\systemDictionary.cpp, line 313]
Event: 318.347 Thread 0x00000153bc6905f0 Exception <a 'java/lang/ClassNotFoundException'{0x00000000a2114eb8}: java/lang/ObjectCustomizer> (0x00000000a2114eb8) 
thrown [s\src\hotspot\share\classfile\systemDictionary.cpp, line 313]
Event: 318.443 Thread 0x00000153bc6905f0 Exception <a 'java/lang/IncompatibleClassChangeError'{0x00000000a2125868}: Found class java.lang.Object, but interface was expected> (0x00000000a2125868) 
thrown [s\src\hotspot\share\interpreter\linkResolver.cpp, line 840]
Event: 318.464 Thread 0x00000153bc6905f0 Exception <a 'java/lang/ClassNotFoundException'{0x00000000a213fcd0}: groovy/lang/MetaClassImplCustomizer> (0x00000000a213fcd0) 
thrown [s\src\hotspot\share\classfile\systemDictionary.cpp, line 313]
Event: 318.496 Thread 0x00000153bc6905f0 Exception <a 'java/lang/ClassNotFoundException'{0x00000000a2169a60}: groovy/lang/ExpandoMetaClassCustomizer> (0x00000000a2169a60) 
thrown [s\src\hotspot\share\classfile\systemDictionary.cpp, line 313]

ZGC Phase Switch (0 events):
No events

VM Operations (20 events):
Event: 317.597 Executing non-safepoint VM operation: HandshakeAllThreads (Deoptimize)
Event: 317.636 Executing non-safepoint VM operation: HandshakeAllThreads (Deoptimize) done
Event: 317.636 Executing safepoint VM operation: Cleanup
Event: 317.636 Executing safepoint VM operation: Cleanup done
Event: 318.018 Executing non-safepoint VM operation: HandshakeAllThreads (Deoptimize)
Event: 318.018 Executing non-safepoint VM operation: HandshakeAllThreads (Deoptimize) done
Event: 318.225 Executing non-safepoint VM operation: HandshakeAllThreads (Deoptimize)
Event: 318.225 Executing non-safepoint VM operation: HandshakeAllThreads (Deoptimize) done
Event: 318.530 Executing non-safepoint VM operation: HandshakeAllThreads (Deoptimize)
Event: 318.530 Executing non-safepoint VM operation: HandshakeAllThreads (Deoptimize) done
Event: 318.539 Executing safepoint VM operation: G1CollectForAllocation (G1 Evacuation Pause)
Event: 318.579 Executing safepoint VM operation: G1CollectForAllocation (G1 Evacuation Pause) done
Event: 318.751 Executing non-safepoint VM operation: HandshakeAllThreads (Deoptimize)
Event: 318.751 Executing non-safepoint VM operation: HandshakeAllThreads (Deoptimize) done
Event: 318.771 Executing non-safepoint VM operation: HandshakeAllThreads (Deoptimize)
Event: 318.772 Executing non-safepoint VM operation: HandshakeAllThreads (Deoptimize) done
Event: 318.785 Executing non-safepoint VM operation: HandshakeAllThreads (Deoptimize)
Event: 318.785 Executing non-safepoint VM operation: HandshakeAllThreads (Deoptimize) done
Event: 319.013 Executing non-safepoint VM operation: HandshakeAllThreads (Deoptimize)
Event: 319.013 Executing non-safepoint VM operation: HandshakeAllThreads (Deoptimize) done

Memory protections (0 events):
No events

Nmethod flushes (0 events):
No events

Events (20 events):
Event: 52.929 Thread 0x00000153bc6905f0 Thread added: 0x00000153bc68f8d0
Event: 53.488 Thread 0x00000153bc68f8d0 Thread added: 0x00000153bc68ff60
Event: 53.539 Thread 0x00000153bc6905f0 Thread added: 0x00000153bc691310
Event: 57.228 Thread 0x00000153bc475d70 Thread added: 0x0000015384e76690
Event: 57.606 Thread 0x0000015384e76690 Thread exited: 0x0000015384e76690
Event: 59.663 Thread 0x00000153bc6905f0 Thread added: 0x00000153850dd660
Event: 61.240 Thread 0x00000153bc6905f0 Thread added: 0x00000153850db590
Event: 62.138 Thread 0x00000153bc475d70 Thread added: 0x0000015384d1e5b0
Event: 62.176 Thread 0x00000153bc6905f0 Thread added: 0x00000153850daf00
Event: 62.410 Thread 0x00000153bc6905f0 Thread added: 0x00000153850ddcf0
Event: 62.410 Thread 0x0000015384d1e5b0 Thread exited: 0x0000015384d1e5b0
Event: 127.529 Thread 0x00000153bc68ff60 Thread exited: 0x00000153bc68ff60
Event: 200.489 Thread 0x00000153bc68f8d0 Thread added: 0x00000153850de380
Event: 200.731 Thread 0x00000153bc6905f0 Thread added: 0x00000153850dc2b0
Event: 264.748 Thread 0x00000153850de380 Thread exited: 0x00000153850de380
Event: 309.473 Thread 0x00000153bc68f8d0 Thread added: 0x00000153850dcfd0
Event: 309.487 Thread 0x00000153bc6905f0 Thread added: 0x00000153850dc940
Event: 316.243 Thread 0x00000153bc475d70 Thread added: 0x00000153fe01f9a0
Event: 317.441 Thread 0x00000153fe01f9a0 Thread exited: 0x00000153fe01f9a0
Event: 318.957 Thread 0x00000153bc475d70 Thread added: 0x00000153bc703190


Dynamic libraries:
0x00007ff6906c0000 - 0x00007ff6906ce000 	C:\Users\ishas\.vscode\extensions\redhat.java-1.56.0-win32-x64\jre\21.0.12.1-win32-x86_64\bin\java.exe
0x00007fff22660000 - 0x00007fff228c7000 	C:\Windows\SYSTEM32\ntdll.dll
0x00007fff21bc0000 - 0x00007fff21c8b000 	C:\Windows\System32\KERNEL32.DLL
0x00007fff1fcd0000 - 0x00007fff200d2000 	C:\Windows\System32\KERNELBASE.dll
0x00007fff1fb70000 - 0x00007fff1fcbc000 	C:\Windows\System32\ucrtbase.dll
0x00007ffeb4c70000 - 0x00007ffeb4c88000 	C:\Users\ishas\.vscode\extensions\redhat.java-1.56.0-win32-x64\jre\21.0.12.1-win32-x86_64\bin\jli.dll
0x00007ffee06c0000 - 0x00007ffee06de000 	C:\Users\ishas\.vscode\extensions\redhat.java-1.56.0-win32-x64\jre\21.0.12.1-win32-x86_64\bin\VCRUNTIME140.dll
0x00007fff222b0000 - 0x00007fff2247f000 	C:\Windows\System32\USER32.dll
0x00007fff20220000 - 0x00007fff20247000 	C:\Windows\System32\win32u.dll
0x00007fff08e50000 - 0x00007fff090e0000 	C:\Windows\WinSxS\amd64_microsoft.windows.common-controls_6595b64144ccf1df_6.0.26100.9278_none_3e0d1ba8e3303201\COMCTL32.dll
0x00007fff21d20000 - 0x00007fff21d4b000 	C:\Windows\System32\GDI32.dll
0x00007fff20460000 - 0x00007fff20509000 	C:\Windows\System32\msvcrt.dll
0x00007fff20250000 - 0x00007fff20379000 	C:\Windows\System32\gdi32full.dll
0x00007fff200e0000 - 0x00007fff20183000 	C:\Windows\System32\msvcp_win.dll
0x00007fff21eb0000 - 0x00007fff21ee1000 	C:\Windows\System32\IMM32.DLL
0x00007fff1bf50000 - 0x00007fff1bf5c000 	C:\Users\ishas\.vscode\extensions\redhat.java-1.56.0-win32-x64\jre\21.0.12.1-win32-x86_64\bin\vcruntime140_1.dll
0x00007ffeac2d0000 - 0x00007ffeac35d000 	C:\Users\ishas\.vscode\extensions\redhat.java-1.56.0-win32-x64\jre\21.0.12.1-win32-x86_64\bin\msvcp140.dll
0x00007ffe828b0000 - 0x00007ffe83652000 	C:\Users\ishas\.vscode\extensions\redhat.java-1.56.0-win32-x64\jre\21.0.12.1-win32-x86_64\bin\server\jvm.dll
0x00007fff21ef0000 - 0x00007fff21fac000 	C:\Windows\System32\ADVAPI32.dll
0x00007fff21e00000 - 0x00007fff21ea9000 	C:\Windows\System32\sechost.dll
0x00007fff22500000 - 0x00007fff22618000 	C:\Windows\System32\RPCRT4.dll
0x00007fff21c90000 - 0x00007fff21d10000 	C:\Windows\System32\WS2_32.dll
0x00007fff1f6c0000 - 0x00007fff1f71e000 	C:\Windows\SYSTEM32\POWRPROF.dll
0x00007fff17580000 - 0x00007fff175b6000 	C:\Windows\SYSTEM32\WINMM.dll
0x00007fff0cde0000 - 0x00007fff0cdeb000 	C:\Windows\SYSTEM32\VERSION.dll
0x00007fff1f6a0000 - 0x00007fff1f6b5000 	C:\Windows\SYSTEM32\UMPDC.dll
0x00007fff1e530000 - 0x00007fff1e54b000 	C:\Windows\SYSTEM32\kernel.appcore.dll
0x00007fff17090000 - 0x00007fff1709a000 	C:\Users\ishas\.vscode\extensions\redhat.java-1.56.0-win32-x64\jre\21.0.12.1-win32-x86_64\bin\jimage.dll
0x00007fff1ce70000 - 0x00007fff1d0bc000 	C:\Windows\SYSTEM32\DBGHELP.DLL
0x00007fff20ed0000 - 0x00007fff21255000 	C:\Windows\System32\combase.dll
0x00007fff21a50000 - 0x00007fff21b29000 	C:\Windows\System32\OLEAUT32.dll
0x00007fff17540000 - 0x00007fff1757b000 	C:\Windows\SYSTEM32\dbgcore.DLL
0x00007fff1fab0000 - 0x00007fff1fb5c000 	C:\Windows\System32\bcryptPrimitives.dll
0x00007ffebe020000 - 0x00007ffebe02f000 	C:\Users\ishas\.vscode\extensions\redhat.java-1.56.0-win32-x64\jre\21.0.12.1-win32-x86_64\bin\instrument.dll
0x00007ffedcd90000 - 0x00007ffedcdb0000 	C:\Users\ishas\.vscode\extensions\redhat.java-1.56.0-win32-x64\jre\21.0.12.1-win32-x86_64\bin\java.dll
0x00007fff20510000 - 0x00007fff20ca8000 	C:\Windows\System32\SHELL32.dll
0x00007fff1d290000 - 0x00007fff1db3e000 	C:\Windows\SYSTEM32\windows.storage.dll
0x00007fff21fc0000 - 0x00007fff220bb000 	C:\Windows\System32\SHCORE.dll
0x00007fff22490000 - 0x00007fff224f6000 	C:\Windows\System32\shlwapi.dll
0x00007fff1f780000 - 0x00007fff1f7a9000 	C:\Windows\SYSTEM32\profapi.dll
0x00007ffedcd70000 - 0x00007ffedcd88000 	C:\Users\ishas\.vscode\extensions\redhat.java-1.56.0-win32-x64\jre\21.0.12.1-win32-x86_64\bin\zip.dll
0x00007ffee04e0000 - 0x00007ffee04f0000 	C:\Users\ishas\.vscode\extensions\redhat.java-1.56.0-win32-x64\jre\21.0.12.1-win32-x86_64\bin\net.dll
0x00007fff0dc00000 - 0x00007fff0dd2a000 	C:\Windows\SYSTEM32\WINHTTP.dll
0x00007fff1eaf0000 - 0x00007fff1eb5c000 	C:\Windows\system32\mswsock.dll
0x00007ffedcd50000 - 0x00007ffedcd66000 	C:\Users\ishas\.vscode\extensions\redhat.java-1.56.0-win32-x64\jre\21.0.12.1-win32-x86_64\bin\nio.dll
0x00007ffebc9a0000 - 0x00007ffebc9b0000 	C:\Users\ishas\.vscode\extensions\redhat.java-1.56.0-win32-x64\jre\21.0.12.1-win32-x86_64\bin\verify.dll
0x00007ffeac360000 - 0x00007ffeac387000 	C:\Users\ishas\.gradle\native\1def1411415f61bf3af743bc5b6707747c0891f09f0c88961ee8f79bc544acac\windows-amd64\native-platform.dll
0x00007ffe88010000 - 0x00007ffe88088000 	C:\Users\ishas\.gradle\native\0.2.7\x86_64-windows-gnu\gradle-fileevents.dll
0x00007ffebc890000 - 0x00007ffebc89a000 	C:\Users\ishas\.vscode\extensions\redhat.java-1.56.0-win32-x64\jre\21.0.12.1-win32-x86_64\bin\management.dll
0x00007ffebc430000 - 0x00007ffebc43c000 	C:\Users\ishas\.vscode\extensions\redhat.java-1.56.0-win32-x64\jre\21.0.12.1-win32-x86_64\bin\management_ext.dll
0x00007fff20380000 - 0x00007fff20388000 	C:\Windows\System32\PSAPI.DLL
0x00007fff1df00000 - 0x00007fff1df33000 	C:\Windows\SYSTEM32\IPHLPAPI.DLL
0x00007fff22280000 - 0x00007fff2228a000 	C:\Windows\System32\NSI.dll
0x00007ffeb9d70000 - 0x00007ffeb9d79000 	C:\Users\ishas\.vscode\extensions\redhat.java-1.56.0-win32-x64\jre\21.0.12.1-win32-x86_64\bin\extnet.dll
0x00007fff1ede0000 - 0x00007fff1edfb000 	C:\Windows\SYSTEM32\CRYPTSP.dll
0x00007fff1e490000 - 0x00007fff1e4c9000 	C:\Windows\system32\rsaenh.dll
0x00007fff1eba0000 - 0x00007fff1ebd4000 	C:\Windows\SYSTEM32\USERENV.dll
0x00007fff1f750000 - 0x00007fff1f77a000 	C:\Windows\SYSTEM32\bcrypt.dll
0x00007fff1ee00000 - 0x00007fff1ee0c000 	C:\Windows\SYSTEM32\CRYPTBASE.dll
0x00007ffeb9300000 - 0x00007ffeb930e000 	C:\Users\ishas\.vscode\extensions\redhat.java-1.56.0-win32-x64\jre\21.0.12.1-win32-x86_64\bin\sunmscapi.dll
0x00007fff1f860000 - 0x00007fff1f9de000 	C:\Windows\System32\CRYPT32.dll
0x00007fff1f020000 - 0x00007fff1f050000 	C:\Windows\SYSTEM32\ncrypt.dll
0x00007fff1efd0000 - 0x00007fff1f00f000 	C:\Windows\SYSTEM32\NTASN1.dll
0x00007fff01a10000 - 0x00007fff01a18000 	C:\Windows\system32\wshunix.dll

JVMTI agents:
C:\Users\ishas\.gradle\wrapper\dists\gradle-8.14.3-all\10utluxaxniiv4wxiphsi49nj\gradle-8.14.3\lib\agents\gradle-instrumentation-agent-8.14.3.jar path:C:\Users\ishas\.vscode\extensions\redhat.java-1.56.0-win32-x64\jre\21.0.12.1-win32-x86_64\bin\instrument.dll, loaded, initialized, instrumentlib options:none

dbghelp: loaded successfully - version: 4.0.5 - missing functions: none
symbol engine: initialized successfully - sym options: 0x614 - pdb path: .;C:\Users\ishas\.vscode\extensions\redhat.java-1.56.0-win32-x64\jre\21.0.12.1-win32-x86_64\bin;C:\Windows\SYSTEM32;C:\Windows\WinSxS\amd64_microsoft.windows.common-controls_6595b64144ccf1df_6.0.26100.9278_none_3e0d1ba8e3303201;C:\Users\ishas\.vscode\extensions\redhat.java-1.56.0-win32-x64\jre\21.0.12.1-win32-x86_64\bin\server;C:\Users\ishas\.gradle\native\1def1411415f61bf3af743bc5b6707747c0891f09f0c88961ee8f79bc544acac\windows-amd64;C:\Users\ishas\.gradle\native\0.2.7\x86_64-windows-gnu

VM Arguments:
jvm_args: --add-opens=java.base/java.lang=ALL-UNNAMED --add-opens=java.base/java.lang.invoke=ALL-UNNAMED --add-opens=java.base/java.util=ALL-UNNAMED --add-opens=java.prefs/java.util.prefs=ALL-UNNAMED --add-exports=jdk.compiler/com.sun.tools.javac.api=ALL-UNNAMED --add-exports=jdk.compiler/com.sun.tools.javac.util=ALL-UNNAMED --add-opens=java.base/java.util=ALL-UNNAMED --add-opens=java.prefs/java.util.prefs=ALL-UNNAMED --add-opens=java.base/java.nio.charset=ALL-UNNAMED --add-opens=java.base/java.net=ALL-UNNAMED --add-opens=java.base/java.util.concurrent.atomic=ALL-UNNAMED --add-opens=java.xml/javax.xml.namespace=ALL-UNNAMED -Xmx1536m -Dfile.encoding=UTF-8 -Duser.country=IN -Duser.language=en -Duser.variant -javaagent:C:\Users\ishas\.gradle\wrapper\dists\gradle-8.14.3-all\10utluxaxniiv4wxiphsi49nj\gradle-8.14.3\lib\agents\gradle-instrumentation-agent-8.14.3.jar 
java_command: org.gradle.launcher.daemon.bootstrap.GradleDaemon 8.14.3
java_class_path (initial): C:\Users\ishas\.gradle\wrapper\dists\gradle-8.14.3-all\10utluxaxniiv4wxiphsi49nj\gradle-8.14.3\lib\gradle-daemon-main-8.14.3.jar
Launcher Type: SUN_STANDARD

[Global flags]
     intx CICompilerCount                          = 4                                         {product} {ergonomic}
     uint ConcGCThreads                            = 3                                         {product} {ergonomic}
     uint G1ConcRefinementThreads                  = 10                                        {product} {ergonomic}
   size_t G1HeapRegionSize                         = 1048576                                   {product} {ergonomic}
    uintx GCDrainStackTargetSize                   = 64                                        {product} {ergonomic}
   size_t InitialHeapSize                          = 264241152                                 {product} {ergonomic}
   size_t MarkStackSize                            = 4194304                                   {product} {ergonomic}
   size_t MaxHeapSize                              = 1610612736                                {product} {command line}
   size_t MaxNewSize                               = 965738496                                 {product} {ergonomic}
   size_t MinHeapDeltaBytes                        = 1048576                                   {product} {ergonomic}
   size_t MinHeapSize                              = 8388608                                   {product} {ergonomic}
    uintx NonNMethodCodeHeapSize                   = 5839372                                {pd product} {ergonomic}
    uintx NonProfiledCodeHeapSize                  = 122909434                              {pd product} {ergonomic}
    uintx ProfiledCodeHeapSize                     = 122909434                              {pd product} {ergonomic}
    uintx ReservedCodeCacheSize                    = 251658240                              {pd product} {ergonomic}
     bool SegmentedCodeCache                       = true                                      {product} {ergonomic}
   size_t SoftMaxHeapSize                          = 1610612736                             {manageable} {ergonomic}
     bool UseCompressedOops                        = true                           {product lp64_product} {ergonomic}
     bool UseG1GC                                  = true                                      {product} {ergonomic}
     bool UseLargePagesIndividualAllocation        = false                                  {pd product} {ergonomic}

Logging:
Log output configuration:
 #0: stdout all=warning uptime,level,tags foldmultilines=false
 #1: stderr all=off uptime,level,tags foldmultilines=false

Release file:
JAVA_VERSION="21.0.12.1" 
MODULES="java.base java.compiler java.datatransfer java.xml java.prefs java.desktop java.instrument java.logging java.management java.security.sasl java.naming java.rmi java.management.rmi java.net.http java.scripting java.security.jgss java.transaction.xa java.sql java.sql.rowset java.xml.crypto java.se java.smartcardio jdk.accessibility jdk.internal.jvmstat jdk.attach jdk.charsets jdk.internal.opt jdk.zipfs jdk.compiler jdk.crypto.ec jdk.crypto.cryptoki jdk.crypto.mscapi jdk.dynalink jdk.internal.ed jdk.editpad jdk.hotspot.agent jdk.httpserver jdk.internal.le jdk.internal.vm.ci jdk.internal.vm.compiler jdk.internal.vm.compiler.management jdk.jartool jdk.javadoc jdk.jcmd jdk.management jdk.management.agent jdk.jconsole jdk.jdeps jdk.jdwp.agent jdk.jdi jdk.jfr jdk.jshell jdk.jsobject jdk.jstatd jdk.localedata jdk.management.jfr jdk.naming.dns jdk.naming.rmi jdk.net jdk.nio.mapmode jdk.random jdk.sctp jdk.security.auth jdk.security.jgss jdk.unsupported jdk.unsupported.desktop jdk.xml.dom" 

Environment Variables:
PATH=C:\Program Files\Microsoft\jdk-17.0.12.7-hotspot\bin;C:\Program Files\Eclipse Adoptium\jdk-17.0.17.10-hotspot\bin;C:\Windows\system32;C:\Windows;C:\Windows\System32\Wbem;C:\Windows\System32\WindowsPowerShell\v1.0\;C:\Windows\System32\OpenSSH\;C:\Program Files\nodejs\;C:\Users\ishas\Downloads\apache-maven-3.9.11-bin\apache-maven-3.9.11\bin;C:\Users\ishas\Downloads\apache-maven-3.9.11-bin\apache-maven-3.9.11\bin;C:\Program Files\MySQL\MySQL Server 8.0\bin;C:\Users\ishas\AppData\Local\Programs\Python\Python313;C:\Program Files\Git\cmd;C:\Users\ishas\AppData\Local\Programs\Python\Launcher\;C:\Program Files\MySQL\MySQL Shell 8.0\bin\;C:\Users\ishas\AppData\Local\Microsoft\WindowsApps;C:\Users\ishas\AppData\Local\Programs\Microsoft VS Code\bin;C:\Users\ishas\AppData\Roaming\npm
USERNAME=ishas
OS=Windows_NT
PROCESSOR_IDENTIFIER=Intel64 Family 6 Model 186 Stepping 2, GenuineIntel
TMP=C:\Users\ishas\AppData\Local\Temp
TEMP=C:\Users\ishas\AppData\Local\Temp




Periodic native trim disabled

---------------  S Y S T E M  ---------------

OS:
 Windows 11 , 64 bit Build 26100 (10.0.26100.9444)
OS uptime: 0 days 0:22 hours
Hyper-V role detected

CPU: total 12 (initial active 12) (6 cores per cpu, 2 threads per core) family 6 model 186 stepping 2 microcode 0x4122, cx8, cmov, fxsr, ht, mmx, 3dnowpref, sse, sse2, sse3, ssse3, sse4.1, sse4.2, popcnt, lzcnt, tsc, tscinvbit, avx, avx2, aes, erms, clmul, bmi1, bmi2, adx, sha, fma, vzeroupper, clflush, clflushopt, clwb, hv, serialize, rdtscp, rdpid, fsrm, f16c, cet_ibt, cet_ss
Processor Information for processor 0
  Max Mhz: 2100, Current Mhz: 2100, Mhz Limit: 2100
Processor Information for processor 1
  Max Mhz: 2100, Current Mhz: 1453, Mhz Limit: 2100
Processor Information for processor 2
  Max Mhz: 2100, Current Mhz: 2100, Mhz Limit: 2100
Processor Information for processor 3
  Max Mhz: 2100, Current Mhz: 2100, Mhz Limit: 2100
Processor Information for processor 4
  Max Mhz: 2100, Current Mhz: 2100, Mhz Limit: 2100
Processor Information for processor 5
  Max Mhz: 2100, Current Mhz: 2100, Mhz Limit: 2100
Processor Information for processor 6
  Max Mhz: 2100, Current Mhz: 2100, Mhz Limit: 2100
Processor Information for processor 7
  Max Mhz: 2100, Current Mhz: 2100, Mhz Limit: 2100
Processor Information for processor 8
  Max Mhz: 2100, Current Mhz: 2100, Mhz Limit: 2100
Processor Information for processor 9
  Max Mhz: 2100, Current Mhz: 2100, Mhz Limit: 2100
Processor Information for processor 10
  Max Mhz: 2100, Current Mhz: 2100, Mhz Limit: 2100
Processor Information for processor 11
  Max Mhz: 2100, Current Mhz: 2100, Mhz Limit: 2100

Memory: 4k page, system-wide physical 16076M (526M free)
TotalPageFile size 65228M (AvailPageFile size 0M)
current process WorkingSet (physical memory assigned to process): 165M, peak: 184M
current process commit charge ("private bytes"): 281M, peak: 418M

vm_info: OpenJDK 64-Bit Server VM (21.0.12.1+1-LTS) for windows-amd64 JRE (21.0.12.1+1-LTS), built on 2026-08-18T00:00:00Z by "admin" with MS VC++ 17.12 (VS2022)

END.
